2026-08-06 10:02:18,527 [INFO] === Initializing MagicSplit Bot (domestic) ===
2026-08-06 10:02:18,527 [INFO] Loaded 24 stock rule(s) from config_domestic.json
2026-08-06 10:02:18,527 [INFO] [domestic] 12 rule(s), mode=LIVE
2026-08-06 10:02:18,527 [INFO] [KisBroker] 새 토큰 발급 중...
2026-08-06 10:02:19,484 [INFO] [KisDomesticLiveBroker] Mode: LIVE TRADING
2026-08-06 10:02:19,486 [INFO] [MarketData] 레짐 필터 활성 종목 12개 -> YFinanceMarketDataProvider 주입 (window 260봉)
2026-08-06 10:02:19,486 [INFO] === Running domestic engine ===
2026-08-06 10:02:19,486 [INFO] >>> Step 1: Portfolio & Price Fetch
2026-08-06 10:02:19,900 [INFO] Fetching real-time prices from Broker...
2026-08-06 10:02:23,403 [INFO] Portfolio: Cash=KRW 9,283,938, Value=KRW 24,895,538
2026-08-06 10:02:23,403 [INFO] >>> Step 2: Load Positions
2026-08-06 10:02:23,403 [INFO] Loaded 13 position lot(s)
2026-08-06 10:02:23,404 [INFO] >>> Step 2.5: Reconcile OK (수량 일치)
2026-08-06 10:02:23,405 [INFO] >>> Processing 삼성증권(016360)
2026-08-06 10:02:24,341 [INFO] [MarketData] 배치 다운로드 완료: 12/12종목
2026-08-06 10:02:24,344 [INFO] [삼성증권(016360)] DOWNTREND 확정 - 신규 진입 차단
2026-08-06 10:02:24,589 [INFO] >>> Processing KODEX 반도체레버리지(494310)
2026-08-06 10:02:24,593 [INFO] [KODEX 반도체레버리지(494310)] DOWNTREND 확정 - 신규 진입 차단
2026-08-06 10:02:24,844 [INFO] >>> Processing 삼성전자우(005935)
2026-08-06 10:02:24,849 [INFO]   [삼성전자우(005935)] 📈 상승 레짐 유지 | Lv3 매수 KRW 182,500 -> 현재 KRW 176,500 (-3.29%) | 채널하단(이탈선) KRW 153,462 | 20EMA(눌림) KRW 180,676 (이격 -2.31%) | adds 3/3
2026-08-06 10:02:24,850 [INFO] >>> Processing ACE 엔비디아밸류체인액티브(483320)
2026-08-06 10:02:24,852 [INFO] [ACE 엔비디아밸류체인액티브(483320)] 이탈 청산 후 재진입 대기 - 채널 중심선 미회복 (현재가 KRW 24,415 <= 기준선 KRW 26,175)
2026-08-06 10:02:25,066 [INFO] >>> Processing ACE 테슬라밸류체인액티브(457480)
2026-08-06 10:02:25,070 [INFO] [ACE 테슬라밸류체인액티브(457480)] DOWNTREND 확정 - 신규 진입 차단
2026-08-06 10:02:25,275 [INFO] >>> Processing 테스(095610)
2026-08-06 10:02:25,279 [INFO] [테스(095610)] 이탈 청산 후 재진입 대기 - 채널 중심선 미회복 (현재가 KRW 126,900 <= 기준선 KRW 172,332)
2026-08-06 10:02:25,536 [INFO] >>> Processing TIGER 지주회사(307520)
2026-08-06 10:02:25,540 [INFO] [TIGER 지주회사(307520)] DOWNTREND 확정 - 신규 진입 차단
2026-08-06 10:02:25,772 [INFO] >>> Processing 한국쉘석유(002960)
2026-08-06 10:02:25,776 [INFO] [한국쉘석유(002960)] buy_amount(KRW 500,000) < 현재가(KRW 503,000) -> 1주도 매수 불가. buy_amount 상향 조정 필요
2026-08-06 10:02:25,982 [INFO] >>> Processing SOL 반도체전공정(475300)
2026-08-06 10:02:25,985 [INFO] [SOL 반도체전공정(475300)] DOWNTREND 확정 - 신규 진입 차단
2026-08-06 10:02:26,215 [INFO] >>> Processing KODEX 증권(102970)
2026-08-06 10:02:26,218 [INFO] [KODEX 증권(102970)] DOWNTREND 확정 - 신규 진입 차단
2026-08-06 10:02:26,431 [INFO] >>> Processing 삼성전자(005930)
2026-08-06 10:02:26,435 [INFO] [삼성전자(005930)] ✅ 추종 데드라인 해제! 가격 KRW 234,000이 이탈 기준선 위로 회복 (잔량 4주 보유 유지)
2026-08-06 10:02:26,437 [INFO]   [삼성전자(005930)] 📈 상승 레짐 유지 | Lv3 매수 KRW 318,000 -> 현재 KRW 234,000 (-26.42%) | 채널하단(이탈선) KRW 206,235 | 20EMA(눌림) KRW 255,560 (이격 -8.44%) | adds 3/3
2026-08-06 10:02:26,437 [INFO] >>> Processing 메리츠금융지주(138040)
2026-08-06 10:02:26,442 [INFO]   [메리츠금융지주(138040)] 📈 상승 레짐 유지 | Lv2 매수 KRW 118,200 -> 현재 KRW 123,100 (+4.15%) | 채널하단(이탈선) KRW 108,612 | 20EMA(눌림) KRW 117,803 (이격 +4.50%) | adds 1/3
2026-08-06 10:02:26,442 [INFO] >>> Step 6: Persist
2026-08-06 12:01:01,974 [INFO] === Initializing MagicSplit Bot (domestic) ===
2026-08-06 12:01:01,974 [INFO] Loaded 24 stock rule(s) from config_domestic.json
2026-08-06 12:01:01,974 [INFO] [domestic] 12 rule(s), mode=LIVE
2026-08-06 12:01:01,975 [INFO] [KisBroker] 캐시에서 토큰 로드 (API 호출 생략)
2026-08-06 12:01:01,975 [INFO] [KisDomesticLiveBroker] Mode: LIVE TRADING
2026-08-06 12:01:01,977 [INFO] [MarketData] 레짐 필터 활성 종목 12개 -> YFinanceMarketDataProvider 주입 (window 260봉)
2026-08-06 12:01:01,977 [INFO] === Running domestic engine ===
2026-08-06 12:01:01,977 [INFO] >>> Step 1: Portfolio & Price Fetch
2026-08-06 12:01:02,842 [INFO] Fetching real-time prices from Broker...
2026-08-06 12:01:05,659 [INFO] Portfolio: Cash=KRW 9,283,938, Value=KRW 24,950,838
2026-08-06 12:01:05,659 [INFO] >>> Step 2: Load Positions
2026-08-06 12:01:05,659 [INFO] Loaded 13 position lot(s)
2026-08-06 12:01:05,660 [INFO] >>> Step 2.5: Reconcile OK (수량 일치)
2026-08-06 12:01:05,660 [INFO] >>> Processing 삼성증권(016360)
2026-08-06 12:01:06,532 [INFO] [MarketData] 배치 다운로드 완료: 12/12종목
2026-08-06 12:01:06,535 [INFO] [삼성증권(016360)] DOWNTREND 확정 - 신규 진입 차단
2026-08-06 12:01:07,033 [INFO] >>> Processing KODEX 반도체레버리지(494310)
2026-08-06 12:01:07,036 [INFO] [KODEX 반도체레버리지(494310)] DOWNTREND 확정 - 신규 진입 차단
2026-08-06 12:01:07,451 [INFO] >>> Processing 메리츠금융지주(138040)
2026-08-06 12:01:07,456 [INFO]   [메리츠금융지주(138040)] 📈 상승 레짐 유지 | Lv2 매수 KRW 118,200 -> 현재 KRW 123,400 (+4.40%) | 채널하단(이탈선) KRW 108,612 | 20EMA(눌림) KRW 117,803 (이격 +4.75%) | adds 1/3
2026-08-06 12:01:07,457 [INFO] >>> Processing 테스(095610)
2026-08-06 12:01:07,459 [INFO] [테스(095610)] 이탈 청산 후 재진입 대기 - 채널 중심선 미회복 (현재가 KRW 130,200 <= 기준선 KRW 172,332)
2026-08-06 12:01:07,873 [INFO] >>> Processing TIGER 지주회사(307520)
2026-08-06 12:01:07,876 [INFO] [TIGER 지주회사(307520)] DOWNTREND 확정 - 신규 진입 차단
2026-08-06 12:01:08,294 [INFO] >>> Processing ACE 테슬라밸류체인액티브(457480)
2026-08-06 12:01:08,297 [INFO] [ACE 테슬라밸류체인액티브(457480)] DOWNTREND 확정 - 신규 진입 차단
2026-08-06 12:01:08,702 [INFO] >>> Processing ACE 엔비디아밸류체인액티브(483320)
2026-08-06 12:01:08,705 [INFO] [ACE 엔비디아밸류체인액티브(483320)] 이탈 청산 후 재진입 대기 - 채널 중심선 미회복 (현재가 KRW 24,545 <= 기준선 KRW 26,175)
2026-08-06 12:01:09,104 [INFO] >>> Processing 한국쉘석유(002960)
2026-08-06 12:01:09,108 [INFO] [한국쉘석유(002960)] buy_amount(KRW 500,000) < 현재가(KRW 502,000) -> 1주도 매수 불가. buy_amount 상향 조정 필요
2026-08-06 12:01:09,501 [INFO] >>> Processing 삼성전자우(005935)
2026-08-06 12:01:09,506 [INFO]   [삼성전자우(005935)] 📈 상승 레짐 유지 | Lv3 매수 KRW 182,500 -> 현재 KRW 175,500 (-3.84%) | 채널하단(이탈선) KRW 153,462 | 20EMA(눌림) KRW 180,676 (이격 -2.86%) | adds 3/3
2026-08-06 12:01:09,506 [INFO] >>> Processing KODEX 증권(102970)
2026-08-06 12:01:09,509 [INFO] [KODEX 증권(102970)] DOWNTREND 확정 - 신규 진입 차단
2026-08-06 12:01:09,887 [INFO] >>> Processing 삼성전자(005930)
2026-08-06 12:01:09,890 [INFO] [삼성전자(005930)] 채널 기울기 하락 전환 확정 (-18.20%/63봉) -> 이탈 청산 진행
2026-08-06 12:01:09,890 [INFO] [삼성전자(005930)] 추세 이탈 -> 분할 청산 2주/4주 (50%) 즉시 매도, 잔량 2주 추종 데드라인 (기준가 KRW 232,000, 청산선 KRW 225,040, 평단 KRW 341,938, 채널하단 KRW 206,235)
2026-08-06 12:01:09,890 [INFO] Executing 1 order(s)...
2026-08-06 12:01:09,890 [INFO] [KisBroker] Processing 1 SELL orders...
2026-08-06 12:01:10,817 [INFO] [KisDomestic] Order Sent: SELL 삼성전자(005930) 2 @ 232000 (ODNO=0014161000)
2026-08-06 12:01:11,088 [INFO] [KisDomestic] Order FILLED: 삼성전자(005930) ODNO=0014161000 price=232250.0 qty=2 fee=69.675
2026-08-06 12:01:11,289 [INFO] [Position] 분할 청산: 삼성전자(005930) 2주 소진 (잔여 2주), 실현손익 KRW -189,820
2026-08-06 12:01:11,289 [INFO] [삼성전자(005930)] 추종 데드라인(Trailing Lock) 상태 활성화 (기준가 KRW 232,250, 하락 허용치 3.0%)
2026-08-06 12:01:14,638 [INFO] >>> Processing SOL 반도체전공정(475300)
2026-08-06 12:01:14,641 [INFO] [SOL 반도체전공정(475300)] DOWNTREND 확정 - 신규 진입 차단
2026-08-06 12:01:15,028 [INFO] >>> Step 6: Persist
