2026-07-27 10:01:04,443 [INFO] === Initializing MagicSplit Bot (domestic) ===
2026-07-27 10:01:04,443 [INFO] Loaded 23 stock rule(s) from config_domestic.json
2026-07-27 10:01:04,443 [INFO] [domestic] 11 rule(s), mode=LIVE
2026-07-27 10:01:04,443 [INFO] [KisBroker] 새 토큰 발급 중...
2026-07-27 10:01:05,550 [INFO] [KisDomesticLiveBroker] Mode: LIVE TRADING
2026-07-27 10:01:05,553 [INFO] [MarketData] 레짐 필터 활성 종목 11개 -> YFinanceMarketDataProvider 주입 (window 260봉)
2026-07-27 10:01:05,553 [INFO] === Running domestic engine ===
2026-07-27 10:01:05,553 [INFO] >>> Step 1: Portfolio & Price Fetch
2026-07-27 10:01:05,961 [INFO] Fetching real-time prices from Broker...
2026-07-27 10:01:08,820 [INFO] Portfolio: Cash=KRW 9,538,341, Value=KRW 27,299,171
2026-07-27 10:01:08,820 [INFO] >>> Step 2: Load Positions
2026-07-27 10:01:08,820 [INFO] Loaded 21 position lot(s)
2026-07-27 10:01:08,821 [INFO] >>> Step 2.5: Reconcile OK (수량 일치)
2026-07-27 10:01:08,821 [INFO] >>> Processing 삼성증권(016360)
2026-07-27 10:01:10,804 [INFO] [MarketData] 배치 다운로드 완료: 11/11종목
2026-07-27 10:01:10,806 [INFO] [삼성증권(016360)] DOWNTREND 2일 확정 - 매수 차단
2026-07-27 10:01:10,807 [INFO] [삼성증권(016360)] 채널 기울기 하락 전환 확정 (-15.57%/63봉) -> 이탈 청산 진행
2026-07-27 10:01:10,807 [INFO] [삼성증권(016360)] 추세 이탈 -> 분할 청산 7주/13주 (50%) 즉시 매도, 잔량 6주 추종 데드라인 (기준가 KRW 101,200, 청산선 KRW 98,164, 평단 KRW 108,308, 채널하단 KRW 92,381)
2026-07-27 10:01:10,807 [INFO] Executing 1 order(s)...
2026-07-27 10:01:10,807 [INFO] [KisBroker] Processing 1 SELL orders...
2026-07-27 10:01:11,727 [INFO] [KisDomestic] Order Sent: SELL 삼성증권(016360) 7 @ 100900 (ODNO=0007687900)
2026-07-27 10:01:12,104 [INFO] [KisDomestic] Order FILLED: 삼성증권(016360) ODNO=0007687900 price=100900.0 qty=7 fee=105.945
2026-07-27 10:01:12,305 [INFO] [Position] 분할 청산: 삼성증권(016360) 7주 소진 (잔여 6주), 실현손익 KRW -39,406
2026-07-27 10:01:12,306 [INFO] [삼성증권(016360)] 추종 데드라인(Trailing Lock) 상태 활성화 (기준가 KRW 100,900, 하락 허용치 3.0%)
2026-07-27 10:01:15,834 [INFO] >>> Processing KODEX 반도체레버리지(494310)
2026-07-27 10:01:15,837 [INFO]   [KODEX 반도체레버리지(494310)] 신호 없음 | Lv3 매수 KRW 79,875 -> 현재 KRW 81,000 (+1.41%) | 익절 +10.0% / 추매 -5.0%
2026-07-27 10:01:15,837 [INFO] >>> Processing ACE 테슬라밸류체인액티브(457480)
2026-07-27 10:01:15,840 [INFO] [ACE 테슬라밸류체인액티브(457480)] DOWNTREND 2일 확정 - 매수 차단
2026-07-27 10:01:15,840 [INFO] [ACE 테슬라밸류체인액티브(457480)] 채널 기울기 하락 전환 확정 (-15.58%/63봉) -> 이탈 청산 진행
2026-07-27 10:01:15,840 [INFO] [ACE 테슬라밸류체인액티브(457480)] 추세 이탈 -> 분할 청산 30주/59주 (50%) 즉시 매도, 잔량 29주 추종 데드라인 (기준가 KRW 17,745, 청산선 KRW 17,213, 평단 KRW 21,186, 채널하단 KRW 18,787)
2026-07-27 10:01:15,840 [INFO] Executing 1 order(s)...
2026-07-27 10:01:15,840 [INFO] [KisBroker] Processing 1 SELL orders...
2026-07-27 10:01:16,779 [INFO] [KisDomestic] Order Sent: SELL ACE 테슬라밸류체인액티브(457480) 30 @ 17735 (ODNO=0007693400)
2026-07-27 10:01:17,101 [INFO] [KisDomestic] Order FILLED: ACE 테슬라밸류체인액티브(457480) ODNO=0007693400 price=17735.0 qty=30 fee=79.80749999999999
2026-07-27 10:01:17,302 [INFO] [Position] 분할 청산: ACE 테슬라밸류체인액티브(457480) 30주 소진 (잔여 29주), 실현손익 KRW -32,870
2026-07-27 10:01:17,302 [INFO] [ACE 테슬라밸류체인액티브(457480)] 추종 데드라인(Trailing Lock) 상태 활성화 (기준가 KRW 17,735, 하락 허용치 3.0%)
2026-07-27 10:01:20,829 [INFO] >>> Processing TIGER 지주회사(307520)
2026-07-27 10:01:20,832 [INFO] [TIGER 지주회사(307520)] 채널 기울기 하락 전환 확정 (-19.71%/63봉) -> 이탈 청산 진행
2026-07-27 10:01:20,833 [INFO] [TIGER 지주회사(307520)] 추세 이탈 -> 분할 청산 10주/20주 (50%) 즉시 매도, 잔량 10주 추종 데드라인 (기준가 KRW 21,015, 청산선 KRW 20,385, 평단 KRW 26,000, 채널하단 KRW 18,853)
2026-07-27 10:01:20,833 [INFO] Executing 1 order(s)...
2026-07-27 10:01:20,833 [INFO] [KisBroker] Processing 1 SELL orders...
2026-07-27 10:01:21,777 [INFO] [KisDomestic] Order Sent: SELL TIGER 지주회사(307520) 10 @ 20975 (ODNO=0007698100)
2026-07-27 10:01:22,099 [INFO] [KisDomestic] Order FILLED: TIGER 지주회사(307520) ODNO=0007698100 price=20975.0 qty=10 fee=31.4625
2026-07-27 10:01:22,300 [INFO] [Position] 분할 청산: TIGER 지주회사(307520) 10주 소진 (잔여 10주), 실현손익 KRW -50,281
2026-07-27 10:01:22,300 [INFO] [TIGER 지주회사(307520)] 추종 데드라인(Trailing Lock) 상태 활성화 (기준가 KRW 20,975, 하락 허용치 3.0%)
2026-07-27 10:01:25,688 [INFO] >>> Processing 메리츠금융지주(138040)
2026-07-27 10:01:25,692 [INFO] [메리츠금융지주(138040)] Lv1: trailing 고점 갱신 -> KRW 125,200 (스톱가 KRW 118,940)
2026-07-27 10:01:25,692 [INFO]   [메리츠금융지주(138040)] 신호 없음 | Lv1 매수 KRW 109,100 -> 현재 KRW 125,200 (+14.76%) | 익절 +10.0% / 추매 -5.0%
2026-07-27 10:01:25,692 [INFO] >>> Processing 삼성전자(005930)
2026-07-27 10:01:25,695 [INFO] [삼성전자(005930)] 상승장 누적 매수 Lv5 3주 @KRW 252,500 (20EMA KRW 279,525 눌림, add 1/3)
2026-07-27 10:01:25,695 [INFO] Executing 1 order(s)...
2026-07-27 10:01:26,045 [WARNING] [KisBroker] 초당 거래건수 초과(EGW00201/429) 감지 — 0.5s 대기 후 재시도 (1/3)
2026-07-27 10:01:27,050 [WARNING] [KisBroker] 초당 거래건수 초과(EGW00201/429) 감지 — 1.0s 대기 후 재시도 (2/3)
2026-07-27 10:01:28,583 [INFO] [KisBroker] Available Cash for BUY: 10,984,839
2026-07-27 10:01:29,741 [INFO] [KisDomestic] Order Sent: BUY 삼성전자(005930) 3 @ 252500 (ODNO=0007705100)
2026-07-27 10:01:30,059 [INFO] [KisDomestic] Order FILLED: 삼성전자(005930) ODNO=0007705100 price=252500.0 qty=3 fee=113.62499999999999
2026-07-27 10:01:30,259 [INFO] [삼성전자(005930)] 동적 재매수 기준 초기화 (매도가 KRW 245,750 -> 소비됨)
2026-07-27 10:01:30,259 [INFO] [Position] New lot: lot_20260727_100130_005930_005 Lv5 삼성전자(005930) 3주 @KRW 252,500
2026-07-27 10:01:33,648 [INFO] >>> Processing KODEX 증권(102970)
2026-07-27 10:01:33,651 [INFO] [KODEX 증권(102970)] ✅ 추종 데드라인 해제! 가격 KRW 20,040이 이탈 기준선 위로 회복 -> 상승 레짐 복귀 (잔량 12주 보유 유지)
2026-07-27 10:01:33,652 [INFO]   [KODEX 증권(102970)] 신호 없음 | Lv1 매수 KRW 26,355 -> 현재 KRW 20,040 (-23.96%) | 익절 +10.0% / 추매 -5.0%
2026-07-27 10:01:33,652 [INFO] >>> Processing ACE 엔비디아밸류체인액티브(483320)
2026-07-27 10:01:33,656 [INFO]   [ACE 엔비디아밸류체인액티브(483320)] 📈 상승 레짐 유지 | Lv2 매수 KRW 29,975 -> 현재 KRW 25,095 (-16.28%) | 채널하단(이탈선) KRW 24,788 | 20EMA(눌림) KRW 27,168 (이격 -7.63%) | adds 0/3
2026-07-27 10:01:33,657 [INFO] >>> Processing 테스(095610)
2026-07-27 10:01:33,659 [INFO] [테스(095610)] 하단 채널선 이탈 확정 (2일 연속, 현재가 KRW 145,000 < 이탈선 KRW 154,716, 채널하단 KRW 154,716, 허용 -0.0%) -> 이탈 청산 진행
2026-07-27 10:01:33,659 [INFO] [테스(095610)] 추세 이탈 -> 분할 청산 3주/5주 (50%) 즉시 매도, 잔량 2주 추종 데드라인 (기준가 KRW 145,000, 청산선 KRW 140,650, 평단 KRW 191,900, 채널하단 KRW 154,716)
2026-07-27 10:01:33,659 [INFO] Executing 1 order(s)...
2026-07-27 10:01:33,660 [INFO] [KisBroker] Processing 1 SELL orders...
2026-07-27 10:01:34,578 [INFO] [KisDomestic] Order Sent: SELL 테스(095610) 3 @ 144900 (ODNO=0007709400)
2026-07-27 10:01:34,894 [INFO] [KisDomestic] Order FILLED: 테스(095610) ODNO=0007709400 price=144900.0 qty=3 fee=65.205
2026-07-27 10:01:35,095 [INFO] [Position] 분할 청산: 테스(095610) 3주 소진 (잔여 2주), 실현손익 KRW -141,065
2026-07-27 10:01:35,095 [INFO] [테스(095610)] 추종 데드라인(Trailing Lock) 상태 활성화 (기준가 KRW 144,900, 하락 허용치 3.0%)
2026-07-27 10:01:38,482 [INFO] >>> Processing SOL 반도체전공정(475300)
2026-07-27 10:01:38,485 [INFO] [SOL 반도체전공정(475300)] 이탈 청산 후 재진입 대기 - 상단 저항선 미회복 (현재가 KRW 19,925 <= 기준선 KRW 30,794)
2026-07-27 10:01:39,084 [INFO] >>> Processing 삼성전자우(005935)
2026-07-27 10:01:39,087 [INFO] [삼성전자우(005935)] 상승장 누적 매수 Lv3 5주 @KRW 182,400 (20EMA KRW 190,087 눌림, add 1/3)
2026-07-27 10:01:39,087 [INFO] Executing 1 order(s)...
2026-07-27 10:01:39,468 [INFO] [KisBroker] Available Cash for BUY: 10,661,010
2026-07-27 10:01:40,636 [INFO] [KisDomestic] Order Sent: BUY 삼성전자우(005935) 5 @ 182500 (ODNO=0007715300)
2026-07-27 10:01:40,955 [INFO] [KisDomestic] Order FILLED: 삼성전자우(005935) ODNO=0007715300 price=182500.0 qty=5 fee=136.875
2026-07-27 10:01:41,156 [INFO] [삼성전자우(005935)] 동적 재매수 기준 초기화 (매도가 KRW 169,600 -> 소비됨)
2026-07-27 10:01:41,156 [INFO] [Position] New lot: lot_20260727_100141_005935_003 Lv3 삼성전자우(005935) 5주 @KRW 182,500
2026-07-27 10:01:44,546 [INFO] >>> Step 6: Persist
2026-07-27 12:01:04,077 [INFO] === Initializing MagicSplit Bot (domestic) ===
2026-07-27 12:01:04,077 [INFO] Loaded 23 stock rule(s) from config_domestic.json
2026-07-27 12:01:04,078 [INFO] [domestic] 11 rule(s), mode=LIVE
2026-07-27 12:01:04,078 [INFO] [KisBroker] 캐시에서 토큰 로드 (API 호출 생략)
2026-07-27 12:01:04,078 [INFO] [KisDomesticLiveBroker] Mode: LIVE TRADING
2026-07-27 12:01:04,080 [INFO] [MarketData] 레짐 필터 활성 종목 11개 -> YFinanceMarketDataProvider 주입 (window 260봉)
2026-07-27 12:01:04,080 [INFO] === Running domestic engine ===
2026-07-27 12:01:04,080 [INFO] >>> Step 1: Portfolio & Price Fetch
2026-07-27 12:01:05,119 [INFO] Fetching real-time prices from Broker...
2026-07-27 12:01:07,694 [INFO] Portfolio: Cash=KRW 9,748,390, Value=KRW 27,004,935
2026-07-27 12:01:07,694 [INFO] >>> Step 2: Load Positions
2026-07-27 12:01:07,695 [INFO] Loaded 21 position lot(s)
2026-07-27 12:01:07,696 [INFO] >>> Step 2.5: Reconcile OK (수량 일치)
2026-07-27 12:01:07,696 [INFO] >>> Processing 삼성증권(016360)
2026-07-27 12:01:08,666 [INFO] [MarketData] 배치 다운로드 완료: 11/11종목
2026-07-27 12:01:08,668 [INFO] [삼성증권(016360)] ✅ 추종 데드라인 해제! 가격 KRW 100,700이 이탈 기준선 위로 회복 -> 상승 레짐 복귀 (잔량 6주 보유 유지)
2026-07-27 12:01:08,669 [INFO]   [삼성증권(016360)] 신호 없음 | Lv1 매수 KRW 110,400 -> 현재 KRW 100,700 (-8.79%) | 익절 +10.0% / 추매 -5.0%
2026-07-27 12:01:08,669 [INFO] >>> Processing KODEX 반도체레버리지(494310)
2026-07-27 12:01:08,671 [INFO]   [KODEX 반도체레버리지(494310)] 신호 없음 | Lv3 매수 KRW 79,875 -> 현재 KRW 78,820 (-1.32%) | 익절 +10.0% / 추매 -5.0%
2026-07-27 12:01:08,672 [INFO] >>> Processing ACE 테슬라밸류체인액티브(457480)
2026-07-27 12:01:08,674 [INFO] [ACE 테슬라밸류체인액티브(457480)] 추종 데드라인 추적 중 (현재가 KRW 17,840, 기준가 KRW 17,735, 대비 --0.6%, 청산선 KRW 17,203)
2026-07-27 12:01:08,674 [INFO]   [ACE 테슬라밸류체인액티브(457480)] 신호 없음 | Lv1 매수 KRW 23,625 -> 현재 KRW 17,840 (-24.49%) | 익절 +10.0% / 추매 -5.0%
2026-07-27 12:01:08,675 [INFO] >>> Processing SOL 반도체전공정(475300)
2026-07-27 12:01:08,677 [INFO] [SOL 반도체전공정(475300)] 이탈 청산 후 재진입 대기 - 상단 저항선 미회복 (현재가 KRW 19,485 <= 기준선 KRW 30,794)
2026-07-27 12:01:09,199 [INFO] >>> Processing 삼성전자우(005935)
2026-07-27 12:01:09,202 [INFO] [삼성전자우(005935)] 상승장 누적 매수 Lv4 5주 @KRW 177,300 (20EMA KRW 190,087 눌림, add 2/3)
2026-07-27 12:01:09,202 [INFO] Executing 1 order(s)...
2026-07-27 12:01:09,555 [INFO] [KisBroker] Available Cash for BUY: 9,748,390
2026-07-27 12:01:10,652 [INFO] [KisDomestic] Order Sent: BUY 삼성전자우(005935) 5 @ 177300 (ODNO=0013036900)
2026-07-27 12:01:10,924 [INFO] [KisDomestic] Order FILLED: 삼성전자우(005935) ODNO=0013036900 price=177300.0 qty=5 fee=132.975
2026-07-27 12:01:11,125 [INFO] [Position] New lot: lot_20260727_120111_005935_004 Lv4 삼성전자우(005935) 5주 @KRW 177,300
2026-07-27 12:01:14,487 [INFO] >>> Processing KODEX 증권(102970)
2026-07-27 12:01:14,490 [INFO] [KODEX 증권(102970)] 채널 기울기 하락 전환 확정 (-34.78%/63봉) -> 이탈 청산 진행
2026-07-27 12:01:14,490 [INFO] [KODEX 증권(102970)] 추세 이탈 -> 분할 청산 6주/12주 (50%) 즉시 매도, 잔량 6주 추종 데드라인 (기준가 KRW 19,965, 청산선 KRW 19,366, 평단 KRW 26,355, 채널하단 KRW 17,804)
2026-07-27 12:01:14,490 [INFO] Executing 1 order(s)...
2026-07-27 12:01:14,490 [INFO] [KisBroker] Processing 1 SELL orders...
2026-07-27 12:01:15,308 [INFO] [KisDomestic] Order Sent: SELL KODEX 증권(102970) 6 @ 19925 (ODNO=0013038500)
2026-07-27 12:01:15,577 [INFO] [KisDomestic] Order FILLED: KODEX 증권(102970) ODNO=0013038500 price=19925.0 qty=6 fee=17.932499999999997
2026-07-27 12:01:15,778 [INFO] [Position] 분할 청산: KODEX 증권(102970) 6주 소진 (잔여 6주), 실현손익 KRW -38,598
2026-07-27 12:01:15,778 [INFO] [KODEX 증권(102970)] 추종 데드라인(Trailing Lock) 상태 활성화 (기준가 KRW 19,925, 하락 허용치 3.0%)
2026-07-27 12:01:19,140 [INFO] >>> Processing 삼성전자(005930)
2026-07-27 12:01:19,146 [INFO]   [삼성전자(005930)] 📈 상승 레짐 유지 | Lv5 매수 KRW 252,500 -> 현재 KRW 248,750 (-1.49%) | 채널하단(이탈선) KRW 239,950 | 20EMA(눌림) KRW 279,525 (이격 -11.01%) | adds 1/3
2026-07-27 12:01:19,146 [INFO] >>> Processing 메리츠금융지주(138040)
2026-07-27 12:01:19,148 [INFO] [메리츠금융지주(138040)] Lv1: trailing 고점 갱신 -> KRW 125,500 (스톱가 KRW 119,225)
2026-07-27 12:01:19,149 [INFO]   [메리츠금융지주(138040)] 신호 없음 | Lv1 매수 KRW 109,100 -> 현재 KRW 125,500 (+15.03%) | 익절 +10.0% / 추매 -5.0%
2026-07-27 12:01:19,149 [INFO] >>> Processing 테스(095610)
2026-07-27 12:01:19,151 [INFO] [테스(095610)] 🔻 추종 데드라인 발동! 기준가 KRW 144,900 대비 -3.7% (허용 -3.0%) -> 잔량 2주 전량 청산
2026-07-27 12:01:19,152 [INFO] Executing 1 order(s)...
2026-07-27 12:01:19,152 [INFO] [KisBroker] Processing 1 SELL orders...
2026-07-27 12:01:20,035 [INFO] [KisDomestic] Order Sent: SELL 테스(095610) 2 @ 139400 (ODNO=0013040500)
2026-07-27 12:01:20,302 [INFO] [KisDomestic] Order FILLED: 테스(095610) ODNO=0013040500 price=139400.0 qty=2 fee=41.81999999999999
2026-07-27 12:01:20,503 [INFO] [Position] Bulk 청산: 테스(095610) 2주 소진 (잔여 0주), 실현손익 KRW -105,042
2026-07-27 12:01:23,860 [INFO] >>> Processing TIGER 지주회사(307520)
2026-07-27 12:01:23,864 [INFO] [TIGER 지주회사(307520)] ✅ 추종 데드라인 해제! 가격 KRW 20,665이 이탈 기준선 위로 회복 -> 상승 레짐 복귀 (잔량 10주 보유 유지)
2026-07-27 12:01:23,864 [INFO]   [TIGER 지주회사(307520)] 신호 없음 | Lv1 매수 KRW 26,000 -> 현재 KRW 20,665 (-20.52%) | 익절 +10.0% / 추매 -5.0%
2026-07-27 12:01:23,864 [INFO] >>> Processing ACE 엔비디아밸류체인액티브(483320)
2026-07-27 12:01:23,869 [INFO]   [ACE 엔비디아밸류체인액티브(483320)] 📈 상승 레짐 유지 | Lv2 매수 KRW 29,975 -> 현재 KRW 25,040 (-16.46%) | 채널하단(이탈선) KRW 24,788 | 20EMA(눌림) KRW 27,168 (이격 -7.83%) | adds 0/3
2026-07-27 12:01:23,869 [INFO] >>> Step 6: Persist
