2026-08-05 10:01:39,587 [INFO] === Initializing MagicSplit Bot (domestic) ===
2026-08-05 10:01:39,587 [INFO] Loaded 24 stock rule(s) from config_domestic.json
2026-08-05 10:01:39,587 [INFO] [domestic] 12 rule(s), mode=LIVE
2026-08-05 10:01:39,588 [INFO] [KisBroker] 새 토큰 발급 중...
2026-08-05 10:01:40,538 [INFO] [KisDomesticLiveBroker] Mode: LIVE TRADING
2026-08-05 10:01:40,541 [INFO] [MarketData] 레짐 필터 활성 종목 12개 -> YFinanceMarketDataProvider 주입 (window 260봉)
2026-08-05 10:01:40,541 [INFO] === Running domestic engine ===
2026-08-05 10:01:40,541 [INFO] >>> Step 1: Portfolio & Price Fetch
2026-08-05 10:01:40,937 [INFO] Fetching real-time prices from Broker...
2026-08-05 10:01:44,255 [INFO] Portfolio: Cash=KRW 5,759,305, Value=KRW 25,874,315
2026-08-05 10:01:44,255 [INFO] >>> Step 2: Load Positions
2026-08-05 10:01:44,255 [INFO] Loaded 18 position lot(s)
2026-08-05 10:01:44,256 [INFO] >>> Step 2.5: Reconcile OK (수량 일치)
2026-08-05 10:01:44,257 [INFO] >>> Processing KODEX 반도체레버리지(494310)
2026-08-05 10:01:45,751 [INFO] [MarketData] 배치 다운로드 완료: 12/12종목
2026-08-05 10:01:45,754 [INFO] [KODEX 반도체레버리지(494310)] ✅ 추종 데드라인 해제! 가격 KRW 69,310이 이탈 기준선 위로 회복 -> 상승 레짐 복귀 (잔량 1주 보유 유지)
2026-08-05 10:01:45,754 [INFO]   [KODEX 반도체레버리지(494310)] 신호 없음 | Lv1 매수 KRW 95,820 -> 현재 KRW 69,310 (-27.67%) | 익절 +10.0% / 추매 -5.0%
2026-08-05 10:01:45,754 [INFO] >>> Processing 삼성증권(016360)
2026-08-05 10:01:45,757 [INFO] [삼성증권(016360)] DOWNTREND 확정 - 신규 진입 차단
2026-08-05 10:01:46,191 [INFO] >>> Processing TIGER 지주회사(307520)
2026-08-05 10:01:46,194 [INFO] [TIGER 지주회사(307520)] DOWNTREND 확정 - 신규 진입 차단
2026-08-05 10:01:46,587 [INFO] >>> Processing 메리츠금융지주(138040)
2026-08-05 10:01:46,592 [INFO]   [메리츠금융지주(138040)] 📈 상승 레짐 유지 | Lv2 매수 KRW 118,200 -> 현재 KRW 121,800 (+3.05%) | 채널하단(이탈선) KRW 107,723 | 20EMA(눌림) KRW 117,530 (이격 +3.63%) | adds 1/3
2026-08-05 10:01:46,593 [INFO] >>> Processing 삼성전자우(005935)
2026-08-05 10:01:46,596 [INFO]   [삼성전자우(005935)] 📈 상승 레짐 유지 | Lv3 매수 KRW 182,500 -> 현재 KRW 181,900 (-0.33%) | 채널하단(이탈선) KRW 153,833 | 20EMA(눌림) KRW 180,336 (이격 +0.87%) | adds 3/3
2026-08-05 10:01:46,597 [INFO] >>> Processing SOL 반도체전공정(475300)
2026-08-05 10:01:46,599 [INFO] [SOL 반도체전공정(475300)] DOWNTREND 확정 - 신규 진입 차단
2026-08-05 10:01:46,951 [INFO] >>> Processing 테스(095610)
2026-08-05 10:01:46,954 [INFO] [테스(095610)] 이탈 청산 후 재진입 대기 - 채널 중심선 미회복 (현재가 KRW 136,900 <= 기준선 KRW 175,735)
2026-08-05 10:01:47,309 [INFO] >>> Processing KODEX 증권(102970)
2026-08-05 10:01:47,312 [INFO] [KODEX 증권(102970)] DOWNTREND 확정 - 신규 진입 차단
2026-08-05 10:01:47,676 [INFO] >>> Processing ACE 엔비디아밸류체인액티브(483320)
2026-08-05 10:01:47,679 [INFO] [ACE 엔비디아밸류체인액티브(483320)] 이탈 청산 후 재진입 대기 - 채널 중심선 미회복 (현재가 KRW 25,110 <= 기준선 KRW 26,469)
2026-08-05 10:01:48,027 [INFO] >>> Processing ACE 테슬라밸류체인액티브(457480)
2026-08-05 10:01:48,030 [INFO] [ACE 테슬라밸류체인액티브(457480)] DOWNTREND 확정 - 신규 진입 차단
2026-08-05 10:01:48,389 [INFO] >>> Processing 한국쉘석유(002960)
2026-08-05 10:01:48,392 [INFO]   [한국쉘석유(002960)] 신호 없음 | Lv1 매수 KRW 509,000 -> 현재 KRW 498,000 (-2.16%) | 익절 +10.0% / 추매 -5.0%
2026-08-05 10:01:48,392 [INFO] >>> Processing 삼성전자(005930)
2026-08-05 10:01:48,395 [INFO] [삼성전자(005930)] DOWNTREND 2일 확정 - 매수 차단
2026-08-05 10:01:48,395 [INFO] [삼성전자(005930)] 채널 기울기 하락 전환 확정 (-15.16%/63봉) -> 이탈 청산 진행
2026-08-05 10:01:48,396 [INFO] [삼성전자(005930)] 추세 이탈 -> 분할 청산 9주/18주 (50%) 즉시 매도, 잔량 9주 추종 데드라인 (기준가 KRW 246,750, 청산선 KRW 239,348, 평단 KRW 291,833, 채널하단 KRW 207,430)
2026-08-05 10:01:48,396 [INFO] Executing 1 order(s)...
2026-08-05 10:01:48,396 [INFO] [KisBroker] Processing 1 SELL orders...
2026-08-05 10:01:49,421 [INFO] [KisDomestic] Order Sent: SELL 삼성전자(005930) 9 @ 246500 (ODNO=0009639400)
2026-08-05 10:01:49,781 [INFO] [KisDomestic] Order FILLED: 삼성전자(005930) ODNO=0009639400 price=246500.0 qty=9 fee=332.775
2026-08-05 10:01:49,982 [INFO] [Position] 분할 청산: 삼성전자(005930) 9주 소진 (잔여 9주), 실현손익 KRW 41,417
2026-08-05 10:01:49,982 [INFO] [삼성전자(005930)] 추종 데드라인(Trailing Lock) 상태 활성화 (기준가 KRW 246,500, 하락 허용치 3.0%)
2026-08-05 10:01:53,381 [INFO] >>> Step 6: Persist
2026-08-05 12:01:06,208 [INFO] === Initializing MagicSplit Bot (domestic) ===
2026-08-05 12:01:06,208 [INFO] Loaded 24 stock rule(s) from config_domestic.json
2026-08-05 12:01:06,208 [INFO] [domestic] 12 rule(s), mode=LIVE
2026-08-05 12:01:06,209 [INFO] [KisBroker] 캐시에서 토큰 로드 (API 호출 생략)
2026-08-05 12:01:06,209 [INFO] [KisDomesticLiveBroker] Mode: LIVE TRADING
2026-08-05 12:01:06,211 [INFO] [MarketData] 레짐 필터 활성 종목 12개 -> YFinanceMarketDataProvider 주입 (window 260봉)
2026-08-05 12:01:06,211 [INFO] === Running domestic engine ===
2026-08-05 12:01:06,211 [INFO] >>> Step 1: Portfolio & Price Fetch
2026-08-05 12:01:07,136 [INFO] Fetching real-time prices from Broker...
2026-08-05 12:01:10,014 [INFO] Portfolio: Cash=KRW 7,973,059, Value=KRW 25,875,004
2026-08-05 12:01:10,014 [INFO] >>> Step 2: Load Positions
2026-08-05 12:01:10,014 [INFO] Loaded 16 position lot(s)
2026-08-05 12:01:10,015 [INFO] >>> Step 2.5: Reconcile OK (수량 일치)
2026-08-05 12:01:10,016 [INFO] >>> Processing KODEX 반도체레버리지(494310)
2026-08-05 12:01:11,060 [INFO] [MarketData] 배치 다운로드 완료: 12/12종목
2026-08-05 12:01:11,063 [INFO] [KODEX 반도체레버리지(494310)] 채널 기울기 하락 전환 확정 (-53.35%/63봉) -> 이탈 청산 진행
2026-08-05 12:01:11,063 [INFO] [KODEX 반도체레버리지(494310)] 추세 이탈 -> 수량 부족으로 전량 청산(Bulk) 1주 (평단 KRW 95,820, 현재가 KRW 69,795)
2026-08-05 12:01:11,063 [INFO] Executing 1 order(s)...
2026-08-05 12:01:11,063 [INFO] [KisBroker] Processing 1 SELL orders...
2026-08-05 12:01:11,900 [INFO] [KisDomestic] Order Sent: SELL KODEX 반도체레버리지(494310) 1 @ 69735 (ODNO=0014702000)
2026-08-05 12:01:12,181 [INFO] [KisDomestic] Order FILLED: KODEX 반도체레버리지(494310) ODNO=0014702000 price=69795.0 qty=1 fee=10.469249999999999
2026-08-05 12:01:12,382 [INFO] [Position] Bulk 청산: KODEX 반도체레버리지(494310) 1주 소진 (잔여 0주), 실현손익 KRW -26,035
2026-08-05 12:01:15,740 [INFO] >>> Processing 삼성증권(016360)
2026-08-05 12:01:15,743 [INFO] [삼성증권(016360)] DOWNTREND 확정 - 신규 진입 차단
2026-08-05 12:01:16,298 [INFO] >>> Processing ACE 테슬라밸류체인액티브(457480)
2026-08-05 12:01:16,301 [INFO] [ACE 테슬라밸류체인액티브(457480)] DOWNTREND 확정 - 신규 진입 차단
2026-08-05 12:01:16,889 [INFO] >>> Processing 삼성전자우(005935)
2026-08-05 12:01:16,894 [INFO]   [삼성전자우(005935)] 📈 상승 레짐 유지 | Lv3 매수 KRW 182,500 -> 현재 KRW 182,900 (+0.22%) | 채널하단(이탈선) KRW 153,833 | 20EMA(눌림) KRW 180,336 (이격 +1.42%) | adds 3/3
2026-08-05 12:01:16,895 [INFO] >>> Processing 테스(095610)
2026-08-05 12:01:16,897 [INFO] [테스(095610)] 이탈 청산 후 재진입 대기 - 채널 중심선 미회복 (현재가 KRW 137,600 <= 기준선 KRW 175,735)
2026-08-05 12:01:17,420 [INFO] >>> Processing ACE 엔비디아밸류체인액티브(483320)
2026-08-05 12:01:17,423 [INFO] [ACE 엔비디아밸류체인액티브(483320)] 이탈 청산 후 재진입 대기 - 채널 중심선 미회복 (현재가 KRW 25,060 <= 기준선 KRW 26,469)
2026-08-05 12:01:17,933 [INFO] >>> Processing 한국쉘석유(002960)
2026-08-05 12:01:17,937 [INFO]   [한국쉘석유(002960)] 신호 없음 | Lv1 매수 KRW 509,000 -> 현재 KRW 498,500 (-2.06%) | 익절 +10.0% / 추매 -5.0%
2026-08-05 12:01:17,937 [INFO] >>> Processing 삼성전자(005930)
2026-08-05 12:01:17,939 [INFO] [삼성전자(005930)] ✅ 추종 데드라인 해제! 가격 KRW 247,500이 이탈 기준선 위로 회복 -> 상승 레짐 복귀 (잔량 9주 보유 유지)
2026-08-05 12:01:17,942 [INFO]   [삼성전자(005930)] 📈 상승 레짐 유지 | Lv5 매수 KRW 252,500 -> 현재 KRW 247,500 (-1.98%) | 채널하단(이탈선) KRW 207,430 | 20EMA(눌림) KRW 256,566 (이격 -3.53%) | adds 3/3
2026-08-05 12:01:17,942 [INFO] >>> Processing 메리츠금융지주(138040)
2026-08-05 12:01:17,946 [INFO]   [메리츠금융지주(138040)] 📈 상승 레짐 유지 | Lv2 매수 KRW 118,200 -> 현재 KRW 121,900 (+3.13%) | 채널하단(이탈선) KRW 107,723 | 20EMA(눌림) KRW 117,530 (이격 +3.72%) | adds 1/3
2026-08-05 12:01:17,947 [INFO] >>> Processing KODEX 증권(102970)
2026-08-05 12:01:17,949 [INFO] [KODEX 증권(102970)] DOWNTREND 확정 - 신규 진입 차단
2026-08-05 12:01:18,467 [INFO] >>> Processing TIGER 지주회사(307520)
2026-08-05 12:01:18,470 [INFO] [TIGER 지주회사(307520)] DOWNTREND 확정 - 신규 진입 차단
2026-08-05 12:01:18,990 [INFO] >>> Processing SOL 반도체전공정(475300)
2026-08-05 12:01:18,993 [INFO] [SOL 반도체전공정(475300)] DOWNTREND 확정 - 신규 진입 차단
2026-08-05 12:01:19,508 [INFO] >>> Step 6: Persist
2026-08-05 14:01:06,160 [INFO] === Initializing MagicSplit Bot (domestic) ===
2026-08-05 14:01:06,160 [INFO] Loaded 24 stock rule(s) from config_domestic.json
2026-08-05 14:01:06,160 [INFO] [domestic] 12 rule(s), mode=LIVE
2026-08-05 14:01:06,161 [INFO] [KisBroker] 캐시에서 토큰 로드 (API 호출 생략)
2026-08-05 14:01:06,161 [INFO] [KisDomesticLiveBroker] Mode: LIVE TRADING
2026-08-05 14:01:06,163 [INFO] [MarketData] 레짐 필터 활성 종목 12개 -> YFinanceMarketDataProvider 주입 (window 260봉)
2026-08-05 14:01:06,163 [INFO] === Running domestic engine ===
2026-08-05 14:01:06,163 [INFO] >>> Step 1: Portfolio & Price Fetch
2026-08-05 14:01:07,209 [INFO] Fetching real-time prices from Broker...
2026-08-05 14:01:10,747 [INFO] Portfolio: Cash=KRW 8,042,844, Value=KRW 26,040,044
2026-08-05 14:01:10,747 [INFO] >>> Step 2: Load Positions
2026-08-05 14:01:10,748 [INFO] Loaded 15 position lot(s)
2026-08-05 14:01:10,749 [INFO] >>> Step 2.5: Reconcile OK (수량 일치)
2026-08-05 14:01:10,749 [INFO] >>> Processing 삼성증권(016360)
2026-08-05 14:01:11,589 [INFO] [MarketData] 배치 다운로드 완료: 12/12종목
2026-08-05 14:01:11,592 [INFO] [삼성증권(016360)] DOWNTREND 확정 - 신규 진입 차단
2026-08-05 14:01:11,848 [INFO] >>> Processing KODEX 반도체레버리지(494310)
2026-08-05 14:01:11,852 [INFO] [KODEX 반도체레버리지(494310)] DOWNTREND 확정 - 신규 진입 차단
2026-08-05 14:01:12,080 [INFO] >>> Processing 한국쉘석유(002960)
2026-08-05 14:01:12,083 [INFO]   [한국쉘석유(002960)] 신호 없음 | Lv1 매수 KRW 509,000 -> 현재 KRW 497,000 (-2.36%) | 익절 +10.0% / 추매 -5.0%
2026-08-05 14:01:12,084 [INFO] >>> Processing 삼성전자우(005935)
2026-08-05 14:01:12,088 [INFO]   [삼성전자우(005935)] 📈 상승 레짐 유지 | Lv3 매수 KRW 182,500 -> 현재 KRW 184,100 (+0.88%) | 채널하단(이탈선) KRW 153,833 | 20EMA(눌림) KRW 180,336 (이격 +2.09%) | adds 3/3
2026-08-05 14:01:12,088 [INFO] >>> Processing 메리츠금융지주(138040)
2026-08-05 14:01:12,093 [INFO]   [메리츠금융지주(138040)] 📈 상승 레짐 유지 | Lv2 매수 KRW 118,200 -> 현재 KRW 120,600 (+2.03%) | 채널하단(이탈선) KRW 107,723 | 20EMA(눌림) KRW 117,530 (이격 +2.61%) | adds 1/3
2026-08-05 14:01:12,093 [INFO] >>> Processing SOL 반도체전공정(475300)
2026-08-05 14:01:12,096 [INFO] [SOL 반도체전공정(475300)] DOWNTREND 확정 - 신규 진입 차단
2026-08-05 14:01:12,327 [INFO] >>> Processing 삼성전자(005930)
2026-08-05 14:01:12,331 [INFO] [삼성전자(005930)] 채널 기울기 하락 전환 확정 (-15.16%/63봉) -> 이탈 청산 진행
2026-08-05 14:01:12,331 [INFO] [삼성전자(005930)] 추세 이탈 -> 분할 청산 5주/9주 (50%) 즉시 매도, 잔량 4주 추종 데드라인 (기준가 KRW 248,500, 청산선 KRW 241,045, 평단 KRW 341,806, 채널하단 KRW 207,430)
2026-08-05 14:01:12,331 [INFO] Executing 1 order(s)...
2026-08-05 14:01:12,331 [INFO] [KisBroker] Processing 1 SELL orders...
2026-08-05 14:01:13,517 [INFO] [KisDomestic] Order Sent: SELL 삼성전자(005930) 5 @ 248500 (ODNO=0018050600)
2026-08-05 14:01:13,907 [INFO] [KisDomestic] Order FILLED: 삼성전자(005930) ODNO=0018050600 price=248750.0 qty=5 fee=186.56249999999997
2026-08-05 14:01:14,108 [INFO] [Position] 분할 청산: 삼성전자(005930) 5주 소진 (잔여 4주), 실현손익 KRW -464,937
2026-08-05 14:01:14,108 [INFO] [삼성전자(005930)] 추종 데드라인(Trailing Lock) 상태 활성화 (기준가 KRW 248,750, 하락 허용치 3.0%)
2026-08-05 14:01:17,520 [INFO] >>> Processing TIGER 지주회사(307520)
2026-08-05 14:01:17,523 [INFO] [TIGER 지주회사(307520)] DOWNTREND 확정 - 신규 진입 차단
2026-08-05 14:01:17,760 [INFO] >>> Processing ACE 엔비디아밸류체인액티브(483320)
2026-08-05 14:01:17,763 [INFO] [ACE 엔비디아밸류체인액티브(483320)] 이탈 청산 후 재진입 대기 - 채널 중심선 미회복 (현재가 KRW 25,285 <= 기준선 KRW 26,469)
2026-08-05 14:01:17,968 [INFO] >>> Processing KODEX 증권(102970)
2026-08-05 14:01:17,971 [INFO] [KODEX 증권(102970)] DOWNTREND 확정 - 신규 진입 차단
2026-08-05 14:01:18,203 [INFO] >>> Processing ACE 테슬라밸류체인액티브(457480)
2026-08-05 14:01:18,207 [INFO] [ACE 테슬라밸류체인액티브(457480)] DOWNTREND 확정 - 신규 진입 차단
2026-08-05 14:01:18,421 [INFO] >>> Processing 테스(095610)
2026-08-05 14:01:18,424 [INFO] [테스(095610)] 이탈 청산 후 재진입 대기 - 채널 중심선 미회복 (현재가 KRW 137,200 <= 기준선 KRW 175,735)
2026-08-05 14:01:18,665 [INFO] >>> Step 6: Persist
