2026-09-04 10:00:56,344 [INFO] === Initializing MagicSplit Bot (domestic) ===
2026-09-04 10:00:56,344 [INFO] Loaded 28 stock rule(s) from config_domestic.json
2026-09-04 10:00:56,344 [INFO] [domestic] 15 rule(s), mode=LIVE
2026-09-04 10:00:56,345 [INFO] [KisBroker] 새 토큰 발급 중...
2026-09-04 10:00:57,275 [INFO] [KisDomesticLiveBroker] Mode: LIVE TRADING
2026-09-04 10:00:57,277 [INFO] [MarketData] 레짐 필터 활성 종목 15개 -> YFinanceMarketDataProvider 주입 (window 260봉)
2026-09-04 10:00:57,278 [INFO] === Running domestic engine ===
2026-09-04 10:00:57,278 [INFO] >>> Step 1: Portfolio & Price Fetch
2026-09-04 10:00:57,662 [INFO] Fetching real-time prices from Broker...
2026-09-04 10:01:01,677 [INFO] Portfolio: Cash=KRW 689,701, Value=KRW 26,014,971
2026-09-04 10:01:01,677 [INFO] >>> Step 2: Load Positions
2026-09-04 10:01:01,678 [INFO] Loaded 20 position lot(s)
2026-09-04 10:01:01,679 [INFO] >>> Step 2.5: Reconcile OK (수량 일치)
2026-09-04 10:01:01,679 [INFO] >>> Processing KODEX 반도체레버리지(494310)
2026-09-04 10:01:03,631 [INFO] [MarketData] 배치 다운로드 완료: 15/15종목
2026-09-04 10:01:03,634 [INFO] [KODEX 반도체레버리지(494310)] DOWNTREND 확정 - 신규 진입 차단
2026-09-04 10:01:03,634 [INFO] >>> Processing 삼성증권(016360)
2026-09-04 10:01:03,636 [INFO] [삼성증권(016360)] DOWNTREND 확정 - 신규 진입 차단
2026-09-04 10:01:03,637 [INFO] >>> Processing 테스(095610)
2026-09-04 10:01:03,639 [INFO] [테스(095610)] DOWNTREND 확정 - 신규 진입 차단
2026-09-04 10:01:03,639 [INFO] >>> Processing KODEX AI전력핵심설비(487240)
2026-09-04 10:01:03,641 [INFO] [KODEX AI전력핵심설비(487240)] 하락 래치 진행 중 - 이미 분할 청산을 거쳤으므로 동일 래치 내 2차 이탈 청산 스킵 (신규 매수만 차단 유지)
2026-09-04 10:01:03,642 [INFO] [KODEX AI전력핵심설비(487240)] DOWNTREND 확정 - 추가 매수 차단
2026-09-04 10:01:03,642 [INFO] >>> Processing ACE 테슬라밸류체인액티브(457480)
2026-09-04 10:01:03,644 [INFO] [ACE 테슬라밸류체인액티브(457480)] DOWNTREND 확정 - 신규 진입 차단
2026-09-04 10:01:03,645 [INFO] >>> Processing SOL 반도체전공정(475300)
2026-09-04 10:01:03,647 [INFO] [SOL 반도체전공정(475300)] DOWNTREND 확정 - 신규 진입 차단
2026-09-04 10:01:03,647 [INFO] >>> Processing KODEX 미국AI전력핵심인프라(487230)
2026-09-04 10:01:03,649 [INFO] [KODEX 미국AI전력핵심인프라(487230)] 하락 래치 진행 중 - 이미 분할 청산을 거쳤으므로 동일 래치 내 2차 이탈 청산 스킵 (신규 매수만 차단 유지)
2026-09-04 10:01:03,650 [INFO] [KODEX 미국AI전력핵심인프라(487230)] DOWNTREND 확정 - 추가 매수 차단
2026-09-04 10:01:03,650 [INFO] >>> Processing KODEX 증권(102970)
2026-09-04 10:01:03,652 [INFO] [KODEX 증권(102970)] DOWNTREND 확정 - 신규 진입 차단
2026-09-04 10:01:03,653 [INFO] >>> Processing 삼성전자우(005935)
2026-09-04 10:01:03,655 [INFO] [삼성전자우(005935)] 하락 래치 진행 중 - 이미 분할 청산을 거쳤으므로 동일 래치 내 2차 이탈 청산 스킵 (신규 매수만 차단 유지)
2026-09-04 10:01:03,657 [INFO]   [삼성전자우(005935)] 📈 상승 레짐 유지 | Lv1 매수 KRW 234,500 -> 현재 KRW 187,800 (-19.91%) | 채널하단 KRW 149,992 / 이탈선 KRW 149,992 (허용 -0.0%) | 20EMA(눌림) KRW 187,226 (이격 +0.31%) | adds 3/3
2026-09-04 10:01:03,657 [INFO] >>> Processing 삼성전자(005930)
2026-09-04 10:01:03,659 [INFO] [삼성전자(005930)] 하락 래치 진행 중 - 이미 분할 청산을 거쳤으므로 동일 래치 내 2차 이탈 청산 스킵 (신규 매수만 차단 유지)
2026-09-04 10:01:04,151 [INFO] >>> Processing KODEX 미국AI광통신네트워크(0173Y0)
2026-09-04 10:01:04,155 [INFO] [KODEX 미국AI광통신네트워크(0173Y0)] 하락 래치 진행 중 - 이미 분할 청산을 거쳤으므로 동일 래치 내 2차 이탈 청산 스킵 (신규 매수만 차단 유지)
2026-09-04 10:01:04,155 [INFO] [KODEX 미국AI광통신네트워크(0173Y0)] DOWNTREND 확정 - 추가 매수 차단
2026-09-04 10:01:04,155 [INFO] >>> Processing ACE 엔비디아밸류체인액티브(483320)
2026-09-04 10:01:04,157 [INFO] [ACE 엔비디아밸류체인액티브(483320)] DOWNTREND 확정 - 신규 진입 차단
2026-09-04 10:01:04,158 [INFO] >>> Processing 메리츠금융지주(138040)
2026-09-04 10:01:04,162 [INFO]   [메리츠금융지주(138040)] 📈 상승 레짐 유지 | Lv4 매수 KRW 117,000 -> 현재 KRW 135,800 (+16.07%) | 채널하단 KRW 116,120 / 이탈선 KRW 116,120 (허용 -0.0%) | 20EMA(눌림) KRW 122,136 (이격 +11.19%) | adds 3/3
2026-09-04 10:01:04,162 [INFO] >>> Processing TIGER 지주회사(307520)
2026-09-04 10:01:04,164 [INFO] [TIGER 지주회사(307520)] DOWNTREND 확정 - 신규 진입 차단
2026-09-04 10:01:04,164 [INFO] >>> Processing 한국쉘석유(002960)
2026-09-04 10:01:04,167 [INFO]   [한국쉘석유(002960)] 신호 없음 | Lv1 매수 KRW 509,000 -> 현재 KRW 502,000 (-1.38%) | 익절 +10.0% / 추매 -5.0%
2026-09-04 10:01:04,167 [INFO] >>> Step 6: Persist
2026-09-04 12:00:55,414 [INFO] === Initializing MagicSplit Bot (domestic) ===
2026-09-04 12:00:55,414 [INFO] Loaded 28 stock rule(s) from config_domestic.json
2026-09-04 12:00:55,414 [INFO] [domestic] 15 rule(s), mode=LIVE
2026-09-04 12:00:55,415 [INFO] [KisBroker] 캐시에서 토큰 로드 (API 호출 생략)
2026-09-04 12:00:55,415 [INFO] [KisDomesticLiveBroker] Mode: LIVE TRADING
2026-09-04 12:00:55,417 [INFO] [MarketData] 레짐 필터 활성 종목 15개 -> YFinanceMarketDataProvider 주입 (window 260봉)
2026-09-04 12:00:55,417 [INFO] === Running domestic engine ===
2026-09-04 12:00:55,417 [INFO] >>> Step 1: Portfolio & Price Fetch
2026-09-04 12:00:56,596 [INFO] Fetching real-time prices from Broker...
2026-09-04 12:01:01,274 [INFO] Portfolio: Cash=KRW 689,701, Value=KRW 26,086,746
2026-09-04 12:01:01,274 [INFO] >>> Step 2: Load Positions
2026-09-04 12:01:01,274 [INFO] Loaded 20 position lot(s)
2026-09-04 12:01:01,276 [INFO] >>> Step 2.5: Reconcile OK (수량 일치)
2026-09-04 12:01:01,277 [INFO] >>> Processing KODEX 반도체레버리지(494310)
2026-09-04 12:01:02,537 [INFO] [MarketData] 배치 다운로드 완료: 15/15종목
2026-09-04 12:01:02,539 [INFO] [KODEX 반도체레버리지(494310)] DOWNTREND 확정 - 신규 진입 차단
2026-09-04 12:01:02,540 [INFO] >>> Processing 삼성증권(016360)
2026-09-04 12:01:02,542 [INFO] [삼성증권(016360)] DOWNTREND 확정 - 신규 진입 차단
2026-09-04 12:01:02,542 [INFO] >>> Processing KODEX 증권(102970)
2026-09-04 12:01:02,545 [INFO] [KODEX 증권(102970)] DOWNTREND 확정 - 신규 진입 차단
2026-09-04 12:01:02,545 [INFO] >>> Processing TIGER 지주회사(307520)
2026-09-04 12:01:02,547 [INFO] [TIGER 지주회사(307520)] DOWNTREND 확정 - 신규 진입 차단
2026-09-04 12:01:02,547 [INFO] >>> Processing 메리츠금융지주(138040)
2026-09-04 12:01:02,551 [INFO]   [메리츠금융지주(138040)] 📈 상승 레짐 유지 | Lv4 매수 KRW 117,000 -> 현재 KRW 135,800 (+16.07%) | 채널하단 KRW 116,120 / 이탈선 KRW 116,120 (허용 -0.0%) | 20EMA(눌림) KRW 122,136 (이격 +11.19%) | adds 3/3
2026-09-04 12:01:02,552 [INFO] >>> Processing KODEX 미국AI광통신네트워크(0173Y0)
2026-09-04 12:01:02,554 [INFO] [KODEX 미국AI광통신네트워크(0173Y0)] 하락 래치 진행 중 - 이미 분할 청산을 거쳤으므로 동일 래치 내 2차 이탈 청산 스킵 (신규 매수만 차단 유지)
2026-09-04 12:01:02,554 [INFO] [KODEX 미국AI광통신네트워크(0173Y0)] DOWNTREND 확정 - 추가 매수 차단
2026-09-04 12:01:02,555 [INFO] >>> Processing KODEX 미국AI전력핵심인프라(487230)
2026-09-04 12:01:02,557 [INFO] [KODEX 미국AI전력핵심인프라(487230)] 하락 래치 진행 중 - 이미 분할 청산을 거쳤으므로 동일 래치 내 2차 이탈 청산 스킵 (신규 매수만 차단 유지)
2026-09-04 12:01:02,557 [INFO] [KODEX 미국AI전력핵심인프라(487230)] DOWNTREND 확정 - 추가 매수 차단
2026-09-04 12:01:02,557 [INFO] >>> Processing ACE 엔비디아밸류체인액티브(483320)
2026-09-04 12:01:02,560 [INFO] [ACE 엔비디아밸류체인액티브(483320)] DOWNTREND 확정 - 신규 진입 차단
2026-09-04 12:01:02,560 [INFO] >>> Processing 테스(095610)
2026-09-04 12:01:02,562 [INFO] [테스(095610)] DOWNTREND 확정 - 신규 진입 차단
2026-09-04 12:01:02,562 [INFO] >>> Processing 삼성전자우(005935)
2026-09-04 12:01:02,565 [INFO] [삼성전자우(005935)] 하락 래치 진행 중 - 이미 분할 청산을 거쳤으므로 동일 래치 내 2차 이탈 청산 스킵 (신규 매수만 차단 유지)
2026-09-04 12:01:02,567 [INFO]   [삼성전자우(005935)] 📈 상승 레짐 유지 | Lv1 매수 KRW 234,500 -> 현재 KRW 188,000 (-19.83%) | 채널하단 KRW 149,992 / 이탈선 KRW 149,992 (허용 -0.0%) | 20EMA(눌림) KRW 187,226 (이격 +0.41%) | adds 3/3
2026-09-04 12:01:02,567 [INFO] >>> Processing KODEX AI전력핵심설비(487240)
2026-09-04 12:01:02,569 [INFO] [KODEX AI전력핵심설비(487240)] 하락 래치 진행 중 - 이미 분할 청산을 거쳤으므로 동일 래치 내 2차 이탈 청산 스킵 (신규 매수만 차단 유지)
2026-09-04 12:01:02,569 [INFO] [KODEX AI전력핵심설비(487240)] DOWNTREND 확정 - 추가 매수 차단
2026-09-04 12:01:02,570 [INFO] >>> Processing SOL 반도체전공정(475300)
2026-09-04 12:01:02,572 [INFO] [SOL 반도체전공정(475300)] DOWNTREND 확정 - 신규 진입 차단
2026-09-04 12:01:02,572 [INFO] >>> Processing 삼성전자(005930)
2026-09-04 12:01:02,574 [INFO] [삼성전자(005930)] 하락 래치 진행 중 - 이미 분할 청산을 거쳤으므로 동일 래치 내 2차 이탈 청산 스킵 (신규 매수만 차단 유지)
2026-09-04 12:01:02,881 [INFO] >>> Processing 한국쉘석유(002960)
2026-09-04 12:01:02,884 [INFO]   [한국쉘석유(002960)] 신호 없음 | Lv1 매수 KRW 509,000 -> 현재 KRW 501,000 (-1.57%) | 익절 +10.0% / 추매 -5.0%
2026-09-04 12:01:02,885 [INFO] >>> Processing ACE 테슬라밸류체인액티브(457480)
2026-09-04 12:01:02,887 [INFO] [ACE 테슬라밸류체인액티브(457480)] DOWNTREND 확정 - 신규 진입 차단
2026-09-04 12:01:02,887 [INFO] >>> Step 6: Persist
2026-09-04 14:00:53,706 [INFO] === Initializing MagicSplit Bot (domestic) ===
2026-09-04 14:00:53,706 [INFO] Loaded 28 stock rule(s) from config_domestic.json
2026-09-04 14:00:53,706 [INFO] [domestic] 15 rule(s), mode=LIVE
2026-09-04 14:00:53,706 [INFO] [KisBroker] 캐시에서 토큰 로드 (API 호출 생략)
2026-09-04 14:00:53,706 [INFO] [KisDomesticLiveBroker] Mode: LIVE TRADING
2026-09-04 14:00:53,708 [INFO] [MarketData] 레짐 필터 활성 종목 15개 -> YFinanceMarketDataProvider 주입 (window 260봉)
2026-09-04 14:00:53,709 [INFO] === Running domestic engine ===
2026-09-04 14:00:53,709 [INFO] >>> Step 1: Portfolio & Price Fetch
2026-09-04 14:00:54,609 [INFO] Fetching real-time prices from Broker...
2026-09-04 14:00:58,940 [INFO] Portfolio: Cash=KRW 689,701, Value=KRW 26,173,601
2026-09-04 14:00:58,940 [INFO] >>> Step 2: Load Positions
2026-09-04 14:00:58,940 [INFO] Loaded 20 position lot(s)
2026-09-04 14:00:58,942 [INFO] >>> Step 2.5: Reconcile OK (수량 일치)
2026-09-04 14:00:58,942 [INFO] >>> Processing KODEX 반도체레버리지(494310)
2026-09-04 14:00:59,985 [INFO] [MarketData] 배치 다운로드 완료: 15/15종목
2026-09-04 14:00:59,989 [INFO] [KODEX 반도체레버리지(494310)] DOWNTREND 확정 - 신규 진입 차단
2026-09-04 14:00:59,989 [INFO] >>> Processing 삼성증권(016360)
2026-09-04 14:00:59,992 [INFO] [삼성증권(016360)] DOWNTREND 확정 - 신규 진입 차단
2026-09-04 14:00:59,992 [INFO] >>> Processing KODEX 미국AI광통신네트워크(0173Y0)
2026-09-04 14:00:59,995 [INFO] [KODEX 미국AI광통신네트워크(0173Y0)] 하락 래치 진행 중 - 이미 분할 청산을 거쳤으므로 동일 래치 내 2차 이탈 청산 스킵 (신규 매수만 차단 유지)
2026-09-04 14:00:59,995 [INFO] [KODEX 미국AI광통신네트워크(0173Y0)] DOWNTREND 확정 - 추가 매수 차단
2026-09-04 14:00:59,995 [INFO] >>> Processing TIGER 지주회사(307520)
2026-09-04 14:00:59,999 [INFO] [TIGER 지주회사(307520)] DOWNTREND 확정 - 신규 진입 차단
2026-09-04 14:01:00,000 [INFO] >>> Processing KODEX 미국AI전력핵심인프라(487230)
2026-09-04 14:01:00,002 [INFO] [KODEX 미국AI전력핵심인프라(487230)] 하락 래치 진행 중 - 이미 분할 청산을 거쳤으므로 동일 래치 내 2차 이탈 청산 스킵 (신규 매수만 차단 유지)
2026-09-04 14:01:00,002 [INFO] [KODEX 미국AI전력핵심인프라(487230)] DOWNTREND 확정 - 추가 매수 차단
2026-09-04 14:01:00,002 [INFO] >>> Processing 한국쉘석유(002960)
2026-09-04 14:01:00,005 [INFO]   [한국쉘석유(002960)] 신호 없음 | Lv1 매수 KRW 509,000 -> 현재 KRW 501,000 (-1.57%) | 익절 +10.0% / 추매 -5.0%
2026-09-04 14:01:00,005 [INFO] >>> Processing ACE 테슬라밸류체인액티브(457480)
2026-09-04 14:01:00,007 [INFO] [ACE 테슬라밸류체인액티브(457480)] DOWNTREND 확정 - 신규 진입 차단
2026-09-04 14:01:00,008 [INFO] >>> Processing ACE 엔비디아밸류체인액티브(483320)
2026-09-04 14:01:00,010 [INFO] [ACE 엔비디아밸류체인액티브(483320)] DOWNTREND 확정 - 신규 진입 차단
2026-09-04 14:01:00,010 [INFO] >>> Processing 삼성전자우(005935)
2026-09-04 14:01:00,012 [INFO] [삼성전자우(005935)] 하락 래치 진행 중 - 이미 분할 청산을 거쳤으므로 동일 래치 내 2차 이탈 청산 스킵 (신규 매수만 차단 유지)
2026-09-04 14:01:00,014 [INFO]   [삼성전자우(005935)] 📈 상승 레짐 유지 | Lv1 매수 KRW 234,500 -> 현재 KRW 190,700 (-18.68%) | 채널하단 KRW 149,992 / 이탈선 KRW 149,992 (허용 -0.0%) | 20EMA(눌림) KRW 187,226 (이격 +1.86%) | adds 3/3
2026-09-04 14:01:00,015 [INFO] >>> Processing 메리츠금융지주(138040)
2026-09-04 14:01:00,019 [INFO]   [메리츠금융지주(138040)] 📈 상승 레짐 유지 | Lv4 매수 KRW 117,000 -> 현재 KRW 134,500 (+14.96%) | 채널하단 KRW 116,120 / 이탈선 KRW 116,120 (허용 -0.0%) | 20EMA(눌림) KRW 122,136 (이격 +10.12%) | adds 3/3
2026-09-04 14:01:00,019 [INFO] >>> Processing 테스(095610)
2026-09-04 14:01:00,021 [INFO] [테스(095610)] DOWNTREND 확정 - 신규 진입 차단
2026-09-04 14:01:00,022 [INFO] >>> Processing KODEX 증권(102970)
2026-09-04 14:01:00,024 [INFO] [KODEX 증권(102970)] DOWNTREND 확정 - 신규 진입 차단
2026-09-04 14:01:00,024 [INFO] >>> Processing 삼성전자(005930)
2026-09-04 14:01:00,026 [INFO] [삼성전자(005930)] 하락 래치 진행 중 - 이미 분할 청산을 거쳤으므로 동일 래치 내 2차 이탈 청산 스킵 (신규 매수만 차단 유지)
2026-09-04 14:01:00,334 [INFO] >>> Processing SOL 반도체전공정(475300)
2026-09-04 14:01:00,338 [INFO] [SOL 반도체전공정(475300)] DOWNTREND 확정 - 신규 진입 차단
2026-09-04 14:01:00,338 [INFO] >>> Processing KODEX AI전력핵심설비(487240)
2026-09-04 14:01:00,340 [INFO] [KODEX AI전력핵심설비(487240)] 하락 래치 진행 중 - 이미 분할 청산을 거쳤으므로 동일 래치 내 2차 이탈 청산 스킵 (신규 매수만 차단 유지)
2026-09-04 14:01:00,340 [INFO] [KODEX AI전력핵심설비(487240)] DOWNTREND 확정 - 추가 매수 차단
2026-09-04 14:01:00,341 [INFO] >>> Step 6: Persist
