2026-08-28 10:00:57,204 [INFO] === Initializing MagicSplit Bot (domestic) ===
2026-08-28 10:00:57,204 [INFO] Loaded 28 stock rule(s) from config_domestic.json
2026-08-28 10:00:57,204 [INFO] [domestic] 15 rule(s), mode=LIVE
2026-08-28 10:00:57,205 [INFO] [KisBroker] 새 토큰 발급 중...
2026-08-28 10:00:58,089 [INFO] [KisDomesticLiveBroker] Mode: LIVE TRADING
2026-08-28 10:00:58,092 [INFO] [MarketData] 레짐 필터 활성 종목 15개 -> YFinanceMarketDataProvider 주입 (window 260봉)
2026-08-28 10:00:58,092 [INFO] === Running domestic engine ===
2026-08-28 10:00:58,092 [INFO] >>> Step 1: Portfolio & Price Fetch
2026-08-28 10:00:58,508 [INFO] Fetching real-time prices from Broker...
2026-08-28 10:01:02,786 [INFO] Portfolio: Cash=KRW 689,570, Value=KRW 26,221,580
2026-08-28 10:01:02,786 [INFO] >>> Step 2: Load Positions
2026-08-28 10:01:02,786 [INFO] Loaded 20 position lot(s)
2026-08-28 10:01:02,787 [INFO] >>> Step 2.5: Reconcile OK (수량 일치)
2026-08-28 10:01:02,788 [INFO] >>> Processing 삼성증권(016360)
2026-08-28 10:01:04,021 [INFO] [MarketData] 배치 다운로드 완료: 15/15종목
2026-08-28 10:01:04,023 [INFO] [삼성증권(016360)] DOWNTREND 확정 - 신규 진입 차단
2026-08-28 10:01:04,024 [INFO] >>> Processing KODEX 반도체레버리지(494310)
2026-08-28 10:01:04,026 [INFO] [KODEX 반도체레버리지(494310)] DOWNTREND 확정 - 신규 진입 차단
2026-08-28 10:01:04,026 [INFO] >>> Processing 테스(095610)
2026-08-28 10:01:04,029 [INFO] [테스(095610)] DOWNTREND 2일 확정 - 매수 차단
2026-08-28 10:01:04,029 [INFO] [테스(095610)] DOWNTREND 확정 - 신규 진입 차단
2026-08-28 10:01:04,029 [INFO] >>> Processing KODEX 미국AI전력핵심인프라(487230)
2026-08-28 10:01:04,032 [INFO] [KODEX 미국AI전력핵심인프라(487230)] 하락 래치 진행 중 - 이미 분할 청산을 거쳤으므로 동일 래치 내 2차 이탈 청산 스킵 (신규 매수만 차단 유지)
2026-08-28 10:01:04,032 [INFO] [KODEX 미국AI전력핵심인프라(487230)] DOWNTREND 확정 - 추가 매수 차단
2026-08-28 10:01:04,032 [INFO] >>> Processing ACE 엔비디아밸류체인액티브(483320)
2026-08-28 10:01:04,035 [INFO] [ACE 엔비디아밸류체인액티브(483320)] DOWNTREND 확정 - 신규 진입 차단
2026-08-28 10:01:04,035 [INFO] >>> Processing KODEX 미국AI광통신네트워크(0173Y0)
2026-08-28 10:01:04,037 [INFO] [KODEX 미국AI광통신네트워크(0173Y0)] 하락 래치 진행 중 - 이미 분할 청산을 거쳤으므로 동일 래치 내 2차 이탈 청산 스킵 (신규 매수만 차단 유지)
2026-08-28 10:01:04,037 [INFO] [KODEX 미국AI광통신네트워크(0173Y0)] DOWNTREND 확정 - 추가 매수 차단
2026-08-28 10:01:04,038 [INFO] >>> Processing 삼성전자우(005935)
2026-08-28 10:01:04,040 [INFO] [삼성전자우(005935)] 하락 래치 진행 중 - 이미 분할 청산을 거쳤으므로 동일 래치 내 2차 이탈 청산 스킵 (신규 매수만 차단 유지)
2026-08-28 10:01:04,042 [INFO]   [삼성전자우(005935)] 📈 상승 레짐 유지 | Lv1 매수 KRW 234,500 -> 현재 KRW 189,900 (-19.02%) | 채널하단 KRW 148,808 / 이탈선 KRW 148,808 (허용 -0.0%) | 20EMA(눌림) KRW 187,697 (이격 +1.17%) | adds 3/3
2026-08-28 10:01:04,042 [INFO] >>> Processing 메리츠금융지주(138040)
2026-08-28 10:01:04,046 [INFO]   [메리츠금융지주(138040)] 📈 상승 레짐 유지 | Lv4 매수 KRW 117,000 -> 현재 KRW 118,200 (+1.03%) | 채널하단 KRW 114,191 / 이탈선 KRW 114,191 (허용 -0.0%) | 20EMA(눌림) KRW 118,314 (이격 -0.10%) | adds 3/3
2026-08-28 10:01:04,047 [INFO] >>> Processing SOL 반도체전공정(475300)
2026-08-28 10:01:04,049 [INFO] [SOL 반도체전공정(475300)] DOWNTREND 확정 - 신규 진입 차단
2026-08-28 10:01:04,050 [INFO] >>> Processing 삼성전자(005930)
2026-08-28 10:01:04,052 [INFO] [삼성전자(005930)] 하락 래치 진행 중 - 이미 분할 청산을 거쳤으므로 동일 래치 내 2차 이탈 청산 스킵 (신규 매수만 차단 유지)
2026-08-28 10:01:04,054 [INFO]   [삼성전자(005930)] 📈 상승 레짐 유지 | Lv2 매수 KRW 260,500 -> 현재 KRW 262,750 (+0.86%) | 채널하단 KRW 192,615 / 이탈선 KRW 192,615 (허용 -0.0%) | 20EMA(눌림) KRW 258,841 (이격 +1.51%) | adds 1/3
2026-08-28 10:01:04,055 [INFO] >>> Processing KODEX 증권(102970)
2026-08-28 10:01:04,057 [INFO] [KODEX 증권(102970)] DOWNTREND 확정 - 신규 진입 차단
2026-08-28 10:01:04,057 [INFO] >>> Processing KODEX AI전력핵심설비(487240)
2026-08-28 10:01:04,059 [INFO] [KODEX AI전력핵심설비(487240)] 하락 래치 진행 중 - 이미 분할 청산을 거쳤으므로 동일 래치 내 2차 이탈 청산 스킵 (신규 매수만 차단 유지)
2026-08-28 10:01:04,060 [INFO] [KODEX AI전력핵심설비(487240)] DOWNTREND 확정 - 추가 매수 차단
2026-08-28 10:01:04,060 [INFO] >>> Processing 한국쉘석유(002960)
2026-08-28 10:01:04,062 [INFO]   [한국쉘석유(002960)] 신호 없음 | Lv1 매수 KRW 509,000 -> 현재 KRW 502,000 (-1.38%) | 익절 +10.0% / 추매 -5.0%
2026-08-28 10:01:04,063 [INFO] >>> Processing TIGER 지주회사(307520)
2026-08-28 10:01:04,065 [INFO] [TIGER 지주회사(307520)] DOWNTREND 확정 - 신규 진입 차단
2026-08-28 10:01:04,065 [INFO] >>> Processing ACE 테슬라밸류체인액티브(457480)
2026-08-28 10:01:04,068 [INFO] [ACE 테슬라밸류체인액티브(457480)] DOWNTREND 확정 - 신규 진입 차단
2026-08-28 10:01:04,068 [INFO] >>> Step 6: Persist
2026-08-28 12:00:58,761 [INFO] === Initializing MagicSplit Bot (domestic) ===
2026-08-28 12:00:58,761 [INFO] Loaded 28 stock rule(s) from config_domestic.json
2026-08-28 12:00:58,761 [INFO] [domestic] 15 rule(s), mode=LIVE
2026-08-28 12:00:58,761 [INFO] [KisBroker] 캐시에서 토큰 로드 (API 호출 생략)
2026-08-28 12:00:58,761 [INFO] [KisDomesticLiveBroker] Mode: LIVE TRADING
2026-08-28 12:00:58,764 [INFO] [MarketData] 레짐 필터 활성 종목 15개 -> YFinanceMarketDataProvider 주입 (window 260봉)
2026-08-28 12:00:58,764 [INFO] === Running domestic engine ===
2026-08-28 12:00:58,764 [INFO] >>> Step 1: Portfolio & Price Fetch
2026-08-28 12:00:59,798 [INFO] Fetching real-time prices from Broker...
2026-08-28 12:01:04,194 [INFO] Portfolio: Cash=KRW 689,570, Value=KRW 26,086,015
2026-08-28 12:01:04,194 [INFO] >>> Step 2: Load Positions
2026-08-28 12:01:04,194 [INFO] Loaded 20 position lot(s)
2026-08-28 12:01:04,195 [INFO] >>> Step 2.5: Reconcile OK (수량 일치)
2026-08-28 12:01:04,196 [INFO] >>> Processing KODEX 반도체레버리지(494310)
2026-08-28 12:01:05,404 [INFO] [MarketData] 배치 다운로드 완료: 15/15종목
2026-08-28 12:01:05,407 [INFO] [KODEX 반도체레버리지(494310)] DOWNTREND 확정 - 신규 진입 차단
2026-08-28 12:01:05,407 [INFO] >>> Processing 삼성증권(016360)
2026-08-28 12:01:05,409 [INFO] [삼성증권(016360)] DOWNTREND 확정 - 신규 진입 차단
2026-08-28 12:01:05,410 [INFO] >>> Processing 삼성전자(005930)
2026-08-28 12:01:05,412 [INFO] [삼성전자(005930)] 하락 래치 진행 중 - 이미 분할 청산을 거쳤으므로 동일 래치 내 2차 이탈 청산 스킵 (신규 매수만 차단 유지)
2026-08-28 12:01:05,658 [INFO] >>> Processing ACE 엔비디아밸류체인액티브(483320)
2026-08-28 12:01:05,662 [INFO] [ACE 엔비디아밸류체인액티브(483320)] DOWNTREND 확정 - 신규 진입 차단
2026-08-28 12:01:05,662 [INFO] >>> Processing KODEX AI전력핵심설비(487240)
2026-08-28 12:01:05,664 [INFO] [KODEX AI전력핵심설비(487240)] 하락 래치 진행 중 - 이미 분할 청산을 거쳤으므로 동일 래치 내 2차 이탈 청산 스킵 (신규 매수만 차단 유지)
2026-08-28 12:01:05,665 [INFO] [KODEX AI전력핵심설비(487240)] DOWNTREND 확정 - 추가 매수 차단
2026-08-28 12:01:05,665 [INFO] >>> Processing KODEX 미국AI광통신네트워크(0173Y0)
2026-08-28 12:01:05,667 [INFO] [KODEX 미국AI광통신네트워크(0173Y0)] 하락 래치 진행 중 - 이미 분할 청산을 거쳤으므로 동일 래치 내 2차 이탈 청산 스킵 (신규 매수만 차단 유지)
2026-08-28 12:01:05,667 [INFO] [KODEX 미국AI광통신네트워크(0173Y0)] DOWNTREND 확정 - 추가 매수 차단
2026-08-28 12:01:05,668 [INFO] >>> Processing 한국쉘석유(002960)
2026-08-28 12:01:05,670 [INFO]   [한국쉘석유(002960)] 신호 없음 | Lv1 매수 KRW 509,000 -> 현재 KRW 503,000 (-1.18%) | 익절 +10.0% / 추매 -5.0%
2026-08-28 12:01:05,670 [INFO] >>> Processing KODEX 미국AI전력핵심인프라(487230)
2026-08-28 12:01:05,673 [INFO] [KODEX 미국AI전력핵심인프라(487230)] 하락 래치 진행 중 - 이미 분할 청산을 거쳤으므로 동일 래치 내 2차 이탈 청산 스킵 (신규 매수만 차단 유지)
2026-08-28 12:01:05,673 [INFO] [KODEX 미국AI전력핵심인프라(487230)] DOWNTREND 확정 - 추가 매수 차단
2026-08-28 12:01:05,673 [INFO] >>> Processing 삼성전자우(005935)
2026-08-28 12:01:05,676 [INFO] [삼성전자우(005935)] 하락 래치 진행 중 - 이미 분할 청산을 거쳤으므로 동일 래치 내 2차 이탈 청산 스킵 (신규 매수만 차단 유지)
2026-08-28 12:01:05,678 [INFO]   [삼성전자우(005935)] 📈 상승 레짐 유지 | Lv1 매수 KRW 234,500 -> 현재 KRW 188,200 (-19.74%) | 채널하단 KRW 148,808 / 이탈선 KRW 148,808 (허용 -0.0%) | 20EMA(눌림) KRW 187,697 (이격 +0.27%) | adds 3/3
2026-08-28 12:01:05,678 [INFO] >>> Processing ACE 테슬라밸류체인액티브(457480)
2026-08-28 12:01:05,680 [INFO] [ACE 테슬라밸류체인액티브(457480)] DOWNTREND 확정 - 신규 진입 차단
2026-08-28 12:01:05,681 [INFO] >>> Processing 테스(095610)
2026-08-28 12:01:05,683 [INFO] [테스(095610)] DOWNTREND 확정 - 신규 진입 차단
2026-08-28 12:01:05,683 [INFO] >>> Processing SOL 반도체전공정(475300)
2026-08-28 12:01:05,685 [INFO] [SOL 반도체전공정(475300)] DOWNTREND 확정 - 신규 진입 차단
2026-08-28 12:01:05,686 [INFO] >>> Processing KODEX 증권(102970)
2026-08-28 12:01:05,688 [INFO] [KODEX 증권(102970)] DOWNTREND 확정 - 신규 진입 차단
2026-08-28 12:01:05,688 [INFO] >>> Processing 메리츠금융지주(138040)
2026-08-28 12:01:05,692 [INFO]   [메리츠금융지주(138040)] 📈 상승 레짐 유지 | Lv4 매수 KRW 117,000 -> 현재 KRW 118,900 (+1.62%) | 채널하단 KRW 114,191 / 이탈선 KRW 114,191 (허용 -0.0%) | 20EMA(눌림) KRW 118,314 (이격 +0.50%) | adds 3/3
2026-08-28 12:01:05,692 [INFO] >>> Processing TIGER 지주회사(307520)
2026-08-28 12:01:05,695 [INFO] [TIGER 지주회사(307520)] DOWNTREND 확정 - 신규 진입 차단
2026-08-28 12:01:05,695 [INFO] >>> Step 6: Persist
2026-08-28 14:00:56,206 [INFO] === Initializing MagicSplit Bot (domestic) ===
2026-08-28 14:00:56,206 [INFO] Loaded 28 stock rule(s) from config_domestic.json
2026-08-28 14:00:56,206 [INFO] [domestic] 15 rule(s), mode=LIVE
2026-08-28 14:00:56,207 [INFO] [KisBroker] 캐시에서 토큰 로드 (API 호출 생략)
2026-08-28 14:00:56,207 [INFO] [KisDomesticLiveBroker] Mode: LIVE TRADING
2026-08-28 14:00:56,209 [INFO] [MarketData] 레짐 필터 활성 종목 15개 -> YFinanceMarketDataProvider 주입 (window 260봉)
2026-08-28 14:00:56,209 [INFO] === Running domestic engine ===
2026-08-28 14:00:56,209 [INFO] >>> Step 1: Portfolio & Price Fetch
2026-08-28 14:00:57,278 [INFO] Fetching real-time prices from Broker...
2026-08-28 14:01:01,759 [INFO] Portfolio: Cash=KRW 689,570, Value=KRW 26,084,810
2026-08-28 14:01:01,759 [INFO] >>> Step 2: Load Positions
2026-08-28 14:01:01,760 [INFO] Loaded 20 position lot(s)
2026-08-28 14:01:01,761 [INFO] >>> Step 2.5: Reconcile OK (수량 일치)
2026-08-28 14:01:01,761 [INFO] >>> Processing 삼성증권(016360)
2026-08-28 14:01:02,784 [INFO] [MarketData] 배치 다운로드 완료: 15/15종목
2026-08-28 14:01:02,787 [INFO] [삼성증권(016360)] DOWNTREND 확정 - 신규 진입 차단
2026-08-28 14:01:02,787 [INFO] >>> Processing KODEX 반도체레버리지(494310)
2026-08-28 14:01:02,789 [INFO] [KODEX 반도체레버리지(494310)] DOWNTREND 확정 - 신규 진입 차단
2026-08-28 14:01:02,790 [INFO] >>> Processing KODEX AI전력핵심설비(487240)
2026-08-28 14:01:02,792 [INFO] [KODEX AI전력핵심설비(487240)] 하락 래치 진행 중 - 이미 분할 청산을 거쳤으므로 동일 래치 내 2차 이탈 청산 스킵 (신규 매수만 차단 유지)
2026-08-28 14:01:02,792 [INFO] [KODEX AI전력핵심설비(487240)] DOWNTREND 확정 - 추가 매수 차단
2026-08-28 14:01:02,793 [INFO] >>> Processing 한국쉘석유(002960)
2026-08-28 14:01:02,795 [INFO]   [한국쉘석유(002960)] 신호 없음 | Lv1 매수 KRW 509,000 -> 현재 KRW 506,000 (-0.59%) | 익절 +10.0% / 추매 -5.0%
2026-08-28 14:01:02,795 [INFO] >>> Processing ACE 테슬라밸류체인액티브(457480)
2026-08-28 14:01:02,797 [INFO] [ACE 테슬라밸류체인액티브(457480)] DOWNTREND 확정 - 신규 진입 차단
2026-08-28 14:01:02,798 [INFO] >>> Processing KODEX 증권(102970)
2026-08-28 14:01:02,800 [INFO] [KODEX 증권(102970)] DOWNTREND 확정 - 신규 진입 차단
2026-08-28 14:01:02,800 [INFO] >>> Processing SOL 반도체전공정(475300)
2026-08-28 14:01:02,802 [INFO] [SOL 반도체전공정(475300)] DOWNTREND 확정 - 신규 진입 차단
2026-08-28 14:01:02,803 [INFO] >>> Processing KODEX 미국AI전력핵심인프라(487230)
2026-08-28 14:01:02,805 [INFO] [KODEX 미국AI전력핵심인프라(487230)] 하락 래치 진행 중 - 이미 분할 청산을 거쳤으므로 동일 래치 내 2차 이탈 청산 스킵 (신규 매수만 차단 유지)
2026-08-28 14:01:02,805 [INFO] [KODEX 미국AI전력핵심인프라(487230)] DOWNTREND 확정 - 추가 매수 차단
2026-08-28 14:01:02,806 [INFO] >>> Processing TIGER 지주회사(307520)
2026-08-28 14:01:02,808 [INFO] [TIGER 지주회사(307520)] DOWNTREND 확정 - 신규 진입 차단
2026-08-28 14:01:02,808 [INFO] >>> Processing ACE 엔비디아밸류체인액티브(483320)
2026-08-28 14:01:02,810 [INFO] [ACE 엔비디아밸류체인액티브(483320)] DOWNTREND 확정 - 신규 진입 차단
2026-08-28 14:01:02,810 [INFO] >>> Processing 삼성전자(005930)
2026-08-28 14:01:02,813 [INFO] [삼성전자(005930)] 하락 래치 진행 중 - 이미 분할 청산을 거쳤으므로 동일 래치 내 2차 이탈 청산 스킵 (신규 매수만 차단 유지)
2026-08-28 14:01:02,815 [INFO]   [삼성전자(005930)] 📈 상승 레짐 유지 | Lv2 매수 KRW 260,500 -> 현재 KRW 258,000 (-0.96%) | 채널하단 KRW 192,615 / 이탈선 KRW 192,615 (허용 -0.0%) | 20EMA(눌림) KRW 258,841 (이격 -0.32%) | adds 1/3
2026-08-28 14:01:02,815 [INFO] >>> Processing KODEX 미국AI광통신네트워크(0173Y0)
2026-08-28 14:01:02,817 [INFO] [KODEX 미국AI광통신네트워크(0173Y0)] 하락 래치 진행 중 - 이미 분할 청산을 거쳤으므로 동일 래치 내 2차 이탈 청산 스킵 (신규 매수만 차단 유지)
2026-08-28 14:01:02,817 [INFO] [KODEX 미국AI광통신네트워크(0173Y0)] DOWNTREND 확정 - 추가 매수 차단
2026-08-28 14:01:02,818 [INFO] >>> Processing 메리츠금융지주(138040)
2026-08-28 14:01:02,822 [INFO]   [메리츠금융지주(138040)] 📈 상승 레짐 유지 | Lv4 매수 KRW 117,000 -> 현재 KRW 119,900 (+2.48%) | 채널하단 KRW 114,191 / 이탈선 KRW 114,191 (허용 -0.0%) | 20EMA(눌림) KRW 118,314 (이격 +1.34%) | adds 3/3
2026-08-28 14:01:02,822 [INFO] >>> Processing 테스(095610)
2026-08-28 14:01:02,824 [INFO] [테스(095610)] DOWNTREND 확정 - 신규 진입 차단
2026-08-28 14:01:02,824 [INFO] >>> Processing 삼성전자우(005935)
2026-08-28 14:01:02,827 [INFO] [삼성전자우(005935)] 하락 래치 진행 중 - 이미 분할 청산을 거쳤으므로 동일 래치 내 2차 이탈 청산 스킵 (신규 매수만 차단 유지)
2026-08-28 14:01:02,829 [INFO]   [삼성전자우(005935)] 📈 상승 레짐 유지 | Lv1 매수 KRW 234,500 -> 현재 KRW 187,350 (-20.11%) | 채널하단 KRW 148,808 / 이탈선 KRW 148,808 (허용 -0.0%) | 20EMA(눌림) KRW 187,697 (이격 -0.18%) | adds 3/3
2026-08-28 14:01:02,829 [INFO] >>> Step 6: Persist
