2026-08-03 10:01:03,918 [INFO] === Initializing MagicSplit Bot (domestic) ===
2026-08-03 10:01:03,918 [INFO] Loaded 24 stock rule(s) from config_domestic.json
2026-08-03 10:01:03,918 [INFO] [domestic] 12 rule(s), mode=LIVE
2026-08-03 10:01:03,918 [INFO] [KisBroker] 새 토큰 발급 중...
2026-08-03 10:01:04,899 [INFO] [KisDomesticLiveBroker] Mode: LIVE TRADING
2026-08-03 10:01:04,902 [INFO] [MarketData] 레짐 필터 활성 종목 12개 -> YFinanceMarketDataProvider 주입 (window 260봉)
2026-08-03 10:01:04,902 [INFO] === Running domestic engine ===
2026-08-03 10:01:04,902 [INFO] >>> Step 1: Portfolio & Price Fetch
2026-08-03 10:01:05,318 [INFO] Fetching real-time prices from Broker...
2026-08-03 10:01:08,905 [INFO] Portfolio: Cash=KRW 5,938,365, Value=KRW 25,393,795
2026-08-03 10:01:08,905 [INFO] >>> Step 2: Load Positions
2026-08-03 10:01:08,906 [INFO] Loaded 17 position lot(s)
2026-08-03 10:01:08,907 [INFO] >>> Step 2.5: Reconcile OK (수량 일치)
2026-08-03 10:01:08,907 [INFO] >>> Processing KODEX 반도체레버리지(494310)
2026-08-03 10:01:09,802 [INFO] [MarketData] 배치 다운로드 완료: 12/12종목
2026-08-03 10:01:09,806 [INFO] [KODEX 반도체레버리지(494310)] 채널 기울기 하락 전환 확정 (-44.20%/63봉) -> 이탈 청산 진행
2026-08-03 10:01:09,806 [INFO] [KODEX 반도체레버리지(494310)] 추세 이탈 -> 분할 청산 7주/13주 (50%) 즉시 매도, 잔량 6주 추종 데드라인 (기준가 KRW 65,310, 청산선 KRW 63,351, 평단 KRW 95,820, 채널하단 KRW 54,952)
2026-08-03 10:01:09,806 [INFO] Executing 1 order(s)...
2026-08-03 10:01:09,806 [INFO] [KisBroker] Processing 1 SELL orders...
2026-08-03 10:01:10,937 [INFO] [KisDomestic] Order Sent: SELL KODEX 반도체레버리지(494310) 7 @ 65330 (ODNO=0008221500)
2026-08-03 10:01:11,331 [INFO] [KisDomestic] Order FILLED: KODEX 반도체레버리지(494310) ODNO=0008221500 price=65330.0 qty=7 fee=68.59649999999999
2026-08-03 10:01:11,532 [INFO] [Position] 분할 청산: KODEX 반도체레버리지(494310) 7주 소진 (잔여 6주), 실현손익 KRW -213,499
2026-08-03 10:01:11,532 [INFO] [KODEX 반도체레버리지(494310)] 추종 데드라인(Trailing Lock) 상태 활성화 (기준가 KRW 65,330, 하락 허용치 3.0%)
2026-08-03 10:01:14,953 [INFO] >>> Processing 삼성증권(016360)
2026-08-03 10:01:14,956 [INFO] [삼성증권(016360)] DOWNTREND 확정 - 신규 진입 차단
2026-08-03 10:01:15,282 [INFO] >>> Processing 테스(095610)
2026-08-03 10:01:15,286 [INFO] [테스(095610)] 이탈 청산 후 재진입 대기 - 채널 중심선 미회복 (현재가 KRW 135,000 <= 기준선 KRW 183,669)
2026-08-03 10:01:15,520 [INFO] >>> Processing KODEX 증권(102970)
2026-08-03 10:01:15,523 [INFO] [KODEX 증권(102970)] DOWNTREND 확정 - 신규 진입 차단
2026-08-03 10:01:15,771 [INFO] >>> Processing ACE 테슬라밸류체인액티브(457480)
2026-08-03 10:01:15,775 [INFO] [ACE 테슬라밸류체인액티브(457480)] DOWNTREND 확정 - 신규 진입 차단
2026-08-03 10:01:16,013 [INFO] >>> Processing 삼성전자우(005935)
2026-08-03 10:01:16,019 [INFO]   [삼성전자우(005935)] 📈 상승 레짐 유지 | Lv3 매수 KRW 182,500 -> 현재 KRW 182,800 (+0.16%) | 채널하단(이탈선) KRW 155,386 | 20EMA(눌림) KRW 181,040 (이격 +0.97%) | adds 3/3
2026-08-03 10:01:16,019 [INFO] >>> Processing TIGER 지주회사(307520)
2026-08-03 10:01:16,022 [INFO] [TIGER 지주회사(307520)] DOWNTREND 확정 - 신규 진입 차단
2026-08-03 10:01:16,272 [INFO] >>> Processing 한국쉘석유(002960)
2026-08-03 10:01:16,275 [INFO]   [한국쉘석유(002960)] 신호 없음 | Lv1 매수 KRW 509,000 -> 현재 KRW 496,000 (-2.55%) | 익절 +10.0% / 추매 -5.0%
2026-08-03 10:01:16,276 [INFO] >>> Processing 삼성전자(005930)
2026-08-03 10:01:16,281 [INFO]   [삼성전자(005930)] 📈 상승 레짐 유지 | Lv7 매수 KRW 229,500 -> 현재 KRW 246,000 (+7.19%) | 채널하단(이탈선) KRW 211,649 | 20EMA(눌림) KRW 260,290 (이격 -5.49%) | adds 3/3
2026-08-03 10:01:16,281 [INFO] >>> Processing 메리츠금융지주(138040)
2026-08-03 10:01:16,284 [INFO] [메리츠금융지주(138040)] 강한 상승 추세 진입 확정! (회귀 채널 기울기 +9.13% 밴드 상향 돌파, 2일 연속)
2026-08-03 10:01:16,287 [INFO]   [메리츠금융지주(138040)] 📈 상승 레짐 유지 | Lv1 매수 KRW 117,900 -> 현재 KRW 120,300 (+2.04%) | 채널하단(이탈선) KRW 106,188 | 20EMA(눌림) KRW 117,009 (이격 +2.81%) | adds 0/3
2026-08-03 10:01:16,287 [INFO] >>> Processing SOL 반도체전공정(475300)
2026-08-03 10:01:16,290 [INFO] [SOL 반도체전공정(475300)] DOWNTREND 확정 - 신규 진입 차단
2026-08-03 10:01:16,506 [INFO] >>> Processing ACE 엔비디아밸류체인액티브(483320)
2026-08-03 10:01:16,510 [INFO] [ACE 엔비디아밸류체인액티브(483320)] 이탈 청산 후 재진입 대기 - 채널 중심선 미회복 (현재가 KRW 23,480 <= 기준선 KRW 27,316)
2026-08-03 10:01:16,721 [INFO] >>> Step 6: Persist
2026-08-03 12:01:03,231 [INFO] === Initializing MagicSplit Bot (domestic) ===
2026-08-03 12:01:03,231 [INFO] Loaded 24 stock rule(s) from config_domestic.json
2026-08-03 12:01:03,231 [INFO] [domestic] 12 rule(s), mode=LIVE
2026-08-03 12:01:03,231 [INFO] [KisBroker] 캐시에서 토큰 로드 (API 호출 생략)
2026-08-03 12:01:03,231 [INFO] [KisDomesticLiveBroker] Mode: LIVE TRADING
2026-08-03 12:01:03,233 [INFO] [MarketData] 레짐 필터 활성 종목 12개 -> YFinanceMarketDataProvider 주입 (window 260봉)
2026-08-03 12:01:03,233 [INFO] === Running domestic engine ===
2026-08-03 12:01:03,233 [INFO] >>> Step 1: Portfolio & Price Fetch
2026-08-03 12:01:04,255 [INFO] Fetching real-time prices from Broker...
2026-08-03 12:01:07,754 [INFO] Portfolio: Cash=KRW 6,395,615, Value=KRW 25,220,495
2026-08-03 12:01:07,755 [INFO] >>> Step 2: Load Positions
2026-08-03 12:01:07,755 [INFO] Loaded 17 position lot(s)
2026-08-03 12:01:07,756 [INFO] >>> Step 2.5: Reconcile OK (수량 일치)
2026-08-03 12:01:07,756 [INFO] >>> Processing KODEX 반도체레버리지(494310)
2026-08-03 12:01:08,633 [INFO] [MarketData] 배치 다운로드 완료: 12/12종목
2026-08-03 12:01:08,635 [INFO] [KODEX 반도체레버리지(494310)] ✅ 추종 데드라인 해제! 가격 KRW 64,280이 이탈 기준선 위로 회복 -> 상승 레짐 복귀 (잔량 6주 보유 유지)
2026-08-03 12:01:08,636 [INFO]   [KODEX 반도체레버리지(494310)] 신호 없음 | Lv1 매수 KRW 95,820 -> 현재 KRW 64,280 (-32.92%) | 익절 +10.0% / 추매 -5.0%
2026-08-03 12:01:08,636 [INFO] >>> Processing 삼성증권(016360)
2026-08-03 12:01:08,638 [INFO] [삼성증권(016360)] DOWNTREND 확정 - 신규 진입 차단
2026-08-03 12:01:08,963 [INFO] >>> Processing SOL 반도체전공정(475300)
2026-08-03 12:01:08,966 [INFO] [SOL 반도체전공정(475300)] DOWNTREND 확정 - 신규 진입 차단
2026-08-03 12:01:09,220 [INFO] >>> Processing 한국쉘석유(002960)
2026-08-03 12:01:09,223 [INFO]   [한국쉘석유(002960)] 신호 없음 | Lv1 매수 KRW 509,000 -> 현재 KRW 496,000 (-2.55%) | 익절 +10.0% / 추매 -5.0%
2026-08-03 12:01:09,223 [INFO] >>> Processing ACE 테슬라밸류체인액티브(457480)
2026-08-03 12:01:09,226 [INFO] [ACE 테슬라밸류체인액티브(457480)] DOWNTREND 확정 - 신규 진입 차단
2026-08-03 12:01:09,437 [INFO] >>> Processing ACE 엔비디아밸류체인액티브(483320)
2026-08-03 12:01:09,440 [INFO] [ACE 엔비디아밸류체인액티브(483320)] 이탈 청산 후 재진입 대기 - 채널 중심선 미회복 (현재가 KRW 23,505 <= 기준선 KRW 27,316)
2026-08-03 12:01:09,651 [INFO] >>> Processing 테스(095610)
2026-08-03 12:01:09,654 [INFO] [테스(095610)] 이탈 청산 후 재진입 대기 - 채널 중심선 미회복 (현재가 KRW 129,600 <= 기준선 KRW 183,669)
2026-08-03 12:01:09,868 [INFO] >>> Processing TIGER 지주회사(307520)
2026-08-03 12:01:09,871 [INFO] [TIGER 지주회사(307520)] DOWNTREND 확정 - 신규 진입 차단
2026-08-03 12:01:10,078 [INFO] >>> Processing KODEX 증권(102970)
2026-08-03 12:01:10,081 [INFO] [KODEX 증권(102970)] DOWNTREND 확정 - 신규 진입 차단
2026-08-03 12:01:10,301 [INFO] >>> Processing 메리츠금융지주(138040)
2026-08-03 12:01:10,306 [INFO]   [메리츠금융지주(138040)] 📈 상승 레짐 유지 | Lv1 매수 KRW 117,900 -> 현재 KRW 121,300 (+2.88%) | 채널하단(이탈선) KRW 106,188 | 20EMA(눌림) KRW 117,009 (이격 +3.67%) | adds 0/3
2026-08-03 12:01:10,307 [INFO] >>> Processing 삼성전자우(005935)
2026-08-03 12:01:10,310 [INFO]   [삼성전자우(005935)] 📈 상승 레짐 유지 | Lv3 매수 KRW 182,500 -> 현재 KRW 180,800 (-0.93%) | 채널하단(이탈선) KRW 155,386 | 20EMA(눌림) KRW 181,040 (이격 -0.13%) | adds 3/3
2026-08-03 12:01:10,311 [INFO] >>> Processing 삼성전자(005930)
2026-08-03 12:01:10,315 [INFO]   [삼성전자(005930)] 📈 상승 레짐 유지 | Lv7 매수 KRW 229,500 -> 현재 KRW 243,000 (+5.88%) | 채널하단(이탈선) KRW 211,649 | 20EMA(눌림) KRW 260,290 (이격 -6.64%) | adds 3/3
2026-08-03 12:01:10,315 [INFO] >>> Step 6: Persist
2026-08-03 14:01:06,263 [INFO] === Initializing MagicSplit Bot (domestic) ===
2026-08-03 14:01:06,263 [INFO] Loaded 24 stock rule(s) from config_domestic.json
2026-08-03 14:01:06,263 [INFO] [domestic] 12 rule(s), mode=LIVE
2026-08-03 14:01:06,263 [INFO] [KisBroker] 캐시에서 토큰 로드 (API 호출 생략)
2026-08-03 14:01:06,263 [INFO] [KisDomesticLiveBroker] Mode: LIVE TRADING
2026-08-03 14:01:06,265 [INFO] [MarketData] 레짐 필터 활성 종목 12개 -> YFinanceMarketDataProvider 주입 (window 260봉)
2026-08-03 14:01:06,265 [INFO] === Running domestic engine ===
2026-08-03 14:01:06,266 [INFO] >>> Step 1: Portfolio & Price Fetch
2026-08-03 14:01:07,147 [INFO] Fetching real-time prices from Broker...
2026-08-03 14:01:10,006 [INFO] Portfolio: Cash=KRW 6,395,615, Value=KRW 25,028,425
2026-08-03 14:01:10,007 [INFO] >>> Step 2: Load Positions
2026-08-03 14:01:10,007 [INFO] Loaded 17 position lot(s)
2026-08-03 14:01:10,008 [INFO] >>> Step 2.5: Reconcile OK (수량 일치)
2026-08-03 14:01:10,008 [INFO] >>> Processing 삼성증권(016360)
2026-08-03 14:01:10,994 [INFO] [MarketData] 배치 다운로드 완료: 12/12종목
2026-08-03 14:01:10,997 [INFO] [삼성증권(016360)] DOWNTREND 확정 - 신규 진입 차단
2026-08-03 14:01:11,475 [INFO] >>> Processing KODEX 반도체레버리지(494310)
2026-08-03 14:01:11,479 [INFO] [KODEX 반도체레버리지(494310)] 채널 기울기 하락 전환 확정 (-44.20%/63봉) -> 이탈 청산 진행
2026-08-03 14:01:11,479 [INFO] [KODEX 반도체레버리지(494310)] 추세 이탈 -> 분할 청산 3주/6주 (50%) 즉시 매도, 잔량 3주 추종 데드라인 (기준가 KRW 62,910, 청산선 KRW 61,023, 평단 KRW 95,820, 채널하단 KRW 54,952)
2026-08-03 14:01:11,479 [INFO] Executing 1 order(s)...
2026-08-03 14:01:11,479 [INFO] [KisBroker] Processing 1 SELL orders...
2026-08-03 14:01:12,303 [INFO] [KisDomestic] Order Sent: SELL KODEX 반도체레버리지(494310) 3 @ 62855 (ODNO=0016370100)
2026-08-03 14:01:12,588 [INFO] [KisDomestic] Order FILLED: KODEX 반도체레버리지(494310) ODNO=0016370100 price=62860.0 qty=3 fee=28.287
2026-08-03 14:01:12,789 [INFO] [Position] 분할 청산: KODEX 반도체레버리지(494310) 3주 소진 (잔여 3주), 실현손익 KRW -98,908
2026-08-03 14:01:12,789 [INFO] [KODEX 반도체레버리지(494310)] 추종 데드라인(Trailing Lock) 상태 활성화 (기준가 KRW 62,860, 하락 허용치 3.0%)
2026-08-03 14:01:16,143 [INFO] >>> Processing ACE 엔비디아밸류체인액티브(483320)
2026-08-03 14:01:16,146 [INFO] [ACE 엔비디아밸류체인액티브(483320)] 이탈 청산 후 재진입 대기 - 채널 중심선 미회복 (현재가 KRW 23,425 <= 기준선 KRW 27,316)
2026-08-03 14:01:16,585 [INFO] >>> Processing SOL 반도체전공정(475300)
2026-08-03 14:01:16,588 [INFO] [SOL 반도체전공정(475300)] DOWNTREND 확정 - 신규 진입 차단
2026-08-03 14:01:17,085 [INFO] >>> Processing 테스(095610)
2026-08-03 14:01:17,088 [INFO] [테스(095610)] 이탈 청산 후 재진입 대기 - 채널 중심선 미회복 (현재가 KRW 126,600 <= 기준선 KRW 183,669)
2026-08-03 14:01:17,533 [INFO] >>> Processing TIGER 지주회사(307520)
2026-08-03 14:01:17,536 [INFO] [TIGER 지주회사(307520)] DOWNTREND 확정 - 신규 진입 차단
2026-08-03 14:01:18,042 [INFO] >>> Processing ACE 테슬라밸류체인액티브(457480)
2026-08-03 14:01:18,045 [INFO] [ACE 테슬라밸류체인액티브(457480)] DOWNTREND 확정 - 신규 진입 차단
2026-08-03 14:01:18,526 [INFO] >>> Processing 삼성전자(005930)
2026-08-03 14:01:18,531 [INFO]   [삼성전자(005930)] 📈 상승 레짐 유지 | Lv7 매수 KRW 229,500 -> 현재 KRW 241,000 (+5.01%) | 채널하단(이탈선) KRW 211,649 | 20EMA(눌림) KRW 260,290 (이격 -7.41%) | adds 3/3
2026-08-03 14:01:18,531 [INFO] >>> Processing 메리츠금융지주(138040)
2026-08-03 14:01:18,536 [INFO]   [메리츠금융지주(138040)] 📈 상승 레짐 유지 | Lv1 매수 KRW 117,900 -> 현재 KRW 119,900 (+1.70%) | 채널하단(이탈선) KRW 106,188 | 20EMA(눌림) KRW 117,009 (이격 +2.47%) | adds 0/3
2026-08-03 14:01:18,536 [INFO] >>> Processing 한국쉘석유(002960)
2026-08-03 14:01:18,538 [INFO]   [한국쉘석유(002960)] 신호 없음 | Lv1 매수 KRW 509,000 -> 현재 KRW 495,000 (-2.75%) | 익절 +10.0% / 추매 -5.0%
2026-08-03 14:01:18,539 [INFO] >>> Processing KODEX 증권(102970)
2026-08-03 14:01:18,541 [INFO] [KODEX 증권(102970)] DOWNTREND 확정 - 신규 진입 차단
2026-08-03 14:01:19,002 [INFO] >>> Processing 삼성전자우(005935)
2026-08-03 14:01:19,007 [INFO]   [삼성전자우(005935)] 📈 상승 레짐 유지 | Lv3 매수 KRW 182,500 -> 현재 KRW 179,400 (-1.70%) | 채널하단(이탈선) KRW 155,386 | 20EMA(눌림) KRW 181,040 (이격 -0.91%) | adds 3/3
2026-08-03 14:01:19,008 [INFO] >>> Step 6: Persist
