2026-08-27 10:00:58,760 [INFO] === Initializing MagicSplit Bot (domestic) ===
2026-08-27 10:00:58,761 [INFO] Loaded 28 stock rule(s) from config_domestic.json
2026-08-27 10:00:58,761 [INFO] [domestic] 15 rule(s), mode=LIVE
2026-08-27 10:00:58,761 [INFO] [KisBroker] 새 토큰 발급 중...
2026-08-27 10:00:59,497 [INFO] [KisDomesticLiveBroker] Mode: LIVE TRADING
2026-08-27 10:00:59,500 [INFO] [MarketData] 레짐 필터 활성 종목 15개 -> YFinanceMarketDataProvider 주입 (window 260봉)
2026-08-27 10:00:59,500 [INFO] === Running domestic engine ===
2026-08-27 10:00:59,500 [INFO] >>> Step 1: Portfolio & Price Fetch
2026-08-27 10:00:59,878 [INFO] Fetching real-time prices from Broker...
2026-08-27 10:01:03,644 [INFO] Portfolio: Cash=KRW 679,098, Value=KRW 25,919,613
2026-08-27 10:01:03,644 [INFO] >>> Step 2: Load Positions
2026-08-27 10:01:03,644 [INFO] Loaded 20 position lot(s)
2026-08-27 10:01:03,645 [INFO] >>> Step 2.5: Reconcile OK (수량 일치)
2026-08-27 10:01:03,646 [INFO] >>> Processing KODEX 반도체레버리지(494310)
2026-08-27 10:01:05,531 [INFO] [MarketData] 배치 다운로드 완료: 15/15종목
2026-08-27 10:01:05,534 [INFO] [KODEX 반도체레버리지(494310)] DOWNTREND 확정 - 신규 진입 차단
2026-08-27 10:01:05,534 [INFO] >>> Processing 삼성증권(016360)
2026-08-27 10:01:05,537 [INFO] [삼성증권(016360)] DOWNTREND 확정 - 신규 진입 차단
2026-08-27 10:01:05,537 [INFO] >>> Processing KODEX 미국AI전력핵심인프라(487230)
2026-08-27 10:01:05,539 [INFO] [KODEX 미국AI전력핵심인프라(487230)] 하락 래치 진행 중 - 이미 분할 청산을 거쳤으므로 동일 래치 내 2차 이탈 청산 스킵 (신규 매수만 차단 유지)
2026-08-27 10:01:05,540 [INFO] [KODEX 미국AI전력핵심인프라(487230)] DOWNTREND 확정 - 추가 매수 차단
2026-08-27 10:01:05,540 [INFO] >>> Processing 테스(095610)
2026-08-27 10:01:05,543 [INFO] [테스(095610)] 이탈 청산 후 재진입 대기 - 채널 중심선 미회복 (현재가 KRW 140,900 <= 기준선 KRW 143,336)
2026-08-27 10:01:05,543 [INFO] >>> Processing SOL 반도체전공정(475300)
2026-08-27 10:01:05,545 [INFO] [SOL 반도체전공정(475300)] DOWNTREND 확정 - 신규 진입 차단
2026-08-27 10:01:05,546 [INFO] >>> Processing KODEX 증권(102970)
2026-08-27 10:01:05,548 [INFO] [KODEX 증권(102970)] DOWNTREND 확정 - 신규 진입 차단
2026-08-27 10:01:05,548 [INFO] >>> Processing 삼성전자우(005935)
2026-08-27 10:01:05,550 [INFO] [삼성전자우(005935)] 하락 래치 진행 중 - 이미 분할 청산을 거쳤으므로 동일 래치 내 2차 이탈 청산 스킵 (신규 매수만 차단 유지)
2026-08-27 10:01:05,552 [INFO]   [삼성전자우(005935)] 📈 상승 레짐 유지 | Lv1 매수 KRW 234,500 -> 현재 KRW 193,200 (-17.61%) | 채널하단 KRW 148,788 / 이탈선 KRW 148,788 (허용 -0.0%) | 20EMA(눌림) KRW 187,002 (이격 +3.31%) | adds 3/3
2026-08-27 10:01:05,552 [INFO] >>> Processing ACE 테슬라밸류체인액티브(457480)
2026-08-27 10:01:05,555 [INFO] [ACE 테슬라밸류체인액티브(457480)] DOWNTREND 확정 - 신규 진입 차단
2026-08-27 10:01:05,555 [INFO] >>> Processing ACE 엔비디아밸류체인액티브(483320)
2026-08-27 10:01:05,557 [INFO] [ACE 엔비디아밸류체인액티브(483320)] DOWNTREND 확정 - 신규 진입 차단
2026-08-27 10:01:05,557 [INFO] >>> Processing 메리츠금융지주(138040)
2026-08-27 10:01:05,561 [INFO]   [메리츠금융지주(138040)] 📈 상승 레짐 유지 | Lv4 매수 KRW 117,000 -> 현재 KRW 118,000 (+0.85%) | 채널하단 KRW 114,168 / 이탈선 KRW 114,168 (허용 -0.0%) | 20EMA(눌림) KRW 118,242 (이격 -0.20%) | adds 3/3
2026-08-27 10:01:05,562 [INFO] >>> Processing KODEX 미국AI광통신네트워크(0173Y0)
2026-08-27 10:01:05,564 [INFO] [KODEX 미국AI광통신네트워크(0173Y0)] 하락 래치 진행 중 - 이미 분할 청산을 거쳤으므로 동일 래치 내 2차 이탈 청산 스킵 (신규 매수만 차단 유지)
2026-08-27 10:01:05,564 [INFO] [KODEX 미국AI광통신네트워크(0173Y0)] DOWNTREND 확정 - 추가 매수 차단
2026-08-27 10:01:05,564 [INFO] >>> Processing 한국쉘석유(002960)
2026-08-27 10:01:05,567 [INFO]   [한국쉘석유(002960)] 신호 없음 | Lv1 매수 KRW 509,000 -> 현재 KRW 497,000 (-2.36%) | 익절 +10.0% / 추매 -5.0%
2026-08-27 10:01:05,567 [INFO] >>> Processing TIGER 지주회사(307520)
2026-08-27 10:01:05,569 [INFO] [TIGER 지주회사(307520)] DOWNTREND 확정 - 신규 진입 차단
2026-08-27 10:01:05,569 [INFO] >>> Processing KODEX AI전력핵심설비(487240)
2026-08-27 10:01:05,572 [INFO] [KODEX AI전력핵심설비(487240)] 하락 래치 진행 중 - 이미 분할 청산을 거쳤으므로 동일 래치 내 2차 이탈 청산 스킵 (신규 매수만 차단 유지)
2026-08-27 10:01:05,572 [INFO] [KODEX AI전력핵심설비(487240)] DOWNTREND 확정 - 추가 매수 차단
2026-08-27 10:01:05,572 [INFO] >>> Processing 삼성전자(005930)
2026-08-27 10:01:05,574 [INFO] [삼성전자(005930)] 하락 래치 진행 중 - 이미 분할 청산을 거쳤으므로 동일 래치 내 2차 이탈 청산 스킵 (신규 매수만 차단 유지)
2026-08-27 10:01:05,576 [INFO]   [삼성전자(005930)] 📈 상승 레짐 유지 | Lv2 매수 KRW 260,500 -> 현재 KRW 263,000 (+0.96%) | 채널하단 KRW 193,037 / 이탈선 KRW 193,037 (허용 -0.0%) | 20EMA(눌림) KRW 258,087 (이격 +1.90%) | adds 1/3
2026-08-27 10:01:05,576 [INFO] >>> Step 6: Persist
2026-08-27 12:00:54,868 [INFO] === Initializing MagicSplit Bot (domestic) ===
2026-08-27 12:00:54,868 [INFO] Loaded 28 stock rule(s) from config_domestic.json
2026-08-27 12:00:54,868 [INFO] [domestic] 15 rule(s), mode=LIVE
2026-08-27 12:00:54,868 [INFO] [KisBroker] 캐시에서 토큰 로드 (API 호출 생략)
2026-08-27 12:00:54,868 [INFO] [KisDomesticLiveBroker] Mode: LIVE TRADING
2026-08-27 12:00:54,871 [INFO] [MarketData] 레짐 필터 활성 종목 15개 -> YFinanceMarketDataProvider 주입 (window 260봉)
2026-08-27 12:00:54,871 [INFO] === Running domestic engine ===
2026-08-27 12:00:54,871 [INFO] >>> Step 1: Portfolio & Price Fetch
2026-08-27 12:00:55,909 [INFO] Fetching real-time prices from Broker...
2026-08-27 12:01:00,251 [INFO] Portfolio: Cash=KRW 679,098, Value=KRW 26,394,513
2026-08-27 12:01:00,251 [INFO] >>> Step 2: Load Positions
2026-08-27 12:01:00,251 [INFO] Loaded 20 position lot(s)
2026-08-27 12:01:00,252 [INFO] >>> Step 2.5: Reconcile OK (수량 일치)
2026-08-27 12:01:00,253 [INFO] >>> Processing 삼성증권(016360)
2026-08-27 12:01:01,891 [INFO] [MarketData] 배치 다운로드 완료: 15/15종목
2026-08-27 12:01:01,894 [INFO] [삼성증권(016360)] DOWNTREND 확정 - 신규 진입 차단
2026-08-27 12:01:01,895 [INFO] >>> Processing KODEX 반도체레버리지(494310)
2026-08-27 12:01:01,897 [INFO] [KODEX 반도체레버리지(494310)] DOWNTREND 확정 - 신규 진입 차단
2026-08-27 12:01:01,898 [INFO] >>> Processing 한국쉘석유(002960)
2026-08-27 12:01:01,900 [INFO]   [한국쉘석유(002960)] 신호 없음 | Lv1 매수 KRW 509,000 -> 현재 KRW 498,500 (-2.06%) | 익절 +10.0% / 추매 -5.0%
2026-08-27 12:01:01,900 [INFO] >>> Processing 삼성전자(005930)
2026-08-27 12:01:01,903 [INFO] [삼성전자(005930)] 하락 래치 진행 중 - 이미 분할 청산을 거쳤으므로 동일 래치 내 2차 이탈 청산 스킵 (신규 매수만 차단 유지)
2026-08-27 12:01:01,905 [INFO]   [삼성전자(005930)] 📈 상승 레짐 유지 | Lv2 매수 KRW 260,500 -> 현재 KRW 268,500 (+3.07%) | 채널하단 KRW 193,037 / 이탈선 KRW 193,037 (허용 -0.0%) | 20EMA(눌림) KRW 258,087 (이격 +4.03%) | adds 1/3
2026-08-27 12:01:01,906 [INFO] >>> Processing 테스(095610)
2026-08-27 12:01:01,908 [INFO] [테스(095610)] 이탈 청산 후 재진입 대기 - 채널 중심선 미회복 (현재가 KRW 142,800 <= 기준선 KRW 143,336)
2026-08-27 12:01:01,908 [INFO] >>> Processing 삼성전자우(005935)
2026-08-27 12:01:01,911 [INFO] [삼성전자우(005935)] 하락 래치 진행 중 - 이미 분할 청산을 거쳤으므로 동일 래치 내 2차 이탈 청산 스킵 (신규 매수만 차단 유지)
2026-08-27 12:01:01,914 [INFO]   [삼성전자우(005935)] 📈 상승 레짐 유지 | Lv1 매수 KRW 234,500 -> 현재 KRW 196,300 (-16.29%) | 채널하단 KRW 148,788 / 이탈선 KRW 148,788 (허용 -0.0%) | 20EMA(눌림) KRW 187,002 (이격 +4.97%) | adds 3/3
2026-08-27 12:01:01,914 [INFO] >>> Processing KODEX 미국AI전력핵심인프라(487230)
2026-08-27 12:01:01,917 [INFO] [KODEX 미국AI전력핵심인프라(487230)] 하락 래치 진행 중 - 이미 분할 청산을 거쳤으므로 동일 래치 내 2차 이탈 청산 스킵 (신규 매수만 차단 유지)
2026-08-27 12:01:01,917 [INFO] [KODEX 미국AI전력핵심인프라(487230)] DOWNTREND 확정 - 추가 매수 차단
2026-08-27 12:01:01,918 [INFO] >>> Processing KODEX 증권(102970)
2026-08-27 12:01:01,920 [INFO] [KODEX 증권(102970)] DOWNTREND 확정 - 신규 진입 차단
2026-08-27 12:01:01,921 [INFO] >>> Processing KODEX AI전력핵심설비(487240)
2026-08-27 12:01:01,923 [INFO] [KODEX AI전력핵심설비(487240)] 하락 래치 진행 중 - 이미 분할 청산을 거쳤으므로 동일 래치 내 2차 이탈 청산 스킵 (신규 매수만 차단 유지)
2026-08-27 12:01:01,923 [INFO] [KODEX AI전력핵심설비(487240)] DOWNTREND 확정 - 추가 매수 차단
2026-08-27 12:01:01,924 [INFO] >>> Processing 메리츠금융지주(138040)
2026-08-27 12:01:01,928 [INFO]   [메리츠금융지주(138040)] 📈 상승 레짐 유지 | Lv4 매수 KRW 117,000 -> 현재 KRW 118,900 (+1.62%) | 채널하단 KRW 114,168 / 이탈선 KRW 114,168 (허용 -0.0%) | 20EMA(눌림) KRW 118,242 (이격 +0.56%) | adds 3/3
2026-08-27 12:01:01,929 [INFO] >>> Processing SOL 반도체전공정(475300)
2026-08-27 12:01:01,931 [INFO] [SOL 반도체전공정(475300)] DOWNTREND 확정 - 신규 진입 차단
2026-08-27 12:01:01,932 [INFO] >>> Processing ACE 엔비디아밸류체인액티브(483320)
2026-08-27 12:01:01,934 [INFO] [ACE 엔비디아밸류체인액티브(483320)] DOWNTREND 확정 - 신규 진입 차단
2026-08-27 12:01:01,934 [INFO] >>> Processing TIGER 지주회사(307520)
2026-08-27 12:01:01,937 [INFO] [TIGER 지주회사(307520)] DOWNTREND 확정 - 신규 진입 차단
2026-08-27 12:01:01,937 [INFO] >>> Processing ACE 테슬라밸류체인액티브(457480)
2026-08-27 12:01:01,940 [INFO] [ACE 테슬라밸류체인액티브(457480)] DOWNTREND 확정 - 신규 진입 차단
2026-08-27 12:01:01,940 [INFO] >>> Processing KODEX 미국AI광통신네트워크(0173Y0)
2026-08-27 12:01:01,942 [INFO] [KODEX 미국AI광통신네트워크(0173Y0)] 하락 래치 진행 중 - 이미 분할 청산을 거쳤으므로 동일 래치 내 2차 이탈 청산 스킵 (신규 매수만 차단 유지)
2026-08-27 12:01:01,942 [INFO] [KODEX 미국AI광통신네트워크(0173Y0)] DOWNTREND 확정 - 추가 매수 차단
2026-08-27 12:01:01,943 [INFO] >>> Step 6: Persist
2026-08-27 14:00:59,454 [INFO] === Initializing MagicSplit Bot (domestic) ===
2026-08-27 14:00:59,454 [INFO] Loaded 28 stock rule(s) from config_domestic.json
2026-08-27 14:00:59,454 [INFO] [domestic] 15 rule(s), mode=LIVE
2026-08-27 14:00:59,454 [INFO] [KisBroker] 캐시에서 토큰 로드 (API 호출 생략)
2026-08-27 14:00:59,454 [INFO] [KisDomesticLiveBroker] Mode: LIVE TRADING
2026-08-27 14:00:59,457 [INFO] [MarketData] 레짐 필터 활성 종목 15개 -> YFinanceMarketDataProvider 주입 (window 260봉)
2026-08-27 14:00:59,457 [INFO] === Running domestic engine ===
2026-08-27 14:00:59,457 [INFO] >>> Step 1: Portfolio & Price Fetch
2026-08-27 14:01:00,475 [INFO] Fetching real-time prices from Broker...
2026-08-27 14:01:04,743 [INFO] Portfolio: Cash=KRW 679,098, Value=KRW 26,216,208
2026-08-27 14:01:04,743 [INFO] >>> Step 2: Load Positions
2026-08-27 14:01:04,744 [INFO] Loaded 20 position lot(s)
2026-08-27 14:01:04,745 [INFO] >>> Step 2.5: Reconcile OK (수량 일치)
2026-08-27 14:01:04,745 [INFO] >>> Processing 삼성증권(016360)
2026-08-27 14:01:06,025 [INFO] [MarketData] 배치 다운로드 완료: 15/15종목
2026-08-27 14:01:06,028 [INFO] [삼성증권(016360)] DOWNTREND 확정 - 신규 진입 차단
2026-08-27 14:01:06,028 [INFO] >>> Processing KODEX 반도체레버리지(494310)
2026-08-27 14:01:06,031 [INFO] [KODEX 반도체레버리지(494310)] DOWNTREND 확정 - 신규 진입 차단
2026-08-27 14:01:06,031 [INFO] >>> Processing ACE 테슬라밸류체인액티브(457480)
2026-08-27 14:01:06,033 [INFO] [ACE 테슬라밸류체인액티브(457480)] DOWNTREND 확정 - 신규 진입 차단
2026-08-27 14:01:06,034 [INFO] >>> Processing 삼성전자(005930)
2026-08-27 14:01:06,036 [INFO] [삼성전자(005930)] 하락 래치 진행 중 - 이미 분할 청산을 거쳤으므로 동일 래치 내 2차 이탈 청산 스킵 (신규 매수만 차단 유지)
2026-08-27 14:01:06,038 [INFO]   [삼성전자(005930)] 📈 상승 레짐 유지 | Lv2 매수 KRW 260,500 -> 현재 KRW 266,000 (+2.11%) | 채널하단 KRW 193,037 / 이탈선 KRW 193,037 (허용 -0.0%) | 20EMA(눌림) KRW 258,087 (이격 +3.07%) | adds 1/3
2026-08-27 14:01:06,038 [INFO] >>> Processing KODEX 미국AI광통신네트워크(0173Y0)
2026-08-27 14:01:06,041 [INFO] [KODEX 미국AI광통신네트워크(0173Y0)] 하락 래치 진행 중 - 이미 분할 청산을 거쳤으므로 동일 래치 내 2차 이탈 청산 스킵 (신규 매수만 차단 유지)
2026-08-27 14:01:06,041 [INFO] [KODEX 미국AI광통신네트워크(0173Y0)] DOWNTREND 확정 - 추가 매수 차단
2026-08-27 14:01:06,041 [INFO] >>> Processing TIGER 지주회사(307520)
2026-08-27 14:01:06,043 [INFO] [TIGER 지주회사(307520)] DOWNTREND 확정 - 신규 진입 차단
2026-08-27 14:01:06,044 [INFO] >>> Processing 한국쉘석유(002960)
2026-08-27 14:01:06,046 [INFO]   [한국쉘석유(002960)] 신호 없음 | Lv1 매수 KRW 509,000 -> 현재 KRW 498,000 (-2.16%) | 익절 +10.0% / 추매 -5.0%
2026-08-27 14:01:06,046 [INFO] >>> Processing 메리츠금융지주(138040)
2026-08-27 14:01:06,050 [INFO]   [메리츠금융지주(138040)] 📈 상승 레짐 유지 | Lv4 매수 KRW 117,000 -> 현재 KRW 118,100 (+0.94%) | 채널하단 KRW 114,168 / 이탈선 KRW 114,168 (허용 -0.0%) | 20EMA(눌림) KRW 118,242 (이격 -0.12%) | adds 3/3
2026-08-27 14:01:06,051 [INFO] >>> Processing KODEX 미국AI전력핵심인프라(487230)
2026-08-27 14:01:06,053 [INFO] [KODEX 미국AI전력핵심인프라(487230)] 하락 래치 진행 중 - 이미 분할 청산을 거쳤으므로 동일 래치 내 2차 이탈 청산 스킵 (신규 매수만 차단 유지)
2026-08-27 14:01:06,053 [INFO] [KODEX 미국AI전력핵심인프라(487230)] DOWNTREND 확정 - 추가 매수 차단
2026-08-27 14:01:06,054 [INFO] >>> Processing KODEX AI전력핵심설비(487240)
2026-08-27 14:01:06,056 [INFO] [KODEX AI전력핵심설비(487240)] 하락 래치 진행 중 - 이미 분할 청산을 거쳤으므로 동일 래치 내 2차 이탈 청산 스킵 (신규 매수만 차단 유지)
2026-08-27 14:01:06,056 [INFO] [KODEX AI전력핵심설비(487240)] DOWNTREND 확정 - 추가 매수 차단
2026-08-27 14:01:06,056 [INFO] >>> Processing KODEX 증권(102970)
2026-08-27 14:01:06,059 [INFO] [KODEX 증권(102970)] DOWNTREND 확정 - 신규 진입 차단
2026-08-27 14:01:06,060 [INFO] >>> Processing 삼성전자우(005935)
2026-08-27 14:01:06,062 [INFO] [삼성전자우(005935)] 하락 래치 진행 중 - 이미 분할 청산을 거쳤으므로 동일 래치 내 2차 이탈 청산 스킵 (신규 매수만 차단 유지)
2026-08-27 14:01:06,064 [INFO]   [삼성전자우(005935)] 📈 상승 레짐 유지 | Lv1 매수 KRW 234,500 -> 현재 KRW 194,700 (-16.97%) | 채널하단 KRW 148,788 / 이탈선 KRW 148,788 (허용 -0.0%) | 20EMA(눌림) KRW 187,002 (이격 +4.12%) | adds 3/3
2026-08-27 14:01:06,064 [INFO] >>> Processing ACE 엔비디아밸류체인액티브(483320)
2026-08-27 14:01:06,066 [INFO] [ACE 엔비디아밸류체인액티브(483320)] DOWNTREND 확정 - 신규 진입 차단
2026-08-27 14:01:06,067 [INFO] >>> Processing SOL 반도체전공정(475300)
2026-08-27 14:01:06,069 [INFO] [SOL 반도체전공정(475300)] DOWNTREND 확정 - 신규 진입 차단
2026-08-27 14:01:06,069 [INFO] >>> Processing 테스(095610)
2026-08-27 14:01:06,072 [INFO] [테스(095610)] 채널 중심선 회복 확인 (현재가 KRW 144,700 > 기준선 KRW 143,336) -> 재진입 허용
2026-08-27 14:01:06,072 [INFO] [테스(095610)] 현금 부족: 보유 현금 KRW 679,098 < 매수 예정 금액 KRW 868,200 (6주) -> 매수 보류
2026-08-27 14:01:06,477 [INFO] >>> Step 6: Persist
