2026-08-13 10:01:13,996 [INFO] === Initializing MagicSplit Bot (domestic) ===
2026-08-13 10:01:13,996 [INFO] Loaded 24 stock rule(s) from config_domestic.json
2026-08-13 10:01:13,997 [INFO] [domestic] 12 rule(s), mode=LIVE
2026-08-13 10:01:13,998 [INFO] [KisBroker] 새 토큰 발급 중...
2026-08-13 10:01:15,057 [INFO] [KisDomesticLiveBroker] Mode: LIVE TRADING
2026-08-13 10:01:15,060 [INFO] [MarketData] 레짐 필터 활성 종목 12개 -> YFinanceMarketDataProvider 주입 (window 260봉)
2026-08-13 10:01:15,060 [INFO] === Running domestic engine ===
2026-08-13 10:01:15,060 [INFO] >>> Step 1: Portfolio & Price Fetch
2026-08-13 10:01:15,470 [INFO] Fetching real-time prices from Broker...
2026-08-13 10:01:18,900 [INFO] Portfolio: Cash=KRW 6,316,027, Value=KRW 25,570,727
2026-08-13 10:01:18,900 [INFO] >>> Step 2: Load Positions
2026-08-13 10:01:18,901 [INFO] Loaded 12 position lot(s)
2026-08-13 10:01:18,901 [INFO] >>> Step 2.5: Reconcile OK (수량 일치)
2026-08-13 10:01:18,902 [INFO] >>> Processing KODEX 반도체레버리지(494310)
2026-08-13 10:01:19,776 [INFO] [MarketData] 배치 다운로드 완료: 12/12종목
2026-08-13 10:01:19,777 [INFO] [KODEX 반도체레버리지(494310)] DOWNTREND 확정 - 신규 진입 차단
2026-08-13 10:01:19,777 [INFO] >>> Processing 삼성증권(016360)
2026-08-13 10:01:19,780 [INFO] [삼성증권(016360)] DOWNTREND 확정 - 신규 진입 차단
2026-08-13 10:01:19,780 [INFO] >>> Processing 한국쉘석유(002960)
2026-08-13 10:01:19,782 [INFO]   [한국쉘석유(002960)] 신호 없음 | Lv1 매수 KRW 509,000 -> 현재 KRW 511,000 (+0.39%) | 익절 +10.0% / 추매 -5.0%
2026-08-13 10:01:19,782 [INFO] >>> Processing ACE 엔비디아밸류체인액티브(483320)
2026-08-13 10:01:19,785 [INFO] [ACE 엔비디아밸류체인액티브(483320)] DOWNTREND 확정 - 신규 진입 차단
2026-08-13 10:01:19,785 [INFO] >>> Processing 메리츠금융지주(138040)
2026-08-13 10:01:19,789 [INFO]   [메리츠금융지주(138040)] 📈 상승 레짐 유지 | Lv3 매수 KRW 120,600 -> 현재 KRW 118,800 (-1.49%) | 채널하단(이탈선) KRW 113,185 | 20EMA(눌림) KRW 119,981 (이격 -0.98%) | adds 2/3
2026-08-13 10:01:19,789 [INFO] >>> Processing 삼성전자(005930)
2026-08-13 10:01:19,792 [INFO] [삼성전자(005930)] 하락 래치 진행 중 - 이미 분할 청산을 거쳤으므로 동일 래치 내 2차 이탈 청산 스킵 (신규 매수만 차단 유지)
2026-08-13 10:01:19,794 [INFO]   [삼성전자(005930)] 📈 상승 레짐 유지 | Lv1 매수 KRW 356,750 -> 현재 KRW 265,750 (-25.51%) | 채널하단(이탈선) KRW 195,738 | 20EMA(눌림) KRW 248,846 (이격 +6.79%) | adds 3/3
2026-08-13 10:01:19,794 [INFO] >>> Processing ACE 테슬라밸류체인액티브(457480)
2026-08-13 10:01:19,795 [INFO] [ACE 테슬라밸류체인액티브(457480)] DOWNTREND 확정 - 신규 진입 차단
2026-08-13 10:01:19,795 [INFO] >>> Processing SOL 반도체전공정(475300)
2026-08-13 10:01:19,797 [INFO] [SOL 반도체전공정(475300)] DOWNTREND 확정 - 신규 진입 차단
2026-08-13 10:01:19,798 [INFO] >>> Processing 삼성전자우(005935)
2026-08-13 10:01:19,800 [INFO] [삼성전자우(005935)] 하락 래치 진행 중 - 이미 분할 청산을 거쳤으므로 동일 래치 내 2차 이탈 청산 스킵 (신규 매수만 차단 유지)
2026-08-13 10:01:19,802 [INFO]   [삼성전자우(005935)] 📈 상승 레짐 유지 | Lv1 매수 KRW 234,500 -> 현재 KRW 187,900 (-19.87%) | 채널하단(이탈선) KRW 149,049 | 20EMA(눌림) KRW 179,182 (이격 +4.87%) | adds 3/3
2026-08-13 10:01:19,802 [INFO] >>> Processing TIGER 지주회사(307520)
2026-08-13 10:01:19,804 [INFO] [TIGER 지주회사(307520)] DOWNTREND 확정 - 신규 진입 차단
2026-08-13 10:01:19,805 [INFO] >>> Processing KODEX 증권(102970)
2026-08-13 10:01:19,805 [INFO] [KODEX 증권(102970)] DOWNTREND 확정 - 신규 진입 차단
2026-08-13 10:01:19,806 [INFO] >>> Processing 테스(095610)
2026-08-13 10:01:19,808 [INFO] [테스(095610)] 이탈 청산 후 재진입 대기 - 채널 중심선 미회복 (현재가 KRW 146,300 <= 기준선 KRW 158,295)
2026-08-13 10:01:19,808 [INFO] >>> Step 6: Persist
