2026-09-08 10:01:00,121 [INFO] === Initializing MagicSplit Bot (domestic) ===
2026-09-08 10:01:00,121 [INFO] Loaded 28 stock rule(s) from config_domestic.json
2026-09-08 10:01:00,121 [INFO] [domestic] 15 rule(s), mode=LIVE
2026-09-08 10:01:00,122 [INFO] [KisBroker] 새 토큰 발급 중...
2026-09-08 10:01:00,909 [INFO] [KisDomesticLiveBroker] Mode: LIVE TRADING
2026-09-08 10:01:00,911 [INFO] [MarketData] 국내 가격 단절 검사 15종목 / 레짐 필터 15종목 -> YFinanceMarketDataProvider 주입 (window 260봉)
2026-09-08 10:01:00,912 [INFO] === Running domestic engine ===
2026-09-08 10:01:00,912 [INFO] >>> Step 1: Portfolio & Price Fetch
2026-09-08 10:01:01,266 [INFO] Fetching real-time prices from Broker...
2026-09-08 10:01:05,742 [INFO] Portfolio: Cash=KRW 693,609, Value=KRW 27,561,114
2026-09-08 10:01:05,742 [INFO] >>> Step 2: Load Positions
2026-09-08 10:01:05,743 [INFO] Loaded 20 position lot(s)
2026-09-08 10:01:05,744 [INFO] >>> Step 2.5: Reconcile OK (수량 일치)
2026-09-08 10:01:05,745 [INFO] >>> Processing KODEX 반도체레버리지(494310)
2026-09-08 10:01:06,715 [INFO] [MarketData] 배치 다운로드 완료: 15/15종목
2026-09-08 10:01:06,718 [INFO] [KODEX 반도체레버리지(494310)] DOWNTREND 확정 - 신규 진입 차단
2026-09-08 10:01:06,718 [INFO] >>> Processing 삼성증권(016360)
2026-09-08 10:01:06,721 [INFO] [삼성증권(016360)] DOWNTREND 확정 - 신규 진입 차단
2026-09-08 10:01:06,721 [INFO] >>> Processing ACE 엔비디아밸류체인액티브(483320)
2026-09-08 10:01:06,724 [INFO] [ACE 엔비디아밸류체인액티브(483320)] DOWNTREND 확정 - 신규 진입 차단
2026-09-08 10:01:06,724 [INFO] >>> Processing KODEX 미국AI광통신네트워크(0173Y0)
2026-09-08 10:01:06,727 [INFO] [KODEX 미국AI광통신네트워크(0173Y0)] 하락 래치 진행 중 - 이미 분할 청산을 거쳤으므로 동일 래치 내 2차 이탈 청산 스킵 (신규 매수만 차단 유지)
2026-09-08 10:01:06,727 [INFO] [KODEX 미국AI광통신네트워크(0173Y0)] DOWNTREND 확정 - 추가 매수 차단
2026-09-08 10:01:06,727 [INFO] >>> Processing 삼성전자(005930)
2026-09-08 10:01:06,730 [INFO] [삼성전자(005930)] 하락 래치 진행 중 - 이미 분할 청산을 거쳤으므로 동일 래치 내 2차 이탈 청산 스킵 (신규 매수만 차단 유지)
2026-09-08 10:01:06,732 [INFO]   [삼성전자(005930)] 📈 상승 레짐 유지 | Lv2 매수 KRW 260,500 -> 현재 KRW 274,000 (+5.18%) | 채널하단 KRW 191,377 / 이탈선 KRW 191,377 (허용 -0.0%) | 20EMA(눌림) KRW 258,447 (이격 +6.02%) | adds 1/3
2026-09-08 10:01:06,732 [INFO] >>> Processing TIGER 지주회사(307520)
2026-09-08 10:01:06,735 [INFO] [TIGER 지주회사(307520)] DOWNTREND 확정 - 신규 진입 차단
2026-09-08 10:01:06,735 [INFO] >>> Processing 한국쉘석유(002960)
2026-09-08 10:01:06,738 [INFO]   [한국쉘석유(002960)] 신호 없음 | Lv1 매수 KRW 509,000 -> 현재 KRW 498,000 (-2.16%) | 익절 +10.0% / 추매 -5.0%
2026-09-08 10:01:06,738 [INFO] >>> Processing KODEX 증권(102970)
2026-09-08 10:01:06,741 [INFO] [KODEX 증권(102970)] DOWNTREND 확정 - 신규 진입 차단
2026-09-08 10:01:06,741 [INFO] >>> Processing KODEX AI전력핵심설비(487240)
2026-09-08 10:01:06,743 [INFO] [KODEX AI전력핵심설비(487240)] 하락 래치 진행 중 - 이미 분할 청산을 거쳤으므로 동일 래치 내 2차 이탈 청산 스킵 (신규 매수만 차단 유지)
2026-09-08 10:01:06,744 [INFO] [KODEX AI전력핵심설비(487240)] DOWNTREND 확정 - 추가 매수 차단
2026-09-08 10:01:06,744 [INFO] >>> Processing KODEX 미국AI전력핵심인프라(487230)
2026-09-08 10:01:06,747 [INFO] [KODEX 미국AI전력핵심인프라(487230)] 하락 래치 진행 중 - 이미 분할 청산을 거쳤으므로 동일 래치 내 2차 이탈 청산 스킵 (신규 매수만 차단 유지)
2026-09-08 10:01:06,747 [INFO] [KODEX 미국AI전력핵심인프라(487230)] DOWNTREND 확정 - 추가 매수 차단
2026-09-08 10:01:06,747 [INFO] >>> Processing ACE 테슬라밸류체인액티브(457480)
2026-09-08 10:01:06,750 [INFO] [ACE 테슬라밸류체인액티브(457480)] DOWNTREND 확정 - 신규 진입 차단
2026-09-08 10:01:06,750 [INFO] >>> Processing 테스(095610)
2026-09-08 10:01:06,752 [INFO] [테스(095610)] DOWNTREND 확정 - 신규 진입 차단
2026-09-08 10:01:06,753 [INFO] >>> Processing SOL 반도체전공정(475300)
2026-09-08 10:01:06,755 [INFO] [SOL 반도체전공정(475300)] DOWNTREND 확정 - 신규 진입 차단
2026-09-08 10:01:06,756 [INFO] >>> Processing 메리츠금융지주(138040)
2026-09-08 10:01:06,760 [INFO]   [메리츠금융지주(138040)] 📈 상승 레짐 유지 | Lv4 매수 KRW 117,000 -> 현재 KRW 132,000 (+12.82%) | 채널하단 KRW 117,358 / 이탈선 KRW 117,358 (허용 -0.0%) | 20EMA(눌림) KRW 124,389 (이격 +6.12%) | adds 3/3
2026-09-08 10:01:06,760 [INFO] >>> Processing 삼성전자우(005935)
2026-09-08 10:01:06,763 [INFO] [삼성전자우(005935)] 하락 래치 진행 중 - 이미 분할 청산을 거쳤으므로 동일 래치 내 2차 이탈 청산 스킵 (신규 매수만 차단 유지)
2026-09-08 10:01:06,765 [INFO]   [삼성전자우(005935)] 📈 상승 레짐 유지 | Lv1 매수 KRW 234,500 -> 현재 KRW 200,500 (-14.50%) | 채널하단 KRW 150,405 / 이탈선 KRW 150,405 (허용 -0.0%) | 20EMA(눌림) KRW 188,782 (이격 +6.21%) | adds 3/3
2026-09-08 10:01:06,765 [INFO] >>> Step 6: Persist
2026-09-08 12:00:58,694 [INFO] === Initializing MagicSplit Bot (domestic) ===
2026-09-08 12:00:58,694 [INFO] Loaded 28 stock rule(s) from config_domestic.json
2026-09-08 12:00:58,694 [INFO] [domestic] 15 rule(s), mode=LIVE
2026-09-08 12:00:58,694 [INFO] [KisBroker] 캐시에서 토큰 로드 (API 호출 생략)
2026-09-08 12:00:58,694 [INFO] [KisDomesticLiveBroker] Mode: LIVE TRADING
2026-09-08 12:00:58,697 [INFO] [MarketData] 국내 가격 단절 검사 15종목 / 레짐 필터 15종목 -> YFinanceMarketDataProvider 주입 (window 260봉)
2026-09-08 12:00:58,697 [INFO] === Running domestic engine ===
2026-09-08 12:00:58,697 [INFO] >>> Step 1: Portfolio & Price Fetch
2026-09-08 12:00:59,553 [INFO] Fetching real-time prices from Broker...
2026-09-08 12:01:03,360 [INFO] Portfolio: Cash=KRW 693,609, Value=KRW 27,642,604
2026-09-08 12:01:03,360 [INFO] >>> Step 2: Load Positions
2026-09-08 12:01:03,360 [INFO] Loaded 20 position lot(s)
2026-09-08 12:01:03,362 [INFO] >>> Step 2.5: Reconcile OK (수량 일치)
2026-09-08 12:01:03,362 [INFO] >>> Processing 삼성증권(016360)
2026-09-08 12:01:04,387 [INFO] [MarketData] 배치 다운로드 완료: 15/15종목
2026-09-08 12:01:04,390 [INFO] [삼성증권(016360)] DOWNTREND 확정 - 신규 진입 차단
2026-09-08 12:01:04,391 [INFO] >>> Processing KODEX 반도체레버리지(494310)
2026-09-08 12:01:04,393 [INFO] [KODEX 반도체레버리지(494310)] DOWNTREND 확정 - 신규 진입 차단
2026-09-08 12:01:04,394 [INFO] >>> Processing TIGER 지주회사(307520)
2026-09-08 12:01:04,396 [INFO] [TIGER 지주회사(307520)] DOWNTREND 확정 - 신규 진입 차단
2026-09-08 12:01:04,397 [INFO] >>> Processing KODEX 증권(102970)
2026-09-08 12:01:04,399 [INFO] [KODEX 증권(102970)] DOWNTREND 확정 - 신규 진입 차단
2026-09-08 12:01:04,400 [INFO] >>> Processing 삼성전자우(005935)
2026-09-08 12:01:04,402 [INFO] [삼성전자우(005935)] 하락 래치 진행 중 - 이미 분할 청산을 거쳤으므로 동일 래치 내 2차 이탈 청산 스킵 (신규 매수만 차단 유지)
2026-09-08 12:01:04,405 [INFO]   [삼성전자우(005935)] 📈 상승 레짐 유지 | Lv1 매수 KRW 234,500 -> 현재 KRW 200,000 (-14.71%) | 채널하단 KRW 150,405 / 이탈선 KRW 150,405 (허용 -0.0%) | 20EMA(눌림) KRW 188,782 (이격 +5.94%) | adds 3/3
2026-09-08 12:01:04,405 [INFO] >>> Processing KODEX AI전력핵심설비(487240)
2026-09-08 12:01:04,408 [INFO] [KODEX AI전력핵심설비(487240)] 하락 래치 진행 중 - 이미 분할 청산을 거쳤으므로 동일 래치 내 2차 이탈 청산 스킵 (신규 매수만 차단 유지)
2026-09-08 12:01:04,408 [INFO] [KODEX AI전력핵심설비(487240)] DOWNTREND 확정 - 추가 매수 차단
2026-09-08 12:01:04,408 [INFO] >>> Processing 메리츠금융지주(138040)
2026-09-08 12:01:04,413 [INFO]   [메리츠금융지주(138040)] 📈 상승 레짐 유지 | Lv4 매수 KRW 117,000 -> 현재 KRW 132,900 (+13.59%) | 채널하단 KRW 117,358 / 이탈선 KRW 117,358 (허용 -0.0%) | 20EMA(눌림) KRW 124,389 (이격 +6.84%) | adds 3/3
2026-09-08 12:01:04,413 [INFO] >>> Processing SOL 반도체전공정(475300)
2026-09-08 12:01:04,416 [INFO] [SOL 반도체전공정(475300)] DOWNTREND 확정 - 신규 진입 차단
2026-09-08 12:01:04,416 [INFO] >>> Processing 삼성전자(005930)
2026-09-08 12:01:04,419 [INFO] [삼성전자(005930)] 하락 래치 진행 중 - 이미 분할 청산을 거쳤으므로 동일 래치 내 2차 이탈 청산 스킵 (신규 매수만 차단 유지)
2026-09-08 12:01:04,421 [INFO]   [삼성전자(005930)] 📈 상승 레짐 유지 | Lv2 매수 KRW 260,500 -> 현재 KRW 276,500 (+6.14%) | 채널하단 KRW 191,377 / 이탈선 KRW 191,377 (허용 -0.0%) | 20EMA(눌림) KRW 258,447 (이격 +6.99%) | adds 1/3
2026-09-08 12:01:04,421 [INFO] >>> Processing 테스(095610)
2026-09-08 12:01:04,424 [INFO] [테스(095610)] DOWNTREND 확정 - 신규 진입 차단
2026-09-08 12:01:04,424 [INFO] >>> Processing KODEX 미국AI광통신네트워크(0173Y0)
2026-09-08 12:01:04,427 [INFO] [KODEX 미국AI광통신네트워크(0173Y0)] 하락 래치 진행 중 - 이미 분할 청산을 거쳤으므로 동일 래치 내 2차 이탈 청산 스킵 (신규 매수만 차단 유지)
2026-09-08 12:01:04,427 [INFO] [KODEX 미국AI광통신네트워크(0173Y0)] DOWNTREND 확정 - 추가 매수 차단
2026-09-08 12:01:04,427 [INFO] >>> Processing ACE 엔비디아밸류체인액티브(483320)
2026-09-08 12:01:04,430 [INFO] [ACE 엔비디아밸류체인액티브(483320)] DOWNTREND 확정 - 신규 진입 차단
2026-09-08 12:01:04,430 [INFO] >>> Processing 한국쉘석유(002960)
2026-09-08 12:01:04,433 [INFO]   [한국쉘석유(002960)] 신호 없음 | Lv1 매수 KRW 509,000 -> 현재 KRW 499,000 (-1.96%) | 익절 +10.0% / 추매 -5.0%
2026-09-08 12:01:04,433 [INFO] >>> Processing KODEX 미국AI전력핵심인프라(487230)
2026-09-08 12:01:04,436 [INFO] [KODEX 미국AI전력핵심인프라(487230)] 하락 래치 진행 중 - 이미 분할 청산을 거쳤으므로 동일 래치 내 2차 이탈 청산 스킵 (신규 매수만 차단 유지)
2026-09-08 12:01:04,436 [INFO] [KODEX 미국AI전력핵심인프라(487230)] DOWNTREND 확정 - 추가 매수 차단
2026-09-08 12:01:04,437 [INFO] >>> Processing ACE 테슬라밸류체인액티브(457480)
2026-09-08 12:01:04,439 [INFO] [ACE 테슬라밸류체인액티브(457480)] DOWNTREND 확정 - 신규 진입 차단
2026-09-08 12:01:04,439 [INFO] >>> Step 6: Persist
2026-09-08 14:00:53,045 [INFO] === Initializing MagicSplit Bot (domestic) ===
2026-09-08 14:00:53,045 [INFO] Loaded 28 stock rule(s) from config_domestic.json
2026-09-08 14:00:53,045 [INFO] [domestic] 15 rule(s), mode=LIVE
2026-09-08 14:00:53,045 [INFO] [KisBroker] 캐시에서 토큰 로드 (API 호출 생략)
2026-09-08 14:00:53,046 [INFO] [KisDomesticLiveBroker] Mode: LIVE TRADING
2026-09-08 14:00:53,047 [INFO] [MarketData] 국내 가격 단절 검사 15종목 / 레짐 필터 15종목 -> YFinanceMarketDataProvider 주입 (window 260봉)
2026-09-08 14:00:53,047 [INFO] === Running domestic engine ===
2026-09-08 14:00:53,047 [INFO] >>> Step 1: Portfolio & Price Fetch
2026-09-08 14:00:53,969 [INFO] Fetching real-time prices from Broker...
2026-09-08 14:00:57,787 [INFO] Portfolio: Cash=KRW 693,609, Value=KRW 27,488,469
2026-09-08 14:00:57,787 [INFO] >>> Step 2: Load Positions
2026-09-08 14:00:57,787 [INFO] Loaded 20 position lot(s)
2026-09-08 14:00:57,788 [INFO] >>> Step 2.5: Reconcile OK (수량 일치)
2026-09-08 14:00:57,789 [INFO] >>> Processing KODEX 반도체레버리지(494310)
2026-09-08 14:00:59,248 [INFO] [MarketData] 배치 다운로드 완료: 15/15종목
2026-09-08 14:00:59,250 [INFO] [KODEX 반도체레버리지(494310)] DOWNTREND 확정 - 신규 진입 차단
2026-09-08 14:00:59,251 [INFO] >>> Processing 삼성증권(016360)
2026-09-08 14:00:59,253 [INFO] [삼성증권(016360)] DOWNTREND 확정 - 신규 진입 차단
2026-09-08 14:00:59,253 [INFO] >>> Processing ACE 테슬라밸류체인액티브(457480)
2026-09-08 14:00:59,255 [INFO] [ACE 테슬라밸류체인액티브(457480)] DOWNTREND 확정 - 신규 진입 차단
2026-09-08 14:00:59,255 [INFO] >>> Processing TIGER 지주회사(307520)
2026-09-08 14:00:59,258 [INFO] [TIGER 지주회사(307520)] DOWNTREND 확정 - 신규 진입 차단
2026-09-08 14:00:59,258 [INFO] >>> Processing 메리츠금융지주(138040)
2026-09-08 14:00:59,261 [INFO]   [메리츠금융지주(138040)] 📈 상승 레짐 유지 | Lv4 매수 KRW 117,000 -> 현재 KRW 132,000 (+12.82%) | 채널하단 KRW 117,358 / 이탈선 KRW 117,358 (허용 -0.0%) | 20EMA(눌림) KRW 124,389 (이격 +6.12%) | adds 3/3
2026-09-08 14:00:59,262 [INFO] >>> Processing KODEX 증권(102970)
2026-09-08 14:00:59,264 [INFO] [KODEX 증권(102970)] DOWNTREND 확정 - 신규 진입 차단
2026-09-08 14:00:59,264 [INFO] >>> Processing 테스(095610)
2026-09-08 14:00:59,266 [INFO] [테스(095610)] DOWNTREND 확정 - 신규 진입 차단
2026-09-08 14:00:59,266 [INFO] >>> Processing ACE 엔비디아밸류체인액티브(483320)
2026-09-08 14:00:59,268 [INFO] [ACE 엔비디아밸류체인액티브(483320)] DOWNTREND 확정 - 신규 진입 차단
2026-09-08 14:00:59,268 [INFO] >>> Processing 한국쉘석유(002960)
2026-09-08 14:00:59,270 [INFO]   [한국쉘석유(002960)] 신호 없음 | Lv1 매수 KRW 509,000 -> 현재 KRW 499,000 (-1.96%) | 익절 +10.0% / 추매 -5.0%
2026-09-08 14:00:59,270 [INFO] >>> Processing SOL 반도체전공정(475300)
2026-09-08 14:00:59,272 [INFO] [SOL 반도체전공정(475300)] DOWNTREND 확정 - 신규 진입 차단
2026-09-08 14:00:59,273 [INFO] >>> Processing 삼성전자우(005935)
2026-09-08 14:00:59,275 [INFO] [삼성전자우(005935)] 하락 래치 진행 중 - 이미 분할 청산을 거쳤으므로 동일 래치 내 2차 이탈 청산 스킵 (신규 매수만 차단 유지)
2026-09-08 14:00:59,277 [INFO]   [삼성전자우(005935)] 📈 상승 레짐 유지 | Lv1 매수 KRW 234,500 -> 현재 KRW 201,000 (-14.29%) | 채널하단 KRW 150,405 / 이탈선 KRW 150,405 (허용 -0.0%) | 20EMA(눌림) KRW 188,782 (이격 +6.47%) | adds 3/3
2026-09-08 14:00:59,277 [INFO] >>> Processing KODEX 미국AI광통신네트워크(0173Y0)
2026-09-08 14:00:59,279 [INFO] [KODEX 미국AI광통신네트워크(0173Y0)] 하락 래치 진행 중 - 이미 분할 청산을 거쳤으므로 동일 래치 내 2차 이탈 청산 스킵 (신규 매수만 차단 유지)
2026-09-08 14:00:59,279 [INFO] [KODEX 미국AI광통신네트워크(0173Y0)] DOWNTREND 확정 - 추가 매수 차단
2026-09-08 14:00:59,279 [INFO] >>> Processing KODEX 미국AI전력핵심인프라(487230)
2026-09-08 14:00:59,281 [INFO] [KODEX 미국AI전력핵심인프라(487230)] 하락 래치 진행 중 - 이미 분할 청산을 거쳤으므로 동일 래치 내 2차 이탈 청산 스킵 (신규 매수만 차단 유지)
2026-09-08 14:00:59,282 [INFO] [KODEX 미국AI전력핵심인프라(487230)] DOWNTREND 확정 - 추가 매수 차단
2026-09-08 14:00:59,282 [INFO] >>> Processing KODEX AI전력핵심설비(487240)
2026-09-08 14:00:59,284 [INFO] [KODEX AI전력핵심설비(487240)] 하락 래치 진행 중 - 이미 분할 청산을 거쳤으므로 동일 래치 내 2차 이탈 청산 스킵 (신규 매수만 차단 유지)
2026-09-08 14:00:59,284 [INFO] [KODEX AI전력핵심설비(487240)] DOWNTREND 확정 - 추가 매수 차단
2026-09-08 14:00:59,284 [INFO] >>> Processing 삼성전자(005930)
2026-09-08 14:00:59,286 [INFO] [삼성전자(005930)] 하락 래치 진행 중 - 이미 분할 청산을 거쳤으므로 동일 래치 내 2차 이탈 청산 스킵 (신규 매수만 차단 유지)
2026-09-08 14:00:59,288 [INFO]   [삼성전자(005930)] 📈 상승 레짐 유지 | Lv2 매수 KRW 260,500 -> 현재 KRW 275,250 (+5.66%) | 채널하단 KRW 191,377 / 이탈선 KRW 191,377 (허용 -0.0%) | 20EMA(눌림) KRW 258,447 (이격 +6.50%) | adds 1/3
2026-09-08 14:00:59,288 [INFO] >>> Step 6: Persist
