2026-08-19 10:00:53,461 [INFO] === Initializing MagicSplit Bot (domestic) ===
2026-08-19 10:00:53,461 [INFO] Loaded 27 stock rule(s) from config_domestic.json
2026-08-19 10:00:53,461 [INFO] [domestic] 15 rule(s), mode=LIVE
2026-08-19 10:00:53,462 [INFO] [KisBroker] 캐시에서 토큰 로드 (API 호출 생략)
2026-08-19 10:00:53,462 [INFO] [KisDomesticLiveBroker] Mode: LIVE TRADING
2026-08-19 10:00:53,464 [INFO] [MarketData] 레짐 필터 활성 종목 15개 -> YFinanceMarketDataProvider 주입 (window 260봉)
2026-08-19 10:00:53,464 [INFO] === Running domestic engine ===
2026-08-19 10:00:53,464 [INFO] >>> Step 1: Portfolio & Price Fetch
2026-08-19 10:00:54,434 [INFO] Fetching real-time prices from Broker...
2026-08-19 10:00:58,956 [INFO] Portfolio: Cash=KRW 2,980,835, Value=KRW 24,549,255
2026-08-19 10:00:58,956 [INFO] >>> Step 2: Load Positions
2026-08-19 10:00:58,956 [INFO] Loaded 17 position lot(s)
2026-08-19 10:00:58,958 [INFO] >>> Step 2.5: Reconcile OK (수량 일치)
2026-08-19 10:00:58,958 [INFO] >>> Processing 삼성증권(016360)
2026-08-19 10:00:59,945 [INFO] [MarketData] 배치 다운로드 완료: 15/15종목
2026-08-19 10:00:59,948 [INFO] [삼성증권(016360)] DOWNTREND 확정 - 신규 진입 차단
2026-08-19 10:00:59,948 [INFO] >>> Processing KODEX 반도체레버리지(494310)
2026-08-19 10:00:59,951 [INFO] [KODEX 반도체레버리지(494310)] DOWNTREND 확정 - 신규 진입 차단
2026-08-19 10:00:59,951 [INFO] >>> Processing KODEX 증권(102970)
2026-08-19 10:00:59,952 [INFO] [KODEX 증권(102970)] DOWNTREND 확정 - 신규 진입 차단
2026-08-19 10:00:59,952 [INFO] >>> Processing ACE 테슬라밸류체인액티브(457480)
2026-08-19 10:00:59,955 [INFO] [ACE 테슬라밸류체인액티브(457480)] DOWNTREND 확정 - 신규 진입 차단
2026-08-19 10:00:59,955 [INFO] >>> Processing KODEX AI전력핵심설비(487240)
2026-08-19 10:00:59,958 [INFO] [KODEX AI전력핵심설비(487240)] DOWNTREND 2일 확정 - 매수 차단
2026-08-19 10:00:59,958 [INFO] [KODEX AI전력핵심설비(487240)] 채널 기울기 하락 전환 확정 (-39.20%/63봉) -> 이탈 청산 진행
2026-08-19 10:00:59,958 [INFO] [KODEX AI전력핵심설비(487240)] 추세 이탈 -> 분할 청산 20주/39주 (50%) 즉시 매도, 잔량 19주 추종 데드라인 (기준가 KRW 35,510, 청산선 KRW 34,445, 평단 KRW 37,118, 채널하단 KRW 25,642)
2026-08-19 10:00:59,958 [INFO] Executing 1 order(s)...
2026-08-19 10:00:59,959 [INFO] [KisBroker] Processing 1 SELL orders...
2026-08-19 10:01:01,080 [INFO] [KisDomestic] Order Sent: SELL KODEX AI전력핵심설비(487240) 20 @ 35495 (ODNO=0008659900)
2026-08-19 10:01:01,483 [INFO] [KisDomestic] Order FILLED: KODEX AI전력핵심설비(487240) ODNO=0008659900 price=35510.0 qty=20 fee=106.52999999999999
2026-08-19 10:01:01,684 [INFO] [Position] 분할 청산: KODEX AI전력핵심설비(487240) 20주 소진 (잔여 19주), 실현손익 KRW -20,082
2026-08-19 10:01:01,684 [INFO] [KODEX AI전력핵심설비(487240)] 추종 데드라인(Trailing Lock) 상태 활성화 (기준가 KRW 35,510, 하락 허용치 3.0%)
2026-08-19 10:01:05,081 [WARNING] [KisBroker] 초당 거래건수 초과(EGW00201/429) 감지 — 0.5s 대기 후 재시도 (1/3)
2026-08-19 10:01:06,281 [INFO] >>> Processing SOL 반도체전공정(475300)
2026-08-19 10:01:06,284 [INFO] [SOL 반도체전공정(475300)] DOWNTREND 확정 - 신규 진입 차단
2026-08-19 10:01:06,285 [INFO] >>> Processing KODEX 미국AI전력핵심인프라(487230)
2026-08-19 10:01:06,286 [INFO] [KODEX 미국AI전력핵심인프라(487230)] DOWNTREND 확정 - 추가 매수 차단
2026-08-19 10:01:06,286 [INFO] >>> Processing 메리츠금융지주(138040)
2026-08-19 10:01:06,291 [INFO]   [메리츠금융지주(138040)] 📈 상승 레짐 유지 | Lv4 매수 KRW 117,000 -> 현재 KRW 114,500 (-2.14%) | 채널하단 KRW 113,854 / 이탈선 KRW 113,854 (허용 -0.0%) | 20EMA(눌림) KRW 119,326 (이격 -4.04%) | adds 3/3
2026-08-19 10:01:06,291 [INFO] >>> Processing 한국쉘석유(002960)
2026-08-19 10:01:06,294 [INFO]   [한국쉘석유(002960)] 신호 없음 | Lv1 매수 KRW 509,000 -> 현재 KRW 510,000 (+0.20%) | 익절 +10.0% / 추매 -5.0%
2026-08-19 10:01:06,294 [INFO] >>> Processing KODEX 미국AI광통신네트워크(0173Y0)
2026-08-19 10:01:06,295 [INFO] [KODEX 미국AI광통신네트워크(0173Y0)] DOWNTREND 확정 - 추가 매수 차단
2026-08-19 10:01:06,296 [INFO] >>> Processing ACE 엔비디아밸류체인액티브(483320)
2026-08-19 10:01:06,298 [INFO] [ACE 엔비디아밸류체인액티브(483320)] DOWNTREND 확정 - 신규 진입 차단
2026-08-19 10:01:06,298 [INFO] >>> Processing 테스(095610)
2026-08-19 10:01:06,301 [INFO] [테스(095610)] 이탈 청산 후 재진입 대기 - 채널 중심선 미회복 (현재가 KRW 141,700 <= 기준선 KRW 154,613)
2026-08-19 10:01:06,301 [INFO] >>> Processing TIGER 지주회사(307520)
2026-08-19 10:01:06,304 [INFO] [TIGER 지주회사(307520)] DOWNTREND 확정 - 신규 진입 차단
2026-08-19 10:01:06,304 [INFO] >>> Processing 삼성전자(005930)
2026-08-19 10:01:06,307 [INFO] [삼성전자(005930)] 하락 래치 진행 중 - 이미 분할 청산을 거쳤으므로 동일 래치 내 2차 이탈 청산 스킵 (신규 매수만 차단 유지)
2026-08-19 10:01:06,309 [INFO]   [삼성전자(005930)] 📈 상승 레짐 유지 | Lv1 매수 KRW 356,750 -> 현재 KRW 250,000 (-29.92%) | 채널하단 KRW 195,153 / 이탈선 KRW 195,153 (허용 -0.0%) | 20EMA(눌림) KRW 254,421 (이격 -1.74%) | adds 0/3
2026-08-19 10:01:06,310 [INFO] >>> Processing 삼성전자우(005935)
2026-08-19 10:01:06,312 [INFO] [삼성전자우(005935)] 하락 래치 진행 중 - 이미 분할 청산을 거쳤으므로 동일 래치 내 2차 이탈 청산 스킵 (신규 매수만 차단 유지)
2026-08-19 10:01:06,314 [INFO]   [삼성전자우(005935)] 📈 상승 레짐 유지 | Lv1 매수 KRW 234,500 -> 현재 KRW 175,400 (-25.20%) | 채널하단 KRW 148,911 / 이탈선 KRW 148,911 (허용 -0.0%) | 20EMA(눌림) KRW 182,137 (이격 -3.70%) | adds 3/3
2026-08-19 10:01:06,315 [INFO] >>> Step 6: Persist
