2026-07-31 10:01:01,280 [INFO] === Initializing MagicSplit Bot (domestic) ===
2026-07-31 10:01:01,280 [INFO] Loaded 24 stock rule(s) from config_domestic.json
2026-07-31 10:01:01,280 [INFO] [domestic] 12 rule(s), mode=LIVE
2026-07-31 10:01:01,280 [INFO] [KisBroker] 새 토큰 발급 중...
2026-07-31 10:01:02,194 [INFO] [KisDomesticLiveBroker] Mode: LIVE TRADING
2026-07-31 10:01:02,196 [INFO] [MarketData] 레짐 필터 활성 종목 12개 -> YFinanceMarketDataProvider 주입 (window 260봉)
2026-07-31 10:01:02,197 [INFO] === Running domestic engine ===
2026-07-31 10:01:02,197 [INFO] >>> Step 1: Portfolio & Price Fetch
2026-07-31 10:01:02,589 [INFO] Fetching real-time prices from Broker...
2026-07-31 10:01:05,735 [INFO] Portfolio: Cash=KRW 5,045,459, Value=KRW 26,201,974
2026-07-31 10:01:05,735 [INFO] >>> Step 2: Load Positions
2026-07-31 10:01:05,735 [INFO] Loaded 20 position lot(s)
2026-07-31 10:01:05,736 [INFO] >>> Step 2.5: Reconcile OK (수량 일치)
2026-07-31 10:01:05,737 [INFO] >>> Processing KODEX 반도체레버리지(494310)
2026-07-31 10:01:08,173 [INFO] [MarketData] 배치 다운로드 완료: 12/12종목
2026-07-31 10:01:08,176 [INFO] [KODEX 반도체레버리지(494310)] ✅ 추종 데드라인 해제! 가격 KRW 67,145이 이탈 기준선 위로 회복 -> 상승 레짐 복귀 (잔량 27주 보유 유지)
2026-07-31 10:01:08,177 [INFO]   [KODEX 반도체레버리지(494310)] 신호 없음 | Lv4 매수 KRW 66,387 -> 현재 KRW 67,145 (+1.14%) | 익절 +10.0% / 추매 -5.0%
2026-07-31 10:01:08,177 [INFO] >>> Processing 삼성증권(016360)
2026-07-31 10:01:08,179 [INFO] [삼성증권(016360)] DOWNTREND 확정 - 신규 진입 차단
2026-07-31 10:01:08,708 [INFO] >>> Processing SOL 반도체전공정(475300)
2026-07-31 10:01:08,712 [INFO] [SOL 반도체전공정(475300)] 이탈 청산 후 재진입 대기 - 상단 저항선 미회복 (현재가 KRW 17,710 <= 기준선 KRW 29,690)
2026-07-31 10:01:09,148 [INFO] >>> Processing 한국쉘석유(002960)
2026-07-31 10:01:09,153 [INFO]   [한국쉘석유(002960)] 신호 없음 | Lv1 매수 KRW 509,000 -> 현재 KRW 492,000 (-3.34%) | 익절 +10.0% / 추매 -5.0%
2026-07-31 10:01:09,153 [INFO] >>> Processing 삼성전자(005930)
2026-07-31 10:01:09,157 [INFO]   [삼성전자(005930)] 📈 상승 레짐 유지 | Lv7 매수 KRW 229,500 -> 현재 KRW 256,000 (+11.55%) | 채널하단(이탈선) KRW 212,780 | 20EMA(눌림) KRW 260,057 (이격 -1.56%) | adds 3/3
2026-07-31 10:01:09,158 [INFO] >>> Processing ACE 엔비디아밸류체인액티브(483320)
2026-07-31 10:01:09,160 [INFO] [ACE 엔비디아밸류체인액티브(483320)] 이탈 청산 후 재진입 대기 - 채널 중심선 미회복 (현재가 KRW 23,595 <= 기준선 KRW 27,730)
2026-07-31 10:01:09,685 [INFO] >>> Processing ACE 테슬라밸류체인액티브(457480)
2026-07-31 10:01:09,689 [INFO] [ACE 테슬라밸류체인액티브(457480)] DOWNTREND 확정 - 신규 진입 차단
2026-07-31 10:01:10,226 [INFO] >>> Processing 삼성전자우(005935)
2026-07-31 10:01:10,230 [INFO] [삼성전자우(005935)] ✅ 추종 데드라인 해제! 가격 KRW 187,800이 이탈 기준선 위로 회복 -> 상승 레짐 복귀 (잔량 11주 보유 유지)
2026-07-31 10:01:10,232 [INFO]   [삼성전자우(005935)] 📈 상승 레짐 유지 | Lv3 매수 KRW 182,500 -> 현재 KRW 187,800 (+2.90%) | 채널하단(이탈선) KRW 155,514 | 20EMA(눌림) KRW 179,992 (이격 +4.34%) | adds 3/3
2026-07-31 10:01:10,232 [INFO] >>> Processing TIGER 지주회사(307520)
2026-07-31 10:01:10,234 [INFO] [TIGER 지주회사(307520)] DOWNTREND 확정 - 신규 진입 차단
2026-07-31 10:01:10,691 [INFO] >>> Processing KODEX 증권(102970)
2026-07-31 10:01:10,694 [INFO] [KODEX 증권(102970)] DOWNTREND 확정 - 신규 진입 차단
2026-07-31 10:01:11,143 [INFO] >>> Processing 메리츠금융지주(138040)
2026-07-31 10:01:11,147 [INFO]   [메리츠금융지주(138040)] 신호 없음 | Lv1 매수 KRW 117,900 -> 현재 KRW 119,600 (+1.44%) | 익절 +10.0% / 추매 -5.0%
2026-07-31 10:01:11,147 [INFO] >>> Processing 테스(095610)
2026-07-31 10:01:11,150 [INFO] [테스(095610)] 이탈 청산 후 재진입 대기 - 채널 중심선 미회복 (현재가 KRW 130,000 <= 기준선 KRW 187,482)
2026-07-31 10:01:11,618 [INFO] >>> Step 6: Persist
