2026-07-30 10:01:06,279 [INFO] === Initializing MagicSplit Bot (domestic) ===
2026-07-30 10:01:06,279 [INFO] Loaded 24 stock rule(s) from config_domestic.json
2026-07-30 10:01:06,279 [INFO] [domestic] 12 rule(s), mode=LIVE
2026-07-30 10:01:06,280 [INFO] [KisBroker] 새 토큰 발급 중...
2026-07-30 10:01:07,171 [INFO] [KisDomesticLiveBroker] Mode: LIVE TRADING
2026-07-30 10:01:07,174 [INFO] [MarketData] 레짐 필터 활성 종목 12개 -> YFinanceMarketDataProvider 주입 (window 260봉)
2026-07-30 10:01:07,174 [INFO] === Running domestic engine ===
2026-07-30 10:01:07,174 [INFO] >>> Step 1: Portfolio & Price Fetch
2026-07-30 10:01:07,545 [INFO] Fetching real-time prices from Broker...
2026-07-30 10:01:10,422 [INFO] Portfolio: Cash=KRW 5,045,459, Value=KRW 22,430,234
2026-07-30 10:01:10,422 [INFO] >>> Step 2: Load Positions
2026-07-30 10:01:10,423 [INFO] Loaded 20 position lot(s)
2026-07-30 10:01:10,424 [INFO] >>> Step 2.5: Reconcile OK (수량 일치)
2026-07-30 10:01:10,424 [INFO] >>> Processing 삼성증권(016360)
2026-07-30 10:01:11,811 [INFO] [MarketData] 배치 다운로드 완료: 12/12종목
2026-07-30 10:01:11,814 [INFO] [삼성증권(016360)] DOWNTREND 확정 - 신규 진입 차단
2026-07-30 10:01:12,294 [INFO] >>> Processing KODEX 반도체레버리지(494310)
2026-07-30 10:01:12,298 [INFO] [KODEX 반도체레버리지(494310)] 추종 데드라인 추적 중 (현재가 KRW 47,225, 기준가 KRW 47,568, 대비 -0.7%, 청산선 KRW 46,141)
2026-07-30 10:01:12,298 [INFO]   [KODEX 반도체레버리지(494310)] 신호 없음 | Lv4 매수 KRW 66,387 -> 현재 KRW 47,225 (-28.86%) | 익절 +10.0% / 추매 -5.0%
2026-07-30 10:01:12,298 [INFO] >>> Processing KODEX 증권(102970)
2026-07-30 10:01:12,301 [INFO] [KODEX 증권(102970)] DOWNTREND 확정 - 신규 진입 차단
2026-07-30 10:01:12,744 [INFO] >>> Processing ACE 엔비디아밸류체인액티브(483320)
2026-07-30 10:01:12,747 [INFO] [ACE 엔비디아밸류체인액티브(483320)] 이탈 청산 후 재진입 대기 - 채널 중심선 미회복 (현재가 KRW 20,935 <= 기준선 KRW 28,389)
2026-07-30 10:01:13,194 [INFO] >>> Processing 테스(095610)
2026-07-30 10:01:13,197 [INFO] [테스(095610)] 이탈 청산 후 재진입 대기 - 채널 중심선 미회복 (현재가 KRW 109,600 <= 기준선 KRW 194,411)
2026-07-30 10:01:13,685 [INFO] >>> Processing 메리츠금융지주(138040)
2026-07-30 10:01:13,688 [INFO]   [메리츠금융지주(138040)] 신호 없음 | Lv1 매수 KRW 117,900 -> 현재 KRW 125,200 (+6.19%) | 익절 +10.0% / 추매 -5.0%
2026-07-30 10:01:13,688 [INFO] >>> Processing 한국쉘석유(002960)
2026-07-30 10:01:13,691 [INFO]   [한국쉘석유(002960)] 신호 없음 | Lv1 매수 KRW 509,000 -> 현재 KRW 500,000 (-1.77%) | 익절 +10.0% / 추매 -5.0%
2026-07-30 10:01:13,691 [INFO] >>> Processing ACE 테슬라밸류체인액티브(457480)
2026-07-30 10:01:13,694 [INFO] [ACE 테슬라밸류체인액티브(457480)] DOWNTREND 확정 - 신규 진입 차단
2026-07-30 10:01:14,414 [INFO] >>> Processing SOL 반도체전공정(475300)
2026-07-30 10:01:14,418 [INFO] [SOL 반도체전공정(475300)] 이탈 청산 후 재진입 대기 - 상단 저항선 미회복 (현재가 KRW 15,035 <= 기준선 KRW 29,962)
2026-07-30 10:01:14,849 [INFO] >>> Processing TIGER 지주회사(307520)
2026-07-30 10:01:14,852 [INFO] [TIGER 지주회사(307520)] DOWNTREND 확정 - 신규 진입 차단
2026-07-30 10:01:15,287 [INFO] >>> Processing 삼성전자우(005935)
2026-07-30 10:01:15,291 [INFO] [삼성전자우(005935)] 추종 데드라인 추적 중 (현재가 KRW 153,100, 기준가 KRW 147,550, 대비 --3.8%, 청산선 KRW 143,124)
2026-07-30 10:01:15,293 [INFO]   [삼성전자우(005935)] 📈 상승 레짐 유지 | Lv3 매수 KRW 182,500 -> 현재 KRW 153,100 (-16.11%) | 채널하단(이탈선) KRW 159,667 | 20EMA(눌림) KRW 183,044 (이격 -16.36%) | adds 3/3
2026-07-30 10:01:15,293 [INFO] >>> Processing 삼성전자(005930)
2026-07-30 10:01:15,296 [INFO] [삼성전자(005930)] 하단 채널선 이탈 확정 (2일 연속, 현재가 KRW 210,000 < 이탈선 KRW 220,122, 채널하단 KRW 220,122, 허용 -0.0%) -> 이탈 청산 진행
2026-07-30 10:01:15,296 [INFO] [삼성전자(005930)] 추세 이탈 -> 분할 청산 9주/18주 (50%) 즉시 매도, 잔량 9주 추종 데드라인 (기준가 KRW 210,000, 청산선 KRW 203,700, 평단 KRW 291,833, 채널하단 KRW 220,122)
2026-07-30 10:01:15,296 [INFO] Executing 1 order(s)...
2026-07-30 10:01:15,296 [INFO] [KisBroker] Processing 1 SELL orders...
2026-07-30 10:01:15,423 [WARNING] [KisDomestic] 호가 조회 에러 삼성전자(005930): ('Connection aborted.', RemoteDisconnected('Remote end closed connection without response'))
2026-07-30 10:01:15,424 [WARNING] [KisDomestic] 호가 조회 실패 — 삼성전자(005930) 현재가 기반 주문 진행
2026-07-30 10:01:16,367 [INFO] [KisDomestic] Order Sent: SELL 삼성전자(005930) 9 @ 210000 (ODNO=0007887300)
2026-07-30 10:01:46,432 [WARNING] [KisDomestic] Order NOT confirmed within 30s: 삼성전자(005930) ODNO=0007887300 — 취소 시도 후 재폴링·체결조회
2026-07-30 10:01:47,083 [INFO] [KisDomestic] Order Cancelled: 삼성전자(005930) ODNO=0007887300
2026-07-30 10:01:48,881 [INFO] [KisDomestic] Timeout outcome: 삼성전자(005930) ODNO=0007887300 REJECTED qty=0/9 detail=cancelled_no_fill
2026-07-30 10:01:49,082 [WARNING] [Position] Skip: 삼성전자(005930) SELL rejected
2026-07-30 10:01:52,658 [INFO] >>> Step 6: Persist
