2026-08-14 10:01:15,653 [INFO] === Initializing MagicSplit Bot (domestic) ===
2026-08-14 10:01:15,654 [INFO] Loaded 27 stock rule(s) from config_domestic.json
2026-08-14 10:01:15,654 [INFO] [domestic] 15 rule(s), mode=LIVE
2026-08-14 10:01:15,656 [INFO] [KisBroker] 새 토큰 발급 중...
2026-08-14 10:01:16,546 [INFO] [KisDomesticLiveBroker] Mode: LIVE TRADING
2026-08-14 10:01:16,548 [INFO] [MarketData] 레짐 필터 활성 종목 15개 -> YFinanceMarketDataProvider 주입 (window 260봉)
2026-08-14 10:01:16,549 [INFO] === Running domestic engine ===
2026-08-14 10:01:16,549 [INFO] >>> Step 1: Portfolio & Price Fetch
2026-08-14 10:01:16,923 [INFO] Fetching real-time prices from Broker...
2026-08-14 10:01:20,019 [WARNING] [KisBroker] 초당 거래건수 초과(EGW00201/429) 감지 — 0.5s 대기 후 재시도 (1/3)
2026-08-14 10:01:21,499 [INFO] Portfolio: Cash=KRW 4,339,237, Value=KRW 25,795,477
2026-08-14 10:01:21,499 [INFO] >>> Step 2: Load Positions
2026-08-14 10:01:21,499 [INFO] Loaded 14 position lot(s)
2026-08-14 10:01:21,501 [INFO] >>> Step 2.1: Detected 1 newly enabled ticker(s)
2026-08-14 10:01:21,503 [INFO] >>> Step 2.5: Reconcile OK (수량 일치)
2026-08-14 10:01:21,503 [INFO] >>> Processing KODEX 반도체레버리지(494310)
2026-08-14 10:01:22,860 [INFO] [MarketData] 배치 다운로드 완료: 15/15종목
2026-08-14 10:01:22,865 [INFO] [KODEX 반도체레버리지(494310)] DOWNTREND 확정 - 신규 진입 차단
2026-08-14 10:01:22,866 [INFO] >>> Processing 삼성증권(016360)
2026-08-14 10:01:22,872 [INFO] [삼성증권(016360)] DOWNTREND 확정 - 신규 진입 차단
2026-08-14 10:01:22,873 [INFO] >>> Processing ACE 엔비디아밸류체인액티브(483320)
2026-08-14 10:01:22,877 [INFO] [ACE 엔비디아밸류체인액티브(483320)] DOWNTREND 확정 - 신규 진입 차단
2026-08-14 10:01:22,877 [INFO] >>> Processing 테스(095610)
2026-08-14 10:01:22,880 [INFO] [테스(095610)] 이탈 청산 후 재진입 대기 - 채널 중심선 미회복 (현재가 KRW 143,600 <= 기준선 KRW 157,132)
2026-08-14 10:01:22,881 [INFO] >>> Processing KODEX 미국AI전력핵심인프라(487230)
2026-08-14 10:01:22,884 [INFO]   [KODEX 미국AI전력핵심인프라(487230)] 신호 없음 | Lv1 매수 KRW 21,625 -> 현재 KRW 21,420 (-0.95%) | 익절 +10.0% / 추매 -5.0%
2026-08-14 10:01:22,884 [INFO] >>> Processing KODEX AI전력핵심설비(487240)
2026-08-14 10:01:22,887 [INFO] [KODEX AI전력핵심설비(487240)] Lv1 매수가 KRW 37,760 대비 -5.1% -> 추가 매수 Lv2 13주 @KRW 35,820
2026-08-14 10:01:22,887 [INFO] Executing 1 order(s)...
2026-08-14 10:01:23,241 [INFO] [KisBroker] Available Cash for BUY: 4,339,237
2026-08-14 10:01:24,347 [INFO] [KisDomestic] Order Sent: BUY KODEX AI전력핵심설비(487240) 13 @ 35840 (ODNO=0009749200)
2026-08-14 10:01:24,635 [INFO] [KisDomestic] Order FILLED: KODEX AI전력핵심설비(487240) ODNO=0009749200 price=35835.0 qty=13 fee=69.87825
2026-08-14 10:01:24,836 [INFO] [Position] New lot: lot_20260814_100124_487240_002 Lv2 KODEX AI전력핵심설비(487240) 13주 @KRW 35,835
2026-08-14 10:01:28,196 [INFO] >>> Processing TIGER 지주회사(307520)
2026-08-14 10:01:28,202 [INFO] [TIGER 지주회사(307520)] DOWNTREND 확정 - 신규 진입 차단
2026-08-14 10:01:28,202 [INFO] >>> Processing 한국쉘석유(002960)
2026-08-14 10:01:28,206 [INFO]   [한국쉘석유(002960)] 신호 없음 | Lv1 매수 KRW 509,000 -> 현재 KRW 512,000 (+0.59%) | 익절 +10.0% / 추매 -5.0%
2026-08-14 10:01:28,206 [INFO] >>> Processing SOL 반도체전공정(475300)
2026-08-14 10:01:28,210 [INFO] [SOL 반도체전공정(475300)] DOWNTREND 확정 - 신규 진입 차단
2026-08-14 10:01:28,210 [INFO] >>> Processing KODEX 증권(102970)
2026-08-14 10:01:28,215 [INFO] [KODEX 증권(102970)] DOWNTREND 확정 - 신규 진입 차단
2026-08-14 10:01:28,216 [INFO] >>> Processing 삼성전자우(005935)
2026-08-14 10:01:28,221 [INFO] [삼성전자우(005935)] 하락 래치 진행 중 - 이미 분할 청산을 거쳤으므로 동일 래치 내 2차 이탈 청산 스킵 (신규 매수만 차단 유지)
2026-08-14 10:01:28,227 [INFO]   [삼성전자우(005935)] 📈 상승 레짐 유지 | Lv1 매수 KRW 234,500 -> 현재 KRW 190,000 (-18.98%) | 채널하단(이탈선) KRW 148,879 | 20EMA(눌림) KRW 180,002 (이격 +5.55%) | adds 3/3
2026-08-14 10:01:28,227 [INFO] >>> Processing 메리츠금융지주(138040)
2026-08-14 10:01:28,234 [INFO]   [메리츠금융지주(138040)] 📈 상승 레짐 유지 | Lv3 매수 KRW 120,600 -> 현재 KRW 117,000 (-2.99%) | 채널하단(이탈선) KRW 113,449 | 20EMA(눌림) KRW 119,850 (이격 -2.38%) | adds 2/3
2026-08-14 10:01:28,235 [INFO] >>> Processing ACE 테슬라밸류체인액티브(457480)
2026-08-14 10:01:28,238 [INFO] [ACE 테슬라밸류체인액티브(457480)] DOWNTREND 확정 - 신규 진입 차단
2026-08-14 10:01:28,238 [INFO] >>> Processing 삼성전자(005930)
2026-08-14 10:01:28,241 [INFO] [삼성전자(005930)] 하락 래치 진행 중 - 이미 분할 청산을 거쳤으므로 동일 래치 내 2차 이탈 청산 스킵 (신규 매수만 차단 유지)
2026-08-14 10:01:28,244 [INFO]   [삼성전자(005930)] 📈 상승 레짐 유지 | Lv1 매수 KRW 356,750 -> 현재 KRW 268,000 (-24.88%) | 채널하단(이탈선) KRW 195,413 | 20EMA(눌림) KRW 250,670 (이격 +6.91%) | adds 3/3
2026-08-14 10:01:28,245 [INFO] >>> Processing KODEX 미국AI광통신네트워크(0173Y0)
2026-08-14 10:01:28,249 [INFO] [KODEX 미국AI광통신네트워크(0173Y0)] 보유 lot 없음 -> 초기 매수 Lv1 81주 @KRW 12,300
2026-08-14 10:01:28,249 [INFO] Executing 1 order(s)...
2026-08-14 10:01:28,605 [INFO] [KisBroker] Available Cash for BUY: 3,873,322
2026-08-14 10:01:29,663 [INFO] [KisDomestic] Order Sent: BUY KODEX 미국AI광통신네트워크(0173Y0) 81 @ 12305 (ODNO=0009755900)
2026-08-14 10:01:29,946 [INFO] [KisDomestic] Order FILLED: KODEX 미국AI광통신네트워크(0173Y0) ODNO=0009755900 price=12305.0 qty=81 fee=149.50574999999998
2026-08-14 10:01:30,147 [INFO] [Position] New lot: lot_20260814_100130_0173Y0_001 Lv1 KODEX 미국AI광통신네트워크(0173Y0) 81주 @KRW 12,305
2026-08-14 10:01:33,511 [INFO] >>> Step 6: Persist
2026-08-14 12:01:07,602 [INFO] === Initializing MagicSplit Bot (domestic) ===
2026-08-14 12:01:07,602 [INFO] Loaded 27 stock rule(s) from config_domestic.json
2026-08-14 12:01:07,602 [INFO] [domestic] 15 rule(s), mode=LIVE
2026-08-14 12:01:07,603 [INFO] [KisBroker] 캐시에서 토큰 로드 (API 호출 생략)
2026-08-14 12:01:07,603 [INFO] [KisDomesticLiveBroker] Mode: LIVE TRADING
2026-08-14 12:01:07,605 [INFO] [MarketData] 레짐 필터 활성 종목 15개 -> YFinanceMarketDataProvider 주입 (window 260봉)
2026-08-14 12:01:07,605 [INFO] === Running domestic engine ===
2026-08-14 12:01:07,606 [INFO] >>> Step 1: Portfolio & Price Fetch
2026-08-14 12:01:08,521 [INFO] Fetching real-time prices from Broker...
2026-08-14 12:01:11,050 [WARNING] [KisBroker] 초당 거래건수 초과(EGW00201/429) 감지 — 0.5s 대기 후 재시도 (1/3)
2026-08-14 12:01:12,925 [INFO] Portfolio: Cash=KRW 2,876,477, Value=KRW 25,723,479
2026-08-14 12:01:12,925 [INFO] >>> Step 2: Load Positions
2026-08-14 12:01:12,926 [INFO] Loaded 16 position lot(s)
2026-08-14 12:01:12,927 [INFO] >>> Step 2.5: Reconcile OK (수량 일치)
2026-08-14 12:01:12,927 [INFO] >>> Processing KODEX 반도체레버리지(494310)
2026-08-14 12:01:13,936 [INFO] [MarketData] 배치 다운로드 완료: 15/15종목
2026-08-14 12:01:13,939 [INFO] [KODEX 반도체레버리지(494310)] DOWNTREND 확정 - 신규 진입 차단
2026-08-14 12:01:13,939 [INFO] >>> Processing 삼성증권(016360)
2026-08-14 12:01:13,942 [INFO] [삼성증권(016360)] DOWNTREND 확정 - 신규 진입 차단
2026-08-14 12:01:13,942 [INFO] >>> Processing TIGER 지주회사(307520)
2026-08-14 12:01:13,945 [INFO] [TIGER 지주회사(307520)] DOWNTREND 확정 - 신규 진입 차단
2026-08-14 12:01:13,945 [INFO] >>> Processing KODEX AI전력핵심설비(487240)
2026-08-14 12:01:13,947 [INFO]   [KODEX AI전력핵심설비(487240)] 신호 없음 | Lv2 매수 KRW 35,835 -> 현재 KRW 35,810 (-0.07%) | 익절 +10.0% / 추매 -5.0%
2026-08-14 12:01:13,948 [INFO] >>> Processing KODEX 미국AI광통신네트워크(0173Y0)
2026-08-14 12:01:13,951 [INFO]   [KODEX 미국AI광통신네트워크(0173Y0)] 신호 없음 | Lv1 매수 KRW 12,305 -> 현재 KRW 12,232 (-0.59%) | 익절 +10.0% / 추매 -5.0%
2026-08-14 12:01:13,951 [INFO] >>> Processing KODEX 증권(102970)
2026-08-14 12:01:13,954 [INFO] [KODEX 증권(102970)] DOWNTREND 확정 - 신규 진입 차단
2026-08-14 12:01:13,954 [INFO] >>> Processing ACE 테슬라밸류체인액티브(457480)
2026-08-14 12:01:13,956 [INFO] [ACE 테슬라밸류체인액티브(457480)] DOWNTREND 확정 - 신규 진입 차단
2026-08-14 12:01:13,957 [INFO] >>> Processing 테스(095610)
2026-08-14 12:01:13,959 [INFO] [테스(095610)] 이탈 청산 후 재진입 대기 - 채널 중심선 미회복 (현재가 KRW 143,000 <= 기준선 KRW 157,132)
2026-08-14 12:01:13,959 [INFO] >>> Processing 삼성전자(005930)
2026-08-14 12:01:13,962 [INFO] [삼성전자(005930)] 하락 래치 진행 중 - 이미 분할 청산을 거쳤으므로 동일 래치 내 2차 이탈 청산 스킵 (신규 매수만 차단 유지)
2026-08-14 12:01:13,964 [INFO]   [삼성전자(005930)] 📈 상승 레짐 유지 | Lv1 매수 KRW 356,750 -> 현재 KRW 268,500 (-24.74%) | 채널하단(이탈선) KRW 195,413 | 20EMA(눌림) KRW 250,670 (이격 +7.11%) | adds 3/3
2026-08-14 12:01:13,964 [INFO] >>> Processing KODEX 미국AI전력핵심인프라(487230)
2026-08-14 12:01:13,967 [INFO]   [KODEX 미국AI전력핵심인프라(487230)] 신호 없음 | Lv1 매수 KRW 21,625 -> 현재 KRW 21,370 (-1.18%) | 익절 +10.0% / 추매 -5.0%
2026-08-14 12:01:13,967 [INFO] >>> Processing 한국쉘석유(002960)
2026-08-14 12:01:13,969 [INFO]   [한국쉘석유(002960)] 신호 없음 | Lv1 매수 KRW 509,000 -> 현재 KRW 526,000 (+3.34%) | 익절 +10.0% / 추매 -5.0%
2026-08-14 12:01:13,970 [INFO] >>> Processing SOL 반도체전공정(475300)
2026-08-14 12:01:13,972 [INFO] [SOL 반도체전공정(475300)] DOWNTREND 확정 - 신규 진입 차단
2026-08-14 12:01:13,972 [INFO] >>> Processing 삼성전자우(005935)
2026-08-14 12:01:13,975 [INFO] [삼성전자우(005935)] 하락 래치 진행 중 - 이미 분할 청산을 거쳤으므로 동일 래치 내 2차 이탈 청산 스킵 (신규 매수만 차단 유지)
2026-08-14 12:01:13,978 [INFO]   [삼성전자우(005935)] 📈 상승 레짐 유지 | Lv1 매수 KRW 234,500 -> 현재 KRW 191,400 (-18.38%) | 채널하단(이탈선) KRW 148,879 | 20EMA(눌림) KRW 180,002 (이격 +6.33%) | adds 3/3
2026-08-14 12:01:13,978 [INFO] >>> Processing ACE 엔비디아밸류체인액티브(483320)
2026-08-14 12:01:13,980 [INFO] [ACE 엔비디아밸류체인액티브(483320)] DOWNTREND 확정 - 신규 진입 차단
2026-08-14 12:01:13,981 [INFO] >>> Processing 메리츠금융지주(138040)
2026-08-14 12:01:13,985 [INFO]   [메리츠금융지주(138040)] 📈 상승 레짐 유지 | Lv3 매수 KRW 120,600 -> 현재 KRW 115,400 (-4.31%) | 채널하단(이탈선) KRW 113,449 | 20EMA(눌림) KRW 119,850 (이격 -3.71%) | adds 2/3
2026-08-14 12:01:13,985 [INFO] >>> Step 6: Persist
