2026-08-11 10:01:00,428 [INFO] === Initializing MagicSplit Bot (domestic) ===
2026-08-11 10:01:00,428 [INFO] Loaded 24 stock rule(s) from config_domestic.json
2026-08-11 10:01:00,428 [INFO] [domestic] 12 rule(s), mode=LIVE
2026-08-11 10:01:00,428 [INFO] [KisBroker] 새 토큰 발급 중...
2026-08-11 10:01:01,385 [INFO] [KisDomesticLiveBroker] Mode: LIVE TRADING
2026-08-11 10:01:01,387 [INFO] [MarketData] 레짐 필터 활성 종목 12개 -> YFinanceMarketDataProvider 주입 (window 260봉)
2026-08-11 10:01:01,387 [INFO] === Running domestic engine ===
2026-08-11 10:01:01,387 [INFO] >>> Step 1: Portfolio & Price Fetch
2026-08-11 10:01:01,798 [INFO] Fetching real-time prices from Broker...
2026-08-11 10:01:05,504 [INFO] Portfolio: Cash=KRW 10,797,437, Value=KRW 24,104,637
2026-08-11 10:01:05,504 [INFO] >>> Step 2: Load Positions
2026-08-11 10:01:05,504 [INFO] Loaded 9 position lot(s)
2026-08-11 10:01:05,505 [INFO] >>> Step 2.5: Reconcile OK (수량 일치)
2026-08-11 10:01:05,506 [INFO] >>> Processing 삼성증권(016360)
2026-08-11 10:01:06,385 [INFO] [MarketData] 배치 다운로드 완료: 12/12종목
2026-08-11 10:01:06,388 [INFO] [삼성증권(016360)] DOWNTREND 확정 - 신규 진입 차단
2026-08-11 10:01:06,389 [INFO] >>> Processing KODEX 반도체레버리지(494310)
2026-08-11 10:01:06,391 [INFO] [KODEX 반도체레버리지(494310)] DOWNTREND 확정 - 신규 진입 차단
2026-08-11 10:01:06,391 [INFO] >>> Processing 삼성전자우(005935)
2026-08-11 10:01:06,393 [INFO] [삼성전자우(005935)] 하락 래치 진행 중 - 이미 분할 청산을 거쳤으므로 동일 래치 내 2차 이탈 청산 스킵 (신규 매수만 차단 유지)
2026-08-11 10:01:06,395 [INFO]   [삼성전자우(005935)] 📈 상승 레짐 유지 | Lv1 매수 KRW 234,500 -> 현재 KRW 171,700 (-26.78%) | 채널하단(이탈선) KRW 149,808 | 20EMA(눌림) KRW 178,270 (이격 -3.69%) | adds 3/3
2026-08-11 10:01:06,396 [INFO] >>> Processing 한국쉘석유(002960)
2026-08-11 10:01:06,398 [INFO] [한국쉘석유(002960)] buy_amount(KRW 500,000) < 현재가(KRW 518,000) -> 1주도 매수 불가. buy_amount 상향 조정 필요
2026-08-11 10:01:06,705 [INFO] >>> Processing SOL 반도체전공정(475300)
2026-08-11 10:01:06,708 [INFO] [SOL 반도체전공정(475300)] DOWNTREND 확정 - 신규 진입 차단
2026-08-11 10:01:06,708 [INFO] >>> Processing 테스(095610)
2026-08-11 10:01:06,711 [INFO] [테스(095610)] 이탈 청산 후 재진입 대기 - 채널 중심선 미회복 (현재가 KRW 146,800 <= 기준선 KRW 161,748)
2026-08-11 10:01:06,711 [INFO] >>> Processing KODEX 증권(102970)
2026-08-11 10:01:06,713 [INFO] [KODEX 증권(102970)] DOWNTREND 확정 - 신규 진입 차단
2026-08-11 10:01:06,714 [INFO] >>> Processing ACE 엔비디아밸류체인액티브(483320)
2026-08-11 10:01:06,716 [INFO] [ACE 엔비디아밸류체인액티브(483320)] DOWNTREND 확정 - 신규 진입 차단
2026-08-11 10:01:06,716 [INFO] >>> Processing 삼성전자(005930)
2026-08-11 10:01:06,718 [INFO] [삼성전자(005930)] 하락 래치 진행 중 - 이미 분할 청산을 거쳤으므로 동일 래치 내 2차 이탈 청산 스킵 (신규 매수만 차단 유지)
2026-08-11 10:01:06,721 [INFO]   [삼성전자(005930)] 📈 상승 레짐 유지 | Lv1 매수 KRW 356,750 -> 현재 KRW 230,750 (-35.32%) | 채널하단(이탈선) KRW 198,208 | 20EMA(눌림) KRW 249,055 (이격 -7.35%) | adds 3/3
2026-08-11 10:01:06,721 [INFO] >>> Processing ACE 테슬라밸류체인액티브(457480)
2026-08-11 10:01:06,723 [INFO] [ACE 테슬라밸류체인액티브(457480)] DOWNTREND 확정 - 신규 진입 차단
2026-08-11 10:01:06,723 [INFO] >>> Processing 메리츠금융지주(138040)
2026-08-11 10:01:06,727 [INFO]   [메리츠금융지주(138040)] 📈 상승 레짐 유지 | Lv2 매수 KRW 118,200 -> 현재 KRW 125,200 (+5.92%) | 채널하단(이탈선) KRW 111,721 | 20EMA(눌림) KRW 119,694 (이격 +4.60%) | adds 1/3
2026-08-11 10:01:06,728 [INFO] >>> Processing TIGER 지주회사(307520)
2026-08-11 10:01:06,730 [INFO] [TIGER 지주회사(307520)] DOWNTREND 확정 - 신규 진입 차단
2026-08-11 10:01:06,730 [INFO] >>> Step 6: Persist
