2026-09-01 10:00:52,444 [INFO] === Initializing MagicSplit Bot (domestic) ===
2026-09-01 10:00:52,444 [INFO] Loaded 28 stock rule(s) from config_domestic.json
2026-09-01 10:00:52,444 [INFO] [domestic] 15 rule(s), mode=LIVE
2026-09-01 10:00:52,444 [INFO] [KisBroker] 새 토큰 발급 중...
2026-09-01 10:00:53,265 [INFO] [KisDomesticLiveBroker] Mode: LIVE TRADING
2026-09-01 10:00:53,267 [INFO] [MarketData] 레짐 필터 활성 종목 15개 -> YFinanceMarketDataProvider 주입 (window 260봉)
2026-09-01 10:00:53,267 [INFO] === Running domestic engine ===
2026-09-01 10:00:53,267 [INFO] >>> Step 1: Portfolio & Price Fetch
2026-09-01 10:00:53,691 [INFO] Fetching real-time prices from Broker...
2026-09-01 10:00:58,109 [INFO] Portfolio: Cash=KRW 689,701, Value=KRW 26,034,001
2026-09-01 10:00:58,109 [INFO] >>> Step 2: Load Positions
2026-09-01 10:00:58,110 [INFO] Loaded 20 position lot(s)
2026-09-01 10:00:58,111 [INFO] >>> Step 2.5: Reconcile OK (수량 일치)
2026-09-01 10:00:58,111 [INFO] >>> Processing 삼성증권(016360)
2026-09-01 10:00:59,235 [INFO] [MarketData] 배치 다운로드 완료: 15/15종목
2026-09-01 10:00:59,237 [INFO] [삼성증권(016360)] DOWNTREND 확정 - 신규 진입 차단
2026-09-01 10:00:59,238 [INFO] >>> Processing KODEX 반도체레버리지(494310)
2026-09-01 10:00:59,240 [INFO] [KODEX 반도체레버리지(494310)] DOWNTREND 확정 - 신규 진입 차단
2026-09-01 10:00:59,240 [INFO] >>> Processing KODEX 미국AI광통신네트워크(0173Y0)
2026-09-01 10:00:59,243 [INFO] [KODEX 미국AI광통신네트워크(0173Y0)] 하락 래치 진행 중 - 이미 분할 청산을 거쳤으므로 동일 래치 내 2차 이탈 청산 스킵 (신규 매수만 차단 유지)
2026-09-01 10:00:59,243 [INFO] [KODEX 미국AI광통신네트워크(0173Y0)] DOWNTREND 확정 - 추가 매수 차단
2026-09-01 10:00:59,243 [INFO] >>> Processing 테스(095610)
2026-09-01 10:00:59,246 [INFO] [테스(095610)] DOWNTREND 확정 - 신규 진입 차단
2026-09-01 10:00:59,246 [INFO] >>> Processing 삼성전자(005930)
2026-09-01 10:00:59,248 [INFO] [삼성전자(005930)] 하락 래치 진행 중 - 이미 분할 청산을 거쳤으므로 동일 래치 내 2차 이탈 청산 스킵 (신규 매수만 차단 유지)
2026-09-01 10:00:59,517 [INFO] >>> Processing 한국쉘석유(002960)
2026-09-01 10:00:59,520 [INFO]   [한국쉘석유(002960)] 신호 없음 | Lv1 매수 KRW 509,000 -> 현재 KRW 503,000 (-1.18%) | 익절 +10.0% / 추매 -5.0%
2026-09-01 10:00:59,520 [INFO] >>> Processing TIGER 지주회사(307520)
2026-09-01 10:00:59,522 [INFO] [TIGER 지주회사(307520)] DOWNTREND 확정 - 신규 진입 차단
2026-09-01 10:00:59,523 [INFO] >>> Processing 삼성전자우(005935)
2026-09-01 10:00:59,525 [INFO] [삼성전자우(005935)] 하락 래치 진행 중 - 이미 분할 청산을 거쳤으므로 동일 래치 내 2차 이탈 청산 스킵 (신규 매수만 차단 유지)
2026-09-01 10:00:59,527 [INFO]   [삼성전자우(005935)] 📈 상승 레짐 유지 | Lv1 매수 KRW 234,500 -> 현재 KRW 188,300 (-19.70%) | 채널하단 KRW 148,660 / 이탈선 KRW 148,660 (허용 -0.0%) | 20EMA(눌림) KRW 187,612 (이격 +0.37%) | adds 3/3
2026-09-01 10:00:59,527 [INFO] >>> Processing SOL 반도체전공정(475300)
2026-09-01 10:00:59,530 [INFO] [SOL 반도체전공정(475300)] DOWNTREND 확정 - 신규 진입 차단
2026-09-01 10:00:59,530 [INFO] >>> Processing ACE 엔비디아밸류체인액티브(483320)
2026-09-01 10:00:59,532 [INFO] [ACE 엔비디아밸류체인액티브(483320)] DOWNTREND 확정 - 신규 진입 차단
2026-09-01 10:00:59,532 [INFO] >>> Processing KODEX AI전력핵심설비(487240)
2026-09-01 10:00:59,535 [INFO] [KODEX AI전력핵심설비(487240)] 하락 래치 진행 중 - 이미 분할 청산을 거쳤으므로 동일 래치 내 2차 이탈 청산 스킵 (신규 매수만 차단 유지)
2026-09-01 10:00:59,535 [INFO] [KODEX AI전력핵심설비(487240)] DOWNTREND 확정 - 추가 매수 차단
2026-09-01 10:00:59,535 [INFO] >>> Processing ACE 테슬라밸류체인액티브(457480)
2026-09-01 10:00:59,538 [INFO] [ACE 테슬라밸류체인액티브(457480)] DOWNTREND 확정 - 신규 진입 차단
2026-09-01 10:00:59,538 [INFO] >>> Processing KODEX 증권(102970)
2026-09-01 10:00:59,540 [INFO] [KODEX 증권(102970)] DOWNTREND 확정 - 신규 진입 차단
2026-09-01 10:00:59,540 [INFO] >>> Processing KODEX 미국AI전력핵심인프라(487230)
2026-09-01 10:00:59,543 [INFO] [KODEX 미국AI전력핵심인프라(487230)] 하락 래치 진행 중 - 이미 분할 청산을 거쳤으므로 동일 래치 내 2차 이탈 청산 스킵 (신규 매수만 차단 유지)
2026-09-01 10:00:59,543 [INFO] [KODEX 미국AI전력핵심인프라(487230)] DOWNTREND 확정 - 추가 매수 차단
2026-09-01 10:00:59,543 [INFO] >>> Processing 메리츠금융지주(138040)
2026-09-01 10:00:59,547 [INFO]   [메리츠금융지주(138040)] 📈 상승 레짐 유지 | Lv4 매수 KRW 117,000 -> 현재 KRW 121,600 (+3.93%) | 채널하단 KRW 114,371 / 이탈선 KRW 114,371 (허용 -0.0%) | 20EMA(눌림) KRW 118,665 (이격 +2.47%) | adds 3/3
2026-09-01 10:00:59,547 [INFO] >>> Step 6: Persist
2026-09-01 12:01:02,622 [INFO] === Initializing MagicSplit Bot (domestic) ===
2026-09-01 12:01:02,622 [INFO] Loaded 28 stock rule(s) from config_domestic.json
2026-09-01 12:01:02,622 [INFO] [domestic] 15 rule(s), mode=LIVE
2026-09-01 12:01:02,622 [INFO] [KisBroker] 캐시에서 토큰 로드 (API 호출 생략)
2026-09-01 12:01:02,622 [INFO] [KisDomesticLiveBroker] Mode: LIVE TRADING
2026-09-01 12:01:02,624 [INFO] [MarketData] 레짐 필터 활성 종목 15개 -> YFinanceMarketDataProvider 주입 (window 260봉)
2026-09-01 12:01:02,624 [INFO] === Running domestic engine ===
2026-09-01 12:01:02,625 [INFO] >>> Step 1: Portfolio & Price Fetch
2026-09-01 12:01:03,540 [INFO] Fetching real-time prices from Broker...
2026-09-01 12:01:07,363 [INFO] Portfolio: Cash=KRW 689,701, Value=KRW 25,944,726
2026-09-01 12:01:07,363 [INFO] >>> Step 2: Load Positions
2026-09-01 12:01:07,363 [INFO] Loaded 20 position lot(s)
2026-09-01 12:01:07,364 [INFO] >>> Step 2.5: Reconcile OK (수량 일치)
2026-09-01 12:01:07,365 [INFO] >>> Processing KODEX 반도체레버리지(494310)
2026-09-01 12:01:09,055 [INFO] [MarketData] 배치 다운로드 완료: 15/15종목
2026-09-01 12:01:09,058 [INFO] [KODEX 반도체레버리지(494310)] DOWNTREND 확정 - 신규 진입 차단
2026-09-01 12:01:09,059 [INFO] >>> Processing 삼성증권(016360)
2026-09-01 12:01:09,061 [INFO] [삼성증권(016360)] DOWNTREND 확정 - 신규 진입 차단
2026-09-01 12:01:09,061 [INFO] >>> Processing TIGER 지주회사(307520)
2026-09-01 12:01:09,064 [INFO] [TIGER 지주회사(307520)] DOWNTREND 확정 - 신규 진입 차단
2026-09-01 12:01:09,064 [INFO] >>> Processing 메리츠금융지주(138040)
2026-09-01 12:01:09,069 [INFO]   [메리츠금융지주(138040)] 📈 상승 레짐 유지 | Lv4 매수 KRW 117,000 -> 현재 KRW 124,100 (+6.07%) | 채널하단 KRW 114,539 / 이탈선 KRW 114,539 (허용 -0.0%) | 20EMA(눌림) KRW 119,002 (이격 +4.28%) | adds 3/3
2026-09-01 12:01:09,069 [INFO] >>> Processing KODEX 미국AI광통신네트워크(0173Y0)
2026-09-01 12:01:09,071 [INFO] [KODEX 미국AI광통신네트워크(0173Y0)] 하락 래치 진행 중 - 이미 분할 청산을 거쳤으므로 동일 래치 내 2차 이탈 청산 스킵 (신규 매수만 차단 유지)
2026-09-01 12:01:09,072 [INFO] [KODEX 미국AI광통신네트워크(0173Y0)] DOWNTREND 확정 - 추가 매수 차단
2026-09-01 12:01:09,072 [INFO] >>> Processing 테스(095610)
2026-09-01 12:01:09,075 [INFO] [테스(095610)] DOWNTREND 확정 - 신규 진입 차단
2026-09-01 12:01:09,075 [INFO] >>> Processing 삼성전자(005930)
2026-09-01 12:01:09,077 [INFO] [삼성전자(005930)] 하락 래치 진행 중 - 이미 분할 청산을 거쳤으므로 동일 래치 내 2차 이탈 청산 스킵 (신규 매수만 차단 유지)
2026-09-01 12:01:09,530 [INFO] >>> Processing KODEX 증권(102970)
2026-09-01 12:01:09,534 [INFO] [KODEX 증권(102970)] DOWNTREND 확정 - 신규 진입 차단
2026-09-01 12:01:09,534 [INFO] >>> Processing ACE 엔비디아밸류체인액티브(483320)
2026-09-01 12:01:09,536 [INFO] [ACE 엔비디아밸류체인액티브(483320)] DOWNTREND 확정 - 신규 진입 차단
2026-09-01 12:01:09,537 [INFO] >>> Processing 한국쉘석유(002960)
2026-09-01 12:01:09,539 [INFO]   [한국쉘석유(002960)] 신호 없음 | Lv1 매수 KRW 509,000 -> 현재 KRW 503,000 (-1.18%) | 익절 +10.0% / 추매 -5.0%
2026-09-01 12:01:09,539 [INFO] >>> Processing ACE 테슬라밸류체인액티브(457480)
2026-09-01 12:01:09,542 [INFO] [ACE 테슬라밸류체인액티브(457480)] DOWNTREND 확정 - 신규 진입 차단
2026-09-01 12:01:09,542 [INFO] >>> Processing KODEX 미국AI전력핵심인프라(487230)
2026-09-01 12:01:09,545 [INFO] [KODEX 미국AI전력핵심인프라(487230)] 하락 래치 진행 중 - 이미 분할 청산을 거쳤으므로 동일 래치 내 2차 이탈 청산 스킵 (신규 매수만 차단 유지)
2026-09-01 12:01:09,545 [INFO] [KODEX 미국AI전력핵심인프라(487230)] DOWNTREND 확정 - 추가 매수 차단
2026-09-01 12:01:09,545 [INFO] >>> Processing KODEX AI전력핵심설비(487240)
2026-09-01 12:01:09,547 [INFO] [KODEX AI전력핵심설비(487240)] 하락 래치 진행 중 - 이미 분할 청산을 거쳤으므로 동일 래치 내 2차 이탈 청산 스킵 (신규 매수만 차단 유지)
2026-09-01 12:01:09,548 [INFO] [KODEX AI전력핵심설비(487240)] DOWNTREND 확정 - 추가 매수 차단
2026-09-01 12:01:09,548 [INFO] >>> Processing SOL 반도체전공정(475300)
2026-09-01 12:01:09,550 [INFO] [SOL 반도체전공정(475300)] DOWNTREND 확정 - 신규 진입 차단
2026-09-01 12:01:09,551 [INFO] >>> Processing 삼성전자우(005935)
2026-09-01 12:01:09,553 [INFO] [삼성전자우(005935)] 하락 래치 진행 중 - 이미 분할 청산을 거쳤으므로 동일 래치 내 2차 이탈 청산 스킵 (신규 매수만 차단 유지)
2026-09-01 12:01:09,555 [INFO]   [삼성전자우(005935)] 📈 상승 레짐 유지 | Lv1 매수 KRW 234,500 -> 현재 KRW 187,500 (-20.04%) | 채널하단 KRW 148,484 / 이탈선 KRW 148,484 (허용 -0.0%) | 20EMA(눌림) KRW 187,506 (이격 -0.00%) | adds 3/3
2026-09-01 12:01:09,555 [INFO] >>> Step 6: Persist
