2026-09-10 10:01:00,588 [INFO] === Initializing MagicSplit Bot (domestic) ===
2026-09-10 10:01:00,588 [INFO] Loaded 28 stock rule(s) from config_domestic.json
2026-09-10 10:01:00,588 [INFO] [domestic] 15 rule(s), mode=LIVE
2026-09-10 10:01:00,589 [INFO] [KisBroker] 새 토큰 발급 중...
2026-09-10 10:01:01,629 [INFO] [KisDomesticLiveBroker] Mode: LIVE TRADING
2026-09-10 10:01:01,631 [INFO] [MarketData] 국내 가격 단절 검사 15종목 / 레짐 필터 15종목 -> YFinanceMarketDataProvider 주입 (window 260봉)
2026-09-10 10:01:01,631 [INFO] === Running domestic engine ===
2026-09-10 10:01:01,632 [INFO] >>> Step 1: Portfolio & Price Fetch
2026-09-10 10:01:02,044 [INFO] Fetching real-time prices from Broker...
2026-09-10 10:01:06,346 [INFO] Portfolio: Cash=KRW 693,609, Value=KRW 26,908,464
2026-09-10 10:01:06,347 [INFO] >>> Step 2: Load Positions
2026-09-10 10:01:06,347 [INFO] Loaded 20 position lot(s)
2026-09-10 10:01:06,348 [INFO] >>> Step 2.5: Reconcile OK (수량 일치)
2026-09-10 10:01:06,349 [INFO] >>> Processing 삼성증권(016360)
2026-09-10 10:01:07,379 [INFO] [MarketData] 배치 다운로드 완료: 15/15종목
2026-09-10 10:01:07,382 [INFO] [삼성증권(016360)] DOWNTREND 확정 - 신규 진입 차단
2026-09-10 10:01:07,382 [INFO] >>> Processing KODEX 반도체레버리지(494310)
2026-09-10 10:01:07,384 [INFO] [KODEX 반도체레버리지(494310)] DOWNTREND 확정 - 신규 진입 차단
2026-09-10 10:01:07,385 [INFO] >>> Processing 한국쉘석유(002960)
2026-09-10 10:01:07,387 [INFO]   [한국쉘석유(002960)] 신호 없음 | Lv1 매수 KRW 509,000 -> 현재 KRW 509,000 (+0.00%) | 익절 +10.0% / 추매 -5.0%
2026-09-10 10:01:07,387 [INFO] >>> Processing SOL 반도체전공정(475300)
2026-09-10 10:01:07,390 [INFO] [SOL 반도체전공정(475300)] DOWNTREND 확정 - 신규 진입 차단
2026-09-10 10:01:07,390 [INFO] >>> Processing KODEX AI전력핵심설비(487240)
2026-09-10 10:01:07,392 [INFO] [KODEX AI전력핵심설비(487240)] 하락 래치 진행 중 - 이미 분할 청산을 거쳤으므로 동일 래치 내 2차 이탈 청산 스킵 (신규 매수만 차단 유지)
2026-09-10 10:01:07,392 [INFO] [KODEX AI전력핵심설비(487240)] DOWNTREND 확정 - 추가 매수 차단
2026-09-10 10:01:07,393 [INFO] >>> Processing KODEX 증권(102970)
2026-09-10 10:01:07,396 [INFO] [KODEX 증권(102970)] DOWNTREND 확정 - 신규 진입 차단
2026-09-10 10:01:07,396 [INFO] >>> Processing KODEX 미국AI전력핵심인프라(487230)
2026-09-10 10:01:07,398 [INFO] [KODEX 미국AI전력핵심인프라(487230)] 하락 래치 진행 중 - 이미 분할 청산을 거쳤으므로 동일 래치 내 2차 이탈 청산 스킵 (신규 매수만 차단 유지)
2026-09-10 10:01:07,399 [INFO] [KODEX 미국AI전력핵심인프라(487230)] DOWNTREND 확정 - 추가 매수 차단
2026-09-10 10:01:07,399 [INFO] >>> Processing KODEX 미국AI광통신네트워크(0173Y0)
2026-09-10 10:01:07,401 [INFO] [KODEX 미국AI광통신네트워크(0173Y0)] 하락 래치 진행 중 - 이미 분할 청산을 거쳤으므로 동일 래치 내 2차 이탈 청산 스킵 (신규 매수만 차단 유지)
2026-09-10 10:01:07,401 [INFO] [KODEX 미국AI광통신네트워크(0173Y0)] DOWNTREND 확정 - 추가 매수 차단
2026-09-10 10:01:07,402 [INFO] >>> Processing 메리츠금융지주(138040)
2026-09-10 10:01:07,406 [INFO]   [메리츠금융지주(138040)] 📈 상승 레짐 유지 | Lv4 매수 KRW 117,000 -> 현재 KRW 126,300 (+7.95%) | 채널하단 KRW 118,271 / 이탈선 KRW 118,271 (허용 -0.0%) | 20EMA(눌림) KRW 124,999 (이격 +1.04%) | adds 3/3
2026-09-10 10:01:07,406 [INFO] >>> Processing 삼성전자(005930)
2026-09-10 10:01:07,408 [INFO] [삼성전자(005930)] 하락 래치 진행 중 - 이미 분할 청산을 거쳤으므로 동일 래치 내 2차 이탈 청산 스킵 (신규 매수만 차단 유지)
2026-09-10 10:01:07,410 [INFO]   [삼성전자(005930)] 📈 상승 레짐 유지 | Lv2 매수 KRW 260,500 -> 현재 KRW 265,500 (+1.92%) | 채널하단 KRW 191,289 / 이탈선 KRW 191,289 (허용 -0.0%) | 20EMA(눌림) KRW 260,452 (이격 +1.94%) | adds 1/3
2026-09-10 10:01:07,411 [INFO] >>> Processing ACE 엔비디아밸류체인액티브(483320)
2026-09-10 10:01:07,413 [INFO] [ACE 엔비디아밸류체인액티브(483320)] DOWNTREND 확정 - 신규 진입 차단
2026-09-10 10:01:07,413 [INFO] >>> Processing 삼성전자우(005935)
2026-09-10 10:01:07,416 [INFO] [삼성전자우(005935)] 하락 래치 진행 중 - 이미 분할 청산을 거쳤으므로 동일 래치 내 2차 이탈 청산 스킵 (신규 매수만 차단 유지)
2026-09-10 10:01:07,417 [INFO]   [삼성전자우(005935)] 📈 상승 레짐 유지 | Lv1 매수 KRW 234,500 -> 현재 KRW 196,100 (-16.38%) | 채널하단 KRW 150,813 / 이탈선 KRW 150,813 (허용 -0.0%) | 20EMA(눌림) KRW 190,441 (이격 +2.97%) | adds 3/3
2026-09-10 10:01:07,418 [INFO] >>> Processing TIGER 지주회사(307520)
2026-09-10 10:01:07,420 [INFO] [TIGER 지주회사(307520)] DOWNTREND 확정 - 신규 진입 차단
2026-09-10 10:01:07,420 [INFO] >>> Processing 테스(095610)
2026-09-10 10:01:07,423 [INFO] [테스(095610)] DOWNTREND 확정 - 신규 진입 차단
2026-09-10 10:01:07,423 [INFO] >>> Processing ACE 테슬라밸류체인액티브(457480)
2026-09-10 10:01:07,425 [INFO] [ACE 테슬라밸류체인액티브(457480)] DOWNTREND 확정 - 신규 진입 차단
2026-09-10 10:01:07,425 [INFO] >>> Step 6: Persist
