2026-08-07 10:01:01,655 [INFO] === Initializing MagicSplit Bot (domestic) ===
2026-08-07 10:01:01,655 [INFO] Loaded 24 stock rule(s) from config_domestic.json
2026-08-07 10:01:01,655 [INFO] [domestic] 12 rule(s), mode=LIVE
2026-08-07 10:01:01,656 [INFO] [KisBroker] 캐시에서 토큰 로드 (API 호출 생략)
2026-08-07 10:01:01,656 [INFO] [KisDomesticLiveBroker] Mode: LIVE TRADING
2026-08-07 10:01:01,658 [INFO] [MarketData] 레짐 필터 활성 종목 12개 -> YFinanceMarketDataProvider 주입 (window 260봉)
2026-08-07 10:01:01,658 [INFO] === Running domestic engine ===
2026-08-07 10:01:01,658 [INFO] >>> Step 1: Portfolio & Price Fetch
2026-08-07 10:01:02,463 [INFO] Fetching real-time prices from Broker...
2026-08-07 10:01:05,827 [INFO] Portfolio: Cash=KRW 9,747,450, Value=KRW 24,679,850
2026-08-07 10:01:05,827 [INFO] >>> Step 2: Load Positions
2026-08-07 10:01:05,827 [INFO] Loaded 11 position lot(s)
2026-08-07 10:01:05,828 [INFO] >>> Step 2.5: Reconcile OK (수량 일치)
2026-08-07 10:01:05,828 [INFO] >>> Processing KODEX 반도체레버리지(494310)
2026-08-07 10:01:07,772 [INFO] [MarketData] 배치 다운로드 완료: 12/12종목
2026-08-07 10:01:07,774 [INFO] [KODEX 반도체레버리지(494310)] DOWNTREND 확정 - 신규 진입 차단
2026-08-07 10:01:07,775 [INFO] >>> Processing 삼성증권(016360)
2026-08-07 10:01:07,777 [INFO] [삼성증권(016360)] DOWNTREND 확정 - 신규 진입 차단
2026-08-07 10:01:07,777 [INFO] >>> Processing 한국쉘석유(002960)
2026-08-07 10:01:07,780 [INFO] [한국쉘석유(002960)] buy_amount(KRW 500,000) < 현재가(KRW 508,000) -> 1주도 매수 불가. buy_amount 상향 조정 필요
2026-08-07 10:01:08,450 [INFO] >>> Processing ACE 엔비디아밸류체인액티브(483320)
2026-08-07 10:01:08,453 [INFO] [ACE 엔비디아밸류체인액티브(483320)] DOWNTREND 2일 확정 - 매수 차단
2026-08-07 10:01:08,453 [INFO] [ACE 엔비디아밸류체인액티브(483320)] DOWNTREND 확정 - 신규 진입 차단
2026-08-07 10:01:08,454 [INFO] >>> Processing SOL 반도체전공정(475300)
2026-08-07 10:01:08,456 [INFO] [SOL 반도체전공정(475300)] DOWNTREND 확정 - 신규 진입 차단
2026-08-07 10:01:08,456 [INFO] >>> Processing 메리츠금융지주(138040)
2026-08-07 10:01:08,461 [INFO]   [메리츠금융지주(138040)] 📈 상승 레짐 유지 | Lv2 매수 KRW 118,200 -> 현재 KRW 125,300 (+6.01%) | 채널하단(이탈선) KRW 109,529 | 20EMA(눌림) KRW 118,555 (이격 +5.69%) | adds 1/3
2026-08-07 10:01:08,461 [INFO] >>> Processing ACE 테슬라밸류체인액티브(457480)
2026-08-07 10:01:08,463 [INFO] [ACE 테슬라밸류체인액티브(457480)] DOWNTREND 확정 - 신규 진입 차단
2026-08-07 10:01:08,463 [INFO] >>> Processing TIGER 지주회사(307520)
2026-08-07 10:01:08,466 [INFO] [TIGER 지주회사(307520)] DOWNTREND 확정 - 신규 진입 차단
2026-08-07 10:01:08,466 [INFO] >>> Processing 삼성전자(005930)
2026-08-07 10:01:08,469 [INFO] [삼성전자(005930)] 하락 래치 진행 중 - 이미 분할 청산을 거쳤으므로 동일 래치 내 2차 이탈 청산 스킵 (신규 매수만 차단 유지)
2026-08-07 10:01:08,471 [INFO]   [삼성전자(005930)] 📈 상승 레짐 유지 | Lv1 매수 KRW 356,750 -> 현재 KRW 236,500 (-33.71%) | 채널하단(이탈선) KRW 203,273 | 20EMA(눌림) KRW 253,173 (이격 -6.59%) | adds 3/3
2026-08-07 10:01:08,471 [INFO] >>> Processing 테스(095610)
2026-08-07 10:01:08,473 [INFO] [테스(095610)] 이탈 청산 후 재진입 대기 - 채널 중심선 미회복 (현재가 KRW 129,000 <= 기준선 KRW 168,594)
2026-08-07 10:01:08,474 [INFO] >>> Processing KODEX 증권(102970)
2026-08-07 10:01:08,476 [INFO] [KODEX 증권(102970)] DOWNTREND 확정 - 신규 진입 차단
2026-08-07 10:01:08,476 [INFO] >>> Processing 삼성전자우(005935)
2026-08-07 10:01:08,478 [INFO] [삼성전자우(005935)] DOWNTREND 2일 확정 - 매수 차단
2026-08-07 10:01:08,479 [INFO] [삼성전자우(005935)] 채널 기울기 하락 전환 확정 (-10.39%/63봉) -> 이탈 청산 진행
2026-08-07 10:01:08,479 [INFO] [삼성전자우(005935)] 추세 이탈 -> 분할 청산 6주/11주 (50%) 즉시 매도, 잔량 5주 추종 데드라인 (기준가 KRW 175,100, 청산선 KRW 169,847, 평단 KRW 218,273, 채널하단 KRW 152,203)
2026-08-07 10:01:08,479 [INFO] Executing 1 order(s)...
2026-08-07 10:01:08,479 [INFO] [KisBroker] Processing 1 SELL orders...
2026-08-07 10:01:09,415 [INFO] [KisDomestic] Order Sent: SELL 삼성전자우(005935) 6 @ 175100 (ODNO=0007881100)
2026-08-07 10:01:09,724 [INFO] [KisDomestic] Order FILLED: 삼성전자우(005935) ODNO=0007881100 price=175100.0 qty=6 fee=157.58999999999997
2026-08-07 10:01:09,925 [INFO] [Position] 분할 청산: 삼성전자우(005935) 6주 소진 (잔여 5주), 실현손익 KRW -178,058
2026-08-07 10:01:09,925 [INFO] [삼성전자우(005935)] 추종 데드라인(Trailing Lock) 상태 활성화 (기준가 KRW 175,100, 하락 허용치 3.0%)
2026-08-07 10:01:13,292 [INFO] >>> Step 6: Persist
2026-08-07 12:01:03,833 [INFO] === Initializing MagicSplit Bot (domestic) ===
2026-08-07 12:01:03,833 [INFO] Loaded 24 stock rule(s) from config_domestic.json
2026-08-07 12:01:03,833 [INFO] [domestic] 12 rule(s), mode=LIVE
2026-08-07 12:01:03,834 [INFO] [KisBroker] 새 토큰 발급 중...
2026-08-07 12:01:04,616 [INFO] [KisDomesticLiveBroker] Mode: LIVE TRADING
2026-08-07 12:01:04,619 [INFO] [MarketData] 레짐 필터 활성 종목 12개 -> YFinanceMarketDataProvider 주입 (window 260봉)
2026-08-07 12:01:04,619 [INFO] === Running domestic engine ===
2026-08-07 12:01:04,619 [INFO] >>> Step 1: Portfolio & Price Fetch
2026-08-07 12:01:04,951 [WARNING] [KisBroker] 초당 거래건수 초과(EGW00201/429) 감지 — 0.5s 대기 후 재시도 (1/3)
2026-08-07 12:01:05,941 [INFO] Fetching real-time prices from Broker...
2026-08-07 12:01:08,804 [INFO] Portfolio: Cash=KRW 10,795,810, Value=KRW 24,359,710
2026-08-07 12:01:08,804 [INFO] >>> Step 2: Load Positions
2026-08-07 12:01:08,804 [INFO] Loaded 9 position lot(s)
2026-08-07 12:01:08,805 [INFO] >>> Step 2.5: Reconcile OK (수량 일치)
2026-08-07 12:01:08,805 [INFO] >>> Processing 삼성증권(016360)
2026-08-07 12:01:09,678 [INFO] [MarketData] 배치 다운로드 완료: 12/12종목
2026-08-07 12:01:09,681 [INFO] [삼성증권(016360)] DOWNTREND 확정 - 신규 진입 차단
2026-08-07 12:01:09,682 [INFO] >>> Processing KODEX 반도체레버리지(494310)
2026-08-07 12:01:09,684 [INFO] [KODEX 반도체레버리지(494310)] DOWNTREND 확정 - 신규 진입 차단
2026-08-07 12:01:09,685 [INFO] >>> Processing TIGER 지주회사(307520)
2026-08-07 12:01:09,687 [INFO] [TIGER 지주회사(307520)] DOWNTREND 확정 - 신규 진입 차단
2026-08-07 12:01:09,688 [INFO] >>> Processing 삼성전자(005930)
2026-08-07 12:01:09,691 [INFO] [삼성전자(005930)] 하락 래치 진행 중 - 이미 분할 청산을 거쳤으므로 동일 래치 내 2차 이탈 청산 스킵 (신규 매수만 차단 유지)
2026-08-07 12:01:09,693 [INFO]   [삼성전자(005930)] 📈 상승 레짐 유지 | Lv1 매수 KRW 356,750 -> 현재 KRW 232,750 (-34.76%) | 채널하단(이탈선) KRW 203,273 | 20EMA(눌림) KRW 253,173 (이격 -8.07%) | adds 3/3
2026-08-07 12:01:09,694 [INFO] >>> Processing KODEX 증권(102970)
2026-08-07 12:01:09,697 [INFO] [KODEX 증권(102970)] DOWNTREND 확정 - 신규 진입 차단
2026-08-07 12:01:09,697 [INFO] >>> Processing ACE 엔비디아밸류체인액티브(483320)
2026-08-07 12:01:09,700 [INFO] [ACE 엔비디아밸류체인액티브(483320)] DOWNTREND 확정 - 신규 진입 차단
2026-08-07 12:01:09,700 [INFO] >>> Processing ACE 테슬라밸류체인액티브(457480)
2026-08-07 12:01:09,703 [INFO] [ACE 테슬라밸류체인액티브(457480)] DOWNTREND 확정 - 신규 진입 차단
2026-08-07 12:01:09,703 [INFO] >>> Processing 삼성전자우(005935)
2026-08-07 12:01:09,706 [INFO] [삼성전자우(005935)] ✅ 추종 데드라인 해제! 가격 KRW 172,000이 이탈 기준선 위로 회복 (잔량 5주 보유 유지)
2026-08-07 12:01:09,708 [INFO]   [삼성전자우(005935)] 📈 상승 레짐 유지 | Lv1 매수 KRW 234,500 -> 현재 KRW 172,000 (-26.65%) | 채널하단(이탈선) KRW 152,203 | 20EMA(눌림) KRW 179,859 (이격 -4.37%) | adds 3/3
2026-08-07 12:01:09,708 [INFO] >>> Processing 메리츠금융지주(138040)
2026-08-07 12:01:09,713 [INFO]   [메리츠금융지주(138040)] 📈 상승 레짐 유지 | Lv2 매수 KRW 118,200 -> 현재 KRW 125,900 (+6.51%) | 채널하단(이탈선) KRW 109,529 | 20EMA(눌림) KRW 118,555 (이격 +6.20%) | adds 1/3
2026-08-07 12:01:09,713 [INFO] >>> Processing 테스(095610)
2026-08-07 12:01:09,715 [INFO] [테스(095610)] 이탈 청산 후 재진입 대기 - 채널 중심선 미회복 (현재가 KRW 124,800 <= 기준선 KRW 168,594)
2026-08-07 12:01:09,716 [INFO] >>> Processing 한국쉘석유(002960)
2026-08-07 12:01:09,718 [INFO] [한국쉘석유(002960)] buy_amount(KRW 500,000) < 현재가(KRW 508,000) -> 1주도 매수 불가. buy_amount 상향 조정 필요
2026-08-07 12:01:10,165 [INFO] >>> Processing SOL 반도체전공정(475300)
2026-08-07 12:01:10,168 [INFO] [SOL 반도체전공정(475300)] DOWNTREND 확정 - 신규 진입 차단
2026-08-07 12:01:10,168 [INFO] >>> Step 6: Persist
