2026-08-21 10:00:56,664 [INFO] === Initializing MagicSplit Bot (domestic) ===
2026-08-21 10:00:56,664 [INFO] Loaded 28 stock rule(s) from config_domestic.json
2026-08-21 10:00:56,664 [INFO] [domestic] 16 rule(s), mode=LIVE
2026-08-21 10:00:56,664 [INFO] [KisBroker] 캐시에서 토큰 로드 (API 호출 생략)
2026-08-21 10:00:56,664 [INFO] [KisDomesticLiveBroker] Mode: LIVE TRADING
2026-08-21 10:00:56,666 [INFO] [MarketData] 레짐 필터 활성 종목 16개 -> YFinanceMarketDataProvider 주입 (window 260봉)
2026-08-21 10:00:56,666 [INFO] === Running domestic engine ===
2026-08-21 10:00:56,666 [INFO] >>> Step 1: Portfolio & Price Fetch
2026-08-21 10:00:57,566 [INFO] Fetching real-time prices from Broker...
2026-08-21 10:01:01,680 [INFO] Portfolio: Cash=KRW 2,837,825, Value=KRW 25,973,905
2026-08-21 10:01:01,680 [INFO] >>> Step 2: Load Positions
2026-08-21 10:01:01,680 [INFO] Loaded 17 position lot(s)
2026-08-21 10:01:01,682 [INFO] >>> Step 2.5: Reconcile OK (수량 일치)
2026-08-21 10:01:01,682 [INFO] >>> Processing 삼성증권(016360)
2026-08-21 10:01:03,484 [INFO] [MarketData] 배치 다운로드 완료: 16/16종목
2026-08-21 10:01:03,486 [INFO] [삼성증권(016360)] DOWNTREND 확정 - 신규 진입 차단
2026-08-21 10:01:03,487 [INFO] >>> Processing KODEX 반도체레버리지(494310)
2026-08-21 10:01:03,489 [INFO] [KODEX 반도체레버리지(494310)] DOWNTREND 확정 - 신규 진입 차단
2026-08-21 10:01:03,489 [INFO] >>> Processing 삼성전자우(005935)
2026-08-21 10:01:03,491 [INFO] [삼성전자우(005935)] 하락 래치 진행 중 - 이미 분할 청산을 거쳤으므로 동일 래치 내 2차 이탈 청산 스킵 (신규 매수만 차단 유지)
2026-08-21 10:01:03,494 [INFO]   [삼성전자우(005935)] 📈 상승 레짐 유지 | Lv1 매수 KRW 234,500 -> 현재 KRW 202,000 (-13.86%) | 채널하단 KRW 148,250 / 이탈선 KRW 148,250 (허용 -0.0%) | 20EMA(눌림) KRW 182,273 (이격 +10.82%) | adds 3/3
2026-08-21 10:01:03,494 [INFO] >>> Processing ACE 테슬라밸류체인액티브(457480)
2026-08-21 10:01:03,496 [INFO] [ACE 테슬라밸류체인액티브(457480)] DOWNTREND 확정 - 신규 진입 차단
2026-08-21 10:01:03,496 [INFO] >>> Processing ACE 엔비디아밸류체인액티브(483320)
2026-08-21 10:01:03,498 [INFO] [ACE 엔비디아밸류체인액티브(483320)] DOWNTREND 확정 - 신규 진입 차단
2026-08-21 10:01:03,499 [INFO] >>> Processing TIGER 지주회사(307520)
2026-08-21 10:01:03,501 [INFO] [TIGER 지주회사(307520)] DOWNTREND 확정 - 신규 진입 차단
2026-08-21 10:01:03,501 [INFO] >>> Processing KODEX AI전력핵심설비(487240)
2026-08-21 10:01:03,504 [INFO] [KODEX AI전력핵심설비(487240)] 하락 래치 진행 중 - 이미 분할 청산을 거쳤으므로 동일 래치 내 2차 이탈 청산 스킵 (신규 매수만 차단 유지)
2026-08-21 10:01:03,504 [INFO] [KODEX AI전력핵심설비(487240)] DOWNTREND 확정 - 추가 매수 차단
2026-08-21 10:01:03,504 [INFO] >>> Processing 삼성전자(005930)
2026-08-21 10:01:03,506 [INFO] [삼성전자(005930)] 하락 래치 진행 중 - 이미 분할 청산을 거쳤으므로 동일 래치 내 2차 이탈 청산 스킵 (신규 매수만 차단 유지)
2026-08-21 10:01:03,508 [INFO]   [삼성전자(005930)] 📈 상승 레짐 유지 | Lv1 매수 KRW 356,750 -> 현재 KRW 271,500 (-23.90%) | 채널하단 KRW 194,381 / 이탈선 KRW 194,381 (허용 -0.0%) | 20EMA(눌림) KRW 255,404 (이격 +6.30%) | adds 0/3
2026-08-21 10:01:03,509 [INFO] >>> Processing ISC(095340)
2026-08-21 10:01:03,511 [INFO] [ISC(095340)] DOWNTREND 2일 확정 - 매수 차단
2026-08-21 10:01:03,511 [INFO] [ISC(095340)] 채널 기울기 하락 전환 확정 (-40.17%/63봉) -> 이탈 청산 진행
2026-08-21 10:01:03,511 [INFO] [ISC(095340)] 추세 이탈 -> 분할 청산 3주/5주 (50%) 즉시 매도, 잔량 2주 추종 데드라인 (기준가 KRW 162,700, 청산선 KRW 157,819, 평단 KRW 170,600, 채널하단 KRW 100,994)
2026-08-21 10:01:03,511 [INFO] Executing 1 order(s)...
2026-08-21 10:01:03,511 [INFO] [KisBroker] Processing 1 SELL orders...
2026-08-21 10:01:04,441 [INFO] [KisDomestic] Order Sent: SELL ISC(095340) 3 @ 162700 (ODNO=0008336100)
2026-08-21 10:01:04,756 [INFO] [KisDomestic] Order FILLED: ISC(095340) ODNO=0008336100 price=162700.0 qty=3 fee=73.21499999999999
2026-08-21 10:01:04,957 [INFO] [Position] 분할 청산: ISC(095340) 3주 소진 (잔여 2주), 실현손익 KRW -23,773
2026-08-21 10:01:04,957 [INFO] [ISC(095340)] 추종 데드라인(Trailing Lock) 상태 활성화 (기준가 KRW 162,700, 하락 허용치 3.0%)
2026-08-21 10:01:08,335 [INFO] >>> Processing 한국쉘석유(002960)
2026-08-21 10:01:08,338 [INFO]   [한국쉘석유(002960)] 신호 없음 | Lv1 매수 KRW 509,000 -> 현재 KRW 509,000 (+0.00%) | 익절 +10.0% / 추매 -5.0%
2026-08-21 10:01:08,339 [INFO] >>> Processing 메리츠금융지주(138040)
2026-08-21 10:01:08,343 [INFO]   [메리츠금융지주(138040)] 📈 상승 레짐 유지 | Lv4 매수 KRW 117,000 -> 현재 KRW 115,900 (-0.94%) | 채널하단 KRW 113,696 / 이탈선 KRW 113,696 (허용 -0.0%) | 20EMA(눌림) KRW 118,578 (이격 -2.26%) | adds 3/3
2026-08-21 10:01:08,343 [INFO] >>> Processing KODEX 미국AI전력핵심인프라(487230)
2026-08-21 10:01:08,345 [INFO] [KODEX 미국AI전력핵심인프라(487230)] 하락 래치 진행 중 - 이미 분할 청산을 거쳤으므로 동일 래치 내 2차 이탈 청산 스킵 (신규 매수만 차단 유지)
2026-08-21 10:01:08,346 [INFO] [KODEX 미국AI전력핵심인프라(487230)] DOWNTREND 확정 - 추가 매수 차단
2026-08-21 10:01:08,346 [INFO] >>> Processing 테스(095610)
2026-08-21 10:01:08,348 [INFO] [테스(095610)] 이탈 청산 후 재진입 대기 - 채널 중심선 미회복 (현재가 KRW 133,100 <= 기준선 KRW 151,090)
2026-08-21 10:01:08,348 [INFO] >>> Processing SOL 반도체전공정(475300)
2026-08-21 10:01:08,350 [INFO] [SOL 반도체전공정(475300)] DOWNTREND 확정 - 신규 진입 차단
2026-08-21 10:01:08,351 [INFO] >>> Processing KODEX 증권(102970)
2026-08-21 10:01:08,353 [INFO] [KODEX 증권(102970)] DOWNTREND 확정 - 신규 진입 차단
2026-08-21 10:01:08,353 [INFO] >>> Processing KODEX 미국AI광통신네트워크(0173Y0)
2026-08-21 10:01:08,355 [INFO] [KODEX 미국AI광통신네트워크(0173Y0)] 하락 래치 진행 중 - 이미 분할 청산을 거쳤으므로 동일 래치 내 2차 이탈 청산 스킵 (신규 매수만 차단 유지)
2026-08-21 10:01:08,355 [INFO] [KODEX 미국AI광통신네트워크(0173Y0)] DOWNTREND 확정 - 추가 매수 차단
2026-08-21 10:01:08,355 [INFO] >>> Step 6: Persist
