2026-07-28 10:01:01,021 [INFO] === Initializing MagicSplit Bot (domestic) ===
2026-07-28 10:01:01,021 [INFO] Loaded 23 stock rule(s) from config_domestic.json
2026-07-28 10:01:01,021 [INFO] [domestic] 11 rule(s), mode=LIVE
2026-07-28 10:01:01,021 [INFO] [KisBroker] 새 토큰 발급 중...
2026-07-28 10:01:01,726 [INFO] [KisDomesticLiveBroker] Mode: LIVE TRADING
2026-07-28 10:01:01,728 [INFO] [MarketData] 레짐 필터 활성 종목 11개 -> YFinanceMarketDataProvider 주입 (window 260봉)
2026-07-28 10:01:01,728 [INFO] === Running domestic engine ===
2026-07-28 10:01:01,728 [INFO] >>> Step 1: Portfolio & Price Fetch
2026-07-28 10:01:02,059 [WARNING] [KisBroker] 초당 거래건수 초과(EGW00201/429) 감지 — 0.5s 대기 후 재시도 (1/3)
2026-07-28 10:01:03,016 [WARNING] [KisBroker] 초당 거래건수 초과(EGW00201/429) 감지 — 1.0s 대기 후 재시도 (2/3)
2026-07-28 10:01:04,476 [INFO] Fetching real-time prices from Broker...
2026-07-28 10:01:07,068 [INFO] Portfolio: Cash=KRW 8,017,658, Value=KRW 25,506,348
2026-07-28 10:01:07,068 [INFO] >>> Step 2: Load Positions
2026-07-28 10:01:07,069 [INFO] Loaded 23 position lot(s)
2026-07-28 10:01:07,070 [INFO] >>> Step 2.5: Reconcile OK (수량 일치)
2026-07-28 10:01:07,070 [INFO] >>> Processing 삼성증권(016360)
2026-07-28 10:01:07,911 [INFO] [MarketData] 배치 다운로드 완료: 11/11종목
2026-07-28 10:01:07,914 [INFO] [삼성증권(016360)] ✅ 추종 데드라인 해제! 가격 KRW 95,200이 이탈 기준선 위로 회복 -> 상승 레짐 복귀 (잔량 3주 보유 유지)
2026-07-28 10:01:07,914 [INFO]   [삼성증권(016360)] 신호 없음 | Lv1 매수 KRW 110,400 -> 현재 KRW 95,200 (-13.77%) | 익절 +10.0% / 추매 -5.0%
2026-07-28 10:01:07,914 [INFO] >>> Processing KODEX 반도체레버리지(494310)
2026-07-28 10:01:07,917 [INFO] [KODEX 반도체레버리지(494310)] 하단 채널선 이탈 감지 (1/2일, 현재가 KRW 66,415 < 이탈선 KRW 75,216) -> 확정 대기
2026-07-28 10:01:07,917 [INFO] [KODEX 반도체레버리지(494310)] Lv3 매수가 KRW 79,875 대비 -16.9% -> 추가 매수 Lv4 7주 @KRW 66,415
2026-07-28 10:01:07,917 [INFO] Executing 1 order(s)...
2026-07-28 10:01:08,268 [INFO] [KisBroker] Available Cash for BUY: 8,017,658
2026-07-28 10:01:09,336 [INFO] [KisDomestic] Order Sent: BUY KODEX 반도체레버리지(494310) 7 @ 66415 (ODNO=0009565800)
2026-07-28 10:01:09,613 [INFO] [KisDomestic] Order FILLED: KODEX 반도체레버리지(494310) ODNO=0009565800 price=66387.0 qty=7 fee=69.70724999999999
2026-07-28 10:01:09,814 [INFO] [Position] New lot: lot_20260728_100109_494310_004 Lv4 KODEX 반도체레버리지(494310) 7주 @KRW 66,387
2026-07-28 10:01:13,172 [INFO] >>> Processing TIGER 지주회사(307520)
2026-07-28 10:01:13,175 [INFO] [TIGER 지주회사(307520)] ✅ 추종 데드라인 해제! 가격 KRW 19,435이 이탈 기준선 위로 회복 -> 상승 레짐 복귀 (잔량 5주 보유 유지)
2026-07-28 10:01:13,175 [INFO]   [TIGER 지주회사(307520)] 신호 없음 | Lv1 매수 KRW 26,000 -> 현재 KRW 19,435 (-25.25%) | 익절 +10.0% / 추매 -5.0%
2026-07-28 10:01:13,176 [INFO] >>> Processing ACE 엔비디아밸류체인액티브(483320)
2026-07-28 10:01:13,178 [INFO] [ACE 엔비디아밸류체인액티브(483320)] 하단 채널선 이탈 감지 (1/2일, 현재가 KRW 23,455 < 이탈선 KRW 24,473) -> 확정 대기
2026-07-28 10:01:13,180 [INFO]   [ACE 엔비디아밸류체인액티브(483320)] 📈 상승 레짐 유지 | Lv2 매수 KRW 29,975 -> 현재 KRW 23,455 (-21.75%) | 채널하단(이탈선) KRW 24,473 | 20EMA(눌림) KRW 26,993 (이격 -13.11%) | adds 0/3
2026-07-28 10:01:13,181 [INFO] >>> Processing 메리츠금융지주(138040)
2026-07-28 10:01:13,183 [INFO]   [메리츠금융지주(138040)] 신호 없음 | Lv1 매수 KRW 109,100 -> 현재 KRW 120,100 (+10.08%) | 익절 +10.0% / 추매 -5.0%
2026-07-28 10:01:13,183 [INFO] >>> Processing 테스(095610)
2026-07-28 10:01:13,186 [INFO] [테스(095610)] 이탈 청산 후 재진입 대기 - 채널 중심선 미회복 (현재가 KRW 121,700 <= 기준선 KRW 204,243)
2026-07-28 10:01:13,732 [INFO] >>> Processing 삼성전자우(005935)
2026-07-28 10:01:13,735 [INFO] [삼성전자우(005935)] 하단 채널선 이탈 감지 (1/2일, 현재가 KRW 164,800 < 이탈선 KRW 168,027) -> 확정 대기
2026-07-28 10:01:13,738 [INFO]   [삼성전자우(005935)] 📈 상승 레짐 유지 | Lv5 매수 KRW 178,900 -> 현재 KRW 164,800 (-7.88%) | 채널하단(이탈선) KRW 168,027 | 20EMA(눌림) KRW 189,107 (이격 -12.85%) | adds 3/3
2026-07-28 10:01:13,738 [INFO] >>> Processing SOL 반도체전공정(475300)
2026-07-28 10:01:13,740 [INFO] [SOL 반도체전공정(475300)] 이탈 청산 후 재진입 대기 - 상단 저항선 미회복 (현재가 KRW 17,590 <= 기준선 KRW 30,500)
2026-07-28 10:01:14,172 [INFO] >>> Processing KODEX 증권(102970)
2026-07-28 10:01:14,175 [INFO] [KODEX 증권(102970)] 채널 기울기 하락 전환 확정 (-35.12%/63봉) -> 이탈 청산 진행
2026-07-28 10:01:14,175 [INFO] [KODEX 증권(102970)] 추세 이탈 -> 분할 청산 3주/6주 (50%) 즉시 매도, 잔량 3주 추종 데드라인 (기준가 KRW 18,630, 청산선 KRW 18,071, 평단 KRW 26,355, 채널하단 KRW 17,679)
2026-07-28 10:01:14,175 [INFO] Executing 1 order(s)...
2026-07-28 10:01:14,175 [INFO] [KisBroker] Processing 1 SELL orders...
2026-07-28 10:01:14,958 [INFO] [KisDomestic] Order Sent: SELL KODEX 증권(102970) 3 @ 18615 (ODNO=0009572300)
2026-07-28 10:01:15,242 [INFO] [KisDomestic] Order FILLED: KODEX 증권(102970) ODNO=0009572300 price=18615.0 qty=3 fee=8.37675
2026-07-28 10:01:15,443 [INFO] [Position] 분할 청산: KODEX 증권(102970) 3주 소진 (잔여 3주), 실현손익 KRW -23,228
2026-07-28 10:01:15,443 [INFO] [KODEX 증권(102970)] 추종 데드라인(Trailing Lock) 상태 활성화 (기준가 KRW 18,615, 하락 허용치 3.0%)
2026-07-28 10:01:18,803 [INFO] >>> Processing ACE 테슬라밸류체인액티브(457480)
2026-07-28 10:01:18,806 [INFO] [ACE 테슬라밸류체인액티브(457480)] 추종 데드라인 추적 중 (현재가 KRW 17,340, 기준가 KRW 17,735, 대비 -2.2%, 청산선 KRW 17,203)
2026-07-28 10:01:18,806 [INFO]   [ACE 테슬라밸류체인액티브(457480)] 신호 없음 | Lv1 매수 KRW 23,625 -> 현재 KRW 17,340 (-26.60%) | 익절 +10.0% / 추매 -5.0%
2026-07-28 10:01:18,807 [INFO] >>> Processing 삼성전자(005930)
2026-07-28 10:01:18,809 [INFO] [삼성전자(005930)] 하단 채널선 이탈 감지 (1/2일, 현재가 KRW 230,750 < 이탈선 KRW 235,950) -> 확정 대기
2026-07-28 10:01:18,811 [INFO]   [삼성전자(005930)] 📈 상승 레짐 유지 | Lv6 매수 KRW 251,250 -> 현재 KRW 230,750 (-8.16%) | 채널하단(이탈선) KRW 235,950 | 20EMA(눌림) KRW 277,094 (이격 -16.73%) | adds 2/3
2026-07-28 10:01:18,811 [INFO] >>> Step 6: Persist
2026-07-28 12:01:14,773 [INFO] === Initializing MagicSplit Bot (domestic) ===
2026-07-28 12:01:14,773 [INFO] Loaded 23 stock rule(s) from config_domestic.json
2026-07-28 12:01:14,773 [INFO] [domestic] 11 rule(s), mode=LIVE
2026-07-28 12:01:14,773 [INFO] [KisBroker] 캐시에서 토큰 로드 (API 호출 생략)
2026-07-28 12:01:14,774 [INFO] [KisDomesticLiveBroker] Mode: LIVE TRADING
2026-07-28 12:01:14,776 [INFO] [MarketData] 레짐 필터 활성 종목 11개 -> YFinanceMarketDataProvider 주입 (window 260봉)
2026-07-28 12:01:14,776 [INFO] === Running domestic engine ===
2026-07-28 12:01:14,776 [INFO] >>> Step 1: Portfolio & Price Fetch
2026-07-28 12:01:15,720 [INFO] Fetching real-time prices from Broker...
2026-07-28 12:01:18,357 [INFO] Portfolio: Cash=KRW 7,608,728, Value=KRW 24,959,823
2026-07-28 12:01:18,357 [INFO] >>> Step 2: Load Positions
2026-07-28 12:01:18,358 [INFO] Loaded 24 position lot(s)
2026-07-28 12:01:18,359 [INFO] >>> Step 2.5: Reconcile OK (수량 일치)
2026-07-28 12:01:18,359 [INFO] >>> Processing KODEX 반도체레버리지(494310)
2026-07-28 12:01:19,452 [INFO] [MarketData] 배치 다운로드 완료: 11/11종목
2026-07-28 12:01:19,455 [INFO] [KODEX 반도체레버리지(494310)] 하단 채널선 이탈 감지 (1/2일, 현재가 KRW 62,280 < 이탈선 KRW 75,216) -> 확정 대기
2026-07-28 12:01:19,455 [INFO] [KODEX 반도체레버리지(494310)] Lv4 매수가 KRW 66,387 대비 -6.2% -> 추가 매수 Lv5 8주 @KRW 62,280
2026-07-28 12:01:19,455 [INFO] Executing 1 order(s)...
2026-07-28 12:01:19,816 [INFO] [KisBroker] Available Cash for BUY: 7,608,728
2026-07-28 12:01:21,774 [INFO] [KisDomestic] Order Sent: BUY KODEX 반도체레버리지(494310) 8 @ 62415 (ODNO=0015752900)
2026-07-28 12:01:22,062 [INFO] [KisDomestic] Order FILLED: KODEX 반도체레버리지(494310) ODNO=0015752900 price=62415.0 qty=8 fee=74.898
2026-07-28 12:01:22,263 [INFO] [Position] New lot: lot_20260728_120122_494310_005 Lv5 KODEX 반도체레버리지(494310) 8주 @KRW 62,415
2026-07-28 12:01:25,628 [INFO] >>> Processing 삼성증권(016360)
2026-07-28 12:01:25,632 [INFO] [삼성증권(016360)] 채널 기울기 하락 전환 확정 (-17.13%/63봉) -> 이탈 청산 진행
2026-07-28 12:01:25,632 [INFO] [삼성증권(016360)] 추세 이탈 -> 분할 청산 2주/3주 (50%) 즉시 매도, 잔량 1주 추종 데드라인 (기준가 KRW 92,700, 청산선 KRW 89,919, 평단 KRW 110,400, 채널하단 KRW 91,816)
2026-07-28 12:01:25,632 [INFO] Executing 1 order(s)...
2026-07-28 12:01:25,632 [INFO] [KisBroker] Processing 1 SELL orders...
2026-07-28 12:01:26,450 [INFO] [KisDomestic] Order Sent: SELL 삼성증권(016360) 2 @ 92600 (ODNO=0015756500)
2026-07-28 12:01:26,741 [INFO] [KisDomestic] Order FILLED: 삼성증권(016360) ODNO=0015756500 price=92600.0 qty=2 fee=27.779999999999998
2026-07-28 12:01:26,942 [INFO] [Position] 분할 청산: 삼성증권(016360) 2주 소진 (잔여 1주), 실현손익 KRW -35,628
2026-07-28 12:01:26,942 [INFO] [삼성증권(016360)] 추종 데드라인(Trailing Lock) 상태 활성화 (기준가 KRW 92,600, 하락 허용치 3.0%)
2026-07-28 12:01:30,305 [INFO] >>> Processing SOL 반도체전공정(475300)
2026-07-28 12:01:30,308 [INFO] [SOL 반도체전공정(475300)] 이탈 청산 후 재진입 대기 - 상단 저항선 미회복 (현재가 KRW 17,260 <= 기준선 KRW 30,500)
2026-07-28 12:01:30,791 [INFO] >>> Processing 삼성전자(005930)
2026-07-28 12:01:30,794 [INFO] [삼성전자(005930)] 하단 채널선 이탈 감지 (1/2일, 현재가 KRW 223,250 < 이탈선 KRW 235,950) -> 확정 대기
2026-07-28 12:01:30,796 [INFO]   [삼성전자(005930)] 📈 상승 레짐 유지 | Lv6 매수 KRW 251,250 -> 현재 KRW 223,250 (-11.14%) | 채널하단(이탈선) KRW 235,950 | 20EMA(눌림) KRW 277,094 (이격 -19.43%) | adds 2/3
2026-07-28 12:01:30,796 [INFO] >>> Processing TIGER 지주회사(307520)
2026-07-28 12:01:30,799 [INFO] [TIGER 지주회사(307520)] 채널 기울기 하락 전환 확정 (-21.01%/63봉) -> 이탈 청산 진행
2026-07-28 12:01:30,799 [INFO] [TIGER 지주회사(307520)] 추세 이탈 -> 분할 청산 3주/5주 (50%) 즉시 매도, 잔량 2주 추종 데드라인 (기준가 KRW 19,000, 청산선 KRW 18,430, 평단 KRW 26,000, 채널하단 KRW 18,803)
2026-07-28 12:01:30,799 [INFO] Executing 1 order(s)...
2026-07-28 12:01:30,799 [INFO] [KisBroker] Processing 1 SELL orders...
2026-07-28 12:01:31,625 [INFO] [KisDomestic] Order Sent: SELL TIGER 지주회사(307520) 3 @ 18985 (ODNO=0015759500)
2026-07-28 12:01:31,914 [INFO] [KisDomestic] Order FILLED: TIGER 지주회사(307520) ODNO=0015759500 price=18990.0 qty=3 fee=8.545499999999999
2026-07-28 12:01:32,115 [INFO] [Position] 분할 청산: TIGER 지주회사(307520) 3주 소진 (잔여 2주), 실현손익 KRW -21,039
2026-07-28 12:01:32,115 [INFO] [TIGER 지주회사(307520)] 추종 데드라인(Trailing Lock) 상태 활성화 (기준가 KRW 18,990, 하락 허용치 3.0%)
2026-07-28 12:01:35,478 [INFO] >>> Processing 테스(095610)
2026-07-28 12:01:35,481 [INFO] [테스(095610)] 이탈 청산 후 재진입 대기 - 채널 중심선 미회복 (현재가 KRW 120,500 <= 기준선 KRW 204,243)
2026-07-28 12:01:35,916 [INFO] >>> Processing 삼성전자우(005935)
2026-07-28 12:01:35,920 [INFO] [삼성전자우(005935)] 하단 채널선 이탈 감지 (1/2일, 현재가 KRW 160,200 < 이탈선 KRW 168,027) -> 확정 대기
2026-07-28 12:01:35,922 [INFO]   [삼성전자우(005935)] 📈 상승 레짐 유지 | Lv5 매수 KRW 178,900 -> 현재 KRW 160,200 (-10.45%) | 채널하단(이탈선) KRW 168,027 | 20EMA(눌림) KRW 189,107 (이격 -15.29%) | adds 3/3
2026-07-28 12:01:35,922 [INFO] >>> Processing KODEX 증권(102970)
2026-07-28 12:01:35,925 [INFO] [KODEX 증권(102970)] ✅ 추종 데드라인 해제! 가격 KRW 18,200이 이탈 기준선 위로 회복 -> 상승 레짐 복귀 (잔량 3주 보유 유지)
2026-07-28 12:01:35,925 [INFO]   [KODEX 증권(102970)] 신호 없음 | Lv1 매수 KRW 26,355 -> 현재 KRW 18,200 (-30.94%) | 익절 +10.0% / 추매 -5.0%
2026-07-28 12:01:35,925 [INFO] >>> Processing 메리츠금융지주(138040)
2026-07-28 12:01:35,928 [INFO] [메리츠금융지주(138040)] trailing 벌크 매도 발동: Lv1~Lv1 9주 (+9.4%)
2026-07-28 12:01:35,928 [INFO] Executing 1 order(s)...
2026-07-28 12:01:35,928 [INFO] [KisBroker] Processing 1 SELL orders...
2026-07-28 12:01:36,746 [INFO] [KisDomestic] Order Sent: SELL 메리츠금융지주(138040) 9 @ 119300 (ODNO=0015763200)
2026-07-28 12:01:37,037 [INFO] [KisDomestic] Order FILLED: 메리츠금융지주(138040) ODNO=0015763200 price=119300.0 qty=9 fee=161.05499999999998
2026-07-28 12:01:37,238 [INFO] [Position] Trailing 벌크 청산: 메리츠금융지주(138040) 9주 소진 (잔여 0주), 실현손익 KRW 91,639
2026-07-28 12:01:40,603 [INFO] >>> Processing ACE 엔비디아밸류체인액티브(483320)
2026-07-28 12:01:40,606 [INFO] [ACE 엔비디아밸류체인액티브(483320)] 하단 채널선 이탈 감지 (1/2일, 현재가 KRW 23,125 < 이탈선 KRW 24,473) -> 확정 대기
2026-07-28 12:01:40,609 [INFO]   [ACE 엔비디아밸류체인액티브(483320)] 📈 상승 레짐 유지 | Lv2 매수 KRW 29,975 -> 현재 KRW 23,125 (-22.85%) | 채널하단(이탈선) KRW 24,473 | 20EMA(눌림) KRW 26,993 (이격 -14.33%) | adds 0/3
2026-07-28 12:01:40,609 [INFO] >>> Processing ACE 테슬라밸류체인액티브(457480)
2026-07-28 12:01:40,612 [INFO] [ACE 테슬라밸류체인액티브(457480)] 🔻 추종 데드라인 발동! 기준가 KRW 17,735 대비 -3.7% (허용 -3.0%) -> 잔량 29주 전량 청산
2026-07-28 12:01:40,612 [INFO] Executing 1 order(s)...
2026-07-28 12:01:40,612 [INFO] [KisBroker] Processing 1 SELL orders...
2026-07-28 12:01:41,427 [INFO] [KisDomestic] Order Sent: SELL ACE 테슬라밸류체인액티브(457480) 29 @ 17065 (ODNO=0015766400)
2026-07-28 12:01:41,709 [INFO] [KisDomestic] Order FILLED: ACE 테슬라밸류체인액티브(457480) ODNO=0015766400 price=17065.0 qty=29 fee=74.23275
2026-07-28 12:01:41,910 [INFO] [Position] Bulk 청산: ACE 테슬라밸류체인액티브(457480) 29주 소진 (잔여 0주), 실현손익 KRW -190,314
2026-07-28 12:01:45,291 [INFO] >>> Step 6: Persist
2026-07-28 14:01:10,840 [INFO] === Initializing MagicSplit Bot (domestic) ===
2026-07-28 14:01:10,840 [INFO] Loaded 23 stock rule(s) from config_domestic.json
2026-07-28 14:01:10,840 [INFO] [domestic] 11 rule(s), mode=LIVE
2026-07-28 14:01:10,841 [INFO] [KisBroker] 캐시에서 토큰 로드 (API 호출 생략)
2026-07-28 14:01:10,841 [INFO] [KisDomesticLiveBroker] Mode: LIVE TRADING
2026-07-28 14:01:10,842 [INFO] [MarketData] 레짐 필터 활성 종목 11개 -> YFinanceMarketDataProvider 주입 (window 260봉)
2026-07-28 14:01:10,843 [INFO] === Running domestic engine ===
2026-07-28 14:01:10,843 [INFO] >>> Step 1: Portfolio & Price Fetch
2026-07-28 14:01:12,037 [WARNING] [KisBroker] 초당 거래건수 초과(EGW00201/429) 감지 — 0.5s 대기 후 재시도 (1/3)
2026-07-28 14:01:12,980 [WARNING] [KisBroker] 초당 거래건수 초과(EGW00201/429) 감지 — 1.0s 대기 후 재시도 (2/3)
2026-07-28 14:01:14,475 [INFO] Fetching real-time prices from Broker...
2026-07-28 14:01:17,274 [INFO] Portfolio: Cash=KRW 8,917,328, Value=KRW 25,081,203
2026-07-28 14:01:17,275 [INFO] >>> Step 2: Load Positions
2026-07-28 14:01:17,275 [INFO] Loaded 23 position lot(s)
2026-07-28 14:01:17,277 [INFO] >>> Step 2.5: Reconcile OK (수량 일치)
2026-07-28 14:01:17,277 [INFO] >>> Processing 삼성증권(016360)
2026-07-28 14:01:18,693 [INFO] [MarketData] 배치 다운로드 완료: 11/11종목
2026-07-28 14:01:18,695 [INFO] [삼성증권(016360)] ✅ 추종 데드라인 해제! 가격 KRW 92,600이 이탈 기준선 위로 회복 -> 상승 레짐 복귀 (잔량 1주 보유 유지)
2026-07-28 14:01:18,696 [INFO]   [삼성증권(016360)] 신호 없음 | Lv1 매수 KRW 110,400 -> 현재 KRW 92,600 (-16.12%) | 익절 +10.0% / 추매 -5.0%
2026-07-28 14:01:18,696 [INFO] >>> Processing KODEX 반도체레버리지(494310)
2026-07-28 14:01:18,698 [INFO] [KODEX 반도체레버리지(494310)] 하단 채널선 이탈 감지 (1/2일, 현재가 KRW 63,330 < 이탈선 KRW 75,216) -> 확정 대기
2026-07-28 14:01:18,698 [INFO]   [KODEX 반도체레버리지(494310)] 신호 없음 | Lv5 매수 KRW 62,415 -> 현재 KRW 63,330 (+1.47%) | 익절 +10.0% / 추매 -5.0%
2026-07-28 14:01:18,698 [INFO] >>> Processing SOL 반도체전공정(475300)
2026-07-28 14:01:18,700 [INFO] [SOL 반도체전공정(475300)] 이탈 청산 후 재진입 대기 - 상단 저항선 미회복 (현재가 KRW 17,375 <= 기준선 KRW 30,500)
2026-07-28 14:01:19,287 [INFO] >>> Processing 테스(095610)
2026-07-28 14:01:19,289 [INFO] [테스(095610)] 이탈 청산 후 재진입 대기 - 채널 중심선 미회복 (현재가 KRW 121,400 <= 기준선 KRW 204,243)
2026-07-28 14:01:19,841 [INFO] >>> Processing KODEX 증권(102970)
2026-07-28 14:01:19,844 [INFO] [KODEX 증권(102970)] 채널 기울기 하락 전환 확정 (-35.12%/63봉) -> 이탈 청산 진행
2026-07-28 14:01:19,844 [INFO] [KODEX 증권(102970)] 추세 이탈 -> 분할 청산 2주/3주 (50%) 즉시 매도, 잔량 1주 추종 데드라인 (기준가 KRW 18,210, 청산선 KRW 17,664, 평단 KRW 26,355, 채널하단 KRW 17,679)
2026-07-28 14:01:19,844 [INFO] Executing 1 order(s)...
2026-07-28 14:01:19,844 [INFO] [KisBroker] Processing 1 SELL orders...
2026-07-28 14:01:20,710 [INFO] [KisDomestic] Order Sent: SELL KODEX 증권(102970) 2 @ 18210 (ODNO=0020301700)
2026-07-28 14:01:21,012 [INFO] [KisDomestic] Order FILLED: KODEX 증권(102970) ODNO=0020301700 price=18210.0 qty=2 fee=5.462999999999999
2026-07-28 14:01:21,213 [INFO] [Position] 분할 청산: KODEX 증권(102970) 2주 소진 (잔여 1주), 실현손익 KRW -16,295
2026-07-28 14:01:21,213 [INFO] [KODEX 증권(102970)] 추종 데드라인(Trailing Lock) 상태 활성화 (기준가 KRW 18,210, 하락 허용치 3.0%)
2026-07-28 14:01:24,724 [INFO] >>> Processing ACE 엔비디아밸류체인액티브(483320)
2026-07-28 14:01:24,727 [INFO] [ACE 엔비디아밸류체인액티브(483320)] 하단 채널선 이탈 감지 (1/2일, 현재가 KRW 23,190 < 이탈선 KRW 24,473) -> 확정 대기
2026-07-28 14:01:24,729 [INFO]   [ACE 엔비디아밸류체인액티브(483320)] 📈 상승 레짐 유지 | Lv2 매수 KRW 29,975 -> 현재 KRW 23,190 (-22.64%) | 채널하단(이탈선) KRW 24,473 | 20EMA(눌림) KRW 26,993 (이격 -14.09%) | adds 0/3
2026-07-28 14:01:24,729 [INFO] >>> Processing 삼성전자(005930)
2026-07-28 14:01:24,731 [INFO] [삼성전자(005930)] 하단 채널선 이탈 감지 (1/2일, 현재가 KRW 224,750 < 이탈선 KRW 235,950) -> 확정 대기
2026-07-28 14:01:24,732 [INFO]   [삼성전자(005930)] 📈 상승 레짐 유지 | Lv6 매수 KRW 251,250 -> 현재 KRW 224,750 (-10.55%) | 채널하단(이탈선) KRW 235,950 | 20EMA(눌림) KRW 277,094 (이격 -18.89%) | adds 2/3
2026-07-28 14:01:24,733 [INFO] >>> Processing 삼성전자우(005935)
2026-07-28 14:01:24,734 [INFO] [삼성전자우(005935)] 하단 채널선 이탈 감지 (1/2일, 현재가 KRW 160,400 < 이탈선 KRW 168,027) -> 확정 대기
2026-07-28 14:01:24,736 [INFO]   [삼성전자우(005935)] 📈 상승 레짐 유지 | Lv5 매수 KRW 178,900 -> 현재 KRW 160,400 (-10.34%) | 채널하단(이탈선) KRW 168,027 | 20EMA(눌림) KRW 189,107 (이격 -15.18%) | adds 3/3
2026-07-28 14:01:24,736 [INFO] >>> Processing TIGER 지주회사(307520)
2026-07-28 14:01:24,738 [INFO] [TIGER 지주회사(307520)] ✅ 추종 데드라인 해제! 가격 KRW 19,090이 이탈 기준선 위로 회복 -> 상승 레짐 복귀 (잔량 2주 보유 유지)
2026-07-28 14:01:24,738 [INFO]   [TIGER 지주회사(307520)] 신호 없음 | Lv1 매수 KRW 26,000 -> 현재 KRW 19,090 (-26.58%) | 익절 +10.0% / 추매 -5.0%
2026-07-28 14:01:24,739 [INFO] >>> Processing 메리츠금융지주(138040)
2026-07-28 14:01:24,740 [INFO] [메리츠금융지주(138040)] 보유 lot 없음 -> 초기 매수 Lv1 8주 @KRW 117,800
2026-07-28 14:01:24,740 [INFO] Executing 1 order(s)...
2026-07-28 14:01:25,255 [INFO] [KisBroker] Available Cash for BUY: 8,953,738
2026-07-28 14:01:26,395 [INFO] [KisDomestic] Order Sent: BUY 메리츠금융지주(138040) 8 @ 117900 (ODNO=0020306800)
2026-07-28 14:01:26,694 [INFO] [KisDomestic] Order FILLED: 메리츠금융지주(138040) ODNO=0020306800 price=117900.0 qty=8 fee=141.48
2026-07-28 14:01:26,895 [INFO] [메리츠금융지주(138040)] 동적 재매수 기준 초기화 (매도가 KRW 119,300 -> 소비됨)
2026-07-28 14:01:26,895 [INFO] [Position] New lot: lot_20260728_140126_138040_001 Lv1 메리츠금융지주(138040) 8주 @KRW 117,900
2026-07-28 14:01:30,272 [INFO] >>> Processing ACE 테슬라밸류체인액티브(457480)
2026-07-28 14:01:30,275 [INFO] [ACE 테슬라밸류체인액티브(457480)] DOWNTREND 확정 - 신규 진입 차단
2026-07-28 14:01:30,832 [INFO] >>> Step 6: Persist
