2026-08-25 10:00:55,390 [INFO] === Initializing MagicSplit Bot (domestic) ===
2026-08-25 10:00:55,390 [INFO] Loaded 28 stock rule(s) from config_domestic.json
2026-08-25 10:00:55,390 [INFO] [domestic] 15 rule(s), mode=LIVE
2026-08-25 10:00:55,390 [INFO] [KisBroker] 새 토큰 발급 중...
2026-08-25 10:00:56,352 [INFO] [KisDomesticLiveBroker] Mode: LIVE TRADING
2026-08-25 10:00:56,355 [INFO] [MarketData] 레짐 필터 활성 종목 15개 -> YFinanceMarketDataProvider 주입 (window 260봉)
2026-08-25 10:00:56,355 [INFO] === Running domestic engine ===
2026-08-25 10:00:56,355 [INFO] >>> Step 1: Portfolio & Price Fetch
2026-08-25 10:00:56,774 [INFO] Fetching real-time prices from Broker...
2026-08-25 10:01:01,151 [INFO] Portfolio: Cash=KRW 679,098, Value=KRW 24,702,028
2026-08-25 10:01:01,151 [INFO] >>> Step 2: Load Positions
2026-08-25 10:01:01,151 [INFO] Loaded 20 position lot(s)
2026-08-25 10:01:01,153 [INFO] >>> Step 2.5: Reconcile OK (수량 일치)
2026-08-25 10:01:01,153 [INFO] >>> Processing KODEX 반도체레버리지(494310)
2026-08-25 10:01:02,356 [INFO] [MarketData] 배치 다운로드 완료: 15/15종목
2026-08-25 10:01:02,359 [INFO] [KODEX 반도체레버리지(494310)] DOWNTREND 확정 - 신규 진입 차단
2026-08-25 10:01:02,359 [INFO] >>> Processing 삼성증권(016360)
2026-08-25 10:01:02,362 [INFO] [삼성증권(016360)] DOWNTREND 확정 - 신규 진입 차단
2026-08-25 10:01:02,362 [INFO] >>> Processing 삼성전자(005930)
2026-08-25 10:01:02,365 [INFO] [삼성전자(005930)] 하락 래치 진행 중 - 이미 분할 청산을 거쳤으므로 동일 래치 내 2차 이탈 청산 스킵 (신규 매수만 차단 유지)
2026-08-25 10:01:02,367 [INFO]   [삼성전자(005930)] 📈 상승 레짐 유지 | Lv2 매수 KRW 260,500 -> 현재 KRW 249,000 (-4.41%) | 채널하단 KRW 193,982 / 이탈선 KRW 193,982 (허용 -0.0%) | 20EMA(눌림) KRW 257,805 (이격 -3.42%) | adds 1/3
2026-08-25 10:01:02,367 [INFO] >>> Processing KODEX 미국AI광통신네트워크(0173Y0)
2026-08-25 10:01:02,370 [INFO] [KODEX 미국AI광통신네트워크(0173Y0)] 하락 래치 진행 중 - 이미 분할 청산을 거쳤으므로 동일 래치 내 2차 이탈 청산 스킵 (신규 매수만 차단 유지)
2026-08-25 10:01:02,370 [INFO] [KODEX 미국AI광통신네트워크(0173Y0)] DOWNTREND 확정 - 추가 매수 차단
2026-08-25 10:01:02,371 [INFO] >>> Processing 테스(095610)
2026-08-25 10:01:02,373 [INFO] [테스(095610)] 이탈 청산 후 재진입 대기 - 채널 중심선 미회복 (현재가 KRW 130,900 <= 기준선 KRW 146,455)
2026-08-25 10:01:02,373 [INFO] >>> Processing KODEX 미국AI전력핵심인프라(487230)
2026-08-25 10:01:02,376 [INFO] [KODEX 미국AI전력핵심인프라(487230)] 하락 래치 진행 중 - 이미 분할 청산을 거쳤으므로 동일 래치 내 2차 이탈 청산 스킵 (신규 매수만 차단 유지)
2026-08-25 10:01:02,376 [INFO] [KODEX 미국AI전력핵심인프라(487230)] DOWNTREND 확정 - 추가 매수 차단
2026-08-25 10:01:02,377 [INFO] >>> Processing 한국쉘석유(002960)
2026-08-25 10:01:02,380 [INFO]   [한국쉘석유(002960)] 신호 없음 | Lv1 매수 KRW 509,000 -> 현재 KRW 501,000 (-1.57%) | 익절 +10.0% / 추매 -5.0%
2026-08-25 10:01:02,380 [INFO] >>> Processing ACE 테슬라밸류체인액티브(457480)
2026-08-25 10:01:02,382 [INFO] [ACE 테슬라밸류체인액티브(457480)] DOWNTREND 확정 - 신규 진입 차단
2026-08-25 10:01:02,383 [INFO] >>> Processing SOL 반도체전공정(475300)
2026-08-25 10:01:02,385 [INFO] [SOL 반도체전공정(475300)] DOWNTREND 확정 - 신규 진입 차단
2026-08-25 10:01:02,385 [INFO] >>> Processing TIGER 지주회사(307520)
2026-08-25 10:01:02,388 [INFO] [TIGER 지주회사(307520)] DOWNTREND 확정 - 신규 진입 차단
2026-08-25 10:01:02,388 [INFO] >>> Processing 메리츠금융지주(138040)
2026-08-25 10:01:02,393 [INFO]   [메리츠금융지주(138040)] 📈 상승 레짐 유지 | Lv4 매수 KRW 117,000 -> 현재 KRW 119,500 (+2.14%) | 채널하단 KRW 113,642 / 이탈선 KRW 113,642 (허용 -0.0%) | 20EMA(눌림) KRW 118,001 (이격 +1.27%) | adds 3/3
2026-08-25 10:01:02,393 [INFO] >>> Processing ACE 엔비디아밸류체인액티브(483320)
2026-08-25 10:01:02,395 [INFO] [ACE 엔비디아밸류체인액티브(483320)] DOWNTREND 확정 - 신규 진입 차단
2026-08-25 10:01:02,396 [INFO] >>> Processing KODEX AI전력핵심설비(487240)
2026-08-25 10:01:02,398 [INFO] [KODEX AI전력핵심설비(487240)] 하락 래치 진행 중 - 이미 분할 청산을 거쳤으므로 동일 래치 내 2차 이탈 청산 스킵 (신규 매수만 차단 유지)
2026-08-25 10:01:02,398 [INFO] [KODEX AI전력핵심설비(487240)] DOWNTREND 확정 - 추가 매수 차단
2026-08-25 10:01:02,399 [INFO] >>> Processing 삼성전자우(005935)
2026-08-25 10:01:02,401 [INFO] [삼성전자우(005935)] 하락 래치 진행 중 - 이미 분할 청산을 거쳤으므로 동일 래치 내 2차 이탈 청산 스킵 (신규 매수만 차단 유지)
2026-08-25 10:01:02,403 [INFO]   [삼성전자우(005935)] 📈 상승 레짐 유지 | Lv1 매수 KRW 234,500 -> 현재 KRW 186,700 (-20.38%) | 채널하단 KRW 148,594 / 이탈선 KRW 148,594 (허용 -0.0%) | 20EMA(눌림) KRW 185,073 (이격 +0.88%) | adds 3/3
2026-08-25 10:01:02,404 [INFO] >>> Processing KODEX 증권(102970)
2026-08-25 10:01:02,406 [INFO] [KODEX 증권(102970)] DOWNTREND 확정 - 신규 진입 차단
2026-08-25 10:01:02,406 [INFO] >>> Step 6: Persist
2026-08-25 12:00:56,724 [INFO] === Initializing MagicSplit Bot (domestic) ===
2026-08-25 12:00:56,724 [INFO] Loaded 28 stock rule(s) from config_domestic.json
2026-08-25 12:00:56,724 [INFO] [domestic] 15 rule(s), mode=LIVE
2026-08-25 12:00:56,724 [INFO] [KisBroker] 캐시에서 토큰 로드 (API 호출 생략)
2026-08-25 12:00:56,724 [INFO] [KisDomesticLiveBroker] Mode: LIVE TRADING
2026-08-25 12:00:56,726 [INFO] [MarketData] 레짐 필터 활성 종목 15개 -> YFinanceMarketDataProvider 주입 (window 260봉)
2026-08-25 12:00:56,726 [INFO] === Running domestic engine ===
2026-08-25 12:00:56,726 [INFO] >>> Step 1: Portfolio & Price Fetch
2026-08-25 12:00:57,646 [INFO] Fetching real-time prices from Broker...
2026-08-25 12:01:01,659 [INFO] Portfolio: Cash=KRW 679,098, Value=KRW 24,887,803
2026-08-25 12:01:01,659 [INFO] >>> Step 2: Load Positions
2026-08-25 12:01:01,659 [INFO] Loaded 20 position lot(s)
2026-08-25 12:01:01,660 [INFO] >>> Step 2.5: Reconcile OK (수량 일치)
2026-08-25 12:01:01,661 [INFO] >>> Processing 삼성증권(016360)
2026-08-25 12:01:03,318 [INFO] [MarketData] 배치 다운로드 완료: 15/15종목
2026-08-25 12:01:03,321 [INFO] [삼성증권(016360)] DOWNTREND 확정 - 신규 진입 차단
2026-08-25 12:01:03,321 [INFO] >>> Processing KODEX 반도체레버리지(494310)
2026-08-25 12:01:03,323 [INFO] [KODEX 반도체레버리지(494310)] DOWNTREND 확정 - 신규 진입 차단
2026-08-25 12:01:03,324 [INFO] >>> Processing 삼성전자우(005935)
2026-08-25 12:01:03,326 [INFO] [삼성전자우(005935)] 하락 래치 진행 중 - 이미 분할 청산을 거쳤으므로 동일 래치 내 2차 이탈 청산 스킵 (신규 매수만 차단 유지)
2026-08-25 12:01:03,328 [INFO]   [삼성전자우(005935)] 📈 상승 레짐 유지 | Lv1 매수 KRW 234,500 -> 현재 KRW 189,600 (-19.15%) | 채널하단 KRW 148,594 / 이탈선 KRW 148,594 (허용 -0.0%) | 20EMA(눌림) KRW 185,073 (이격 +2.45%) | adds 3/3
2026-08-25 12:01:03,328 [INFO] >>> Processing 테스(095610)
2026-08-25 12:01:03,330 [INFO] [테스(095610)] 이탈 청산 후 재진입 대기 - 채널 중심선 미회복 (현재가 KRW 132,300 <= 기준선 KRW 146,455)
2026-08-25 12:01:03,331 [INFO] >>> Processing KODEX 증권(102970)
2026-08-25 12:01:03,333 [INFO] [KODEX 증권(102970)] DOWNTREND 확정 - 신규 진입 차단
2026-08-25 12:01:03,333 [INFO] >>> Processing 한국쉘석유(002960)
2026-08-25 12:01:03,335 [INFO]   [한국쉘석유(002960)] 신호 없음 | Lv1 매수 KRW 509,000 -> 현재 KRW 505,000 (-0.79%) | 익절 +10.0% / 추매 -5.0%
2026-08-25 12:01:03,336 [INFO] >>> Processing 메리츠금융지주(138040)
2026-08-25 12:01:03,339 [INFO]   [메리츠금융지주(138040)] 📈 상승 레짐 유지 | Lv4 매수 KRW 117,000 -> 현재 KRW 119,400 (+2.05%) | 채널하단 KRW 113,642 / 이탈선 KRW 113,642 (허용 -0.0%) | 20EMA(눌림) KRW 118,001 (이격 +1.19%) | adds 3/3
2026-08-25 12:01:03,340 [INFO] >>> Processing SOL 반도체전공정(475300)
2026-08-25 12:01:03,342 [INFO] [SOL 반도체전공정(475300)] DOWNTREND 확정 - 신규 진입 차단
2026-08-25 12:01:03,343 [INFO] >>> Processing KODEX 미국AI광통신네트워크(0173Y0)
2026-08-25 12:01:03,345 [INFO] [KODEX 미국AI광통신네트워크(0173Y0)] 하락 래치 진행 중 - 이미 분할 청산을 거쳤으므로 동일 래치 내 2차 이탈 청산 스킵 (신규 매수만 차단 유지)
2026-08-25 12:01:03,345 [INFO] [KODEX 미국AI광통신네트워크(0173Y0)] DOWNTREND 확정 - 추가 매수 차단
2026-08-25 12:01:03,345 [INFO] >>> Processing ACE 엔비디아밸류체인액티브(483320)
2026-08-25 12:01:03,347 [INFO] [ACE 엔비디아밸류체인액티브(483320)] DOWNTREND 확정 - 신규 진입 차단
2026-08-25 12:01:03,348 [INFO] >>> Processing KODEX 미국AI전력핵심인프라(487230)
2026-08-25 12:01:03,350 [INFO] [KODEX 미국AI전력핵심인프라(487230)] 하락 래치 진행 중 - 이미 분할 청산을 거쳤으므로 동일 래치 내 2차 이탈 청산 스킵 (신규 매수만 차단 유지)
2026-08-25 12:01:03,350 [INFO] [KODEX 미국AI전력핵심인프라(487230)] DOWNTREND 확정 - 추가 매수 차단
2026-08-25 12:01:03,350 [INFO] >>> Processing KODEX AI전력핵심설비(487240)
2026-08-25 12:01:03,353 [INFO] [KODEX AI전력핵심설비(487240)] 하락 래치 진행 중 - 이미 분할 청산을 거쳤으므로 동일 래치 내 2차 이탈 청산 스킵 (신규 매수만 차단 유지)
2026-08-25 12:01:03,353 [INFO] [KODEX AI전력핵심설비(487240)] DOWNTREND 확정 - 추가 매수 차단
2026-08-25 12:01:03,354 [INFO] >>> Processing TIGER 지주회사(307520)
2026-08-25 12:01:03,356 [INFO] [TIGER 지주회사(307520)] DOWNTREND 확정 - 신규 진입 차단
2026-08-25 12:01:03,356 [INFO] >>> Processing ACE 테슬라밸류체인액티브(457480)
2026-08-25 12:01:03,358 [INFO] [ACE 테슬라밸류체인액티브(457480)] DOWNTREND 확정 - 신규 진입 차단
2026-08-25 12:01:03,358 [INFO] >>> Processing 삼성전자(005930)
2026-08-25 12:01:03,361 [INFO] [삼성전자(005930)] 하락 래치 진행 중 - 이미 분할 청산을 거쳤으므로 동일 래치 내 2차 이탈 청산 스킵 (신규 매수만 차단 유지)
2026-08-25 12:01:03,363 [INFO]   [삼성전자(005930)] 📈 상승 레짐 유지 | Lv2 매수 KRW 260,500 -> 현재 KRW 249,750 (-4.13%) | 채널하단 KRW 193,982 / 이탈선 KRW 193,982 (허용 -0.0%) | 20EMA(눌림) KRW 257,805 (이격 -3.12%) | adds 1/3
2026-08-25 12:01:03,363 [INFO] >>> Step 6: Persist
