2026-08-18 10:00:56,401 [INFO] === Initializing MagicSplit Bot (domestic) ===
2026-08-18 10:00:56,401 [INFO] Loaded 27 stock rule(s) from config_domestic.json
2026-08-18 10:00:56,401 [INFO] [domestic] 15 rule(s), mode=LIVE
2026-08-18 10:00:56,402 [INFO] [KisBroker] 캐시에서 토큰 로드 (API 호출 생략)
2026-08-18 10:00:56,402 [INFO] [KisDomesticLiveBroker] Mode: LIVE TRADING
2026-08-18 10:00:56,404 [INFO] [MarketData] 레짐 필터 활성 종목 15개 -> YFinanceMarketDataProvider 주입 (window 260봉)
2026-08-18 10:00:56,404 [INFO] === Running domestic engine ===
2026-08-18 10:00:56,404 [INFO] >>> Step 1: Portfolio & Price Fetch
2026-08-18 10:00:57,465 [INFO] Fetching real-time prices from Broker...
2026-08-18 10:01:01,957 [INFO] Portfolio: Cash=KRW 2,877,145, Value=KRW 26,807,785
2026-08-18 10:01:01,957 [INFO] >>> Step 2: Load Positions
2026-08-18 10:01:01,958 [INFO] Loaded 16 position lot(s)
2026-08-18 10:01:01,959 [INFO] >>> Step 2.5: Reconcile OK (수량 일치)
2026-08-18 10:01:01,959 [INFO] >>> Processing 삼성증권(016360)
2026-08-18 10:01:03,672 [INFO] [MarketData] 배치 다운로드 완료: 15/15종목
2026-08-18 10:01:03,675 [INFO] [삼성증권(016360)] DOWNTREND 확정 - 신규 진입 차단
2026-08-18 10:01:03,676 [INFO] >>> Processing KODEX 반도체레버리지(494310)
2026-08-18 10:01:03,678 [INFO] [KODEX 반도체레버리지(494310)] DOWNTREND 확정 - 신규 진입 차단
2026-08-18 10:01:03,678 [INFO] >>> Processing ACE 엔비디아밸류체인액티브(483320)
2026-08-18 10:01:03,680 [INFO] [ACE 엔비디아밸류체인액티브(483320)] DOWNTREND 확정 - 신규 진입 차단
2026-08-18 10:01:03,681 [INFO] >>> Processing KODEX 미국AI광통신네트워크(0173Y0)
2026-08-18 10:01:03,683 [INFO] [KODEX 미국AI광통신네트워크(0173Y0)] DOWNTREND 2일 확정 - 매수 차단
2026-08-18 10:01:03,683 [INFO] [KODEX 미국AI광통신네트워크(0173Y0)] 채널 기울기 하락 전환 확정 (-30.22%/63봉) -> 이탈 청산 진행
2026-08-18 10:01:03,683 [INFO] [KODEX 미국AI광통신네트워크(0173Y0)] 추세 이탈 -> 분할 청산 41주/81주 (50%) 즉시 매도, 잔량 40주 추종 데드라인 (기준가 KRW 12,980, 청산선 KRW 12,591, 평단 KRW 12,305, 채널하단 KRW 9,327)
2026-08-18 10:01:03,684 [INFO] Executing 1 order(s)...
2026-08-18 10:01:03,684 [INFO] [KisBroker] Processing 1 SELL orders...
2026-08-18 10:01:04,887 [INFO] [KisDomestic] Order Sent: SELL KODEX 미국AI광통신네트워크(0173Y0) 41 @ 12970 (ODNO=0009079800)
2026-08-18 10:01:05,290 [INFO] [KisDomestic] Order FILLED: KODEX 미국AI광통신네트워크(0173Y0) ODNO=0009079800 price=12970.0 qty=41 fee=79.76549999999999
2026-08-18 10:01:05,491 [INFO] [Position] 분할 청산: KODEX 미국AI광통신네트워크(0173Y0) 41주 소진 (잔여 40주), 실현손익 KRW 27,185
2026-08-18 10:01:05,491 [INFO] [KODEX 미국AI광통신네트워크(0173Y0)] 추종 데드라인(Trailing Lock) 상태 활성화 (기준가 KRW 12,970, 하락 허용치 3.0%)
2026-08-18 10:01:08,908 [INFO] >>> Processing ACE 테슬라밸류체인액티브(457480)
2026-08-18 10:01:08,911 [INFO] [ACE 테슬라밸류체인액티브(457480)] DOWNTREND 확정 - 신규 진입 차단
2026-08-18 10:01:08,911 [INFO] >>> Processing 메리츠금융지주(138040)
2026-08-18 10:01:08,915 [INFO]   [메리츠금융지주(138040)] 📈 상승 레짐 유지 | Lv3 매수 KRW 120,600 -> 현재 KRW 116,700 (-3.23%) | 채널하단 KRW 113,805 / 이탈선 KRW 113,805 (허용 -0.0%) | 20EMA(눌림) KRW 119,550 (이격 -2.38%) | adds 2/3
2026-08-18 10:01:08,915 [INFO] >>> Processing KODEX 증권(102970)
2026-08-18 10:01:08,917 [INFO] [KODEX 증권(102970)] DOWNTREND 확정 - 신규 진입 차단
2026-08-18 10:01:08,918 [INFO] >>> Processing KODEX AI전력핵심설비(487240)
2026-08-18 10:01:08,920 [INFO]   [KODEX AI전력핵심설비(487240)] 신호 없음 | Lv2 매수 KRW 35,835 -> 현재 KRW 37,840 (+5.60%) | 익절 +10.0% / 추매 -5.0%
2026-08-18 10:01:08,920 [INFO] >>> Processing 삼성전자우(005935)
2026-08-18 10:01:08,923 [INFO] [삼성전자우(005935)] 하락 래치 진행 중 - 이미 분할 청산을 거쳤으므로 동일 래치 내 2차 이탈 청산 스킵 (신규 매수만 차단 유지)
2026-08-18 10:01:08,925 [INFO]   [삼성전자우(005935)] 📈 상승 레짐 유지 | Lv1 매수 KRW 234,500 -> 현재 KRW 198,400 (-15.39%) | 채널하단 KRW 148,945 / 이탈선 KRW 148,945 (허용 -0.0%) | 20EMA(눌림) KRW 181,488 (이격 +9.32%) | adds 3/3
2026-08-18 10:01:08,926 [INFO] >>> Processing 테스(095610)
2026-08-18 10:01:08,928 [INFO] [테스(095610)] 이탈 청산 후 재진입 대기 - 채널 중심선 미회복 (현재가 KRW 151,200 <= 기준선 KRW 156,166)
2026-08-18 10:01:08,928 [INFO] >>> Processing KODEX 미국AI전력핵심인프라(487230)
2026-08-18 10:01:08,930 [INFO] [KODEX 미국AI전력핵심인프라(487230)] DOWNTREND 2일 확정 - 매수 차단
2026-08-18 10:01:08,931 [INFO] [KODEX 미국AI전력핵심인프라(487230)] 채널 기울기 하락 전환 확정 (-24.05%/63봉) -> 이탈 청산 진행
2026-08-18 10:01:08,931 [INFO] [KODEX 미국AI전력핵심인프라(487230)] 추세 이탈 -> 분할 청산 23주/46주 (50%) 즉시 매도, 잔량 23주 추종 데드라인 (기준가 KRW 22,190, 청산선 KRW 21,524, 평단 KRW 21,625, 채널하단 KRW 18,568)
2026-08-18 10:01:08,931 [INFO] Executing 1 order(s)...
2026-08-18 10:01:08,931 [INFO] [KisBroker] Processing 1 SELL orders...
2026-08-18 10:01:10,065 [INFO] [KisDomestic] Order Sent: SELL KODEX 미국AI전력핵심인프라(487230) 23 @ 22180 (ODNO=0009085900)
2026-08-18 10:01:17,069 [INFO] [KisDomestic] Order FILLED: KODEX 미국AI전력핵심인프라(487230) ODNO=0009085900 price=22180.0 qty=23 fee=76.52099999999999
2026-08-18 10:01:17,271 [INFO] [Position] 분할 청산: KODEX 미국AI전력핵심인프라(487230) 23주 소진 (잔여 23주), 실현손익 KRW 12,688
2026-08-18 10:01:17,271 [INFO] [KODEX 미국AI전력핵심인프라(487230)] 추종 데드라인(Trailing Lock) 상태 활성화 (기준가 KRW 22,180, 하락 허용치 3.0%)
2026-08-18 10:01:20,705 [INFO] >>> Processing 삼성전자(005930)
2026-08-18 10:01:20,708 [INFO] [삼성전자(005930)] 하락 래치 진행 중 - 이미 분할 청산을 거쳤으므로 동일 래치 내 2차 이탈 청산 스킵 (신규 매수만 차단 유지)
2026-08-18 10:01:20,708 [INFO] [삼성전자(005930)] 📈 주가 레벨업 감지! 마지막 매수가 KRW 229,500 대비 +20.0% 돌파 (현재 KRW 282,500) -> adds 횟수(3회) 및 매수금액 초기화 (게이트 오픈)
2026-08-18 10:01:20,711 [INFO]   [삼성전자(005930)] 📈 상승 레짐 유지 | Lv1 매수 KRW 356,750 -> 현재 KRW 282,500 (-20.81%) | 채널하단 KRW 195,151 / 이탈선 KRW 195,151 (허용 -0.0%) | 20EMA(눌림) KRW 252,940 (이격 +11.69%) | adds 0/3
2026-08-18 10:01:20,711 [INFO] >>> Processing SOL 반도체전공정(475300)
2026-08-18 10:01:20,713 [INFO] [SOL 반도체전공정(475300)] DOWNTREND 확정 - 신규 진입 차단
2026-08-18 10:01:20,713 [INFO] >>> Processing TIGER 지주회사(307520)
2026-08-18 10:01:20,716 [INFO] [TIGER 지주회사(307520)] DOWNTREND 확정 - 신규 진입 차단
2026-08-18 10:01:20,716 [INFO] >>> Processing 한국쉘석유(002960)
2026-08-18 10:01:20,718 [INFO]   [한국쉘석유(002960)] 신호 없음 | Lv1 매수 KRW 509,000 -> 현재 KRW 504,000 (-0.98%) | 익절 +10.0% / 추매 -5.0%
2026-08-18 10:01:20,718 [INFO] >>> Step 6: Persist
2026-08-18 12:00:58,545 [INFO] === Initializing MagicSplit Bot (domestic) ===
2026-08-18 12:00:58,545 [INFO] Loaded 27 stock rule(s) from config_domestic.json
2026-08-18 12:00:58,545 [INFO] [domestic] 15 rule(s), mode=LIVE
2026-08-18 12:00:58,545 [INFO] [KisBroker] 캐시에서 토큰 로드 (API 호출 생략)
2026-08-18 12:00:58,545 [INFO] [KisDomesticLiveBroker] Mode: LIVE TRADING
2026-08-18 12:00:58,548 [INFO] [MarketData] 레짐 필터 활성 종목 15개 -> YFinanceMarketDataProvider 주입 (window 260봉)
2026-08-18 12:00:58,548 [INFO] === Running domestic engine ===
2026-08-18 12:00:58,548 [INFO] >>> Step 1: Portfolio & Price Fetch
2026-08-18 12:00:59,518 [INFO] Fetching real-time prices from Broker...
2026-08-18 12:01:03,663 [INFO] Portfolio: Cash=KRW 3,916,965, Value=KRW 26,106,175
2026-08-18 12:01:03,663 [INFO] >>> Step 2: Load Positions
2026-08-18 12:01:03,663 [INFO] Loaded 16 position lot(s)
2026-08-18 12:01:03,665 [INFO] >>> Step 2.5: Reconcile OK (수량 일치)
2026-08-18 12:01:03,665 [INFO] >>> Processing 삼성증권(016360)
2026-08-18 12:01:05,149 [INFO] [MarketData] 배치 다운로드 완료: 15/15종목
2026-08-18 12:01:05,152 [INFO] [삼성증권(016360)] DOWNTREND 확정 - 신규 진입 차단
2026-08-18 12:01:05,152 [INFO] >>> Processing KODEX 반도체레버리지(494310)
2026-08-18 12:01:05,155 [INFO] [KODEX 반도체레버리지(494310)] DOWNTREND 확정 - 신규 진입 차단
2026-08-18 12:01:05,155 [INFO] >>> Processing ACE 엔비디아밸류체인액티브(483320)
2026-08-18 12:01:05,157 [INFO] [ACE 엔비디아밸류체인액티브(483320)] DOWNTREND 확정 - 신규 진입 차단
2026-08-18 12:01:05,158 [INFO] >>> Processing KODEX AI전력핵심설비(487240)
2026-08-18 12:01:05,160 [INFO]   [KODEX AI전력핵심설비(487240)] 신호 없음 | Lv2 매수 KRW 35,835 -> 현재 KRW 37,120 (+3.59%) | 익절 +10.0% / 추매 -5.0%
2026-08-18 12:01:05,160 [INFO] >>> Processing 한국쉘석유(002960)
2026-08-18 12:01:05,163 [INFO]   [한국쉘석유(002960)] 신호 없음 | Lv1 매수 KRW 509,000 -> 현재 KRW 508,000 (-0.20%) | 익절 +10.0% / 추매 -5.0%
2026-08-18 12:01:05,163 [INFO] >>> Processing KODEX 증권(102970)
2026-08-18 12:01:05,166 [INFO] [KODEX 증권(102970)] DOWNTREND 확정 - 신규 진입 차단
2026-08-18 12:01:05,166 [INFO] >>> Processing 메리츠금융지주(138040)
2026-08-18 12:01:05,169 [INFO] [메리츠금융지주(138040)] 상승장 누적 매수 Lv4 8주 @KRW 117,000 (20EMA KRW 119,550 눌림, add 3/3)
2026-08-18 12:01:05,169 [INFO] Executing 1 order(s)...
2026-08-18 12:01:05,568 [INFO] [KisBroker] Available Cash for BUY: 3,916,965
2026-08-18 12:01:06,855 [INFO] [KisDomestic] Order Sent: BUY 메리츠금융지주(138040) 8 @ 117000 (ODNO=0015378000)
2026-08-18 12:01:07,213 [INFO] [KisDomestic] Order FILLED: 메리츠금융지주(138040) ODNO=0015378000 price=117000.0 qty=8 fee=140.39999999999998
2026-08-18 12:01:07,414 [INFO] [Position] New lot: lot_20260818_120107_138040_004 Lv4 메리츠금융지주(138040) 8주 @KRW 117,000
2026-08-18 12:01:10,812 [INFO] >>> Processing 테스(095610)
2026-08-18 12:01:10,816 [INFO] [테스(095610)] 이탈 청산 후 재진입 대기 - 채널 중심선 미회복 (현재가 KRW 148,500 <= 기준선 KRW 156,166)
2026-08-18 12:01:10,816 [INFO] >>> Processing ACE 테슬라밸류체인액티브(457480)
2026-08-18 12:01:10,819 [INFO] [ACE 테슬라밸류체인액티브(457480)] DOWNTREND 확정 - 신규 진입 차단
2026-08-18 12:01:10,819 [INFO] >>> Processing 삼성전자(005930)
2026-08-18 12:01:10,821 [INFO] [삼성전자(005930)] 하락 래치 진행 중 - 이미 분할 청산을 거쳤으므로 동일 래치 내 2차 이탈 청산 스킵 (신규 매수만 차단 유지)
2026-08-18 12:01:10,824 [INFO]   [삼성전자(005930)] 📈 상승 레짐 유지 | Lv1 매수 KRW 356,750 -> 현재 KRW 272,500 (-23.62%) | 채널하단 KRW 195,151 / 이탈선 KRW 195,151 (허용 -0.0%) | 20EMA(눌림) KRW 252,940 (이격 +7.73%) | adds 0/3
2026-08-18 12:01:10,824 [INFO] >>> Processing 삼성전자우(005935)
2026-08-18 12:01:10,827 [INFO] [삼성전자우(005935)] 하락 래치 진행 중 - 이미 분할 청산을 거쳤으므로 동일 래치 내 2차 이탈 청산 스킵 (신규 매수만 차단 유지)
2026-08-18 12:01:10,829 [INFO]   [삼성전자우(005935)] 📈 상승 레짐 유지 | Lv1 매수 KRW 234,500 -> 현재 KRW 191,600 (-18.29%) | 채널하단 KRW 148,945 / 이탈선 KRW 148,945 (허용 -0.0%) | 20EMA(눌림) KRW 181,488 (이격 +5.57%) | adds 3/3
2026-08-18 12:01:10,829 [INFO] >>> Processing TIGER 지주회사(307520)
2026-08-18 12:01:10,832 [INFO] [TIGER 지주회사(307520)] DOWNTREND 확정 - 신규 진입 차단
2026-08-18 12:01:10,832 [INFO] >>> Processing KODEX 미국AI광통신네트워크(0173Y0)
2026-08-18 12:01:10,835 [INFO] [KODEX 미국AI광통신네트워크(0173Y0)] ✅ 추종 데드라인 해제! 가격 KRW 12,640이 이탈 기준선 위로 회복 (잔량 40주 보유 유지)
2026-08-18 12:01:10,835 [INFO]   [KODEX 미국AI광통신네트워크(0173Y0)] 신호 없음 | Lv1 매수 KRW 12,305 -> 현재 KRW 12,640 (+2.72%) | 익절 +10.0% / 추매 -5.0%
2026-08-18 12:01:10,835 [INFO] >>> Processing KODEX 미국AI전력핵심인프라(487230)
2026-08-18 12:01:10,838 [INFO] [KODEX 미국AI전력핵심인프라(487230)] ✅ 추종 데드라인 해제! 가격 KRW 21,910이 이탈 기준선 위로 회복 (잔량 23주 보유 유지)
2026-08-18 12:01:10,838 [INFO]   [KODEX 미국AI전력핵심인프라(487230)] 신호 없음 | Lv1 매수 KRW 21,625 -> 현재 KRW 21,910 (+1.32%) | 익절 +10.0% / 추매 -5.0%
2026-08-18 12:01:10,838 [INFO] >>> Processing SOL 반도체전공정(475300)
2026-08-18 12:01:10,841 [INFO] [SOL 반도체전공정(475300)] DOWNTREND 확정 - 신규 진입 차단
2026-08-18 12:01:10,841 [INFO] >>> Step 6: Persist
2026-08-18 14:01:01,372 [INFO] === Initializing MagicSplit Bot (domestic) ===
2026-08-18 14:01:01,372 [INFO] Loaded 27 stock rule(s) from config_domestic.json
2026-08-18 14:01:01,372 [INFO] [domestic] 15 rule(s), mode=LIVE
2026-08-18 14:01:01,372 [INFO] [KisBroker] 캐시에서 토큰 로드 (API 호출 생략)
2026-08-18 14:01:01,372 [INFO] [KisDomesticLiveBroker] Mode: LIVE TRADING
2026-08-18 14:01:01,374 [INFO] [MarketData] 레짐 필터 활성 종목 15개 -> YFinanceMarketDataProvider 주입 (window 260봉)
2026-08-18 14:01:01,374 [INFO] === Running domestic engine ===
2026-08-18 14:01:01,374 [INFO] >>> Step 1: Portfolio & Price Fetch
2026-08-18 14:01:02,146 [INFO] Fetching real-time prices from Broker...
2026-08-18 14:01:05,593 [INFO] Portfolio: Cash=KRW 2,980,835, Value=KRW 26,148,550
2026-08-18 14:01:05,594 [INFO] >>> Step 2: Load Positions
2026-08-18 14:01:05,594 [INFO] Loaded 17 position lot(s)
2026-08-18 14:01:05,595 [INFO] >>> Step 2.5: Reconcile OK (수량 일치)
2026-08-18 14:01:05,595 [INFO] >>> Processing 삼성증권(016360)
2026-08-18 14:01:06,729 [INFO] [MarketData] 배치 다운로드 완료: 15/15종목
2026-08-18 14:01:06,732 [INFO] [삼성증권(016360)] DOWNTREND 확정 - 신규 진입 차단
2026-08-18 14:01:06,732 [INFO] >>> Processing KODEX 반도체레버리지(494310)
2026-08-18 14:01:06,735 [INFO] [KODEX 반도체레버리지(494310)] DOWNTREND 확정 - 신규 진입 차단
2026-08-18 14:01:06,735 [INFO] >>> Processing 테스(095610)
2026-08-18 14:01:06,737 [INFO] [테스(095610)] 이탈 청산 후 재진입 대기 - 채널 중심선 미회복 (현재가 KRW 146,700 <= 기준선 KRW 156,166)
2026-08-18 14:01:06,738 [INFO] >>> Processing SOL 반도체전공정(475300)
2026-08-18 14:01:06,740 [INFO] [SOL 반도체전공정(475300)] DOWNTREND 확정 - 신규 진입 차단
2026-08-18 14:01:06,741 [INFO] >>> Processing ACE 엔비디아밸류체인액티브(483320)
2026-08-18 14:01:06,743 [INFO] [ACE 엔비디아밸류체인액티브(483320)] DOWNTREND 확정 - 신규 진입 차단
2026-08-18 14:01:06,744 [INFO] >>> Processing ACE 테슬라밸류체인액티브(457480)
2026-08-18 14:01:06,746 [INFO] [ACE 테슬라밸류체인액티브(457480)] DOWNTREND 확정 - 신규 진입 차단
2026-08-18 14:01:06,746 [INFO] >>> Processing KODEX 증권(102970)
2026-08-18 14:01:06,749 [INFO] [KODEX 증권(102970)] DOWNTREND 확정 - 신규 진입 차단
2026-08-18 14:01:06,749 [INFO] >>> Processing KODEX 미국AI전력핵심인프라(487230)
2026-08-18 14:01:06,752 [INFO] [KODEX 미국AI전력핵심인프라(487230)] 하락 래치 진행 중 - 이미 분할 청산을 거쳤으므로 동일 래치 내 2차 이탈 청산 스킵 (신규 매수만 차단 유지)
2026-08-18 14:01:06,752 [INFO] [KODEX 미국AI전력핵심인프라(487230)] DOWNTREND 확정 - 추가 매수 차단
2026-08-18 14:01:06,752 [INFO] >>> Processing 메리츠금융지주(138040)
2026-08-18 14:01:06,757 [INFO]   [메리츠금융지주(138040)] 📈 상승 레짐 유지 | Lv4 매수 KRW 117,000 -> 현재 KRW 117,200 (+0.17%) | 채널하단 KRW 113,805 / 이탈선 KRW 113,805 (허용 -0.0%) | 20EMA(눌림) KRW 119,550 (이격 -1.97%) | adds 3/3
2026-08-18 14:01:06,757 [INFO] >>> Processing KODEX AI전력핵심설비(487240)
2026-08-18 14:01:06,760 [INFO]   [KODEX AI전력핵심설비(487240)] 신호 없음 | Lv2 매수 KRW 35,835 -> 현재 KRW 37,195 (+3.80%) | 익절 +10.0% / 추매 -5.0%
2026-08-18 14:01:06,760 [INFO] >>> Processing 한국쉘석유(002960)
2026-08-18 14:01:06,763 [INFO]   [한국쉘석유(002960)] 신호 없음 | Lv1 매수 KRW 509,000 -> 현재 KRW 510,000 (+0.20%) | 익절 +10.0% / 추매 -5.0%
2026-08-18 14:01:06,763 [INFO] >>> Processing TIGER 지주회사(307520)
2026-08-18 14:01:06,765 [INFO] [TIGER 지주회사(307520)] DOWNTREND 확정 - 신규 진입 차단
2026-08-18 14:01:06,766 [INFO] >>> Processing 삼성전자우(005935)
2026-08-18 14:01:06,768 [INFO] [삼성전자우(005935)] 하락 래치 진행 중 - 이미 분할 청산을 거쳤으므로 동일 래치 내 2차 이탈 청산 스킵 (신규 매수만 차단 유지)
2026-08-18 14:01:06,770 [INFO]   [삼성전자우(005935)] 📈 상승 레짐 유지 | Lv1 매수 KRW 234,500 -> 현재 KRW 191,500 (-18.34%) | 채널하단 KRW 148,945 / 이탈선 KRW 148,945 (허용 -0.0%) | 20EMA(눌림) KRW 181,488 (이격 +5.52%) | adds 3/3
2026-08-18 14:01:06,771 [INFO] >>> Processing KODEX 미국AI광통신네트워크(0173Y0)
2026-08-18 14:01:06,773 [INFO] [KODEX 미국AI광통신네트워크(0173Y0)] 하락 래치 진행 중 - 이미 분할 청산을 거쳤으므로 동일 래치 내 2차 이탈 청산 스킵 (신규 매수만 차단 유지)
2026-08-18 14:01:06,774 [INFO] [KODEX 미국AI광통신네트워크(0173Y0)] DOWNTREND 확정 - 추가 매수 차단
2026-08-18 14:01:06,774 [INFO] >>> Processing 삼성전자(005930)
2026-08-18 14:01:06,776 [INFO] [삼성전자(005930)] 하락 래치 진행 중 - 이미 분할 청산을 거쳤으므로 동일 래치 내 2차 이탈 청산 스킵 (신규 매수만 차단 유지)
2026-08-18 14:01:06,779 [INFO]   [삼성전자(005930)] 📈 상승 레짐 유지 | Lv1 매수 KRW 356,750 -> 현재 KRW 271,250 (-23.97%) | 채널하단 KRW 195,151 / 이탈선 KRW 195,151 (허용 -0.0%) | 20EMA(눌림) KRW 252,940 (이격 +7.24%) | adds 0/3
2026-08-18 14:01:06,779 [INFO] >>> Step 6: Persist
