2026-08-26 10:01:00,782 [INFO] === Initializing MagicSplit Bot (domestic) ===
2026-08-26 10:01:00,782 [INFO] Loaded 28 stock rule(s) from config_domestic.json
2026-08-26 10:01:00,782 [INFO] [domestic] 15 rule(s), mode=LIVE
2026-08-26 10:01:00,783 [INFO] [KisBroker] 새 토큰 발급 중...
2026-08-26 10:01:01,608 [INFO] [KisDomesticLiveBroker] Mode: LIVE TRADING
2026-08-26 10:01:01,611 [INFO] [MarketData] 레짐 필터 활성 종목 15개 -> YFinanceMarketDataProvider 주입 (window 260봉)
2026-08-26 10:01:01,611 [INFO] === Running domestic engine ===
2026-08-26 10:01:01,611 [INFO] >>> Step 1: Portfolio & Price Fetch
2026-08-26 10:01:01,978 [INFO] Fetching real-time prices from Broker...
2026-08-26 10:01:05,548 [INFO] Portfolio: Cash=KRW 679,098, Value=KRW 25,684,883
2026-08-26 10:01:05,548 [INFO] >>> Step 2: Load Positions
2026-08-26 10:01:05,548 [INFO] Loaded 20 position lot(s)
2026-08-26 10:01:05,550 [INFO] >>> Step 2.5: Reconcile OK (수량 일치)
2026-08-26 10:01:05,550 [INFO] >>> Processing KODEX 반도체레버리지(494310)
2026-08-26 10:01:07,094 [INFO] [MarketData] 배치 다운로드 완료: 15/15종목
2026-08-26 10:01:07,097 [INFO] [KODEX 반도체레버리지(494310)] DOWNTREND 확정 - 신규 진입 차단
2026-08-26 10:01:07,097 [INFO] >>> Processing 삼성증권(016360)
2026-08-26 10:01:07,099 [INFO] [삼성증권(016360)] DOWNTREND 확정 - 신규 진입 차단
2026-08-26 10:01:07,100 [INFO] >>> Processing 메리츠금융지주(138040)
2026-08-26 10:01:07,104 [INFO]   [메리츠금융지주(138040)] 📈 상승 레짐 유지 | Lv4 매수 KRW 117,000 -> 현재 KRW 120,100 (+2.65%) | 채널하단 KRW 114,125 / 이탈선 KRW 114,125 (허용 -0.0%) | 20EMA(눌림) KRW 118,268 (이격 +1.55%) | adds 3/3
2026-08-26 10:01:07,104 [INFO] >>> Processing TIGER 지주회사(307520)
2026-08-26 10:01:07,107 [INFO] [TIGER 지주회사(307520)] DOWNTREND 확정 - 신규 진입 차단
2026-08-26 10:01:07,107 [INFO] >>> Processing KODEX 증권(102970)
2026-08-26 10:01:07,110 [INFO] [KODEX 증권(102970)] DOWNTREND 확정 - 신규 진입 차단
2026-08-26 10:01:07,110 [INFO] >>> Processing ACE 엔비디아밸류체인액티브(483320)
2026-08-26 10:01:07,113 [INFO] [ACE 엔비디아밸류체인액티브(483320)] DOWNTREND 확정 - 신규 진입 차단
2026-08-26 10:01:07,113 [INFO] >>> Processing 삼성전자(005930)
2026-08-26 10:01:07,115 [INFO] [삼성전자(005930)] 하락 래치 진행 중 - 이미 분할 청산을 거쳤으므로 동일 래치 내 2차 이탈 청산 스킵 (신규 매수만 차단 유지)
2026-08-26 10:01:07,118 [INFO]   [삼성전자(005930)] 📈 상승 레짐 유지 | Lv2 매수 KRW 260,500 -> 현재 KRW 257,000 (-1.34%) | 채널하단 KRW 193,487 / 이탈선 KRW 193,487 (허용 -0.0%) | 20EMA(눌림) KRW 257,728 (이격 -0.28%) | adds 1/3
2026-08-26 10:01:07,118 [INFO] >>> Processing KODEX AI전력핵심설비(487240)
2026-08-26 10:01:07,121 [INFO] [KODEX AI전력핵심설비(487240)] 하락 래치 진행 중 - 이미 분할 청산을 거쳤으므로 동일 래치 내 2차 이탈 청산 스킵 (신규 매수만 차단 유지)
2026-08-26 10:01:07,121 [INFO] [KODEX AI전력핵심설비(487240)] DOWNTREND 확정 - 추가 매수 차단
2026-08-26 10:01:07,121 [INFO] >>> Processing KODEX 미국AI전력핵심인프라(487230)
2026-08-26 10:01:07,124 [INFO] [KODEX 미국AI전력핵심인프라(487230)] 하락 래치 진행 중 - 이미 분할 청산을 거쳤으므로 동일 래치 내 2차 이탈 청산 스킵 (신규 매수만 차단 유지)
2026-08-26 10:01:07,124 [INFO] [KODEX 미국AI전력핵심인프라(487230)] DOWNTREND 확정 - 추가 매수 차단
2026-08-26 10:01:07,124 [INFO] >>> Processing SOL 반도체전공정(475300)
2026-08-26 10:01:07,127 [INFO] [SOL 반도체전공정(475300)] DOWNTREND 확정 - 신규 진입 차단
2026-08-26 10:01:07,127 [INFO] >>> Processing 테스(095610)
2026-08-26 10:01:07,130 [INFO] [테스(095610)] 이탈 청산 후 재진입 대기 - 채널 중심선 미회복 (현재가 KRW 136,700 <= 기준선 KRW 144,967)
2026-08-26 10:01:07,130 [INFO] >>> Processing 한국쉘석유(002960)
2026-08-26 10:01:07,132 [INFO]   [한국쉘석유(002960)] 신호 없음 | Lv1 매수 KRW 509,000 -> 현재 KRW 492,000 (-3.34%) | 익절 +10.0% / 추매 -5.0%
2026-08-26 10:01:07,133 [INFO] >>> Processing ACE 테슬라밸류체인액티브(457480)
2026-08-26 10:01:07,135 [INFO] [ACE 테슬라밸류체인액티브(457480)] DOWNTREND 확정 - 신규 진입 차단
2026-08-26 10:01:07,136 [INFO] >>> Processing KODEX 미국AI광통신네트워크(0173Y0)
2026-08-26 10:01:07,138 [INFO] [KODEX 미국AI광통신네트워크(0173Y0)] 하락 래치 진행 중 - 이미 분할 청산을 거쳤으므로 동일 래치 내 2차 이탈 청산 스킵 (신규 매수만 차단 유지)
2026-08-26 10:01:07,138 [INFO] [KODEX 미국AI광통신네트워크(0173Y0)] DOWNTREND 확정 - 추가 매수 차단
2026-08-26 10:01:07,139 [INFO] >>> Processing 삼성전자우(005935)
2026-08-26 10:01:07,141 [INFO] [삼성전자우(005935)] 하락 래치 진행 중 - 이미 분할 청산을 거쳤으므로 동일 래치 내 2차 이탈 청산 스킵 (신규 매수만 차단 유지)
2026-08-26 10:01:07,143 [INFO]   [삼성전자우(005935)] 📈 상승 레짐 유지 | Lv1 매수 KRW 234,500 -> 현재 KRW 193,100 (-17.65%) | 채널하단 KRW 148,668 / 이탈선 KRW 148,668 (허용 -0.0%) | 20EMA(눌림) KRW 185,971 (이격 +3.83%) | adds 3/3
2026-08-26 10:01:07,143 [INFO] >>> Step 6: Persist
2026-08-26 12:00:58,225 [INFO] === Initializing MagicSplit Bot (domestic) ===
2026-08-26 12:00:58,225 [INFO] Loaded 28 stock rule(s) from config_domestic.json
2026-08-26 12:00:58,225 [INFO] [domestic] 15 rule(s), mode=LIVE
2026-08-26 12:00:58,225 [INFO] [KisBroker] 캐시에서 토큰 로드 (API 호출 생략)
2026-08-26 12:00:58,225 [INFO] [KisDomesticLiveBroker] Mode: LIVE TRADING
2026-08-26 12:00:58,227 [INFO] [MarketData] 레짐 필터 활성 종목 15개 -> YFinanceMarketDataProvider 주입 (window 260봉)
2026-08-26 12:00:58,227 [INFO] === Running domestic engine ===
2026-08-26 12:00:58,228 [INFO] >>> Step 1: Portfolio & Price Fetch
2026-08-26 12:00:59,121 [INFO] Fetching real-time prices from Broker...
2026-08-26 12:01:02,980 [INFO] Portfolio: Cash=KRW 679,098, Value=KRW 26,018,023
2026-08-26 12:01:02,980 [INFO] >>> Step 2: Load Positions
2026-08-26 12:01:02,980 [INFO] Loaded 20 position lot(s)
2026-08-26 12:01:02,981 [INFO] >>> Step 2.5: Reconcile OK (수량 일치)
2026-08-26 12:01:02,982 [INFO] >>> Processing KODEX 반도체레버리지(494310)
2026-08-26 12:01:05,271 [INFO] [MarketData] 배치 다운로드 완료: 15/15종목
2026-08-26 12:01:05,274 [INFO] [KODEX 반도체레버리지(494310)] DOWNTREND 확정 - 신규 진입 차단
2026-08-26 12:01:05,274 [INFO] >>> Processing 삼성증권(016360)
2026-08-26 12:01:05,277 [INFO] [삼성증권(016360)] DOWNTREND 확정 - 신규 진입 차단
2026-08-26 12:01:05,277 [INFO] >>> Processing 한국쉘석유(002960)
2026-08-26 12:01:05,280 [INFO]   [한국쉘석유(002960)] 신호 없음 | Lv1 매수 KRW 509,000 -> 현재 KRW 492,500 (-3.24%) | 익절 +10.0% / 추매 -5.0%
2026-08-26 12:01:05,280 [INFO] >>> Processing KODEX 증권(102970)
2026-08-26 12:01:05,283 [INFO] [KODEX 증권(102970)] DOWNTREND 확정 - 신규 진입 차단
2026-08-26 12:01:05,283 [INFO] >>> Processing ACE 엔비디아밸류체인액티브(483320)
2026-08-26 12:01:05,286 [INFO] [ACE 엔비디아밸류체인액티브(483320)] DOWNTREND 확정 - 신규 진입 차단
2026-08-26 12:01:05,286 [INFO] >>> Processing KODEX 미국AI전력핵심인프라(487230)
2026-08-26 12:01:05,289 [INFO] [KODEX 미국AI전력핵심인프라(487230)] 하락 래치 진행 중 - 이미 분할 청산을 거쳤으므로 동일 래치 내 2차 이탈 청산 스킵 (신규 매수만 차단 유지)
2026-08-26 12:01:05,289 [INFO] [KODEX 미국AI전력핵심인프라(487230)] DOWNTREND 확정 - 추가 매수 차단
2026-08-26 12:01:05,290 [INFO] >>> Processing 삼성전자(005930)
2026-08-26 12:01:05,293 [INFO] [삼성전자(005930)] 하락 래치 진행 중 - 이미 분할 청산을 거쳤으므로 동일 래치 내 2차 이탈 청산 스킵 (신규 매수만 차단 유지)
2026-08-26 12:01:05,295 [INFO]   [삼성전자(005930)] 📈 상승 레짐 유지 | Lv2 매수 KRW 260,500 -> 현재 KRW 263,250 (+1.06%) | 채널하단 KRW 193,487 / 이탈선 KRW 193,487 (허용 -0.0%) | 20EMA(눌림) KRW 257,728 (이격 +2.14%) | adds 1/3
2026-08-26 12:01:05,296 [INFO] >>> Processing 메리츠금융지주(138040)
2026-08-26 12:01:05,300 [INFO]   [메리츠금융지주(138040)] 📈 상승 레짐 유지 | Lv4 매수 KRW 117,000 -> 현재 KRW 119,700 (+2.31%) | 채널하단 KRW 114,125 / 이탈선 KRW 114,125 (허용 -0.0%) | 20EMA(눌림) KRW 118,268 (이격 +1.21%) | adds 3/3
2026-08-26 12:01:05,300 [INFO] >>> Processing 삼성전자우(005935)
2026-08-26 12:01:05,303 [INFO] [삼성전자우(005935)] 하락 래치 진행 중 - 이미 분할 청산을 거쳤으므로 동일 래치 내 2차 이탈 청산 스킵 (신규 매수만 차단 유지)
2026-08-26 12:01:05,305 [INFO]   [삼성전자우(005935)] 📈 상승 레짐 유지 | Lv1 매수 KRW 234,500 -> 현재 KRW 198,400 (-15.39%) | 채널하단 KRW 148,668 / 이탈선 KRW 148,668 (허용 -0.0%) | 20EMA(눌림) KRW 185,971 (이격 +6.68%) | adds 3/3
2026-08-26 12:01:05,305 [INFO] >>> Processing TIGER 지주회사(307520)
2026-08-26 12:01:05,308 [INFO] [TIGER 지주회사(307520)] DOWNTREND 확정 - 신규 진입 차단
2026-08-26 12:01:05,308 [INFO] >>> Processing KODEX 미국AI광통신네트워크(0173Y0)
2026-08-26 12:01:05,311 [INFO] [KODEX 미국AI광통신네트워크(0173Y0)] 하락 래치 진행 중 - 이미 분할 청산을 거쳤으므로 동일 래치 내 2차 이탈 청산 스킵 (신규 매수만 차단 유지)
2026-08-26 12:01:05,311 [INFO] [KODEX 미국AI광통신네트워크(0173Y0)] DOWNTREND 확정 - 추가 매수 차단
2026-08-26 12:01:05,311 [INFO] >>> Processing SOL 반도체전공정(475300)
2026-08-26 12:01:05,314 [INFO] [SOL 반도체전공정(475300)] DOWNTREND 확정 - 신규 진입 차단
2026-08-26 12:01:05,314 [INFO] >>> Processing ACE 테슬라밸류체인액티브(457480)
2026-08-26 12:01:05,317 [INFO] [ACE 테슬라밸류체인액티브(457480)] DOWNTREND 확정 - 신규 진입 차단
2026-08-26 12:01:05,317 [INFO] >>> Processing KODEX AI전력핵심설비(487240)
2026-08-26 12:01:05,320 [INFO] [KODEX AI전력핵심설비(487240)] 하락 래치 진행 중 - 이미 분할 청산을 거쳤으므로 동일 래치 내 2차 이탈 청산 스킵 (신규 매수만 차단 유지)
2026-08-26 12:01:05,320 [INFO] [KODEX AI전력핵심설비(487240)] DOWNTREND 확정 - 추가 매수 차단
2026-08-26 12:01:05,320 [INFO] >>> Processing 테스(095610)
2026-08-26 12:01:05,323 [INFO] [테스(095610)] 이탈 청산 후 재진입 대기 - 채널 중심선 미회복 (현재가 KRW 136,900 <= 기준선 KRW 144,967)
2026-08-26 12:01:05,323 [INFO] >>> Step 6: Persist
