2026-09-09 10:00:54,156 [INFO] === Initializing MagicSplit Bot (domestic) ===
2026-09-09 10:00:54,156 [INFO] Loaded 28 stock rule(s) from config_domestic.json
2026-09-09 10:00:54,156 [INFO] [domestic] 15 rule(s), mode=LIVE
2026-09-09 10:00:54,157 [INFO] [KisBroker] 새 토큰 발급 중...
2026-09-09 10:00:55,081 [INFO] [KisDomesticLiveBroker] Mode: LIVE TRADING
2026-09-09 10:00:55,084 [INFO] [MarketData] 국내 가격 단절 검사 15종목 / 레짐 필터 15종목 -> YFinanceMarketDataProvider 주입 (window 260봉)
2026-09-09 10:00:55,084 [INFO] === Running domestic engine ===
2026-09-09 10:00:55,084 [INFO] >>> Step 1: Portfolio & Price Fetch
2026-09-09 10:00:55,505 [INFO] Fetching real-time prices from Broker...
2026-09-09 10:01:00,077 [INFO] Portfolio: Cash=KRW 693,609, Value=KRW 27,243,084
2026-09-09 10:01:00,077 [INFO] >>> Step 2: Load Positions
2026-09-09 10:01:00,077 [INFO] Loaded 20 position lot(s)
2026-09-09 10:01:00,078 [INFO] >>> Step 2.5: Reconcile OK (수량 일치)
2026-09-09 10:01:00,079 [INFO] >>> Processing KODEX 반도체레버리지(494310)
2026-09-09 10:01:00,989 [INFO] [MarketData] 배치 다운로드 완료: 15/15종목
2026-09-09 10:01:00,992 [INFO] [KODEX 반도체레버리지(494310)] DOWNTREND 확정 - 신규 진입 차단
2026-09-09 10:01:00,993 [INFO] >>> Processing 삼성증권(016360)
2026-09-09 10:01:00,995 [INFO] [삼성증권(016360)] DOWNTREND 확정 - 신규 진입 차단
2026-09-09 10:01:00,996 [INFO] >>> Processing KODEX 미국AI광통신네트워크(0173Y0)
2026-09-09 10:01:00,998 [INFO] [KODEX 미국AI광통신네트워크(0173Y0)] 하락 래치 진행 중 - 이미 분할 청산을 거쳤으므로 동일 래치 내 2차 이탈 청산 스킵 (신규 매수만 차단 유지)
2026-09-09 10:01:00,999 [INFO] [KODEX 미국AI광통신네트워크(0173Y0)] DOWNTREND 확정 - 추가 매수 차단
2026-09-09 10:01:00,999 [INFO] >>> Processing 테스(095610)
2026-09-09 10:01:01,001 [INFO] [테스(095610)] DOWNTREND 확정 - 신규 진입 차단
2026-09-09 10:01:01,002 [INFO] >>> Processing TIGER 지주회사(307520)
2026-09-09 10:01:01,004 [INFO] [TIGER 지주회사(307520)] DOWNTREND 확정 - 신규 진입 차단
2026-09-09 10:01:01,005 [INFO] >>> Processing KODEX AI전력핵심설비(487240)
2026-09-09 10:01:01,007 [INFO] [KODEX AI전력핵심설비(487240)] 하락 래치 진행 중 - 이미 분할 청산을 거쳤으므로 동일 래치 내 2차 이탈 청산 스킵 (신규 매수만 차단 유지)
2026-09-09 10:01:01,007 [INFO] [KODEX AI전력핵심설비(487240)] DOWNTREND 확정 - 추가 매수 차단
2026-09-09 10:01:01,008 [INFO] >>> Processing KODEX 미국AI전력핵심인프라(487230)
2026-09-09 10:01:01,010 [INFO] [KODEX 미국AI전력핵심인프라(487230)] 하락 래치 진행 중 - 이미 분할 청산을 거쳤으므로 동일 래치 내 2차 이탈 청산 스킵 (신규 매수만 차단 유지)
2026-09-09 10:01:01,011 [INFO] [KODEX 미국AI전력핵심인프라(487230)] DOWNTREND 확정 - 추가 매수 차단
2026-09-09 10:01:01,011 [INFO] >>> Processing ACE 엔비디아밸류체인액티브(483320)
2026-09-09 10:01:01,013 [INFO] [ACE 엔비디아밸류체인액티브(483320)] DOWNTREND 확정 - 신규 진입 차단
2026-09-09 10:01:01,014 [INFO] >>> Processing ACE 테슬라밸류체인액티브(457480)
2026-09-09 10:01:01,016 [INFO] [ACE 테슬라밸류체인액티브(457480)] DOWNTREND 확정 - 신규 진입 차단
2026-09-09 10:01:01,016 [INFO] >>> Processing SOL 반도체전공정(475300)
2026-09-09 10:01:01,019 [INFO] [SOL 반도체전공정(475300)] DOWNTREND 확정 - 신규 진입 차단
2026-09-09 10:01:01,019 [INFO] >>> Processing 삼성전자우(005935)
2026-09-09 10:01:01,022 [INFO] [삼성전자우(005935)] 하락 래치 진행 중 - 이미 분할 청산을 거쳤으므로 동일 래치 내 2차 이탈 청산 스킵 (신규 매수만 차단 유지)
2026-09-09 10:01:01,024 [INFO]   [삼성전자우(005935)] 📈 상승 레짐 유지 | Lv1 매수 KRW 234,500 -> 현재 KRW 198,700 (-15.27%) | 채널하단 KRW 150,678 / 이탈선 KRW 150,678 (허용 -0.0%) | 20EMA(눌림) KRW 189,698 (이격 +4.75%) | adds 3/3
2026-09-09 10:01:01,024 [INFO] >>> Processing 한국쉘석유(002960)
2026-09-09 10:01:01,027 [INFO]   [한국쉘석유(002960)] 신호 없음 | Lv1 매수 KRW 509,000 -> 현재 KRW 501,000 (-1.57%) | 익절 +10.0% / 추매 -5.0%
2026-09-09 10:01:01,027 [INFO] >>> Processing KODEX 증권(102970)
2026-09-09 10:01:01,029 [INFO] [KODEX 증권(102970)] DOWNTREND 확정 - 신규 진입 차단
2026-09-09 10:01:01,030 [INFO] >>> Processing 메리츠금융지주(138040)
2026-09-09 10:01:01,034 [INFO]   [메리츠금융지주(138040)] 📈 상승 레짐 유지 | Lv4 매수 KRW 117,000 -> 현재 KRW 126,400 (+8.03%) | 채널하단 KRW 118,025 / 이탈선 KRW 118,025 (허용 -0.0%) | 20EMA(눌림) KRW 124,999 (이격 +1.12%) | adds 3/3
2026-09-09 10:01:01,034 [INFO] >>> Processing 삼성전자(005930)
2026-09-09 10:01:01,037 [INFO] [삼성전자(005930)] 하락 래치 진행 중 - 이미 분할 청산을 거쳤으므로 동일 래치 내 2차 이탈 청산 스킵 (신규 매수만 차단 유지)
2026-09-09 10:01:01,039 [INFO]   [삼성전자(005930)] 📈 상승 레짐 유지 | Lv2 매수 KRW 260,500 -> 현재 KRW 272,500 (+4.61%) | 채널하단 KRW 191,423 / 이탈선 KRW 191,423 (허용 -0.0%) | 20EMA(눌림) KRW 259,499 (이격 +5.01%) | adds 1/3
2026-09-09 10:01:01,039 [INFO] >>> Step 6: Persist
2026-09-09 12:00:58,895 [INFO] === Initializing MagicSplit Bot (domestic) ===
2026-09-09 12:00:58,895 [INFO] Loaded 28 stock rule(s) from config_domestic.json
2026-09-09 12:00:58,895 [INFO] [domestic] 15 rule(s), mode=LIVE
2026-09-09 12:00:58,895 [INFO] [KisBroker] 캐시에서 토큰 로드 (API 호출 생략)
2026-09-09 12:00:58,895 [INFO] [KisDomesticLiveBroker] Mode: LIVE TRADING
2026-09-09 12:00:58,898 [INFO] [MarketData] 국내 가격 단절 검사 15종목 / 레짐 필터 15종목 -> YFinanceMarketDataProvider 주입 (window 260봉)
2026-09-09 12:00:58,898 [INFO] === Running domestic engine ===
2026-09-09 12:00:58,898 [INFO] >>> Step 1: Portfolio & Price Fetch
2026-09-09 12:00:59,774 [INFO] Fetching real-time prices from Broker...
2026-09-09 12:01:03,496 [INFO] Portfolio: Cash=KRW 693,609, Value=KRW 27,375,064
2026-09-09 12:01:03,496 [INFO] >>> Step 2: Load Positions
2026-09-09 12:01:03,496 [INFO] Loaded 20 position lot(s)
2026-09-09 12:01:03,498 [INFO] >>> Step 2.5: Reconcile OK (수량 일치)
2026-09-09 12:01:03,498 [INFO] >>> Processing KODEX 반도체레버리지(494310)
2026-09-09 12:01:04,567 [INFO] [MarketData] 배치 다운로드 완료: 15/15종목
2026-09-09 12:01:04,570 [INFO] [KODEX 반도체레버리지(494310)] DOWNTREND 확정 - 신규 진입 차단
2026-09-09 12:01:04,570 [INFO] >>> Processing 삼성증권(016360)
2026-09-09 12:01:04,573 [INFO] [삼성증권(016360)] DOWNTREND 확정 - 신규 진입 차단
2026-09-09 12:01:04,573 [INFO] >>> Processing KODEX 미국AI광통신네트워크(0173Y0)
2026-09-09 12:01:04,576 [INFO] [KODEX 미국AI광통신네트워크(0173Y0)] 하락 래치 진행 중 - 이미 분할 청산을 거쳤으므로 동일 래치 내 2차 이탈 청산 스킵 (신규 매수만 차단 유지)
2026-09-09 12:01:04,576 [INFO] [KODEX 미국AI광통신네트워크(0173Y0)] DOWNTREND 확정 - 추가 매수 차단
2026-09-09 12:01:04,577 [INFO] >>> Processing 삼성전자(005930)
2026-09-09 12:01:04,580 [INFO] [삼성전자(005930)] 하락 래치 진행 중 - 이미 분할 청산을 거쳤으므로 동일 래치 내 2차 이탈 청산 스킵 (신규 매수만 차단 유지)
2026-09-09 12:01:04,582 [INFO]   [삼성전자(005930)] 📈 상승 레짐 유지 | Lv2 매수 KRW 260,500 -> 현재 KRW 274,000 (+5.18%) | 채널하단 KRW 191,423 / 이탈선 KRW 191,423 (허용 -0.0%) | 20EMA(눌림) KRW 259,499 (이격 +5.59%) | adds 1/3
2026-09-09 12:01:04,582 [INFO] >>> Processing ACE 엔비디아밸류체인액티브(483320)
2026-09-09 12:01:04,585 [INFO] [ACE 엔비디아밸류체인액티브(483320)] DOWNTREND 확정 - 신규 진입 차단
2026-09-09 12:01:04,585 [INFO] >>> Processing SOL 반도체전공정(475300)
2026-09-09 12:01:04,588 [INFO] [SOL 반도체전공정(475300)] DOWNTREND 확정 - 신규 진입 차단
2026-09-09 12:01:04,588 [INFO] >>> Processing TIGER 지주회사(307520)
2026-09-09 12:01:04,591 [INFO] [TIGER 지주회사(307520)] DOWNTREND 확정 - 신규 진입 차단
2026-09-09 12:01:04,591 [INFO] >>> Processing ACE 테슬라밸류체인액티브(457480)
2026-09-09 12:01:04,594 [INFO] [ACE 테슬라밸류체인액티브(457480)] DOWNTREND 확정 - 신규 진입 차단
2026-09-09 12:01:04,594 [INFO] >>> Processing 한국쉘석유(002960)
2026-09-09 12:01:04,597 [INFO]   [한국쉘석유(002960)] 신호 없음 | Lv1 매수 KRW 509,000 -> 현재 KRW 501,000 (-1.57%) | 익절 +10.0% / 추매 -5.0%
2026-09-09 12:01:04,597 [INFO] >>> Processing 메리츠금융지주(138040)
2026-09-09 12:01:04,601 [INFO]   [메리츠금융지주(138040)] 📈 상승 레짐 유지 | Lv4 매수 KRW 117,000 -> 현재 KRW 126,300 (+7.95%) | 채널하단 KRW 118,025 / 이탈선 KRW 118,025 (허용 -0.0%) | 20EMA(눌림) KRW 124,999 (이격 +1.04%) | adds 3/3
2026-09-09 12:01:04,602 [INFO] >>> Processing KODEX AI전력핵심설비(487240)
2026-09-09 12:01:04,604 [INFO] [KODEX AI전력핵심설비(487240)] 하락 래치 진행 중 - 이미 분할 청산을 거쳤으므로 동일 래치 내 2차 이탈 청산 스킵 (신규 매수만 차단 유지)
2026-09-09 12:01:04,604 [INFO] [KODEX AI전력핵심설비(487240)] DOWNTREND 확정 - 추가 매수 차단
2026-09-09 12:01:04,605 [INFO] >>> Processing KODEX 미국AI전력핵심인프라(487230)
2026-09-09 12:01:04,608 [INFO] [KODEX 미국AI전력핵심인프라(487230)] 하락 래치 진행 중 - 이미 분할 청산을 거쳤으므로 동일 래치 내 2차 이탈 청산 스킵 (신규 매수만 차단 유지)
2026-09-09 12:01:04,608 [INFO] [KODEX 미국AI전력핵심인프라(487230)] DOWNTREND 확정 - 추가 매수 차단
2026-09-09 12:01:04,609 [INFO] >>> Processing 삼성전자우(005935)
2026-09-09 12:01:04,611 [INFO] [삼성전자우(005935)] 하락 래치 진행 중 - 이미 분할 청산을 거쳤으므로 동일 래치 내 2차 이탈 청산 스킵 (신규 매수만 차단 유지)
2026-09-09 12:01:04,613 [INFO]   [삼성전자우(005935)] 📈 상승 레짐 유지 | Lv1 매수 KRW 234,500 -> 현재 KRW 199,100 (-15.10%) | 채널하단 KRW 150,678 / 이탈선 KRW 150,678 (허용 -0.0%) | 20EMA(눌림) KRW 189,698 (이격 +4.96%) | adds 3/3
2026-09-09 12:01:04,614 [INFO] >>> Processing 테스(095610)
2026-09-09 12:01:04,616 [INFO] [테스(095610)] DOWNTREND 확정 - 신규 진입 차단
2026-09-09 12:01:04,617 [INFO] >>> Processing KODEX 증권(102970)
2026-09-09 12:01:04,619 [INFO] [KODEX 증권(102970)] DOWNTREND 확정 - 신규 진입 차단
2026-09-09 12:01:04,619 [INFO] >>> Step 6: Persist
2026-09-09 14:00:58,251 [INFO] === Initializing MagicSplit Bot (domestic) ===
2026-09-09 14:00:58,251 [INFO] Loaded 28 stock rule(s) from config_domestic.json
2026-09-09 14:00:58,251 [INFO] [domestic] 15 rule(s), mode=LIVE
2026-09-09 14:00:58,251 [INFO] [KisBroker] 캐시에서 토큰 로드 (API 호출 생략)
2026-09-09 14:00:58,251 [INFO] [KisDomesticLiveBroker] Mode: LIVE TRADING
2026-09-09 14:00:58,253 [INFO] [MarketData] 국내 가격 단절 검사 15종목 / 레짐 필터 15종목 -> YFinanceMarketDataProvider 주입 (window 260봉)
2026-09-09 14:00:58,253 [INFO] === Running domestic engine ===
2026-09-09 14:00:58,253 [INFO] >>> Step 1: Portfolio & Price Fetch
2026-09-09 14:00:59,092 [INFO] Fetching real-time prices from Broker...
2026-09-09 14:01:04,313 [INFO] Portfolio: Cash=KRW 693,609, Value=KRW 27,205,899
2026-09-09 14:01:04,313 [INFO] >>> Step 2: Load Positions
2026-09-09 14:01:04,313 [INFO] Loaded 20 position lot(s)
2026-09-09 14:01:04,315 [INFO] >>> Step 2.5: Reconcile OK (수량 일치)
2026-09-09 14:01:04,315 [INFO] >>> Processing 삼성증권(016360)
2026-09-09 14:01:05,696 [INFO] [MarketData] 배치 다운로드 완료: 15/15종목
2026-09-09 14:01:05,699 [INFO] [삼성증권(016360)] DOWNTREND 확정 - 신규 진입 차단
2026-09-09 14:01:05,699 [INFO] >>> Processing KODEX 반도체레버리지(494310)
2026-09-09 14:01:05,701 [INFO] [KODEX 반도체레버리지(494310)] DOWNTREND 확정 - 신규 진입 차단
2026-09-09 14:01:05,702 [INFO] >>> Processing SOL 반도체전공정(475300)
2026-09-09 14:01:05,704 [INFO] [SOL 반도체전공정(475300)] DOWNTREND 확정 - 신규 진입 차단
2026-09-09 14:01:05,704 [INFO] >>> Processing 테스(095610)
2026-09-09 14:01:05,707 [INFO] [테스(095610)] DOWNTREND 확정 - 신규 진입 차단
2026-09-09 14:01:05,707 [INFO] >>> Processing KODEX 미국AI광통신네트워크(0173Y0)
2026-09-09 14:01:05,709 [INFO] [KODEX 미국AI광통신네트워크(0173Y0)] 하락 래치 진행 중 - 이미 분할 청산을 거쳤으므로 동일 래치 내 2차 이탈 청산 스킵 (신규 매수만 차단 유지)
2026-09-09 14:01:05,709 [INFO] [KODEX 미국AI광통신네트워크(0173Y0)] DOWNTREND 확정 - 추가 매수 차단
2026-09-09 14:01:05,710 [INFO] >>> Processing ACE 엔비디아밸류체인액티브(483320)
2026-09-09 14:01:05,712 [INFO] [ACE 엔비디아밸류체인액티브(483320)] DOWNTREND 확정 - 신규 진입 차단
2026-09-09 14:01:05,712 [INFO] >>> Processing TIGER 지주회사(307520)
2026-09-09 14:01:05,715 [INFO] [TIGER 지주회사(307520)] DOWNTREND 확정 - 신규 진입 차단
2026-09-09 14:01:05,715 [INFO] >>> Processing KODEX AI전력핵심설비(487240)
2026-09-09 14:01:05,717 [INFO] [KODEX AI전력핵심설비(487240)] 하락 래치 진행 중 - 이미 분할 청산을 거쳤으므로 동일 래치 내 2차 이탈 청산 스킵 (신규 매수만 차단 유지)
2026-09-09 14:01:05,717 [INFO] [KODEX AI전력핵심설비(487240)] DOWNTREND 확정 - 추가 매수 차단
2026-09-09 14:01:05,718 [INFO] >>> Processing KODEX 증권(102970)
2026-09-09 14:01:05,720 [INFO] [KODEX 증권(102970)] DOWNTREND 확정 - 신규 진입 차단
2026-09-09 14:01:05,720 [INFO] >>> Processing 메리츠금융지주(138040)
2026-09-09 14:01:05,724 [INFO]   [메리츠금융지주(138040)] 📈 상승 레짐 유지 | Lv4 매수 KRW 117,000 -> 현재 KRW 125,600 (+7.35%) | 채널하단 KRW 118,025 / 이탈선 KRW 118,025 (허용 -0.0%) | 20EMA(눌림) KRW 124,999 (이격 +0.48%) | adds 3/3
2026-09-09 14:01:05,725 [INFO] >>> Processing 삼성전자우(005935)
2026-09-09 14:01:05,727 [INFO] [삼성전자우(005935)] 하락 래치 진행 중 - 이미 분할 청산을 거쳤으므로 동일 래치 내 2차 이탈 청산 스킵 (신규 매수만 차단 유지)
2026-09-09 14:01:05,729 [INFO]   [삼성전자우(005935)] 📈 상승 레짐 유지 | Lv1 매수 KRW 234,500 -> 현재 KRW 197,300 (-15.86%) | 채널하단 KRW 150,678 / 이탈선 KRW 150,678 (허용 -0.0%) | 20EMA(눌림) KRW 189,698 (이격 +4.01%) | adds 3/3
2026-09-09 14:01:05,729 [INFO] >>> Processing 한국쉘석유(002960)
2026-09-09 14:01:05,731 [INFO]   [한국쉘석유(002960)] 신호 없음 | Lv1 매수 KRW 509,000 -> 현재 KRW 500,000 (-1.77%) | 익절 +10.0% / 추매 -5.0%
2026-09-09 14:01:05,732 [INFO] >>> Processing KODEX 미국AI전력핵심인프라(487230)
2026-09-09 14:01:05,734 [INFO] [KODEX 미국AI전력핵심인프라(487230)] 하락 래치 진행 중 - 이미 분할 청산을 거쳤으므로 동일 래치 내 2차 이탈 청산 스킵 (신규 매수만 차단 유지)
2026-09-09 14:01:05,734 [INFO] [KODEX 미국AI전력핵심인프라(487230)] DOWNTREND 확정 - 추가 매수 차단
2026-09-09 14:01:05,735 [INFO] >>> Processing 삼성전자(005930)
2026-09-09 14:01:05,737 [INFO] [삼성전자(005930)] 하락 래치 진행 중 - 이미 분할 청산을 거쳤으므로 동일 래치 내 2차 이탈 청산 스킵 (신규 매수만 차단 유지)
2026-09-09 14:01:05,739 [INFO]   [삼성전자(005930)] 📈 상승 레짐 유지 | Lv2 매수 KRW 260,500 -> 현재 KRW 270,500 (+3.84%) | 채널하단 KRW 191,423 / 이탈선 KRW 191,423 (허용 -0.0%) | 20EMA(눌림) KRW 259,499 (이격 +4.24%) | adds 1/3
2026-09-09 14:01:05,739 [INFO] >>> Processing ACE 테슬라밸류체인액티브(457480)
2026-09-09 14:01:05,742 [INFO] [ACE 테슬라밸류체인액티브(457480)] DOWNTREND 확정 - 신규 진입 차단
2026-09-09 14:01:05,742 [INFO] >>> Step 6: Persist
