2026-08-10 10:00:57,129 [INFO] === Initializing MagicSplit Bot (domestic) ===
2026-08-10 10:00:57,129 [INFO] Loaded 24 stock rule(s) from config_domestic.json
2026-08-10 10:00:57,130 [INFO] [domestic] 12 rule(s), mode=LIVE
2026-08-10 10:00:57,130 [INFO] [KisBroker] 새 토큰 발급 중...
2026-08-10 10:00:57,993 [INFO] [KisDomesticLiveBroker] Mode: LIVE TRADING
2026-08-10 10:00:57,995 [INFO] [MarketData] 레짐 필터 활성 종목 12개 -> YFinanceMarketDataProvider 주입 (window 260봉)
2026-08-10 10:00:57,995 [INFO] === Running domestic engine ===
2026-08-10 10:00:57,995 [INFO] >>> Step 1: Portfolio & Price Fetch
2026-08-10 10:00:58,394 [INFO] Fetching real-time prices from Broker...
2026-08-10 10:01:01,773 [INFO] Portfolio: Cash=KRW 10,797,437, Value=KRW 24,318,537
2026-08-10 10:01:01,773 [INFO] >>> Step 2: Load Positions
2026-08-10 10:01:01,773 [INFO] Loaded 9 position lot(s)
2026-08-10 10:01:01,774 [INFO] >>> Step 2.5: Reconcile OK (수량 일치)
2026-08-10 10:01:01,775 [INFO] >>> Processing KODEX 반도체레버리지(494310)
2026-08-10 10:01:02,669 [INFO] [MarketData] 배치 다운로드 완료: 12/12종목
2026-08-10 10:01:02,671 [INFO] [KODEX 반도체레버리지(494310)] DOWNTREND 확정 - 신규 진입 차단
2026-08-10 10:01:02,672 [INFO] >>> Processing 삼성증권(016360)
2026-08-10 10:01:02,674 [INFO] [삼성증권(016360)] DOWNTREND 확정 - 신규 진입 차단
2026-08-10 10:01:02,674 [INFO] >>> Processing 삼성전자(005930)
2026-08-10 10:01:02,675 [INFO] [삼성전자(005930)] 하락 래치 진행 중 - 이미 분할 청산을 거쳤으므로 동일 래치 내 2차 이탈 청산 스킵 (신규 매수만 차단 유지)
2026-08-10 10:01:02,677 [INFO]   [삼성전자(005930)] 📈 상승 레짐 유지 | Lv1 매수 KRW 356,750 -> 현재 KRW 232,500 (-34.83%) | 채널하단(이탈선) KRW 200,600 | 20EMA(눌림) KRW 251,061 (이격 -7.39%) | adds 3/3
2026-08-10 10:01:02,678 [INFO] >>> Processing 삼성전자우(005935)
2026-08-10 10:01:02,679 [INFO] [삼성전자우(005935)] 하락 래치 진행 중 - 이미 분할 청산을 거쳤으므로 동일 래치 내 2차 이탈 청산 스킵 (신규 매수만 차단 유지)
2026-08-10 10:01:02,681 [INFO]   [삼성전자우(005935)] 📈 상승 레짐 유지 | Lv1 매수 KRW 234,500 -> 현재 KRW 173,300 (-26.10%) | 채널하단(이탈선) KRW 150,876 | 20EMA(눌림) KRW 178,930 (이격 -3.15%) | adds 3/3
2026-08-10 10:01:02,681 [INFO] >>> Processing KODEX 증권(102970)
2026-08-10 10:01:02,683 [INFO] [KODEX 증권(102970)] DOWNTREND 확정 - 신규 진입 차단
2026-08-10 10:01:02,683 [INFO] >>> Processing ACE 테슬라밸류체인액티브(457480)
2026-08-10 10:01:02,685 [INFO] [ACE 테슬라밸류체인액티브(457480)] DOWNTREND 확정 - 신규 진입 차단
2026-08-10 10:01:02,685 [INFO] >>> Processing 한국쉘석유(002960)
2026-08-10 10:01:02,688 [INFO] [한국쉘석유(002960)] buy_amount(KRW 500,000) < 현재가(KRW 514,000) -> 1주도 매수 불가. buy_amount 상향 조정 필요
2026-08-10 10:01:03,066 [INFO] >>> Processing TIGER 지주회사(307520)
2026-08-10 10:01:03,068 [INFO] [TIGER 지주회사(307520)] DOWNTREND 확정 - 신규 진입 차단
2026-08-10 10:01:03,069 [INFO] >>> Processing 메리츠금융지주(138040)
2026-08-10 10:01:03,072 [INFO]   [메리츠금융지주(138040)] 📈 상승 레짐 유지 | Lv2 매수 KRW 118,200 -> 현재 KRW 122,600 (+3.72%) | 채널하단(이탈선) KRW 110,669 | 20EMA(눌림) KRW 119,293 (이격 +2.77%) | adds 1/3
2026-08-10 10:01:03,072 [INFO] >>> Processing ACE 엔비디아밸류체인액티브(483320)
2026-08-10 10:01:03,074 [INFO] [ACE 엔비디아밸류체인액티브(483320)] DOWNTREND 확정 - 신규 진입 차단
2026-08-10 10:01:03,074 [INFO] >>> Processing SOL 반도체전공정(475300)
2026-08-10 10:01:03,076 [INFO] [SOL 반도체전공정(475300)] DOWNTREND 확정 - 신규 진입 차단
2026-08-10 10:01:03,076 [INFO] >>> Processing 테스(095610)
2026-08-10 10:01:03,077 [INFO] [테스(095610)] 이탈 청산 후 재진입 대기 - 채널 중심선 미회복 (현재가 KRW 138,700 <= 기준선 KRW 164,361)
2026-08-10 10:01:03,078 [INFO] >>> Step 6: Persist
2026-08-10 12:01:01,594 [INFO] === Initializing MagicSplit Bot (domestic) ===
2026-08-10 12:01:01,594 [INFO] Loaded 24 stock rule(s) from config_domestic.json
2026-08-10 12:01:01,594 [INFO] [domestic] 12 rule(s), mode=LIVE
2026-08-10 12:01:01,595 [INFO] [KisBroker] 캐시에서 토큰 로드 (API 호출 생략)
2026-08-10 12:01:01,595 [INFO] [KisDomesticLiveBroker] Mode: LIVE TRADING
2026-08-10 12:01:01,596 [INFO] [MarketData] 레짐 필터 활성 종목 12개 -> YFinanceMarketDataProvider 주입 (window 260봉)
2026-08-10 12:01:01,596 [INFO] === Running domestic engine ===
2026-08-10 12:01:01,596 [INFO] >>> Step 1: Portfolio & Price Fetch
2026-08-10 12:01:02,934 [INFO] Fetching real-time prices from Broker...
2026-08-10 12:01:06,095 [INFO] Portfolio: Cash=KRW 10,797,437, Value=KRW 24,362,537
2026-08-10 12:01:06,095 [INFO] >>> Step 2: Load Positions
2026-08-10 12:01:06,095 [INFO] Loaded 9 position lot(s)
2026-08-10 12:01:06,096 [INFO] >>> Step 2.5: Reconcile OK (수량 일치)
2026-08-10 12:01:06,096 [INFO] >>> Processing 삼성증권(016360)
2026-08-10 12:01:08,389 [INFO] [MarketData] 배치 다운로드 완료: 12/12종목
2026-08-10 12:01:08,391 [INFO] [삼성증권(016360)] DOWNTREND 확정 - 신규 진입 차단
2026-08-10 12:01:08,391 [INFO] >>> Processing KODEX 반도체레버리지(494310)
2026-08-10 12:01:08,393 [INFO] [KODEX 반도체레버리지(494310)] DOWNTREND 확정 - 신규 진입 차단
2026-08-10 12:01:08,393 [INFO] >>> Processing 삼성전자우(005935)
2026-08-10 12:01:08,395 [INFO] [삼성전자우(005935)] 하락 래치 진행 중 - 이미 분할 청산을 거쳤으므로 동일 래치 내 2차 이탈 청산 스킵 (신규 매수만 차단 유지)
2026-08-10 12:01:08,396 [INFO]   [삼성전자우(005935)] 📈 상승 레짐 유지 | Lv1 매수 KRW 234,500 -> 현재 KRW 172,900 (-26.27%) | 채널하단(이탈선) KRW 150,876 | 20EMA(눌림) KRW 178,930 (이격 -3.37%) | adds 3/3
2026-08-10 12:01:08,396 [INFO] >>> Processing 삼성전자(005930)
2026-08-10 12:01:08,398 [INFO] [삼성전자(005930)] 하락 래치 진행 중 - 이미 분할 청산을 거쳤으므로 동일 래치 내 2차 이탈 청산 스킵 (신규 매수만 차단 유지)
2026-08-10 12:01:08,399 [INFO]   [삼성전자(005930)] 📈 상승 레짐 유지 | Lv1 매수 KRW 356,750 -> 현재 KRW 230,750 (-35.32%) | 채널하단(이탈선) KRW 200,600 | 20EMA(눌림) KRW 251,061 (이격 -8.09%) | adds 3/3
2026-08-10 12:01:08,400 [INFO] >>> Processing ACE 테슬라밸류체인액티브(457480)
2026-08-10 12:01:08,401 [INFO] [ACE 테슬라밸류체인액티브(457480)] DOWNTREND 확정 - 신규 진입 차단
2026-08-10 12:01:08,401 [INFO] >>> Processing 메리츠금융지주(138040)
2026-08-10 12:01:08,404 [INFO]   [메리츠금융지주(138040)] 📈 상승 레짐 유지 | Lv2 매수 KRW 118,200 -> 현재 KRW 123,100 (+4.15%) | 채널하단(이탈선) KRW 110,669 | 20EMA(눌림) KRW 119,293 (이격 +3.19%) | adds 1/3
2026-08-10 12:01:08,405 [INFO] >>> Processing TIGER 지주회사(307520)
2026-08-10 12:01:08,406 [INFO] [TIGER 지주회사(307520)] DOWNTREND 확정 - 신규 진입 차단
2026-08-10 12:01:08,406 [INFO] >>> Processing KODEX 증권(102970)
2026-08-10 12:01:08,408 [INFO] [KODEX 증권(102970)] DOWNTREND 확정 - 신규 진입 차단
2026-08-10 12:01:08,408 [INFO] >>> Processing 테스(095610)
2026-08-10 12:01:08,410 [INFO] [테스(095610)] 이탈 청산 후 재진입 대기 - 채널 중심선 미회복 (현재가 KRW 143,700 <= 기준선 KRW 164,361)
2026-08-10 12:01:08,410 [INFO] >>> Processing 한국쉘석유(002960)
2026-08-10 12:01:08,412 [INFO] [한국쉘석유(002960)] buy_amount(KRW 500,000) < 현재가(KRW 513,000) -> 1주도 매수 불가. buy_amount 상향 조정 필요
2026-08-10 12:01:08,940 [INFO] >>> Processing SOL 반도체전공정(475300)
2026-08-10 12:01:08,942 [INFO] [SOL 반도체전공정(475300)] DOWNTREND 확정 - 신규 진입 차단
2026-08-10 12:01:08,943 [INFO] >>> Processing ACE 엔비디아밸류체인액티브(483320)
2026-08-10 12:01:08,944 [INFO] [ACE 엔비디아밸류체인액티브(483320)] DOWNTREND 확정 - 신규 진입 차단
2026-08-10 12:01:08,945 [INFO] >>> Step 6: Persist
2026-08-10 14:01:01,041 [INFO] === Initializing MagicSplit Bot (domestic) ===
2026-08-10 14:01:01,041 [INFO] Loaded 24 stock rule(s) from config_domestic.json
2026-08-10 14:01:01,041 [INFO] [domestic] 12 rule(s), mode=LIVE
2026-08-10 14:01:01,041 [INFO] [KisBroker] 캐시에서 토큰 로드 (API 호출 생략)
2026-08-10 14:01:01,041 [INFO] [KisDomesticLiveBroker] Mode: LIVE TRADING
2026-08-10 14:01:01,044 [INFO] [MarketData] 레짐 필터 활성 종목 12개 -> YFinanceMarketDataProvider 주입 (window 260봉)
2026-08-10 14:01:01,044 [INFO] === Running domestic engine ===
2026-08-10 14:01:01,044 [INFO] >>> Step 1: Portfolio & Price Fetch
2026-08-10 14:01:01,993 [WARNING] [KisBroker] 초당 거래건수 초과(EGW00201/429) 감지 — 0.5s 대기 후 재시도 (1/3)
2026-08-10 14:01:03,220 [INFO] Fetching real-time prices from Broker...
2026-08-10 14:01:06,811 [INFO] Portfolio: Cash=KRW 10,797,437, Value=KRW 24,164,637
2026-08-10 14:01:06,811 [INFO] >>> Step 2: Load Positions
2026-08-10 14:01:06,811 [INFO] Loaded 9 position lot(s)
2026-08-10 14:01:06,812 [INFO] >>> Step 2.5: Reconcile OK (수량 일치)
2026-08-10 14:01:06,813 [INFO] >>> Processing 삼성증권(016360)
2026-08-10 14:01:07,625 [INFO] [MarketData] 배치 다운로드 완료: 12/12종목
2026-08-10 14:01:07,628 [INFO] [삼성증권(016360)] DOWNTREND 확정 - 신규 진입 차단
2026-08-10 14:01:07,628 [INFO] >>> Processing KODEX 반도체레버리지(494310)
2026-08-10 14:01:07,630 [INFO] [KODEX 반도체레버리지(494310)] DOWNTREND 확정 - 신규 진입 차단
2026-08-10 14:01:07,631 [INFO] >>> Processing ACE 테슬라밸류체인액티브(457480)
2026-08-10 14:01:07,633 [INFO] [ACE 테슬라밸류체인액티브(457480)] DOWNTREND 확정 - 신규 진입 차단
2026-08-10 14:01:07,633 [INFO] >>> Processing 메리츠금융지주(138040)
2026-08-10 14:01:07,637 [INFO]   [메리츠금융지주(138040)] 📈 상승 레짐 유지 | Lv2 매수 KRW 118,200 -> 현재 KRW 123,200 (+4.23%) | 채널하단(이탈선) KRW 110,669 | 20EMA(눌림) KRW 119,293 (이격 +3.28%) | adds 1/3
2026-08-10 14:01:07,638 [INFO] >>> Processing KODEX 증권(102970)
2026-08-10 14:01:07,640 [INFO] [KODEX 증권(102970)] DOWNTREND 확정 - 신규 진입 차단
2026-08-10 14:01:07,640 [INFO] >>> Processing 삼성전자우(005935)
2026-08-10 14:01:07,642 [INFO] [삼성전자우(005935)] 하락 래치 진행 중 - 이미 분할 청산을 거쳤으므로 동일 래치 내 2차 이탈 청산 스킵 (신규 매수만 차단 유지)
2026-08-10 14:01:07,644 [INFO]   [삼성전자우(005935)] 📈 상승 레짐 유지 | Lv1 매수 KRW 234,500 -> 현재 KRW 171,700 (-26.78%) | 채널하단(이탈선) KRW 150,876 | 20EMA(눌림) KRW 178,930 (이격 -4.04%) | adds 3/3
2026-08-10 14:01:07,645 [INFO] >>> Processing 테스(095610)
2026-08-10 14:01:07,647 [INFO] [테스(095610)] 이탈 청산 후 재진입 대기 - 채널 중심선 미회복 (현재가 KRW 143,100 <= 기준선 KRW 164,361)
2026-08-10 14:01:07,647 [INFO] >>> Processing TIGER 지주회사(307520)
2026-08-10 14:01:07,649 [INFO] [TIGER 지주회사(307520)] DOWNTREND 확정 - 신규 진입 차단
2026-08-10 14:01:07,650 [INFO] >>> Processing SOL 반도체전공정(475300)
2026-08-10 14:01:07,652 [INFO] [SOL 반도체전공정(475300)] DOWNTREND 확정 - 신규 진입 차단
2026-08-10 14:01:07,652 [INFO] >>> Processing 삼성전자(005930)
2026-08-10 14:01:07,655 [INFO] [삼성전자(005930)] 하락 래치 진행 중 - 이미 분할 청산을 거쳤으므로 동일 래치 내 2차 이탈 청산 스킵 (신규 매수만 차단 유지)
2026-08-10 14:01:07,657 [INFO]   [삼성전자(005930)] 📈 상승 레짐 유지 | Lv1 매수 KRW 356,750 -> 현재 KRW 229,500 (-35.67%) | 채널하단(이탈선) KRW 200,600 | 20EMA(눌림) KRW 251,061 (이격 -8.59%) | adds 3/3
2026-08-10 14:01:07,657 [INFO] >>> Processing 한국쉘석유(002960)
2026-08-10 14:01:07,659 [INFO] [한국쉘석유(002960)] buy_amount(KRW 500,000) < 현재가(KRW 510,000) -> 1주도 매수 불가. buy_amount 상향 조정 필요
2026-08-10 14:01:08,013 [INFO] >>> Processing ACE 엔비디아밸류체인액티브(483320)
2026-08-10 14:01:08,016 [INFO] [ACE 엔비디아밸류체인액티브(483320)] DOWNTREND 확정 - 신규 진입 차단
2026-08-10 14:01:08,017 [INFO] >>> Step 6: Persist
