2026-08-24 10:00:55,709 [INFO] === Initializing MagicSplit Bot (domestic) ===
2026-08-24 10:00:55,709 [INFO] Loaded 28 stock rule(s) from config_domestic.json
2026-08-24 10:00:55,709 [INFO] [domestic] 15 rule(s), mode=LIVE
2026-08-24 10:00:55,709 [INFO] [KisBroker] 새 토큰 발급 중...
2026-08-24 10:00:56,508 [INFO] [KisDomesticLiveBroker] Mode: LIVE TRADING
2026-08-24 10:00:56,511 [INFO] [MarketData] 레짐 필터 활성 종목 15개 -> YFinanceMarketDataProvider 주입 (window 260봉)
2026-08-24 10:00:56,511 [INFO] === Running domestic engine ===
2026-08-24 10:00:56,511 [INFO] >>> Step 1: Portfolio & Price Fetch
2026-08-24 10:00:56,877 [INFO] Fetching real-time prices from Broker...
2026-08-24 10:01:00,453 [INFO] Portfolio: Cash=KRW 1,460,698, Value=KRW 26,020,343
2026-08-24 10:01:00,453 [INFO] >>> Step 2: Load Positions
2026-08-24 10:01:00,453 [INFO] Loaded 19 position lot(s)
2026-08-24 10:01:00,454 [INFO] >>> Step 2.5: Reconcile OK (수량 일치)
2026-08-24 10:01:00,455 [INFO] >>> Processing 삼성증권(016360)
2026-08-24 10:01:02,013 [INFO] [MarketData] 배치 다운로드 완료: 15/15종목
2026-08-24 10:01:02,016 [INFO] [삼성증권(016360)] DOWNTREND 확정 - 신규 진입 차단
2026-08-24 10:01:02,017 [INFO] >>> Processing KODEX 반도체레버리지(494310)
2026-08-24 10:01:02,019 [INFO] [KODEX 반도체레버리지(494310)] DOWNTREND 확정 - 신규 진입 차단
2026-08-24 10:01:02,019 [INFO] >>> Processing KODEX 증권(102970)
2026-08-24 10:01:02,022 [INFO] [KODEX 증권(102970)] DOWNTREND 확정 - 신규 진입 차단
2026-08-24 10:01:02,022 [INFO] >>> Processing 삼성전자(005930)
2026-08-24 10:01:02,025 [INFO] [삼성전자(005930)] 하락 래치 진행 중 - 이미 분할 청산을 거쳤으므로 동일 래치 내 2차 이탈 청산 스킵 (신규 매수만 차단 유지)
2026-08-24 10:01:02,027 [INFO]   [삼성전자(005930)] 📈 상승 레짐 유지 | Lv1 매수 KRW 356,750 -> 현재 KRW 264,500 (-25.86%) | 채널하단 KRW 194,591 / 이탈선 KRW 194,591 (허용 -0.0%) | 20EMA(눌림) KRW 257,889 (이격 +2.56%) | adds 0/3
2026-08-24 10:01:02,027 [INFO] >>> Processing ACE 엔비디아밸류체인액티브(483320)
2026-08-24 10:01:02,030 [INFO] [ACE 엔비디아밸류체인액티브(483320)] DOWNTREND 확정 - 신규 진입 차단
2026-08-24 10:01:02,030 [INFO] >>> Processing KODEX 미국AI광통신네트워크(0173Y0)
2026-08-24 10:01:02,033 [INFO] [KODEX 미국AI광통신네트워크(0173Y0)] 하락 래치 진행 중 - 이미 분할 청산을 거쳤으므로 동일 래치 내 2차 이탈 청산 스킵 (신규 매수만 차단 유지)
2026-08-24 10:01:02,033 [INFO] [KODEX 미국AI광통신네트워크(0173Y0)] DOWNTREND 확정 - 추가 매수 차단
2026-08-24 10:01:02,034 [INFO] >>> Processing KODEX AI전력핵심설비(487240)
2026-08-24 10:01:02,036 [INFO] [KODEX AI전력핵심설비(487240)] 하락 래치 진행 중 - 이미 분할 청산을 거쳤으므로 동일 래치 내 2차 이탈 청산 스킵 (신규 매수만 차단 유지)
2026-08-24 10:01:02,036 [INFO] [KODEX AI전력핵심설비(487240)] DOWNTREND 확정 - 추가 매수 차단
2026-08-24 10:01:02,037 [INFO] >>> Processing 한국쉘석유(002960)
2026-08-24 10:01:02,039 [INFO]   [한국쉘석유(002960)] 신호 없음 | Lv1 매수 KRW 509,000 -> 현재 KRW 504,000 (-0.98%) | 익절 +10.0% / 추매 -5.0%
2026-08-24 10:01:02,039 [INFO] >>> Processing SOL 반도체전공정(475300)
2026-08-24 10:01:02,042 [INFO] [SOL 반도체전공정(475300)] DOWNTREND 확정 - 신규 진입 차단
2026-08-24 10:01:02,043 [INFO] >>> Processing KODEX 미국AI전력핵심인프라(487230)
2026-08-24 10:01:02,045 [INFO] [KODEX 미국AI전력핵심인프라(487230)] 하락 래치 진행 중 - 이미 분할 청산을 거쳤으므로 동일 래치 내 2차 이탈 청산 스킵 (신규 매수만 차단 유지)
2026-08-24 10:01:02,045 [INFO] [KODEX 미국AI전력핵심인프라(487230)] DOWNTREND 확정 - 추가 매수 차단
2026-08-24 10:01:02,046 [INFO] >>> Processing ACE 테슬라밸류체인액티브(457480)
2026-08-24 10:01:02,048 [INFO] [ACE 테슬라밸류체인액티브(457480)] DOWNTREND 확정 - 신규 진입 차단
2026-08-24 10:01:02,048 [INFO] >>> Processing 삼성전자우(005935)
2026-08-24 10:01:02,051 [INFO] [삼성전자우(005935)] 하락 래치 진행 중 - 이미 분할 청산을 거쳤으므로 동일 래치 내 2차 이탈 청산 스킵 (신규 매수만 차단 유지)
2026-08-24 10:01:02,053 [INFO]   [삼성전자우(005935)] 📈 상승 레짐 유지 | Lv1 매수 KRW 234,500 -> 현재 KRW 191,400 (-18.38%) | 채널하단 KRW 148,651 / 이탈선 KRW 148,651 (허용 -0.0%) | 20EMA(눌림) KRW 184,628 (이격 +3.67%) | adds 3/3
2026-08-24 10:01:02,053 [INFO] >>> Processing 테스(095610)
2026-08-24 10:01:02,056 [INFO] [테스(095610)] 이탈 청산 후 재진입 대기 - 채널 중심선 미회복 (현재가 KRW 136,600 <= 기준선 KRW 148,675)
2026-08-24 10:01:02,056 [INFO] >>> Processing 메리츠금융지주(138040)
2026-08-24 10:01:02,060 [INFO]   [메리츠금융지주(138040)] 📈 상승 레짐 유지 | Lv4 매수 KRW 117,000 -> 현재 KRW 114,700 (-1.97%) | 채널하단 KRW 113,652 / 이탈선 KRW 113,652 (허용 -0.0%) | 20EMA(눌림) KRW 118,275 (이격 -3.02%) | adds 3/3
2026-08-24 10:01:02,060 [INFO] >>> Processing TIGER 지주회사(307520)
2026-08-24 10:01:02,063 [INFO] [TIGER 지주회사(307520)] DOWNTREND 확정 - 신규 진입 차단
2026-08-24 10:01:02,063 [INFO] >>> Step 6: Persist
2026-08-24 12:00:56,515 [INFO] === Initializing MagicSplit Bot (domestic) ===
2026-08-24 12:00:56,515 [INFO] Loaded 28 stock rule(s) from config_domestic.json
2026-08-24 12:00:56,515 [INFO] [domestic] 15 rule(s), mode=LIVE
2026-08-24 12:00:56,515 [INFO] [KisBroker] 캐시에서 토큰 로드 (API 호출 생략)
2026-08-24 12:00:56,515 [INFO] [KisDomesticLiveBroker] Mode: LIVE TRADING
2026-08-24 12:00:56,518 [INFO] [MarketData] 레짐 필터 활성 종목 15개 -> YFinanceMarketDataProvider 주입 (window 260봉)
2026-08-24 12:00:56,518 [INFO] === Running domestic engine ===
2026-08-24 12:00:56,518 [INFO] >>> Step 1: Portfolio & Price Fetch
2026-08-24 12:00:57,533 [INFO] Fetching real-time prices from Broker...
2026-08-24 12:01:02,055 [INFO] Portfolio: Cash=KRW 1,460,698, Value=KRW 25,607,278
2026-08-24 12:01:02,055 [INFO] >>> Step 2: Load Positions
2026-08-24 12:01:02,055 [INFO] Loaded 19 position lot(s)
2026-08-24 12:01:02,056 [INFO] >>> Step 2.5: Reconcile OK (수량 일치)
2026-08-24 12:01:02,057 [INFO] >>> Processing 삼성증권(016360)
2026-08-24 12:01:03,157 [INFO] [MarketData] 배치 다운로드 완료: 15/15종목
2026-08-24 12:01:03,160 [INFO] [삼성증권(016360)] DOWNTREND 확정 - 신규 진입 차단
2026-08-24 12:01:03,160 [INFO] >>> Processing KODEX 반도체레버리지(494310)
2026-08-24 12:01:03,162 [INFO] [KODEX 반도체레버리지(494310)] DOWNTREND 확정 - 신규 진입 차단
2026-08-24 12:01:03,163 [INFO] >>> Processing TIGER 지주회사(307520)
2026-08-24 12:01:03,165 [INFO] [TIGER 지주회사(307520)] DOWNTREND 확정 - 신규 진입 차단
2026-08-24 12:01:03,165 [INFO] >>> Processing KODEX AI전력핵심설비(487240)
2026-08-24 12:01:03,167 [INFO] [KODEX AI전력핵심설비(487240)] 하락 래치 진행 중 - 이미 분할 청산을 거쳤으므로 동일 래치 내 2차 이탈 청산 스킵 (신규 매수만 차단 유지)
2026-08-24 12:01:03,168 [INFO] [KODEX AI전력핵심설비(487240)] DOWNTREND 확정 - 추가 매수 차단
2026-08-24 12:01:03,168 [INFO] >>> Processing 테스(095610)
2026-08-24 12:01:03,170 [INFO] [테스(095610)] 이탈 청산 후 재진입 대기 - 채널 중심선 미회복 (현재가 KRW 136,000 <= 기준선 KRW 148,675)
2026-08-24 12:01:03,171 [INFO] >>> Processing 삼성전자(005930)
2026-08-24 12:01:03,173 [INFO] [삼성전자(005930)] 하락 래치 진행 중 - 이미 분할 청산을 거쳤으므로 동일 래치 내 2차 이탈 청산 스킵 (신규 매수만 차단 유지)
2026-08-24 12:01:03,173 [INFO] [삼성전자(005930)] 상승장 누적 매수 Lv2 3주 @KRW 260,500 (20EMA KRW 257,889 눌림, add 1/3)
2026-08-24 12:01:03,173 [INFO] Executing 1 order(s)...
2026-08-24 12:01:03,579 [INFO] [KisBroker] Available Cash for BUY: 1,460,698
2026-08-24 12:01:05,049 [INFO] [KisDomestic] Order Sent: BUY 삼성전자(005930) 3 @ 260500 (ODNO=0012173800)
2026-08-24 12:01:05,442 [INFO] [KisDomestic] Order FILLED: 삼성전자(005930) ODNO=0012173800 price=260500.0 qty=3 fee=117.225
2026-08-24 12:01:05,643 [INFO] [삼성전자(005930)] 동적 재매수 기준 초기화 (매도가 KRW 232,250 -> 소비됨)
2026-08-24 12:01:05,643 [INFO] [Position] New lot: lot_20260824_120105_005930_002 Lv2 삼성전자(005930) 3주 @KRW 260,500
2026-08-24 12:01:09,050 [INFO] >>> Processing KODEX 증권(102970)
2026-08-24 12:01:09,054 [INFO] [KODEX 증권(102970)] DOWNTREND 확정 - 신규 진입 차단
2026-08-24 12:01:09,054 [INFO] >>> Processing 메리츠금융지주(138040)
2026-08-24 12:01:09,058 [INFO]   [메리츠금융지주(138040)] 📈 상승 레짐 유지 | Lv4 매수 KRW 117,000 -> 현재 KRW 114,700 (-1.97%) | 채널하단 KRW 113,652 / 이탈선 KRW 113,652 (허용 -0.0%) | 20EMA(눌림) KRW 118,275 (이격 -3.02%) | adds 3/3
2026-08-24 12:01:09,059 [INFO] >>> Processing KODEX 미국AI전력핵심인프라(487230)
2026-08-24 12:01:09,061 [INFO] [KODEX 미국AI전력핵심인프라(487230)] 하락 래치 진행 중 - 이미 분할 청산을 거쳤으므로 동일 래치 내 2차 이탈 청산 스킵 (신규 매수만 차단 유지)
2026-08-24 12:01:09,061 [INFO] [KODEX 미국AI전력핵심인프라(487230)] DOWNTREND 확정 - 추가 매수 차단
2026-08-24 12:01:09,062 [INFO] >>> Processing ACE 테슬라밸류체인액티브(457480)
2026-08-24 12:01:09,064 [INFO] [ACE 테슬라밸류체인액티브(457480)] DOWNTREND 확정 - 신규 진입 차단
2026-08-24 12:01:09,064 [INFO] >>> Processing KODEX 미국AI광통신네트워크(0173Y0)
2026-08-24 12:01:09,066 [INFO] [KODEX 미국AI광통신네트워크(0173Y0)] 하락 래치 진행 중 - 이미 분할 청산을 거쳤으므로 동일 래치 내 2차 이탈 청산 스킵 (신규 매수만 차단 유지)
2026-08-24 12:01:09,067 [INFO] [KODEX 미국AI광통신네트워크(0173Y0)] DOWNTREND 확정 - 추가 매수 차단
2026-08-24 12:01:09,067 [INFO] >>> Processing 한국쉘석유(002960)
2026-08-24 12:01:09,069 [INFO]   [한국쉘석유(002960)] 신호 없음 | Lv1 매수 KRW 509,000 -> 현재 KRW 504,000 (-0.98%) | 익절 +10.0% / 추매 -5.0%
2026-08-24 12:01:09,070 [INFO] >>> Processing SOL 반도체전공정(475300)
2026-08-24 12:01:09,072 [INFO] [SOL 반도체전공정(475300)] DOWNTREND 확정 - 신규 진입 차단
2026-08-24 12:01:09,072 [INFO] >>> Processing ACE 엔비디아밸류체인액티브(483320)
2026-08-24 12:01:09,074 [INFO] [ACE 엔비디아밸류체인액티브(483320)] DOWNTREND 확정 - 신규 진입 차단
2026-08-24 12:01:09,075 [INFO] >>> Processing 삼성전자우(005935)
2026-08-24 12:01:09,077 [INFO] [삼성전자우(005935)] 하락 래치 진행 중 - 이미 분할 청산을 거쳤으므로 동일 래치 내 2차 이탈 청산 스킵 (신규 매수만 차단 유지)
2026-08-24 12:01:09,079 [INFO]   [삼성전자우(005935)] 📈 상승 레짐 유지 | Lv1 매수 KRW 234,500 -> 현재 KRW 192,300 (-18.00%) | 채널하단 KRW 148,651 / 이탈선 KRW 148,651 (허용 -0.0%) | 20EMA(눌림) KRW 184,628 (이격 +4.16%) | adds 3/3
2026-08-24 12:01:09,079 [INFO] >>> Step 6: Persist
2026-08-24 14:00:54,451 [INFO] === Initializing MagicSplit Bot (domestic) ===
2026-08-24 14:00:54,452 [INFO] Loaded 28 stock rule(s) from config_domestic.json
2026-08-24 14:00:54,452 [INFO] [domestic] 15 rule(s), mode=LIVE
2026-08-24 14:00:54,452 [INFO] [KisBroker] 캐시에서 토큰 로드 (API 호출 생략)
2026-08-24 14:00:54,452 [INFO] [KisDomesticLiveBroker] Mode: LIVE TRADING
2026-08-24 14:00:54,454 [INFO] [MarketData] 레짐 필터 활성 종목 15개 -> YFinanceMarketDataProvider 주입 (window 260봉)
2026-08-24 14:00:54,454 [INFO] === Running domestic engine ===
2026-08-24 14:00:54,454 [INFO] >>> Step 1: Portfolio & Price Fetch
2026-08-24 14:00:55,454 [INFO] Fetching real-time prices from Broker...
2026-08-24 14:00:59,982 [INFO] Portfolio: Cash=KRW 679,098, Value=KRW 25,437,448
2026-08-24 14:00:59,982 [INFO] >>> Step 2: Load Positions
2026-08-24 14:00:59,982 [INFO] Loaded 20 position lot(s)
2026-08-24 14:00:59,983 [INFO] >>> Step 2.5: Reconcile OK (수량 일치)
2026-08-24 14:00:59,984 [INFO] >>> Processing 삼성증권(016360)
2026-08-24 14:01:01,088 [INFO] [MarketData] 배치 다운로드 완료: 15/15종목
2026-08-24 14:01:01,090 [INFO] [삼성증권(016360)] DOWNTREND 확정 - 신규 진입 차단
2026-08-24 14:01:01,091 [INFO] >>> Processing KODEX 반도체레버리지(494310)
2026-08-24 14:01:01,093 [INFO] [KODEX 반도체레버리지(494310)] DOWNTREND 확정 - 신규 진입 차단
2026-08-24 14:01:01,093 [INFO] >>> Processing 메리츠금융지주(138040)
2026-08-24 14:01:01,097 [INFO]   [메리츠금융지주(138040)] 📈 상승 레짐 유지 | Lv4 매수 KRW 117,000 -> 현재 KRW 114,800 (-1.88%) | 채널하단 KRW 113,652 / 이탈선 KRW 113,652 (허용 -0.0%) | 20EMA(눌림) KRW 118,275 (이격 -2.94%) | adds 3/3
2026-08-24 14:01:01,098 [INFO] >>> Processing 삼성전자(005930)
2026-08-24 14:01:01,100 [INFO] [삼성전자(005930)] 하락 래치 진행 중 - 이미 분할 청산을 거쳤으므로 동일 래치 내 2차 이탈 청산 스킵 (신규 매수만 차단 유지)
2026-08-24 14:01:01,102 [INFO]   [삼성전자(005930)] 📈 상승 레짐 유지 | Lv2 매수 KRW 260,500 -> 현재 KRW 257,250 (-1.25%) | 채널하단 KRW 194,591 / 이탈선 KRW 194,591 (허용 -0.0%) | 20EMA(눌림) KRW 257,889 (이격 -0.25%) | adds 1/3
2026-08-24 14:01:01,102 [INFO] >>> Processing SOL 반도체전공정(475300)
2026-08-24 14:01:01,105 [INFO] [SOL 반도체전공정(475300)] DOWNTREND 확정 - 신규 진입 차단
2026-08-24 14:01:01,105 [INFO] >>> Processing 테스(095610)
2026-08-24 14:01:01,107 [INFO] [테스(095610)] 이탈 청산 후 재진입 대기 - 채널 중심선 미회복 (현재가 KRW 133,800 <= 기준선 KRW 148,675)
2026-08-24 14:01:01,108 [INFO] >>> Processing 한국쉘석유(002960)
2026-08-24 14:01:01,110 [INFO]   [한국쉘석유(002960)] 신호 없음 | Lv1 매수 KRW 509,000 -> 현재 KRW 504,000 (-0.98%) | 익절 +10.0% / 추매 -5.0%
2026-08-24 14:01:01,110 [INFO] >>> Processing ACE 엔비디아밸류체인액티브(483320)
2026-08-24 14:01:01,112 [INFO] [ACE 엔비디아밸류체인액티브(483320)] DOWNTREND 확정 - 신규 진입 차단
2026-08-24 14:01:01,113 [INFO] >>> Processing ACE 테슬라밸류체인액티브(457480)
2026-08-24 14:01:01,115 [INFO] [ACE 테슬라밸류체인액티브(457480)] DOWNTREND 확정 - 신규 진입 차단
2026-08-24 14:01:01,115 [INFO] >>> Processing KODEX AI전력핵심설비(487240)
2026-08-24 14:01:01,117 [INFO] [KODEX AI전력핵심설비(487240)] 하락 래치 진행 중 - 이미 분할 청산을 거쳤으므로 동일 래치 내 2차 이탈 청산 스킵 (신규 매수만 차단 유지)
2026-08-24 14:01:01,118 [INFO] [KODEX AI전력핵심설비(487240)] DOWNTREND 확정 - 추가 매수 차단
2026-08-24 14:01:01,118 [INFO] >>> Processing KODEX 증권(102970)
2026-08-24 14:01:01,120 [INFO] [KODEX 증권(102970)] DOWNTREND 확정 - 신규 진입 차단
2026-08-24 14:01:01,120 [INFO] >>> Processing KODEX 미국AI전력핵심인프라(487230)
2026-08-24 14:01:01,122 [INFO] [KODEX 미국AI전력핵심인프라(487230)] 하락 래치 진행 중 - 이미 분할 청산을 거쳤으므로 동일 래치 내 2차 이탈 청산 스킵 (신규 매수만 차단 유지)
2026-08-24 14:01:01,123 [INFO] [KODEX 미국AI전력핵심인프라(487230)] DOWNTREND 확정 - 추가 매수 차단
2026-08-24 14:01:01,123 [INFO] >>> Processing KODEX 미국AI광통신네트워크(0173Y0)
2026-08-24 14:01:01,125 [INFO] [KODEX 미국AI광통신네트워크(0173Y0)] 하락 래치 진행 중 - 이미 분할 청산을 거쳤으므로 동일 래치 내 2차 이탈 청산 스킵 (신규 매수만 차단 유지)
2026-08-24 14:01:01,125 [INFO] [KODEX 미국AI광통신네트워크(0173Y0)] DOWNTREND 확정 - 추가 매수 차단
2026-08-24 14:01:01,126 [INFO] >>> Processing TIGER 지주회사(307520)
2026-08-24 14:01:01,128 [INFO] [TIGER 지주회사(307520)] DOWNTREND 확정 - 신규 진입 차단
2026-08-24 14:01:01,128 [INFO] >>> Processing 삼성전자우(005935)
2026-08-24 14:01:01,130 [INFO] [삼성전자우(005935)] 하락 래치 진행 중 - 이미 분할 청산을 거쳤으므로 동일 래치 내 2차 이탈 청산 스킵 (신규 매수만 차단 유지)
2026-08-24 14:01:01,132 [INFO]   [삼성전자우(005935)] 📈 상승 레짐 유지 | Lv1 매수 KRW 234,500 -> 현재 KRW 190,800 (-18.64%) | 채널하단 KRW 148,651 / 이탈선 KRW 148,651 (허용 -0.0%) | 20EMA(눌림) KRW 184,628 (이격 +3.34%) | adds 3/3
2026-08-24 14:01:01,132 [INFO] >>> Step 6: Persist
