2026-09-17 11:20:29,475 [INFO] === Initializing MagicSplit Bot (domestic) ===
2026-09-17 11:20:29,475 [INFO] Loaded 28 stock rule(s) from config_domestic.json
2026-09-17 11:20:29,475 [INFO] [domestic] 15 rule(s), mode=LIVE
2026-09-17 11:20:29,476 [INFO] [KisBroker] 새 토큰 발급 중...
2026-09-17 11:20:30,450 [INFO] [KisDomesticLiveBroker] Mode: LIVE TRADING
2026-09-17 11:20:30,452 [INFO] [MarketData] 국내 가격 단절 검사 15종목 / 레짐 필터 15종목 -> YFinanceMarketDataProvider 주입 (window 260봉)
2026-09-17 11:20:30,452 [INFO] === Running domestic engine ===
2026-09-17 11:20:30,453 [INFO] >>> Step 1: Portfolio & Price Fetch
2026-09-17 11:20:30,866 [INFO] Fetching real-time prices from Broker...
2026-09-17 11:20:35,195 [INFO] Portfolio: Cash=KRW 693,742, Value=KRW 26,173,497
2026-09-17 11:20:35,195 [INFO] >>> Step 2: Load Positions
2026-09-17 11:20:35,195 [INFO] Loaded 20 position lot(s)
2026-09-17 11:20:35,197 [INFO] >>> Step 2.5: Reconcile OK (수량 일치)
2026-09-17 11:20:35,197 [INFO] >>> Processing 삼성증권(016360)
2026-09-17 11:20:36,276 [INFO] [MarketData] 배치 다운로드 완료: 15/15종목
2026-09-17 11:20:36,279 [INFO] [삼성증권(016360)] DOWNTREND 확정 - 신규 진입 차단
2026-09-17 11:20:36,280 [INFO] >>> Processing KODEX 반도체레버리지(494310)
2026-09-17 11:20:36,282 [INFO] [KODEX 반도체레버리지(494310)] DOWNTREND 확정 - 신규 진입 차단
2026-09-17 11:20:36,283 [INFO] >>> Processing ACE 테슬라밸류체인액티브(457480)
2026-09-17 11:20:36,285 [INFO] [ACE 테슬라밸류체인액티브(457480)] DOWNTREND 확정 - 신규 진입 차단
2026-09-17 11:20:36,286 [INFO] >>> Processing KODEX 미국AI전력핵심인프라(487230)
2026-09-17 11:20:36,289 [INFO] [KODEX 미국AI전력핵심인프라(487230)] 하락 래치 진행 중 - 이미 분할 청산을 거쳤으므로 동일 래치 내 2차 이탈 청산 스킵 (신규 매수만 차단 유지)
2026-09-17 11:20:36,289 [INFO] [KODEX 미국AI전력핵심인프라(487230)] DOWNTREND 확정 - 추가 매수 차단
2026-09-17 11:20:36,289 [INFO] >>> Processing KODEX 증권(102970)
2026-09-17 11:20:36,292 [INFO] [KODEX 증권(102970)] DOWNTREND 확정 - 신규 진입 차단
2026-09-17 11:20:36,292 [INFO] >>> Processing 메리츠금융지주(138040)
2026-09-17 11:20:36,297 [INFO]   [메리츠금융지주(138040)] 📈 상승 레짐 유지 | Lv4 매수 KRW 117,000 -> 현재 KRW 128,000 (+9.40%) | 채널하단 KRW 120,896 / 이탈선 KRW 120,896 (허용 -0.0%) | 20EMA(눌림) KRW 126,068 (이격 +1.53%) | adds 3/3
2026-09-17 11:20:36,297 [INFO] >>> Processing ACE 엔비디아밸류체인액티브(483320)
2026-09-17 11:20:36,300 [INFO] [ACE 엔비디아밸류체인액티브(483320)] DOWNTREND 확정 - 신규 진입 차단
2026-09-17 11:20:36,300 [INFO] >>> Processing 테스(095610)
2026-09-17 11:20:36,303 [INFO] [테스(095610)] DOWNTREND 확정 - 신규 진입 차단
2026-09-17 11:20:36,303 [INFO] >>> Processing TIGER 지주회사(307520)
2026-09-17 11:20:36,306 [INFO] [TIGER 지주회사(307520)] 하락 추세 2일 해제 - 매수 차단 해제
2026-09-17 11:20:36,306 [INFO] [TIGER 지주회사(307520)] 이탈 청산 후 재진입 대기 - 상단 저항선 미회복 (현재가 KRW 22,180 <= 기준선 KRW 24,536)
2026-09-17 11:20:36,306 [INFO] >>> Processing 한국쉘석유(002960)
2026-09-17 11:20:36,309 [INFO]   [한국쉘석유(002960)] 신호 없음 | Lv1 매수 KRW 509,000 -> 현재 KRW 505,000 (-0.79%) | 익절 +10.0% / 추매 -5.0%
2026-09-17 11:20:36,309 [INFO] >>> Processing SOL 반도체전공정(475300)
2026-09-17 11:20:36,312 [INFO] [SOL 반도체전공정(475300)] DOWNTREND 확정 - 신규 진입 차단
2026-09-17 11:20:36,312 [INFO] >>> Processing KODEX 미국AI광통신네트워크(0173Y0)
2026-09-17 11:20:36,315 [INFO] [KODEX 미국AI광통신네트워크(0173Y0)] 하락 래치 진행 중 - 이미 분할 청산을 거쳤으므로 동일 래치 내 2차 이탈 청산 스킵 (신규 매수만 차단 유지)
2026-09-17 11:20:36,315 [INFO] [KODEX 미국AI광통신네트워크(0173Y0)] DOWNTREND 확정 - 추가 매수 차단
2026-09-17 11:20:36,316 [INFO] >>> Processing 삼성전자(005930)
2026-09-17 11:20:36,318 [INFO] [삼성전자(005930)] 하락 래치 진행 중 - 이미 분할 청산을 거쳤으므로 동일 래치 내 2차 이탈 청산 스킵 (신규 매수만 차단 유지)
2026-09-17 11:20:36,321 [INFO]   [삼성전자(005930)] 📈 상승 레짐 유지 | Lv2 매수 KRW 260,500 -> 현재 KRW 253,000 (-2.88%) | 채널하단 KRW 192,958 / 이탈선 KRW 192,958 (허용 -0.0%) | 20EMA(눌림) KRW 258,345 (이격 -2.07%) | adds 1/3
2026-09-17 11:20:36,321 [INFO] >>> Processing 삼성전자우(005935)
2026-09-17 11:20:36,323 [INFO] [삼성전자우(005935)] 하락 래치 진행 중 - 이미 분할 청산을 거쳤으므로 동일 래치 내 2차 이탈 청산 스킵 (신규 매수만 차단 유지)
2026-09-17 11:20:36,326 [INFO]   [삼성전자우(005935)] 📈 상승 레짐 유지 | Lv1 매수 KRW 234,500 -> 현재 KRW 192,700 (-17.83%) | 채널하단 KRW 153,795 / 이탈선 KRW 153,795 (허용 -0.0%) | 20EMA(눌림) KRW 191,003 (이격 +0.89%) | adds 3/3
2026-09-17 11:20:36,326 [INFO] >>> Processing KODEX AI전력핵심설비(487240)
2026-09-17 11:20:36,329 [INFO] [KODEX AI전력핵심설비(487240)] 하락 래치 진행 중 - 이미 분할 청산을 거쳤으므로 동일 래치 내 2차 이탈 청산 스킵 (신규 매수만 차단 유지)
2026-09-17 11:20:36,329 [INFO] [KODEX AI전력핵심설비(487240)] DOWNTREND 확정 - 추가 매수 차단
2026-09-17 11:20:36,329 [INFO] >>> Step 6: Persist
