2026-09-03 10:01:00,342 [INFO] === Initializing MagicSplit Bot (domestic) ===
2026-09-03 10:01:00,342 [INFO] Loaded 28 stock rule(s) from config_domestic.json
2026-09-03 10:01:00,342 [INFO] [domestic] 15 rule(s), mode=LIVE
2026-09-03 10:01:00,342 [INFO] [KisBroker] 새 토큰 발급 중...
2026-09-03 10:01:01,252 [INFO] [KisDomesticLiveBroker] Mode: LIVE TRADING
2026-09-03 10:01:01,255 [INFO] [MarketData] 레짐 필터 활성 종목 15개 -> YFinanceMarketDataProvider 주입 (window 260봉)
2026-09-03 10:01:01,255 [INFO] === Running domestic engine ===
2026-09-03 10:01:01,255 [INFO] >>> Step 1: Portfolio & Price Fetch
2026-09-03 10:01:01,787 [INFO] Fetching real-time prices from Broker...
2026-09-03 10:01:05,713 [INFO] Portfolio: Cash=KRW 689,701, Value=KRW 25,814,461
2026-09-03 10:01:05,713 [INFO] >>> Step 2: Load Positions
2026-09-03 10:01:05,713 [INFO] Loaded 20 position lot(s)
2026-09-03 10:01:05,715 [INFO] >>> Step 2.5: Reconcile OK (수량 일치)
2026-09-03 10:01:05,715 [INFO] >>> Processing 삼성증권(016360)
2026-09-03 10:01:07,447 [INFO] [MarketData] 배치 다운로드 완료: 15/15종목
2026-09-03 10:01:07,449 [INFO] [삼성증권(016360)] DOWNTREND 확정 - 신규 진입 차단
2026-09-03 10:01:07,450 [INFO] >>> Processing KODEX 반도체레버리지(494310)
2026-09-03 10:01:07,452 [INFO] [KODEX 반도체레버리지(494310)] DOWNTREND 확정 - 신규 진입 차단
2026-09-03 10:01:07,452 [INFO] >>> Processing 삼성전자(005930)
2026-09-03 10:01:07,455 [INFO] [삼성전자(005930)] 하락 래치 진행 중 - 이미 분할 청산을 거쳤으므로 동일 래치 내 2차 이탈 청산 스킵 (신규 매수만 차단 유지)
2026-09-03 10:01:08,092 [INFO] >>> Processing TIGER 지주회사(307520)
2026-09-03 10:01:08,095 [INFO] [TIGER 지주회사(307520)] DOWNTREND 확정 - 신규 진입 차단
2026-09-03 10:01:08,095 [INFO] >>> Processing KODEX 증권(102970)
2026-09-03 10:01:08,098 [INFO] [KODEX 증권(102970)] DOWNTREND 확정 - 신규 진입 차단
2026-09-03 10:01:08,098 [INFO] >>> Processing ACE 테슬라밸류체인액티브(457480)
2026-09-03 10:01:08,100 [INFO] [ACE 테슬라밸류체인액티브(457480)] DOWNTREND 확정 - 신규 진입 차단
2026-09-03 10:01:08,101 [INFO] >>> Processing 테스(095610)
2026-09-03 10:01:08,103 [INFO] [테스(095610)] DOWNTREND 확정 - 신규 진입 차단
2026-09-03 10:01:08,104 [INFO] >>> Processing KODEX 미국AI광통신네트워크(0173Y0)
2026-09-03 10:01:08,106 [INFO] [KODEX 미국AI광통신네트워크(0173Y0)] 하락 래치 진행 중 - 이미 분할 청산을 거쳤으므로 동일 래치 내 2차 이탈 청산 스킵 (신규 매수만 차단 유지)
2026-09-03 10:01:08,106 [INFO] [KODEX 미국AI광통신네트워크(0173Y0)] DOWNTREND 확정 - 추가 매수 차단
2026-09-03 10:01:08,107 [INFO] >>> Processing KODEX AI전력핵심설비(487240)
2026-09-03 10:01:08,109 [INFO] [KODEX AI전력핵심설비(487240)] 하락 래치 진행 중 - 이미 분할 청산을 거쳤으므로 동일 래치 내 2차 이탈 청산 스킵 (신규 매수만 차단 유지)
2026-09-03 10:01:08,109 [INFO] [KODEX AI전력핵심설비(487240)] DOWNTREND 확정 - 추가 매수 차단
2026-09-03 10:01:08,110 [INFO] >>> Processing 메리츠금융지주(138040)
2026-09-03 10:01:08,114 [INFO]   [메리츠금융지주(138040)] 📈 상승 레짐 유지 | Lv4 매수 KRW 117,000 -> 현재 KRW 138,100 (+18.03%) | 채널하단 KRW 115,497 / 이탈선 KRW 115,497 (허용 -0.0%) | 20EMA(눌림) KRW 120,582 (이격 +14.53%) | adds 3/3
2026-09-03 10:01:08,114 [INFO] >>> Processing 한국쉘석유(002960)
2026-09-03 10:01:08,117 [INFO]   [한국쉘석유(002960)] 신호 없음 | Lv1 매수 KRW 509,000 -> 현재 KRW 502,000 (-1.38%) | 익절 +10.0% / 추매 -5.0%
2026-09-03 10:01:08,117 [INFO] >>> Processing SOL 반도체전공정(475300)
2026-09-03 10:01:08,120 [INFO] [SOL 반도체전공정(475300)] DOWNTREND 확정 - 신규 진입 차단
2026-09-03 10:01:08,120 [INFO] >>> Processing KODEX 미국AI전력핵심인프라(487230)
2026-09-03 10:01:08,122 [INFO] [KODEX 미국AI전력핵심인프라(487230)] 하락 래치 진행 중 - 이미 분할 청산을 거쳤으므로 동일 래치 내 2차 이탈 청산 스킵 (신규 매수만 차단 유지)
2026-09-03 10:01:08,123 [INFO] [KODEX 미국AI전력핵심인프라(487230)] DOWNTREND 확정 - 추가 매수 차단
2026-09-03 10:01:08,123 [INFO] >>> Processing 삼성전자우(005935)
2026-09-03 10:01:08,126 [INFO] [삼성전자우(005935)] 하락 래치 진행 중 - 이미 분할 청산을 거쳤으므로 동일 래치 내 2차 이탈 청산 스킵 (신규 매수만 차단 유지)
2026-09-03 10:01:08,128 [INFO]   [삼성전자우(005935)] 📈 상승 레짐 유지 | Lv1 매수 KRW 234,500 -> 현재 KRW 185,600 (-20.85%) | 채널하단 KRW 149,740 / 이탈선 KRW 149,740 (허용 -0.0%) | 20EMA(눌림) KRW 187,556 (이격 -1.04%) | adds 3/3
2026-09-03 10:01:08,128 [INFO] >>> Processing ACE 엔비디아밸류체인액티브(483320)
2026-09-03 10:01:08,130 [INFO] [ACE 엔비디아밸류체인액티브(483320)] DOWNTREND 확정 - 신규 진입 차단
2026-09-03 10:01:08,131 [INFO] >>> Step 6: Persist
2026-09-03 12:01:04,073 [INFO] === Initializing MagicSplit Bot (domestic) ===
2026-09-03 12:01:04,073 [INFO] Loaded 28 stock rule(s) from config_domestic.json
2026-09-03 12:01:04,073 [INFO] [domestic] 15 rule(s), mode=LIVE
2026-09-03 12:01:04,073 [INFO] [KisBroker] 캐시에서 토큰 로드 (API 호출 생략)
2026-09-03 12:01:04,073 [INFO] [KisDomesticLiveBroker] Mode: LIVE TRADING
2026-09-03 12:01:04,075 [INFO] [MarketData] 레짐 필터 활성 종목 15개 -> YFinanceMarketDataProvider 주입 (window 260봉)
2026-09-03 12:01:04,075 [INFO] === Running domestic engine ===
2026-09-03 12:01:04,075 [INFO] >>> Step 1: Portfolio & Price Fetch
2026-09-03 12:01:05,248 [INFO] Fetching real-time prices from Broker...
2026-09-03 12:01:08,913 [INFO] Portfolio: Cash=KRW 689,701, Value=KRW 25,781,401
2026-09-03 12:01:08,913 [INFO] >>> Step 2: Load Positions
2026-09-03 12:01:08,913 [INFO] Loaded 20 position lot(s)
2026-09-03 12:01:08,914 [INFO] >>> Step 2.5: Reconcile OK (수량 일치)
2026-09-03 12:01:08,914 [INFO] >>> Processing KODEX 반도체레버리지(494310)
2026-09-03 12:01:10,737 [INFO] [MarketData] 배치 다운로드 완료: 15/15종목
2026-09-03 12:01:10,740 [INFO] [KODEX 반도체레버리지(494310)] DOWNTREND 확정 - 신규 진입 차단
2026-09-03 12:01:10,740 [INFO] >>> Processing 삼성증권(016360)
2026-09-03 12:01:10,742 [INFO] [삼성증권(016360)] DOWNTREND 확정 - 신규 진입 차단
2026-09-03 12:01:10,742 [INFO] >>> Processing KODEX AI전력핵심설비(487240)
2026-09-03 12:01:10,744 [INFO] [KODEX AI전력핵심설비(487240)] 하락 래치 진행 중 - 이미 분할 청산을 거쳤으므로 동일 래치 내 2차 이탈 청산 스킵 (신규 매수만 차단 유지)
2026-09-03 12:01:10,744 [INFO] [KODEX AI전력핵심설비(487240)] DOWNTREND 확정 - 추가 매수 차단
2026-09-03 12:01:10,745 [INFO] >>> Processing TIGER 지주회사(307520)
2026-09-03 12:01:10,747 [INFO] [TIGER 지주회사(307520)] DOWNTREND 확정 - 신규 진입 차단
2026-09-03 12:01:10,747 [INFO] >>> Processing KODEX 미국AI전력핵심인프라(487230)
2026-09-03 12:01:10,749 [INFO] [KODEX 미국AI전력핵심인프라(487230)] 하락 래치 진행 중 - 이미 분할 청산을 거쳤으므로 동일 래치 내 2차 이탈 청산 스킵 (신규 매수만 차단 유지)
2026-09-03 12:01:10,749 [INFO] [KODEX 미국AI전력핵심인프라(487230)] DOWNTREND 확정 - 추가 매수 차단
2026-09-03 12:01:10,749 [INFO] >>> Processing 삼성전자(005930)
2026-09-03 12:01:10,751 [INFO] [삼성전자(005930)] 하락 래치 진행 중 - 이미 분할 청산을 거쳤으므로 동일 래치 내 2차 이탈 청산 스킵 (신규 매수만 차단 유지)
2026-09-03 12:01:11,404 [INFO] >>> Processing KODEX 미국AI광통신네트워크(0173Y0)
2026-09-03 12:01:11,407 [INFO] [KODEX 미국AI광통신네트워크(0173Y0)] 하락 래치 진행 중 - 이미 분할 청산을 거쳤으므로 동일 래치 내 2차 이탈 청산 스킵 (신규 매수만 차단 유지)
2026-09-03 12:01:11,407 [INFO] [KODEX 미국AI광통신네트워크(0173Y0)] DOWNTREND 확정 - 추가 매수 차단
2026-09-03 12:01:11,407 [INFO] >>> Processing 메리츠금융지주(138040)
2026-09-03 12:01:11,411 [INFO]   [메리츠금융지주(138040)] 📈 상승 레짐 유지 | Lv4 매수 KRW 117,000 -> 현재 KRW 137,300 (+17.35%) | 채널하단 KRW 115,497 / 이탈선 KRW 115,497 (허용 -0.0%) | 20EMA(눌림) KRW 120,582 (이격 +13.86%) | adds 3/3
2026-09-03 12:01:11,411 [INFO] >>> Processing ACE 테슬라밸류체인액티브(457480)
2026-09-03 12:01:11,413 [INFO] [ACE 테슬라밸류체인액티브(457480)] DOWNTREND 확정 - 신규 진입 차단
2026-09-03 12:01:11,413 [INFO] >>> Processing KODEX 증권(102970)
2026-09-03 12:01:11,415 [INFO] [KODEX 증권(102970)] DOWNTREND 확정 - 신규 진입 차단
2026-09-03 12:01:11,415 [INFO] >>> Processing 한국쉘석유(002960)
2026-09-03 12:01:11,417 [INFO]   [한국쉘석유(002960)] 신호 없음 | Lv1 매수 KRW 509,000 -> 현재 KRW 500,000 (-1.77%) | 익절 +10.0% / 추매 -5.0%
2026-09-03 12:01:11,417 [INFO] >>> Processing 삼성전자우(005935)
2026-09-03 12:01:11,419 [INFO] [삼성전자우(005935)] 하락 래치 진행 중 - 이미 분할 청산을 거쳤으므로 동일 래치 내 2차 이탈 청산 스킵 (신규 매수만 차단 유지)
2026-09-03 12:01:11,421 [INFO]   [삼성전자우(005935)] 📈 상승 레짐 유지 | Lv1 매수 KRW 234,500 -> 현재 KRW 185,400 (-20.94%) | 채널하단 KRW 149,740 / 이탈선 KRW 149,740 (허용 -0.0%) | 20EMA(눌림) KRW 187,556 (이격 -1.15%) | adds 3/3
2026-09-03 12:01:11,421 [INFO] >>> Processing SOL 반도체전공정(475300)
2026-09-03 12:01:11,423 [INFO] [SOL 반도체전공정(475300)] DOWNTREND 확정 - 신규 진입 차단
2026-09-03 12:01:11,423 [INFO] >>> Processing ACE 엔비디아밸류체인액티브(483320)
2026-09-03 12:01:11,425 [INFO] [ACE 엔비디아밸류체인액티브(483320)] DOWNTREND 확정 - 신규 진입 차단
2026-09-03 12:01:11,425 [INFO] >>> Processing 테스(095610)
2026-09-03 12:01:11,427 [INFO] [테스(095610)] DOWNTREND 확정 - 신규 진입 차단
2026-09-03 12:01:11,427 [INFO] >>> Step 6: Persist
2026-09-03 14:00:56,435 [INFO] === Initializing MagicSplit Bot (domestic) ===
2026-09-03 14:00:56,435 [INFO] Loaded 28 stock rule(s) from config_domestic.json
2026-09-03 14:00:56,435 [INFO] [domestic] 15 rule(s), mode=LIVE
2026-09-03 14:00:56,435 [INFO] [KisBroker] 캐시에서 토큰 로드 (API 호출 생략)
2026-09-03 14:00:56,435 [INFO] [KisDomesticLiveBroker] Mode: LIVE TRADING
2026-09-03 14:00:56,439 [INFO] [MarketData] 레짐 필터 활성 종목 15개 -> YFinanceMarketDataProvider 주입 (window 260봉)
2026-09-03 14:00:56,439 [INFO] === Running domestic engine ===
2026-09-03 14:00:56,439 [INFO] >>> Step 1: Portfolio & Price Fetch
2026-09-03 14:00:57,499 [INFO] Fetching real-time prices from Broker...
2026-09-03 14:01:01,905 [INFO] Portfolio: Cash=KRW 689,701, Value=KRW 25,795,546
2026-09-03 14:01:01,905 [INFO] >>> Step 2: Load Positions
2026-09-03 14:01:01,905 [INFO] Loaded 20 position lot(s)
2026-09-03 14:01:01,906 [INFO] >>> Step 2.5: Reconcile OK (수량 일치)
2026-09-03 14:01:01,907 [INFO] >>> Processing KODEX 반도체레버리지(494310)
2026-09-03 14:01:02,839 [INFO] [MarketData] 배치 다운로드 완료: 15/15종목
2026-09-03 14:01:02,842 [INFO] [KODEX 반도체레버리지(494310)] DOWNTREND 확정 - 신규 진입 차단
2026-09-03 14:01:02,842 [INFO] >>> Processing 삼성증권(016360)
2026-09-03 14:01:02,844 [INFO] [삼성증권(016360)] DOWNTREND 확정 - 신규 진입 차단
2026-09-03 14:01:02,845 [INFO] >>> Processing ACE 테슬라밸류체인액티브(457480)
2026-09-03 14:01:02,847 [INFO] [ACE 테슬라밸류체인액티브(457480)] DOWNTREND 확정 - 신규 진입 차단
2026-09-03 14:01:02,847 [INFO] >>> Processing KODEX 미국AI광통신네트워크(0173Y0)
2026-09-03 14:01:02,850 [INFO] [KODEX 미국AI광통신네트워크(0173Y0)] 하락 래치 진행 중 - 이미 분할 청산을 거쳤으므로 동일 래치 내 2차 이탈 청산 스킵 (신규 매수만 차단 유지)
2026-09-03 14:01:02,850 [INFO] [KODEX 미국AI광통신네트워크(0173Y0)] DOWNTREND 확정 - 추가 매수 차단
2026-09-03 14:01:02,850 [INFO] >>> Processing 삼성전자우(005935)
2026-09-03 14:01:02,853 [INFO] [삼성전자우(005935)] 하락 래치 진행 중 - 이미 분할 청산을 거쳤으므로 동일 래치 내 2차 이탈 청산 스킵 (신규 매수만 차단 유지)
2026-09-03 14:01:02,855 [INFO]   [삼성전자우(005935)] 📈 상승 레짐 유지 | Lv1 매수 KRW 234,500 -> 현재 KRW 184,800 (-21.19%) | 채널하단 KRW 149,740 / 이탈선 KRW 149,740 (허용 -0.0%) | 20EMA(눌림) KRW 187,556 (이격 -1.47%) | adds 3/3
2026-09-03 14:01:02,855 [INFO] >>> Processing 메리츠금융지주(138040)
2026-09-03 14:01:02,860 [INFO]   [메리츠금융지주(138040)] 📈 상승 레짐 유지 | Lv4 매수 KRW 117,000 -> 현재 KRW 136,900 (+17.01%) | 채널하단 KRW 115,497 / 이탈선 KRW 115,497 (허용 -0.0%) | 20EMA(눌림) KRW 120,582 (이격 +13.53%) | adds 3/3
2026-09-03 14:01:02,860 [INFO] >>> Processing KODEX 증권(102970)
2026-09-03 14:01:02,863 [INFO] [KODEX 증권(102970)] DOWNTREND 확정 - 신규 진입 차단
2026-09-03 14:01:02,863 [INFO] >>> Processing 삼성전자(005930)
2026-09-03 14:01:02,865 [INFO] [삼성전자(005930)] 하락 래치 진행 중 - 이미 분할 청산을 거쳤으므로 동일 래치 내 2차 이탈 청산 스킵 (신규 매수만 차단 유지)
2026-09-03 14:01:03,226 [INFO] >>> Processing 테스(095610)
2026-09-03 14:01:03,229 [INFO] [테스(095610)] DOWNTREND 확정 - 신규 진입 차단
2026-09-03 14:01:03,229 [INFO] >>> Processing 한국쉘석유(002960)
2026-09-03 14:01:03,231 [INFO]   [한국쉘석유(002960)] 신호 없음 | Lv1 매수 KRW 509,000 -> 현재 KRW 499,000 (-1.96%) | 익절 +10.0% / 추매 -5.0%
2026-09-03 14:01:03,232 [INFO] >>> Processing ACE 엔비디아밸류체인액티브(483320)
2026-09-03 14:01:03,234 [INFO] [ACE 엔비디아밸류체인액티브(483320)] DOWNTREND 확정 - 신규 진입 차단
2026-09-03 14:01:03,234 [INFO] >>> Processing KODEX 미국AI전력핵심인프라(487230)
2026-09-03 14:01:03,237 [INFO] [KODEX 미국AI전력핵심인프라(487230)] 하락 래치 진행 중 - 이미 분할 청산을 거쳤으므로 동일 래치 내 2차 이탈 청산 스킵 (신규 매수만 차단 유지)
2026-09-03 14:01:03,237 [INFO] [KODEX 미국AI전력핵심인프라(487230)] DOWNTREND 확정 - 추가 매수 차단
2026-09-03 14:01:03,237 [INFO] >>> Processing KODEX AI전력핵심설비(487240)
2026-09-03 14:01:03,240 [INFO] [KODEX AI전력핵심설비(487240)] 하락 래치 진행 중 - 이미 분할 청산을 거쳤으므로 동일 래치 내 2차 이탈 청산 스킵 (신규 매수만 차단 유지)
2026-09-03 14:01:03,240 [INFO] [KODEX AI전력핵심설비(487240)] DOWNTREND 확정 - 추가 매수 차단
2026-09-03 14:01:03,240 [INFO] >>> Processing SOL 반도체전공정(475300)
2026-09-03 14:01:03,243 [INFO] [SOL 반도체전공정(475300)] DOWNTREND 확정 - 신규 진입 차단
2026-09-03 14:01:03,243 [INFO] >>> Processing TIGER 지주회사(307520)
2026-09-03 14:01:03,245 [INFO] [TIGER 지주회사(307520)] DOWNTREND 확정 - 신규 진입 차단
2026-09-03 14:01:03,245 [INFO] >>> Step 6: Persist
