2026-09-07 10:00:54,150 [INFO] === Initializing MagicSplit Bot (domestic) ===
2026-09-07 10:00:54,150 [INFO] Loaded 28 stock rule(s) from config_domestic.json
2026-09-07 10:00:54,151 [INFO] [domestic] 15 rule(s), mode=LIVE
2026-09-07 10:00:54,151 [INFO] [KisBroker] 새 토큰 발급 중...
2026-09-07 10:00:55,189 [INFO] [KisDomesticLiveBroker] Mode: LIVE TRADING
2026-09-07 10:00:55,192 [INFO] [MarketData] 국내 가격 단절 검사 15종목 / 레짐 필터 15종목 -> YFinanceMarketDataProvider 주입 (window 260봉)
2026-09-07 10:00:55,192 [INFO] === Running domestic engine ===
2026-09-07 10:00:55,192 [INFO] >>> Step 1: Portfolio & Price Fetch
2026-09-07 10:00:55,611 [INFO] Fetching real-time prices from Broker...
2026-09-07 10:00:59,951 [INFO] Portfolio: Cash=KRW 693,609, Value=KRW 26,849,779
2026-09-07 10:00:59,952 [INFO] >>> Step 2: Load Positions
2026-09-07 10:00:59,952 [INFO] Loaded 20 position lot(s)
2026-09-07 10:00:59,953 [INFO] >>> Step 2.5: Reconcile OK (수량 일치)
2026-09-07 10:00:59,954 [INFO] >>> Processing 삼성증권(016360)
2026-09-07 10:01:01,049 [INFO] [MarketData] 배치 다운로드 완료: 15/15종목
2026-09-07 10:01:01,052 [INFO] [삼성증권(016360)] DOWNTREND 확정 - 신규 진입 차단
2026-09-07 10:01:01,052 [INFO] >>> Processing KODEX 반도체레버리지(494310)
2026-09-07 10:01:01,055 [INFO] [KODEX 반도체레버리지(494310)] DOWNTREND 확정 - 신규 진입 차단
2026-09-07 10:01:01,055 [INFO] >>> Processing TIGER 지주회사(307520)
2026-09-07 10:01:01,057 [INFO] [TIGER 지주회사(307520)] DOWNTREND 확정 - 신규 진입 차단
2026-09-07 10:01:01,058 [INFO] >>> Processing KODEX 증권(102970)
2026-09-07 10:01:01,060 [INFO] [KODEX 증권(102970)] DOWNTREND 확정 - 신규 진입 차단
2026-09-07 10:01:01,060 [INFO] >>> Processing 테스(095610)
2026-09-07 10:01:01,063 [INFO] [테스(095610)] DOWNTREND 확정 - 신규 진입 차단
2026-09-07 10:01:01,063 [INFO] >>> Processing 메리츠금융지주(138040)
2026-09-07 10:01:01,067 [INFO]   [메리츠금융지주(138040)] 📈 상승 레짐 유지 | Lv4 매수 KRW 117,000 -> 현재 KRW 132,900 (+13.59%) | 채널하단 KRW 116,820 / 이탈선 KRW 116,820 (허용 -0.0%) | 20EMA(눌림) KRW 123,409 (이격 +7.69%) | adds 3/3
2026-09-07 10:01:01,068 [INFO] >>> Processing ACE 테슬라밸류체인액티브(457480)
2026-09-07 10:01:01,070 [INFO] [ACE 테슬라밸류체인액티브(457480)] DOWNTREND 확정 - 신규 진입 차단
2026-09-07 10:01:01,070 [INFO] >>> Processing 삼성전자(005930)
2026-09-07 10:01:01,073 [INFO] [삼성전자(005930)] 하락 래치 진행 중 - 이미 분할 청산을 거쳤으므로 동일 래치 내 2차 이탈 청산 스킵 (신규 매수만 차단 유지)
2026-09-07 10:01:01,075 [INFO]   [삼성전자(005930)] 📈 상승 레짐 유지 | Lv2 매수 KRW 260,500 -> 현재 KRW 264,500 (+1.54%) | 채널하단 KRW 191,591 / 이탈선 KRW 191,591 (허용 -0.0%) | 20EMA(눌림) KRW 257,231 (이격 +2.83%) | adds 1/3
2026-09-07 10:01:01,075 [INFO] >>> Processing 한국쉘석유(002960)
2026-09-07 10:01:01,078 [INFO]   [한국쉘석유(002960)] 신호 없음 | Lv1 매수 KRW 509,000 -> 현재 KRW 500,000 (-1.77%) | 익절 +10.0% / 추매 -5.0%
2026-09-07 10:01:01,078 [INFO] >>> Processing ACE 엔비디아밸류체인액티브(483320)
2026-09-07 10:01:01,080 [INFO] [ACE 엔비디아밸류체인액티브(483320)] DOWNTREND 확정 - 신규 진입 차단
2026-09-07 10:01:01,081 [INFO] >>> Processing KODEX 미국AI전력핵심인프라(487230)
2026-09-07 10:01:01,083 [INFO] [KODEX 미국AI전력핵심인프라(487230)] 하락 래치 진행 중 - 이미 분할 청산을 거쳤으므로 동일 래치 내 2차 이탈 청산 스킵 (신규 매수만 차단 유지)
2026-09-07 10:01:01,083 [INFO] [KODEX 미국AI전력핵심인프라(487230)] DOWNTREND 확정 - 추가 매수 차단
2026-09-07 10:01:01,084 [INFO] >>> Processing 삼성전자우(005935)
2026-09-07 10:01:01,086 [INFO] [삼성전자우(005935)] 하락 래치 진행 중 - 이미 분할 청산을 거쳤으므로 동일 래치 내 2차 이탈 청산 스킵 (신규 매수만 차단 유지)
2026-09-07 10:01:01,088 [INFO]   [삼성전자우(005935)] 📈 상승 레짐 유지 | Lv1 매수 KRW 234,500 -> 현재 KRW 195,900 (-16.46%) | 채널하단 KRW 150,252 / 이탈선 KRW 150,252 (허용 -0.0%) | 20EMA(눌림) KRW 187,643 (이격 +4.40%) | adds 3/3
2026-09-07 10:01:01,088 [INFO] >>> Processing SOL 반도체전공정(475300)
2026-09-07 10:01:01,091 [INFO] [SOL 반도체전공정(475300)] DOWNTREND 확정 - 신규 진입 차단
2026-09-07 10:01:01,091 [INFO] >>> Processing KODEX AI전력핵심설비(487240)
2026-09-07 10:01:01,093 [INFO] [KODEX AI전력핵심설비(487240)] 하락 래치 진행 중 - 이미 분할 청산을 거쳤으므로 동일 래치 내 2차 이탈 청산 스킵 (신규 매수만 차단 유지)
2026-09-07 10:01:01,094 [INFO] [KODEX AI전력핵심설비(487240)] DOWNTREND 확정 - 추가 매수 차단
2026-09-07 10:01:01,094 [INFO] >>> Processing KODEX 미국AI광통신네트워크(0173Y0)
2026-09-07 10:01:01,096 [INFO] [KODEX 미국AI광통신네트워크(0173Y0)] 하락 래치 진행 중 - 이미 분할 청산을 거쳤으므로 동일 래치 내 2차 이탈 청산 스킵 (신규 매수만 차단 유지)
2026-09-07 10:01:01,097 [INFO] [KODEX 미국AI광통신네트워크(0173Y0)] DOWNTREND 확정 - 추가 매수 차단
2026-09-07 10:01:01,097 [INFO] >>> Step 6: Persist
2026-09-07 12:00:55,957 [INFO] === Initializing MagicSplit Bot (domestic) ===
2026-09-07 12:00:55,957 [INFO] Loaded 28 stock rule(s) from config_domestic.json
2026-09-07 12:00:55,957 [INFO] [domestic] 15 rule(s), mode=LIVE
2026-09-07 12:00:55,957 [INFO] [KisBroker] 캐시에서 토큰 로드 (API 호출 생략)
2026-09-07 12:00:55,957 [INFO] [KisDomesticLiveBroker] Mode: LIVE TRADING
2026-09-07 12:00:55,959 [INFO] [MarketData] 국내 가격 단절 검사 15종목 / 레짐 필터 15종목 -> YFinanceMarketDataProvider 주입 (window 260봉)
2026-09-07 12:00:55,959 [INFO] === Running domestic engine ===
2026-09-07 12:00:55,960 [INFO] >>> Step 1: Portfolio & Price Fetch
2026-09-07 12:00:56,908 [INFO] Fetching real-time prices from Broker...
2026-09-07 12:01:01,376 [INFO] Portfolio: Cash=KRW 693,609, Value=KRW 26,944,264
2026-09-07 12:01:01,376 [INFO] >>> Step 2: Load Positions
2026-09-07 12:01:01,376 [INFO] Loaded 20 position lot(s)
2026-09-07 12:01:01,378 [INFO] >>> Step 2.5: Reconcile OK (수량 일치)
2026-09-07 12:01:01,378 [INFO] >>> Processing 삼성증권(016360)
2026-09-07 12:01:02,463 [INFO] [MarketData] 배치 다운로드 완료: 15/15종목
2026-09-07 12:01:02,466 [INFO] [삼성증권(016360)] DOWNTREND 확정 - 신규 진입 차단
2026-09-07 12:01:02,467 [INFO] >>> Processing KODEX 반도체레버리지(494310)
2026-09-07 12:01:02,469 [INFO] [KODEX 반도체레버리지(494310)] DOWNTREND 확정 - 신규 진입 차단
2026-09-07 12:01:02,469 [INFO] >>> Processing SOL 반도체전공정(475300)
2026-09-07 12:01:02,472 [INFO] [SOL 반도체전공정(475300)] DOWNTREND 확정 - 신규 진입 차단
2026-09-07 12:01:02,472 [INFO] >>> Processing KODEX 미국AI전력핵심인프라(487230)
2026-09-07 12:01:02,474 [INFO] [KODEX 미국AI전력핵심인프라(487230)] 하락 래치 진행 중 - 이미 분할 청산을 거쳤으므로 동일 래치 내 2차 이탈 청산 스킵 (신규 매수만 차단 유지)
2026-09-07 12:01:02,475 [INFO] [KODEX 미국AI전력핵심인프라(487230)] DOWNTREND 확정 - 추가 매수 차단
2026-09-07 12:01:02,475 [INFO] >>> Processing ACE 엔비디아밸류체인액티브(483320)
2026-09-07 12:01:02,477 [INFO] [ACE 엔비디아밸류체인액티브(483320)] DOWNTREND 확정 - 신규 진입 차단
2026-09-07 12:01:02,478 [INFO] >>> Processing KODEX AI전력핵심설비(487240)
2026-09-07 12:01:02,480 [INFO] [KODEX AI전력핵심설비(487240)] 하락 래치 진행 중 - 이미 분할 청산을 거쳤으므로 동일 래치 내 2차 이탈 청산 스킵 (신규 매수만 차단 유지)
2026-09-07 12:01:02,480 [INFO] [KODEX AI전력핵심설비(487240)] DOWNTREND 확정 - 추가 매수 차단
2026-09-07 12:01:02,481 [INFO] >>> Processing 한국쉘석유(002960)
2026-09-07 12:01:02,483 [INFO]   [한국쉘석유(002960)] 신호 없음 | Lv1 매수 KRW 509,000 -> 현재 KRW 498,500 (-2.06%) | 익절 +10.0% / 추매 -5.0%
2026-09-07 12:01:02,484 [INFO] >>> Processing TIGER 지주회사(307520)
2026-09-07 12:01:02,486 [INFO] [TIGER 지주회사(307520)] DOWNTREND 확정 - 신규 진입 차단
2026-09-07 12:01:02,486 [INFO] >>> Processing KODEX 미국AI광통신네트워크(0173Y0)
2026-09-07 12:01:02,489 [INFO] [KODEX 미국AI광통신네트워크(0173Y0)] 하락 래치 진행 중 - 이미 분할 청산을 거쳤으므로 동일 래치 내 2차 이탈 청산 스킵 (신규 매수만 차단 유지)
2026-09-07 12:01:02,489 [INFO] [KODEX 미국AI광통신네트워크(0173Y0)] DOWNTREND 확정 - 추가 매수 차단
2026-09-07 12:01:02,489 [INFO] >>> Processing 테스(095610)
2026-09-07 12:01:02,492 [INFO] [테스(095610)] DOWNTREND 확정 - 신규 진입 차단
2026-09-07 12:01:02,492 [INFO] >>> Processing 삼성전자우(005935)
2026-09-07 12:01:02,494 [INFO] [삼성전자우(005935)] 하락 래치 진행 중 - 이미 분할 청산을 거쳤으므로 동일 래치 내 2차 이탈 청산 스킵 (신규 매수만 차단 유지)
2026-09-07 12:01:02,496 [INFO]   [삼성전자우(005935)] 📈 상승 레짐 유지 | Lv1 매수 KRW 234,500 -> 현재 KRW 196,150 (-16.35%) | 채널하단 KRW 150,252 / 이탈선 KRW 150,252 (허용 -0.0%) | 20EMA(눌림) KRW 187,643 (이격 +4.53%) | adds 3/3
2026-09-07 12:01:02,497 [INFO] >>> Processing 삼성전자(005930)
2026-09-07 12:01:02,499 [INFO] [삼성전자(005930)] 하락 래치 진행 중 - 이미 분할 청산을 거쳤으므로 동일 래치 내 2차 이탈 청산 스킵 (신규 매수만 차단 유지)
2026-09-07 12:01:02,501 [INFO]   [삼성전자(005930)] 📈 상승 레짐 유지 | Lv2 매수 KRW 260,500 -> 현재 KRW 266,000 (+2.11%) | 채널하단 KRW 191,591 / 이탈선 KRW 191,591 (허용 -0.0%) | 20EMA(눌림) KRW 257,231 (이격 +3.41%) | adds 1/3
2026-09-07 12:01:02,502 [INFO] >>> Processing KODEX 증권(102970)
2026-09-07 12:01:02,504 [INFO] [KODEX 증권(102970)] DOWNTREND 확정 - 신규 진입 차단
2026-09-07 12:01:02,504 [INFO] >>> Processing ACE 테슬라밸류체인액티브(457480)
2026-09-07 12:01:02,507 [INFO] [ACE 테슬라밸류체인액티브(457480)] DOWNTREND 확정 - 신규 진입 차단
2026-09-07 12:01:02,507 [INFO] >>> Processing 메리츠금융지주(138040)
2026-09-07 12:01:02,511 [INFO]   [메리츠금융지주(138040)] 📈 상승 레짐 유지 | Lv4 매수 KRW 117,000 -> 현재 KRW 132,200 (+12.99%) | 채널하단 KRW 116,820 / 이탈선 KRW 116,820 (허용 -0.0%) | 20EMA(눌림) KRW 123,409 (이격 +7.12%) | adds 3/3
2026-09-07 12:01:02,511 [INFO] >>> Step 6: Persist
2026-09-07 14:00:54,900 [INFO] === Initializing MagicSplit Bot (domestic) ===
2026-09-07 14:00:54,900 [INFO] Loaded 28 stock rule(s) from config_domestic.json
2026-09-07 14:00:54,900 [INFO] [domestic] 15 rule(s), mode=LIVE
2026-09-07 14:00:54,900 [INFO] [KisBroker] 캐시에서 토큰 로드 (API 호출 생략)
2026-09-07 14:00:54,900 [INFO] [KisDomesticLiveBroker] Mode: LIVE TRADING
2026-09-07 14:00:54,902 [INFO] [MarketData] 국내 가격 단절 검사 15종목 / 레짐 필터 15종목 -> YFinanceMarketDataProvider 주입 (window 260봉)
2026-09-07 14:00:54,902 [INFO] === Running domestic engine ===
2026-09-07 14:00:54,902 [INFO] >>> Step 1: Portfolio & Price Fetch
2026-09-07 14:00:56,067 [INFO] Fetching real-time prices from Broker...
2026-09-07 14:01:03,144 [INFO] Portfolio: Cash=KRW 693,609, Value=KRW 27,157,214
2026-09-07 14:01:03,145 [INFO] >>> Step 2: Load Positions
2026-09-07 14:01:03,145 [INFO] Loaded 20 position lot(s)
2026-09-07 14:01:03,146 [INFO] >>> Step 2.5: Reconcile OK (수량 일치)
2026-09-07 14:01:03,147 [INFO] >>> Processing KODEX 반도체레버리지(494310)
2026-09-07 14:01:04,093 [INFO] [MarketData] 배치 다운로드 완료: 15/15종목
2026-09-07 14:01:04,096 [INFO] [KODEX 반도체레버리지(494310)] DOWNTREND 확정 - 신규 진입 차단
2026-09-07 14:01:04,097 [INFO] >>> Processing 삼성증권(016360)
2026-09-07 14:01:04,099 [INFO] [삼성증권(016360)] DOWNTREND 확정 - 신규 진입 차단
2026-09-07 14:01:04,100 [INFO] >>> Processing SOL 반도체전공정(475300)
2026-09-07 14:01:04,102 [INFO] [SOL 반도체전공정(475300)] DOWNTREND 확정 - 신규 진입 차단
2026-09-07 14:01:04,103 [INFO] >>> Processing KODEX 미국AI광통신네트워크(0173Y0)
2026-09-07 14:01:04,105 [INFO] [KODEX 미국AI광통신네트워크(0173Y0)] 하락 래치 진행 중 - 이미 분할 청산을 거쳤으므로 동일 래치 내 2차 이탈 청산 스킵 (신규 매수만 차단 유지)
2026-09-07 14:01:04,105 [INFO] [KODEX 미국AI광통신네트워크(0173Y0)] DOWNTREND 확정 - 추가 매수 차단
2026-09-07 14:01:04,106 [INFO] >>> Processing ACE 테슬라밸류체인액티브(457480)
2026-09-07 14:01:04,108 [INFO] [ACE 테슬라밸류체인액티브(457480)] DOWNTREND 확정 - 신규 진입 차단
2026-09-07 14:01:04,109 [INFO] >>> Processing KODEX 미국AI전력핵심인프라(487230)
2026-09-07 14:01:04,111 [INFO] [KODEX 미국AI전력핵심인프라(487230)] 하락 래치 진행 중 - 이미 분할 청산을 거쳤으므로 동일 래치 내 2차 이탈 청산 스킵 (신규 매수만 차단 유지)
2026-09-07 14:01:04,112 [INFO] [KODEX 미국AI전력핵심인프라(487230)] DOWNTREND 확정 - 추가 매수 차단
2026-09-07 14:01:04,112 [INFO] >>> Processing TIGER 지주회사(307520)
2026-09-07 14:01:04,115 [INFO] [TIGER 지주회사(307520)] DOWNTREND 확정 - 신규 진입 차단
2026-09-07 14:01:04,115 [INFO] >>> Processing 테스(095610)
2026-09-07 14:01:04,117 [INFO] [테스(095610)] DOWNTREND 확정 - 신규 진입 차단
2026-09-07 14:01:04,118 [INFO] >>> Processing KODEX 증권(102970)
2026-09-07 14:01:04,120 [INFO] [KODEX 증권(102970)] DOWNTREND 확정 - 신규 진입 차단
2026-09-07 14:01:04,121 [INFO] >>> Processing KODEX AI전력핵심설비(487240)
2026-09-07 14:01:04,123 [INFO] [KODEX AI전력핵심설비(487240)] 하락 래치 진행 중 - 이미 분할 청산을 거쳤으므로 동일 래치 내 2차 이탈 청산 스킵 (신규 매수만 차단 유지)
2026-09-07 14:01:04,124 [INFO] [KODEX AI전력핵심설비(487240)] DOWNTREND 확정 - 추가 매수 차단
2026-09-07 14:01:04,124 [INFO] >>> Processing 메리츠금융지주(138040)
2026-09-07 14:01:04,129 [INFO]   [메리츠금융지주(138040)] 📈 상승 레짐 유지 | Lv4 매수 KRW 117,000 -> 현재 KRW 133,000 (+13.68%) | 채널하단 KRW 116,820 / 이탈선 KRW 116,820 (허용 -0.0%) | 20EMA(눌림) KRW 123,409 (이격 +7.77%) | adds 3/3
2026-09-07 14:01:04,129 [INFO] >>> Processing 삼성전자(005930)
2026-09-07 14:01:04,132 [INFO] [삼성전자(005930)] 하락 래치 진행 중 - 이미 분할 청산을 거쳤으므로 동일 래치 내 2차 이탈 청산 스킵 (신규 매수만 차단 유지)
2026-09-07 14:01:04,134 [INFO]   [삼성전자(005930)] 📈 상승 레짐 유지 | Lv2 매수 KRW 260,500 -> 현재 KRW 268,500 (+3.07%) | 채널하단 KRW 191,591 / 이탈선 KRW 191,591 (허용 -0.0%) | 20EMA(눌림) KRW 257,231 (이격 +4.38%) | adds 1/3
2026-09-07 14:01:04,134 [INFO] >>> Processing 한국쉘석유(002960)
2026-09-07 14:01:04,137 [INFO]   [한국쉘석유(002960)] 신호 없음 | Lv1 매수 KRW 509,000 -> 현재 KRW 498,500 (-2.06%) | 익절 +10.0% / 추매 -5.0%
2026-09-07 14:01:04,137 [INFO] >>> Processing 삼성전자우(005935)
2026-09-07 14:01:04,140 [INFO] [삼성전자우(005935)] 하락 래치 진행 중 - 이미 분할 청산을 거쳤으므로 동일 래치 내 2차 이탈 청산 스킵 (신규 매수만 차단 유지)
2026-09-07 14:01:04,142 [INFO]   [삼성전자우(005935)] 📈 상승 레짐 유지 | Lv1 매수 KRW 234,500 -> 현재 KRW 199,100 (-15.10%) | 채널하단 KRW 150,252 / 이탈선 KRW 150,252 (허용 -0.0%) | 20EMA(눌림) KRW 187,643 (이격 +6.11%) | adds 3/3
2026-09-07 14:01:04,142 [INFO] >>> Processing ACE 엔비디아밸류체인액티브(483320)
2026-09-07 14:01:04,145 [INFO] [ACE 엔비디아밸류체인액티브(483320)] DOWNTREND 확정 - 신규 진입 차단
2026-09-07 14:01:04,145 [INFO] >>> Step 6: Persist
