2026-08-01 08:56:05,200 [INFO] === Initializing MagicSplit Bot (domestic) ===
2026-08-01 08:56:05,200 [INFO] Loaded 24 stock rule(s) from config_domestic.json
2026-08-01 08:56:05,200 [INFO] [domestic] 12 rule(s), mode=LIVE
2026-08-01 08:56:05,200 [INFO] [KisBroker] 캐시에서 토큰 로드 (API 호출 생략)
2026-08-01 08:56:05,200 [INFO] [KisDomesticLiveBroker] Mode: LIVE TRADING
2026-08-01 08:56:05,202 [INFO] [MarketData] 레짐 필터 활성 종목 12개 -> YFinanceMarketDataProvider 주입 (window 260봉)
2026-08-01 08:56:05,203 [INFO] === Running domestic engine ===
2026-08-01 08:56:05,203 [INFO] >>> Step 1: Portfolio & Price Fetch
2026-08-01 08:56:06,175 [INFO] Fetching real-time prices from Broker...
2026-08-01 08:56:09,642 [INFO] Portfolio: Cash=KRW 892,020, Value=KRW 21,489,280
2026-08-01 08:56:09,642 [INFO] >>> Step 2: Load Positions
2026-08-01 08:56:09,643 [INFO] Loaded 17 position lot(s)
2026-08-01 08:56:09,644 [INFO] >>> Step 2.5: Reconcile OK (수량 일치)
2026-08-01 08:56:09,644 [INFO] >>> Processing 삼성증권(016360)
2026-08-01 08:56:10,505 [INFO] [MarketData] 배치 다운로드 완료: 12/12종목
2026-08-01 08:56:10,508 [INFO] [삼성증권(016360)] DOWNTREND 확정 - 신규 진입 차단
2026-08-01 08:56:10,760 [INFO] >>> Processing KODEX 반도체레버리지(494310)
2026-08-01 08:56:10,763 [INFO] [KODEX 반도체레버리지(494310)] 채널 기울기 하락 전환 확정 (-44.20%/63봉) -> 이탈 청산 진행
2026-08-01 08:56:10,763 [INFO] [KODEX 반도체레버리지(494310)] 추세 이탈 -> 분할 청산 7주/13주 (50%) 즉시 매도, 잔량 6주 추종 데드라인 (기준가 KRW 72,520, 청산선 KRW 70,344, 평단 KRW 95,820, 채널하단 KRW 54,952)
2026-08-01 08:56:10,763 [INFO] Executing 1 order(s)...
2026-08-01 08:56:10,763 [INFO] [KisBroker] Processing 1 SELL orders...
2026-08-01 08:56:11,858 [ERROR] [KisDomestic] Order Failed: 장운영일자가 주문일과 상이합니다
2026-08-01 08:56:12,163 [INFO] >>> Processing 한국쉘석유(002960)
2026-08-01 08:56:12,166 [INFO]   [한국쉘석유(002960)] 신호 없음 | Lv1 매수 KRW 509,000 -> 현재 KRW 498,500 (-2.06%) | 익절 +10.0% / 추매 -5.0%
2026-08-01 08:56:12,167 [INFO] >>> Processing ACE 엔비디아밸류체인액티브(483320)
2026-08-01 08:56:12,169 [INFO] [ACE 엔비디아밸류체인액티브(483320)] 이탈 청산 후 재진입 대기 - 채널 중심선 미회복 (현재가 KRW 23,645 <= 기준선 KRW 27,316)
2026-08-01 08:56:12,384 [INFO] >>> Processing 삼성전자우(005935)
2026-08-01 08:56:12,389 [INFO]   [삼성전자우(005935)] 📈 상승 레짐 유지 | Lv3 매수 KRW 182,500 -> 현재 KRW 191,000 (+4.66%) | 채널하단(이탈선) KRW 155,386 | 20EMA(눌림) KRW 181,040 (이격 +5.50%) | adds 3/3
2026-08-01 08:56:12,389 [INFO] >>> Processing 삼성전자(005930)
2026-08-01 08:56:12,393 [INFO]   [삼성전자(005930)] 📈 상승 레짐 유지 | Lv7 매수 KRW 229,500 -> 현재 KRW 262,500 (+14.38%) | 채널하단(이탈선) KRW 211,649 | 20EMA(눌림) KRW 260,290 (이격 +0.85%) | adds 3/3
2026-08-01 08:56:12,394 [INFO] >>> Processing SOL 반도체전공정(475300)
2026-08-01 08:56:12,396 [INFO] [SOL 반도체전공정(475300)] DOWNTREND 2일 확정 - 매수 차단
2026-08-01 08:56:12,396 [INFO] [SOL 반도체전공정(475300)] DOWNTREND 확정 - 신규 진입 차단
2026-08-01 08:56:12,612 [INFO] >>> Processing ACE 테슬라밸류체인액티브(457480)
2026-08-01 08:56:12,615 [INFO] [ACE 테슬라밸류체인액티브(457480)] DOWNTREND 확정 - 신규 진입 차단
2026-08-01 08:56:12,843 [INFO] >>> Processing KODEX 증권(102970)
2026-08-01 08:56:12,846 [INFO] [KODEX 증권(102970)] DOWNTREND 확정 - 신규 진입 차단
2026-08-01 08:56:13,134 [INFO] >>> Processing 테스(095610)
2026-08-01 08:56:13,138 [INFO] [테스(095610)] 이탈 청산 후 재진입 대기 - 채널 중심선 미회복 (현재가 KRW 130,000 <= 기준선 KRW 183,669)
2026-08-01 08:56:13,349 [INFO] >>> Processing TIGER 지주회사(307520)
2026-08-01 08:56:13,352 [INFO] [TIGER 지주회사(307520)] DOWNTREND 확정 - 신규 진입 차단
2026-08-01 08:56:13,585 [INFO] >>> Processing 메리츠금융지주(138040)
2026-08-01 08:56:13,589 [INFO]   [메리츠금융지주(138040)] 신호 없음 | Lv1 매수 KRW 117,900 -> 현재 KRW 124,000 (+5.17%) | 익절 +10.0% / 추매 -5.0%
2026-08-01 08:56:13,589 [INFO] >>> Step 6: Persist
