2026-08-31 10:00:56,557 [INFO] === Initializing MagicSplit Bot (domestic) ===
2026-08-31 10:00:56,558 [INFO] Loaded 28 stock rule(s) from config_domestic.json
2026-08-31 10:00:56,558 [INFO] [domestic] 15 rule(s), mode=LIVE
2026-08-31 10:00:56,558 [INFO] [KisBroker] 새 토큰 발급 중...
2026-08-31 10:00:57,278 [INFO] [KisDomesticLiveBroker] Mode: LIVE TRADING
2026-08-31 10:00:57,280 [INFO] [MarketData] 레짐 필터 활성 종목 15개 -> YFinanceMarketDataProvider 주입 (window 260봉)
2026-08-31 10:00:57,280 [INFO] === Running domestic engine ===
2026-08-31 10:00:57,280 [INFO] >>> Step 1: Portfolio & Price Fetch
2026-08-31 10:00:57,645 [INFO] Fetching real-time prices from Broker...
2026-08-31 10:01:01,278 [INFO] Portfolio: Cash=KRW 689,701, Value=KRW 25,188,371
2026-08-31 10:01:01,278 [INFO] >>> Step 2: Load Positions
2026-08-31 10:01:01,279 [INFO] Loaded 20 position lot(s)
2026-08-31 10:01:01,280 [INFO] >>> Step 2.5: Reconcile OK (수량 일치)
2026-08-31 10:01:01,280 [INFO] >>> Processing 삼성증권(016360)
2026-08-31 10:01:02,921 [INFO] [MarketData] 배치 다운로드 완료: 15/15종목
2026-08-31 10:01:02,923 [INFO] [삼성증권(016360)] DOWNTREND 확정 - 신규 진입 차단
2026-08-31 10:01:02,923 [INFO] >>> Processing KODEX 반도체레버리지(494310)
2026-08-31 10:01:02,925 [INFO] [KODEX 반도체레버리지(494310)] DOWNTREND 확정 - 신규 진입 차단
2026-08-31 10:01:02,926 [INFO] >>> Processing KODEX 증권(102970)
2026-08-31 10:01:02,927 [INFO] [KODEX 증권(102970)] DOWNTREND 확정 - 신규 진입 차단
2026-08-31 10:01:02,928 [INFO] >>> Processing 삼성전자(005930)
2026-08-31 10:01:02,929 [INFO] [삼성전자(005930)] 하락 래치 진행 중 - 이미 분할 청산을 거쳤으므로 동일 래치 내 2차 이탈 청산 스킵 (신규 매수만 차단 유지)
2026-08-31 10:01:02,931 [INFO]   [삼성전자(005930)] 📈 상승 레짐 유지 | Lv2 매수 KRW 260,500 -> 현재 KRW 249,250 (-4.32%) | 채널하단 KRW 192,082 / 이탈선 KRW 192,082 (허용 -0.0%) | 20EMA(눌림) KRW 258,666 (이격 -3.64%) | adds 1/3
2026-08-31 10:01:02,931 [INFO] >>> Processing 메리츠금융지주(138040)
2026-08-31 10:01:02,935 [INFO]   [메리츠금융지주(138040)] 📈 상승 레짐 유지 | Lv4 매수 KRW 117,000 -> 현재 KRW 119,000 (+1.71%) | 채널하단 KRW 114,371 / 이탈선 KRW 114,371 (허용 -0.0%) | 20EMA(눌림) KRW 118,665 (이격 +0.28%) | adds 3/3
2026-08-31 10:01:02,935 [INFO] >>> Processing SOL 반도체전공정(475300)
2026-08-31 10:01:02,937 [INFO] [SOL 반도체전공정(475300)] DOWNTREND 확정 - 신규 진입 차단
2026-08-31 10:01:02,937 [INFO] >>> Processing KODEX 미국AI전력핵심인프라(487230)
2026-08-31 10:01:02,939 [INFO] [KODEX 미국AI전력핵심인프라(487230)] 하락 래치 진행 중 - 이미 분할 청산을 거쳤으므로 동일 래치 내 2차 이탈 청산 스킵 (신규 매수만 차단 유지)
2026-08-31 10:01:02,940 [INFO] [KODEX 미국AI전력핵심인프라(487230)] DOWNTREND 확정 - 추가 매수 차단
2026-08-31 10:01:02,940 [INFO] >>> Processing 테스(095610)
2026-08-31 10:01:02,942 [INFO] [테스(095610)] DOWNTREND 확정 - 신규 진입 차단
2026-08-31 10:01:02,942 [INFO] >>> Processing KODEX 미국AI광통신네트워크(0173Y0)
2026-08-31 10:01:02,944 [INFO] [KODEX 미국AI광통신네트워크(0173Y0)] 하락 래치 진행 중 - 이미 분할 청산을 거쳤으므로 동일 래치 내 2차 이탈 청산 스킵 (신규 매수만 차단 유지)
2026-08-31 10:01:02,944 [INFO] [KODEX 미국AI광통신네트워크(0173Y0)] DOWNTREND 확정 - 추가 매수 차단
2026-08-31 10:01:02,944 [INFO] >>> Processing 삼성전자우(005935)
2026-08-31 10:01:02,947 [INFO] [삼성전자우(005935)] 하락 래치 진행 중 - 이미 분할 청산을 거쳤으므로 동일 래치 내 2차 이탈 청산 스킵 (신규 매수만 차단 유지)
2026-08-31 10:01:02,949 [INFO]   [삼성전자우(005935)] 📈 상승 레짐 유지 | Lv1 매수 KRW 234,500 -> 현재 KRW 182,200 (-22.30%) | 채널하단 KRW 148,660 / 이탈선 KRW 148,660 (허용 -0.0%) | 20EMA(눌림) KRW 187,612 (이격 -2.88%) | adds 3/3
2026-08-31 10:01:02,949 [INFO] >>> Processing 한국쉘석유(002960)
2026-08-31 10:01:02,951 [INFO]   [한국쉘석유(002960)] 신호 없음 | Lv1 매수 KRW 509,000 -> 현재 KRW 503,000 (-1.18%) | 익절 +10.0% / 추매 -5.0%
2026-08-31 10:01:02,951 [INFO] >>> Processing KODEX AI전력핵심설비(487240)
2026-08-31 10:01:02,953 [INFO] [KODEX AI전력핵심설비(487240)] 하락 래치 진행 중 - 이미 분할 청산을 거쳤으므로 동일 래치 내 2차 이탈 청산 스킵 (신규 매수만 차단 유지)
2026-08-31 10:01:02,953 [INFO] [KODEX AI전력핵심설비(487240)] DOWNTREND 확정 - 추가 매수 차단
2026-08-31 10:01:02,953 [INFO] >>> Processing TIGER 지주회사(307520)
2026-08-31 10:01:02,955 [INFO] [TIGER 지주회사(307520)] DOWNTREND 확정 - 신규 진입 차단
2026-08-31 10:01:02,956 [INFO] >>> Processing ACE 엔비디아밸류체인액티브(483320)
2026-08-31 10:01:02,957 [INFO] [ACE 엔비디아밸류체인액티브(483320)] DOWNTREND 확정 - 신규 진입 차단
2026-08-31 10:01:02,958 [INFO] >>> Processing ACE 테슬라밸류체인액티브(457480)
2026-08-31 10:01:02,959 [INFO] [ACE 테슬라밸류체인액티브(457480)] DOWNTREND 확정 - 신규 진입 차단
2026-08-31 10:01:02,960 [INFO] >>> Step 6: Persist
2026-08-31 12:01:01,510 [INFO] === Initializing MagicSplit Bot (domestic) ===
2026-08-31 12:01:01,510 [INFO] Loaded 28 stock rule(s) from config_domestic.json
2026-08-31 12:01:01,510 [INFO] [domestic] 15 rule(s), mode=LIVE
2026-08-31 12:01:01,511 [INFO] [KisBroker] 캐시에서 토큰 로드 (API 호출 생략)
2026-08-31 12:01:01,511 [INFO] [KisDomesticLiveBroker] Mode: LIVE TRADING
2026-08-31 12:01:01,513 [INFO] [MarketData] 레짐 필터 활성 종목 15개 -> YFinanceMarketDataProvider 주입 (window 260봉)
2026-08-31 12:01:01,513 [INFO] === Running domestic engine ===
2026-08-31 12:01:01,513 [INFO] >>> Step 1: Portfolio & Price Fetch
2026-08-31 12:01:02,432 [INFO] Fetching real-time prices from Broker...
2026-08-31 12:01:06,197 [INFO] Portfolio: Cash=KRW 689,701, Value=KRW 25,552,706
2026-08-31 12:01:06,197 [INFO] >>> Step 2: Load Positions
2026-08-31 12:01:06,197 [INFO] Loaded 20 position lot(s)
2026-08-31 12:01:06,199 [INFO] >>> Step 2.5: Reconcile OK (수량 일치)
2026-08-31 12:01:06,199 [INFO] >>> Processing KODEX 반도체레버리지(494310)
2026-08-31 12:01:07,869 [INFO] [MarketData] 배치 다운로드 완료: 15/15종목
2026-08-31 12:01:07,871 [INFO] [KODEX 반도체레버리지(494310)] DOWNTREND 확정 - 신규 진입 차단
2026-08-31 12:01:07,872 [INFO] >>> Processing 삼성증권(016360)
2026-08-31 12:01:07,874 [INFO] [삼성증권(016360)] DOWNTREND 확정 - 신규 진입 차단
2026-08-31 12:01:07,874 [INFO] >>> Processing 테스(095610)
2026-08-31 12:01:07,877 [INFO] [테스(095610)] DOWNTREND 확정 - 신규 진입 차단
2026-08-31 12:01:07,877 [INFO] >>> Processing KODEX 증권(102970)
2026-08-31 12:01:07,879 [INFO] [KODEX 증권(102970)] DOWNTREND 확정 - 신규 진입 차단
2026-08-31 12:01:07,880 [INFO] >>> Processing TIGER 지주회사(307520)
2026-08-31 12:01:07,882 [INFO] [TIGER 지주회사(307520)] DOWNTREND 확정 - 신규 진입 차단
2026-08-31 12:01:07,882 [INFO] >>> Processing 메리츠금융지주(138040)
2026-08-31 12:01:07,887 [INFO]   [메리츠금융지주(138040)] 📈 상승 레짐 유지 | Lv4 매수 KRW 117,000 -> 현재 KRW 121,300 (+3.68%) | 채널하단 KRW 114,371 / 이탈선 KRW 114,371 (허용 -0.0%) | 20EMA(눌림) KRW 118,665 (이격 +2.22%) | adds 3/3
2026-08-31 12:01:07,887 [INFO] >>> Processing KODEX AI전력핵심설비(487240)
2026-08-31 12:01:07,889 [INFO] [KODEX AI전력핵심설비(487240)] 하락 래치 진행 중 - 이미 분할 청산을 거쳤으므로 동일 래치 내 2차 이탈 청산 스킵 (신규 매수만 차단 유지)
2026-08-31 12:01:07,890 [INFO] [KODEX AI전력핵심설비(487240)] DOWNTREND 확정 - 추가 매수 차단
2026-08-31 12:01:07,890 [INFO] >>> Processing 한국쉘석유(002960)
2026-08-31 12:01:07,893 [INFO]   [한국쉘석유(002960)] 신호 없음 | Lv1 매수 KRW 509,000 -> 현재 KRW 501,000 (-1.57%) | 익절 +10.0% / 추매 -5.0%
2026-08-31 12:01:07,893 [INFO] >>> Processing ACE 엔비디아밸류체인액티브(483320)
2026-08-31 12:01:07,895 [INFO] [ACE 엔비디아밸류체인액티브(483320)] DOWNTREND 확정 - 신규 진입 차단
2026-08-31 12:01:07,895 [INFO] >>> Processing SOL 반도체전공정(475300)
2026-08-31 12:01:07,898 [INFO] [SOL 반도체전공정(475300)] DOWNTREND 확정 - 신규 진입 차단
2026-08-31 12:01:07,898 [INFO] >>> Processing ACE 테슬라밸류체인액티브(457480)
2026-08-31 12:01:07,901 [INFO] [ACE 테슬라밸류체인액티브(457480)] DOWNTREND 확정 - 신규 진입 차단
2026-08-31 12:01:07,901 [INFO] >>> Processing KODEX 미국AI광통신네트워크(0173Y0)
2026-08-31 12:01:07,903 [INFO] [KODEX 미국AI광통신네트워크(0173Y0)] 하락 래치 진행 중 - 이미 분할 청산을 거쳤으므로 동일 래치 내 2차 이탈 청산 스킵 (신규 매수만 차단 유지)
2026-08-31 12:01:07,903 [INFO] [KODEX 미국AI광통신네트워크(0173Y0)] DOWNTREND 확정 - 추가 매수 차단
2026-08-31 12:01:07,904 [INFO] >>> Processing 삼성전자우(005935)
2026-08-31 12:01:07,906 [INFO] [삼성전자우(005935)] 하락 래치 진행 중 - 이미 분할 청산을 거쳤으므로 동일 래치 내 2차 이탈 청산 스킵 (신규 매수만 차단 유지)
2026-08-31 12:01:07,908 [INFO]   [삼성전자우(005935)] 📈 상승 레짐 유지 | Lv1 매수 KRW 234,500 -> 현재 KRW 183,600 (-21.71%) | 채널하단 KRW 148,660 / 이탈선 KRW 148,660 (허용 -0.0%) | 20EMA(눌림) KRW 187,612 (이격 -2.14%) | adds 3/3
2026-08-31 12:01:07,909 [INFO] >>> Processing KODEX 미국AI전력핵심인프라(487230)
2026-08-31 12:01:07,911 [INFO] [KODEX 미국AI전력핵심인프라(487230)] 하락 래치 진행 중 - 이미 분할 청산을 거쳤으므로 동일 래치 내 2차 이탈 청산 스킵 (신규 매수만 차단 유지)
2026-08-31 12:01:07,911 [INFO] [KODEX 미국AI전력핵심인프라(487230)] DOWNTREND 확정 - 추가 매수 차단
2026-08-31 12:01:07,912 [INFO] >>> Processing 삼성전자(005930)
2026-08-31 12:01:07,914 [INFO] [삼성전자(005930)] 하락 래치 진행 중 - 이미 분할 청산을 거쳤으므로 동일 래치 내 2차 이탈 청산 스킵 (신규 매수만 차단 유지)
2026-08-31 12:01:07,916 [INFO]   [삼성전자(005930)] 📈 상승 레짐 유지 | Lv2 매수 KRW 260,500 -> 현재 KRW 252,750 (-2.98%) | 채널하단 KRW 192,082 / 이탈선 KRW 192,082 (허용 -0.0%) | 20EMA(눌림) KRW 258,666 (이격 -2.29%) | adds 1/3
2026-08-31 12:01:07,916 [INFO] >>> Step 6: Persist
