2026-08-20 10:00:53,773 [INFO] === Initializing MagicSplit Bot (domestic) ===
2026-08-20 10:00:53,773 [INFO] Loaded 28 stock rule(s) from config_domestic.json
2026-08-20 10:00:53,773 [INFO] [domestic] 16 rule(s), mode=LIVE
2026-08-20 10:00:53,773 [INFO] [KisBroker] 캐시에서 토큰 로드 (API 호출 생략)
2026-08-20 10:00:53,773 [INFO] [KisDomesticLiveBroker] Mode: LIVE TRADING
2026-08-20 10:00:53,775 [INFO] [MarketData] 레짐 필터 활성 종목 16개 -> YFinanceMarketDataProvider 주입 (window 260봉)
2026-08-20 10:00:53,775 [INFO] === Running domestic engine ===
2026-08-20 10:00:53,775 [INFO] >>> Step 1: Portfolio & Price Fetch
2026-08-20 10:00:54,980 [INFO] Fetching real-time prices from Broker...
2026-08-20 10:00:59,748 [INFO] Portfolio: Cash=KRW 3,690,935, Value=KRW 25,700,120
2026-08-20 10:00:59,748 [INFO] >>> Step 2: Load Positions
2026-08-20 10:00:59,749 [INFO] Loaded 16 position lot(s)
2026-08-20 10:00:59,750 [INFO] >>> Step 2.1: Detected 1 newly enabled ticker(s)
2026-08-20 10:00:59,752 [INFO] >>> Step 2.5: Reconcile OK (수량 일치)
2026-08-20 10:00:59,752 [INFO] >>> Processing KODEX 반도체레버리지(494310)
2026-08-20 10:01:00,964 [INFO] [MarketData] 배치 다운로드 완료: 16/16종목
2026-08-20 10:01:00,965 [INFO] [KODEX 반도체레버리지(494310)] DOWNTREND 확정 - 신규 진입 차단
2026-08-20 10:01:00,965 [INFO] >>> Processing 삼성증권(016360)
2026-08-20 10:01:00,968 [INFO] [삼성증권(016360)] DOWNTREND 확정 - 신규 진입 차단
2026-08-20 10:01:00,968 [INFO] >>> Processing ACE 테슬라밸류체인액티브(457480)
2026-08-20 10:01:00,969 [INFO] [ACE 테슬라밸류체인액티브(457480)] DOWNTREND 확정 - 신규 진입 차단
2026-08-20 10:01:00,969 [INFO] >>> Processing 삼성전자(005930)
2026-08-20 10:01:00,971 [INFO] [삼성전자(005930)] 하락 래치 진행 중 - 이미 분할 청산을 거쳤으므로 동일 래치 내 2차 이탈 청산 스킵 (신규 매수만 차단 유지)
2026-08-20 10:01:00,973 [INFO]   [삼성전자(005930)] 📈 상승 레짐 유지 | Lv1 매수 KRW 356,750 -> 현재 KRW 264,000 (-26.00%) | 채널하단 KRW 194,316 / 이탈선 KRW 194,316 (허용 -0.0%) | 20EMA(눌림) KRW 253,762 (이격 +4.03%) | adds 0/3
2026-08-20 10:01:00,974 [INFO] >>> Processing 한국쉘석유(002960)
2026-08-20 10:01:00,976 [INFO]   [한국쉘석유(002960)] 신호 없음 | Lv1 매수 KRW 509,000 -> 현재 KRW 506,000 (-0.59%) | 익절 +10.0% / 추매 -5.0%
2026-08-20 10:01:00,976 [INFO] >>> Processing KODEX 미국AI광통신네트워크(0173Y0)
2026-08-20 10:01:00,978 [INFO] [KODEX 미국AI광통신네트워크(0173Y0)] 하락 래치 진행 중 - 이미 분할 청산을 거쳤으므로 동일 래치 내 2차 이탈 청산 스킵 (신규 매수만 차단 유지)
2026-08-20 10:01:00,979 [INFO] [KODEX 미국AI광통신네트워크(0173Y0)] DOWNTREND 확정 - 추가 매수 차단
2026-08-20 10:01:00,979 [INFO] >>> Processing KODEX 증권(102970)
2026-08-20 10:01:00,980 [INFO] [KODEX 증권(102970)] DOWNTREND 확정 - 신규 진입 차단
2026-08-20 10:01:00,980 [INFO] >>> Processing KODEX 미국AI전력핵심인프라(487230)
2026-08-20 10:01:00,982 [INFO] [KODEX 미국AI전력핵심인프라(487230)] 하락 래치 진행 중 - 이미 분할 청산을 거쳤으므로 동일 래치 내 2차 이탈 청산 스킵 (신규 매수만 차단 유지)
2026-08-20 10:01:00,982 [INFO] [KODEX 미국AI전력핵심인프라(487230)] DOWNTREND 확정 - 추가 매수 차단
2026-08-20 10:01:00,983 [INFO] >>> Processing KODEX AI전력핵심설비(487240)
2026-08-20 10:01:00,984 [INFO] [KODEX AI전력핵심설비(487240)] DOWNTREND 확정 - 추가 매수 차단
2026-08-20 10:01:00,984 [INFO] >>> Processing ACE 엔비디아밸류체인액티브(483320)
2026-08-20 10:01:00,985 [INFO] [ACE 엔비디아밸류체인액티브(483320)] DOWNTREND 확정 - 신규 진입 차단
2026-08-20 10:01:00,985 [INFO] >>> Processing SOL 반도체전공정(475300)
2026-08-20 10:01:00,986 [INFO] [SOL 반도체전공정(475300)] DOWNTREND 확정 - 신규 진입 차단
2026-08-20 10:01:00,986 [INFO] >>> Processing 삼성전자우(005935)
2026-08-20 10:01:00,988 [INFO] [삼성전자우(005935)] 하락 래치 진행 중 - 이미 분할 청산을 거쳤으므로 동일 래치 내 2차 이탈 청산 스킵 (신규 매수만 차단 유지)
2026-08-20 10:01:00,990 [INFO]   [삼성전자우(005935)] 📈 상승 레짐 유지 | Lv1 매수 KRW 234,500 -> 현재 KRW 186,700 (-20.38%) | 채널하단 KRW 148,151 / 이탈선 KRW 148,151 (허용 -0.0%) | 20EMA(눌림) KRW 181,333 (이격 +2.96%) | adds 3/3
2026-08-20 10:01:00,991 [INFO] >>> Processing 메리츠금융지주(138040)
2026-08-20 10:01:00,994 [INFO]   [메리츠금융지주(138040)] 📈 상승 레짐 유지 | Lv4 매수 KRW 117,000 -> 현재 KRW 116,100 (-0.77%) | 채널하단 KRW 113,697 / 이탈선 KRW 113,697 (허용 -0.0%) | 20EMA(눌림) KRW 118,933 (이격 -2.38%) | adds 3/3
2026-08-20 10:01:00,995 [INFO] >>> Processing ISC(095340)
2026-08-20 10:01:00,997 [INFO] [ISC(095340)] 보유 lot 없음 -> 초기 매수 Lv1 5주 @KRW 170,600
2026-08-20 10:01:00,997 [INFO] Executing 1 order(s)...
2026-08-20 10:01:01,413 [INFO] [KisBroker] Available Cash for BUY: 3,690,935
2026-08-20 10:01:02,816 [INFO] [KisDomestic] Order Sent: BUY ISC(095340) 5 @ 170600 (ODNO=0007808800)
2026-08-20 10:01:03,211 [INFO] [KisDomestic] Order FILLED: ISC(095340) ODNO=0007808800 price=170600.0 qty=5 fee=127.94999999999999
2026-08-20 10:01:03,412 [INFO] [Position] New lot: lot_20260820_100103_095340_001 Lv1 ISC(095340) 5주 @KRW 170,600
2026-08-20 10:01:07,253 [INFO] >>> Processing 테스(095610)
2026-08-20 10:01:07,256 [INFO] [테스(095610)] 이탈 청산 후 재진입 대기 - 채널 중심선 미회복 (현재가 KRW 144,700 <= 기준선 KRW 153,010)
2026-08-20 10:01:07,257 [INFO] >>> Processing TIGER 지주회사(307520)
2026-08-20 10:01:07,257 [INFO] [TIGER 지주회사(307520)] DOWNTREND 확정 - 신규 진입 차단
2026-08-20 10:01:07,257 [INFO] >>> Step 6: Persist
2026-08-20 12:01:03,981 [INFO] === Initializing MagicSplit Bot (domestic) ===
2026-08-20 12:01:03,981 [INFO] Loaded 28 stock rule(s) from config_domestic.json
2026-08-20 12:01:03,981 [INFO] [domestic] 16 rule(s), mode=LIVE
2026-08-20 12:01:03,981 [INFO] [KisBroker] 캐시에서 토큰 로드 (API 호출 생략)
2026-08-20 12:01:03,982 [INFO] [KisDomesticLiveBroker] Mode: LIVE TRADING
2026-08-20 12:01:03,984 [INFO] [MarketData] 레짐 필터 활성 종목 16개 -> YFinanceMarketDataProvider 주입 (window 260봉)
2026-08-20 12:01:03,984 [INFO] === Running domestic engine ===
2026-08-20 12:01:03,984 [INFO] >>> Step 1: Portfolio & Price Fetch
2026-08-20 12:01:04,981 [WARNING] [KisBroker] 초당 거래건수 초과(EGW00201/429) 감지 — 0.5s 대기 후 재시도 (1/3)
2026-08-20 12:01:05,936 [WARNING] [KisBroker] 초당 거래건수 초과(EGW00201/429) 감지 — 1.0s 대기 후 재시도 (2/3)
2026-08-20 12:01:07,424 [INFO] Fetching real-time prices from Broker...
2026-08-20 12:01:11,187 [INFO] Portfolio: Cash=KRW 2,837,825, Value=KRW 25,829,190
2026-08-20 12:01:11,187 [INFO] >>> Step 2: Load Positions
2026-08-20 12:01:11,187 [INFO] Loaded 17 position lot(s)
2026-08-20 12:01:11,189 [INFO] >>> Step 2.5: Reconcile OK (수량 일치)
2026-08-20 12:01:11,189 [INFO] >>> Processing 삼성증권(016360)
2026-08-20 12:01:12,251 [INFO] [MarketData] 배치 다운로드 완료: 16/16종목
2026-08-20 12:01:12,254 [INFO] [삼성증권(016360)] DOWNTREND 확정 - 신규 진입 차단
2026-08-20 12:01:12,255 [INFO] >>> Processing KODEX 반도체레버리지(494310)
2026-08-20 12:01:12,257 [INFO] [KODEX 반도체레버리지(494310)] DOWNTREND 확정 - 신규 진입 차단
2026-08-20 12:01:12,257 [INFO] >>> Processing 삼성전자(005930)
2026-08-20 12:01:12,260 [INFO] [삼성전자(005930)] 하락 래치 진행 중 - 이미 분할 청산을 거쳤으므로 동일 래치 내 2차 이탈 청산 스킵 (신규 매수만 차단 유지)
2026-08-20 12:01:12,262 [INFO]   [삼성전자(005930)] 📈 상승 레짐 유지 | Lv1 매수 KRW 356,750 -> 현재 KRW 268,500 (-24.74%) | 채널하단 KRW 194,316 / 이탈선 KRW 194,316 (허용 -0.0%) | 20EMA(눌림) KRW 253,762 (이격 +5.81%) | adds 0/3
2026-08-20 12:01:12,263 [INFO] >>> Processing KODEX 미국AI광통신네트워크(0173Y0)
2026-08-20 12:01:12,265 [INFO] [KODEX 미국AI광통신네트워크(0173Y0)] 하락 래치 진행 중 - 이미 분할 청산을 거쳤으므로 동일 래치 내 2차 이탈 청산 스킵 (신규 매수만 차단 유지)
2026-08-20 12:01:12,266 [INFO] [KODEX 미국AI광통신네트워크(0173Y0)] DOWNTREND 확정 - 추가 매수 차단
2026-08-20 12:01:12,266 [INFO] >>> Processing ACE 엔비디아밸류체인액티브(483320)
2026-08-20 12:01:12,268 [INFO] [ACE 엔비디아밸류체인액티브(483320)] DOWNTREND 확정 - 신규 진입 차단
2026-08-20 12:01:12,269 [INFO] >>> Processing KODEX 미국AI전력핵심인프라(487230)
2026-08-20 12:01:12,271 [INFO] [KODEX 미국AI전력핵심인프라(487230)] 하락 래치 진행 중 - 이미 분할 청산을 거쳤으므로 동일 래치 내 2차 이탈 청산 스킵 (신규 매수만 차단 유지)
2026-08-20 12:01:12,271 [INFO] [KODEX 미국AI전력핵심인프라(487230)] DOWNTREND 확정 - 추가 매수 차단
2026-08-20 12:01:12,272 [INFO] >>> Processing 한국쉘석유(002960)
2026-08-20 12:01:12,274 [INFO]   [한국쉘석유(002960)] 신호 없음 | Lv1 매수 KRW 509,000 -> 현재 KRW 509,000 (+0.00%) | 익절 +10.0% / 추매 -5.0%
2026-08-20 12:01:12,275 [INFO] >>> Processing 메리츠금융지주(138040)
2026-08-20 12:01:12,279 [INFO]   [메리츠금융지주(138040)] 📈 상승 레짐 유지 | Lv4 매수 KRW 117,000 -> 현재 KRW 116,900 (-0.09%) | 채널하단 KRW 113,697 / 이탈선 KRW 113,697 (허용 -0.0%) | 20EMA(눌림) KRW 118,933 (이격 -1.71%) | adds 3/3
2026-08-20 12:01:12,279 [INFO] >>> Processing KODEX AI전력핵심설비(487240)
2026-08-20 12:01:12,282 [INFO] [KODEX AI전력핵심설비(487240)] 하락 래치 진행 중 - 이미 분할 청산을 거쳤으므로 동일 래치 내 2차 이탈 청산 스킵 (신규 매수만 차단 유지)
2026-08-20 12:01:12,282 [INFO] [KODEX AI전력핵심설비(487240)] DOWNTREND 확정 - 추가 매수 차단
2026-08-20 12:01:12,282 [INFO] >>> Processing 삼성전자우(005935)
2026-08-20 12:01:12,285 [INFO] [삼성전자우(005935)] 하락 래치 진행 중 - 이미 분할 청산을 거쳤으므로 동일 래치 내 2차 이탈 청산 스킵 (신규 매수만 차단 유지)
2026-08-20 12:01:12,287 [INFO]   [삼성전자우(005935)] 📈 상승 레짐 유지 | Lv1 매수 KRW 234,500 -> 현재 KRW 189,800 (-19.06%) | 채널하단 KRW 148,151 / 이탈선 KRW 148,151 (허용 -0.0%) | 20EMA(눌림) KRW 181,333 (이격 +4.67%) | adds 3/3
2026-08-20 12:01:12,288 [INFO] >>> Processing ACE 테슬라밸류체인액티브(457480)
2026-08-20 12:01:12,290 [INFO] [ACE 테슬라밸류체인액티브(457480)] DOWNTREND 확정 - 신규 진입 차단
2026-08-20 12:01:12,290 [INFO] >>> Processing TIGER 지주회사(307520)
2026-08-20 12:01:12,293 [INFO] [TIGER 지주회사(307520)] DOWNTREND 확정 - 신규 진입 차단
2026-08-20 12:01:12,293 [INFO] >>> Processing 테스(095610)
2026-08-20 12:01:12,296 [INFO] [테스(095610)] 이탈 청산 후 재진입 대기 - 채널 중심선 미회복 (현재가 KRW 142,700 <= 기준선 KRW 153,010)
2026-08-20 12:01:12,296 [INFO] >>> Processing SOL 반도체전공정(475300)
2026-08-20 12:01:12,299 [INFO] [SOL 반도체전공정(475300)] DOWNTREND 확정 - 신규 진입 차단
2026-08-20 12:01:12,299 [INFO] >>> Processing KODEX 증권(102970)
2026-08-20 12:01:12,302 [INFO] [KODEX 증권(102970)] DOWNTREND 확정 - 신규 진입 차단
2026-08-20 12:01:12,302 [INFO] >>> Processing ISC(095340)
2026-08-20 12:01:12,304 [INFO]   [ISC(095340)] 신호 없음 | Lv1 매수 KRW 170,600 -> 현재 KRW 171,300 (+0.41%) | 익절 +10.0% / 추매 -5.0%
2026-08-20 12:01:12,305 [INFO] >>> Step 6: Persist
2026-08-20 14:00:57,961 [INFO] === Initializing MagicSplit Bot (domestic) ===
2026-08-20 14:00:57,961 [INFO] Loaded 28 stock rule(s) from config_domestic.json
2026-08-20 14:00:57,961 [INFO] [domestic] 16 rule(s), mode=LIVE
2026-08-20 14:00:57,961 [INFO] [KisBroker] 캐시에서 토큰 로드 (API 호출 생략)
2026-08-20 14:00:57,961 [INFO] [KisDomesticLiveBroker] Mode: LIVE TRADING
2026-08-20 14:00:57,963 [INFO] [MarketData] 레짐 필터 활성 종목 16개 -> YFinanceMarketDataProvider 주입 (window 260봉)
2026-08-20 14:00:57,963 [INFO] === Running domestic engine ===
2026-08-20 14:00:57,964 [INFO] >>> Step 1: Portfolio & Price Fetch
2026-08-20 14:00:59,032 [INFO] Fetching real-time prices from Broker...
2026-08-20 14:01:02,883 [INFO] Portfolio: Cash=KRW 2,837,825, Value=KRW 25,836,190
2026-08-20 14:01:02,883 [INFO] >>> Step 2: Load Positions
2026-08-20 14:01:02,884 [INFO] Loaded 17 position lot(s)
2026-08-20 14:01:02,885 [INFO] >>> Step 2.5: Reconcile OK (수량 일치)
2026-08-20 14:01:02,885 [INFO] >>> Processing KODEX 반도체레버리지(494310)
2026-08-20 14:01:04,243 [INFO] [MarketData] 배치 다운로드 완료: 16/16종목
2026-08-20 14:01:04,246 [INFO] [KODEX 반도체레버리지(494310)] DOWNTREND 확정 - 신규 진입 차단
2026-08-20 14:01:04,246 [INFO] >>> Processing 삼성증권(016360)
2026-08-20 14:01:04,248 [INFO] [삼성증권(016360)] DOWNTREND 확정 - 신규 진입 차단
2026-08-20 14:01:04,249 [INFO] >>> Processing KODEX AI전력핵심설비(487240)
2026-08-20 14:01:04,251 [INFO] [KODEX AI전력핵심설비(487240)] 하락 래치 진행 중 - 이미 분할 청산을 거쳤으므로 동일 래치 내 2차 이탈 청산 스킵 (신규 매수만 차단 유지)
2026-08-20 14:01:04,252 [INFO] [KODEX AI전력핵심설비(487240)] DOWNTREND 확정 - 추가 매수 차단
2026-08-20 14:01:04,252 [INFO] >>> Processing 테스(095610)
2026-08-20 14:01:04,255 [INFO] [테스(095610)] 이탈 청산 후 재진입 대기 - 채널 중심선 미회복 (현재가 KRW 142,000 <= 기준선 KRW 153,010)
2026-08-20 14:01:04,255 [INFO] >>> Processing KODEX 증권(102970)
2026-08-20 14:01:04,258 [INFO] [KODEX 증권(102970)] DOWNTREND 확정 - 신규 진입 차단
2026-08-20 14:01:04,258 [INFO] >>> Processing 메리츠금융지주(138040)
2026-08-20 14:01:04,263 [INFO]   [메리츠금융지주(138040)] 📈 상승 레짐 유지 | Lv4 매수 KRW 117,000 -> 현재 KRW 115,000 (-1.71%) | 채널하단 KRW 113,697 / 이탈선 KRW 113,697 (허용 -0.0%) | 20EMA(눌림) KRW 118,933 (이격 -3.31%) | adds 3/3
2026-08-20 14:01:04,263 [INFO] >>> Processing TIGER 지주회사(307520)
2026-08-20 14:01:04,265 [INFO] [TIGER 지주회사(307520)] DOWNTREND 확정 - 신규 진입 차단
2026-08-20 14:01:04,266 [INFO] >>> Processing KODEX 미국AI전력핵심인프라(487230)
2026-08-20 14:01:04,268 [INFO] [KODEX 미국AI전력핵심인프라(487230)] 하락 래치 진행 중 - 이미 분할 청산을 거쳤으므로 동일 래치 내 2차 이탈 청산 스킵 (신규 매수만 차단 유지)
2026-08-20 14:01:04,268 [INFO] [KODEX 미국AI전력핵심인프라(487230)] DOWNTREND 확정 - 추가 매수 차단
2026-08-20 14:01:04,269 [INFO] >>> Processing ACE 엔비디아밸류체인액티브(483320)
2026-08-20 14:01:04,271 [INFO] [ACE 엔비디아밸류체인액티브(483320)] DOWNTREND 확정 - 신규 진입 차단
2026-08-20 14:01:04,271 [INFO] >>> Processing SOL 반도체전공정(475300)
2026-08-20 14:01:04,274 [INFO] [SOL 반도체전공정(475300)] DOWNTREND 확정 - 신규 진입 차단
2026-08-20 14:01:04,274 [INFO] >>> Processing ISC(095340)
2026-08-20 14:01:04,277 [INFO]   [ISC(095340)] 신호 없음 | Lv1 매수 KRW 170,600 -> 현재 KRW 169,200 (-0.82%) | 익절 +10.0% / 추매 -5.0%
2026-08-20 14:01:04,277 [INFO] >>> Processing ACE 테슬라밸류체인액티브(457480)
2026-08-20 14:01:04,279 [INFO] [ACE 테슬라밸류체인액티브(457480)] DOWNTREND 확정 - 신규 진입 차단
2026-08-20 14:01:04,280 [INFO] >>> Processing KODEX 미국AI광통신네트워크(0173Y0)
2026-08-20 14:01:04,282 [INFO] [KODEX 미국AI광통신네트워크(0173Y0)] 하락 래치 진행 중 - 이미 분할 청산을 거쳤으므로 동일 래치 내 2차 이탈 청산 스킵 (신규 매수만 차단 유지)
2026-08-20 14:01:04,282 [INFO] [KODEX 미국AI광통신네트워크(0173Y0)] DOWNTREND 확정 - 추가 매수 차단
2026-08-20 14:01:04,283 [INFO] >>> Processing 한국쉘석유(002960)
2026-08-20 14:01:04,285 [INFO]   [한국쉘석유(002960)] 신호 없음 | Lv1 매수 KRW 509,000 -> 현재 KRW 507,000 (-0.39%) | 익절 +10.0% / 추매 -5.0%
2026-08-20 14:01:04,285 [INFO] >>> Processing 삼성전자우(005935)
2026-08-20 14:01:04,288 [INFO] [삼성전자우(005935)] 하락 래치 진행 중 - 이미 분할 청산을 거쳤으므로 동일 래치 내 2차 이탈 청산 스킵 (신규 매수만 차단 유지)
2026-08-20 14:01:04,290 [INFO]   [삼성전자우(005935)] 📈 상승 레짐 유지 | Lv1 매수 KRW 234,500 -> 현재 KRW 193,200 (-17.61%) | 채널하단 KRW 148,151 / 이탈선 KRW 148,151 (허용 -0.0%) | 20EMA(눌림) KRW 181,333 (이격 +6.54%) | adds 3/3
2026-08-20 14:01:04,291 [INFO] >>> Processing 삼성전자(005930)
2026-08-20 14:01:04,293 [INFO] [삼성전자(005930)] 하락 래치 진행 중 - 이미 분할 청산을 거쳤으므로 동일 래치 내 2차 이탈 청산 스킵 (신규 매수만 차단 유지)
2026-08-20 14:01:04,295 [INFO]   [삼성전자(005930)] 📈 상승 레짐 유지 | Lv1 매수 KRW 356,750 -> 현재 KRW 268,500 (-24.74%) | 채널하단 KRW 194,316 / 이탈선 KRW 194,316 (허용 -0.0%) | 20EMA(눌림) KRW 253,762 (이격 +5.81%) | adds 0/3
2026-08-20 14:01:04,295 [INFO] >>> Step 6: Persist
