2026-09-02 10:00:59,427 [INFO] === Initializing MagicSplit Bot (domestic) ===
2026-09-02 10:00:59,427 [INFO] Loaded 28 stock rule(s) from config_domestic.json
2026-09-02 10:00:59,427 [INFO] [domestic] 15 rule(s), mode=LIVE
2026-09-02 10:00:59,427 [INFO] [KisBroker] 새 토큰 발급 중...
2026-09-02 10:01:00,460 [INFO] [KisDomesticLiveBroker] Mode: LIVE TRADING
2026-09-02 10:01:00,462 [INFO] [MarketData] 레짐 필터 활성 종목 15개 -> YFinanceMarketDataProvider 주입 (window 260봉)
2026-09-02 10:01:00,462 [INFO] === Running domestic engine ===
2026-09-02 10:01:00,462 [INFO] >>> Step 1: Portfolio & Price Fetch
2026-09-02 10:01:00,845 [WARNING] [KisBroker] 초당 거래건수 초과(EGW00201/429) 감지 — 0.5s 대기 후 재시도 (1/3)
2026-09-02 10:01:01,953 [INFO] Fetching real-time prices from Broker...
2026-09-02 10:01:07,414 [INFO] Portfolio: Cash=KRW 689,701, Value=KRW 25,709,656
2026-09-02 10:01:07,414 [INFO] >>> Step 2: Load Positions
2026-09-02 10:01:07,414 [INFO] Loaded 20 position lot(s)
2026-09-02 10:01:07,416 [INFO] >>> Step 2.5: Reconcile OK (수량 일치)
2026-09-02 10:01:07,416 [INFO] >>> Processing 삼성증권(016360)
2026-09-02 10:01:08,685 [INFO] [MarketData] 배치 다운로드 완료: 15/15종목
2026-09-02 10:01:08,688 [INFO] [삼성증권(016360)] DOWNTREND 확정 - 신규 진입 차단
2026-09-02 10:01:08,688 [INFO] >>> Processing KODEX 반도체레버리지(494310)
2026-09-02 10:01:08,690 [INFO] [KODEX 반도체레버리지(494310)] DOWNTREND 확정 - 신규 진입 차단
2026-09-02 10:01:08,691 [INFO] >>> Processing KODEX 미국AI전력핵심인프라(487230)
2026-09-02 10:01:08,693 [INFO] [KODEX 미국AI전력핵심인프라(487230)] 하락 래치 진행 중 - 이미 분할 청산을 거쳤으므로 동일 래치 내 2차 이탈 청산 스킵 (신규 매수만 차단 유지)
2026-09-02 10:01:08,693 [INFO] [KODEX 미국AI전력핵심인프라(487230)] DOWNTREND 확정 - 추가 매수 차단
2026-09-02 10:01:08,693 [INFO] >>> Processing 한국쉘석유(002960)
2026-09-02 10:01:08,696 [INFO]   [한국쉘석유(002960)] 신호 없음 | Lv1 매수 KRW 509,000 -> 현재 KRW 501,000 (-1.57%) | 익절 +10.0% / 추매 -5.0%
2026-09-02 10:01:08,696 [INFO] >>> Processing SOL 반도체전공정(475300)
2026-09-02 10:01:08,698 [INFO] [SOL 반도체전공정(475300)] DOWNTREND 확정 - 신규 진입 차단
2026-09-02 10:01:08,699 [INFO] >>> Processing ACE 엔비디아밸류체인액티브(483320)
2026-09-02 10:01:08,701 [INFO] [ACE 엔비디아밸류체인액티브(483320)] DOWNTREND 확정 - 신규 진입 차단
2026-09-02 10:01:08,701 [INFO] >>> Processing 삼성전자우(005935)
2026-09-02 10:01:08,704 [INFO] [삼성전자우(005935)] 하락 래치 진행 중 - 이미 분할 청산을 거쳤으므로 동일 래치 내 2차 이탈 청산 스킵 (신규 매수만 차단 유지)
2026-09-02 10:01:08,706 [INFO]   [삼성전자우(005935)] 📈 상승 레짐 유지 | Lv1 매수 KRW 234,500 -> 현재 KRW 188,000 (-19.83%) | 채널하단 KRW 149,074 / 이탈선 KRW 149,074 (허용 -0.0%) | 20EMA(눌림) KRW 187,772 (이격 +0.12%) | adds 3/3
2026-09-02 10:01:08,706 [INFO] >>> Processing 테스(095610)
2026-09-02 10:01:08,708 [INFO] [테스(095610)] DOWNTREND 확정 - 신규 진입 차단
2026-09-02 10:01:08,709 [INFO] >>> Processing 메리츠금융지주(138040)
2026-09-02 10:01:08,713 [INFO]   [메리츠금융지주(138040)] 📈 상승 레짐 유지 | Lv4 매수 KRW 117,000 -> 현재 KRW 128,700 (+10.00%) | 채널하단 KRW 114,951 / 이탈선 KRW 114,951 (허용 -0.0%) | 20EMA(눌림) KRW 119,611 (이격 +7.60%) | adds 3/3
2026-09-02 10:01:08,713 [INFO] >>> Processing TIGER 지주회사(307520)
2026-09-02 10:01:08,715 [INFO] [TIGER 지주회사(307520)] DOWNTREND 확정 - 신규 진입 차단
2026-09-02 10:01:08,715 [INFO] >>> Processing 삼성전자(005930)
2026-09-02 10:01:08,718 [INFO] [삼성전자(005930)] 하락 래치 진행 중 - 이미 분할 청산을 거쳤으므로 동일 래치 내 2차 이탈 청산 스킵 (신규 매수만 차단 유지)
2026-09-02 10:01:08,720 [INFO]   [삼성전자(005930)] 📈 상승 레짐 유지 | Lv2 매수 KRW 260,500 -> 현재 KRW 254,000 (-2.50%) | 채널하단 KRW 191,565 / 이탈선 KRW 191,565 (허용 -0.0%) | 20EMA(눌림) KRW 259,003 (이격 -1.93%) | adds 1/3
2026-09-02 10:01:08,720 [INFO] >>> Processing KODEX AI전력핵심설비(487240)
2026-09-02 10:01:08,722 [INFO] [KODEX AI전력핵심설비(487240)] 하락 래치 진행 중 - 이미 분할 청산을 거쳤으므로 동일 래치 내 2차 이탈 청산 스킵 (신규 매수만 차단 유지)
2026-09-02 10:01:08,722 [INFO] [KODEX AI전력핵심설비(487240)] DOWNTREND 확정 - 추가 매수 차단
2026-09-02 10:01:08,723 [INFO] >>> Processing ACE 테슬라밸류체인액티브(457480)
2026-09-02 10:01:08,725 [INFO] [ACE 테슬라밸류체인액티브(457480)] DOWNTREND 확정 - 신규 진입 차단
2026-09-02 10:01:08,725 [INFO] >>> Processing KODEX 미국AI광통신네트워크(0173Y0)
2026-09-02 10:01:08,727 [INFO] [KODEX 미국AI광통신네트워크(0173Y0)] 하락 래치 진행 중 - 이미 분할 청산을 거쳤으므로 동일 래치 내 2차 이탈 청산 스킵 (신규 매수만 차단 유지)
2026-09-02 10:01:08,728 [INFO] [KODEX 미국AI광통신네트워크(0173Y0)] DOWNTREND 확정 - 추가 매수 차단
2026-09-02 10:01:08,728 [INFO] >>> Processing KODEX 증권(102970)
2026-09-02 10:01:08,730 [INFO] [KODEX 증권(102970)] DOWNTREND 확정 - 신규 진입 차단
2026-09-02 10:01:08,730 [INFO] >>> Step 6: Persist
2026-09-02 12:01:01,003 [INFO] === Initializing MagicSplit Bot (domestic) ===
2026-09-02 12:01:01,003 [INFO] Loaded 28 stock rule(s) from config_domestic.json
2026-09-02 12:01:01,003 [INFO] [domestic] 15 rule(s), mode=LIVE
2026-09-02 12:01:01,003 [INFO] [KisBroker] 캐시에서 토큰 로드 (API 호출 생략)
2026-09-02 12:01:01,003 [INFO] [KisDomesticLiveBroker] Mode: LIVE TRADING
2026-09-02 12:01:01,006 [INFO] [MarketData] 레짐 필터 활성 종목 15개 -> YFinanceMarketDataProvider 주입 (window 260봉)
2026-09-02 12:01:01,006 [INFO] === Running domestic engine ===
2026-09-02 12:01:01,006 [INFO] >>> Step 1: Portfolio & Price Fetch
2026-09-02 12:01:01,866 [INFO] Fetching real-time prices from Broker...
2026-09-02 12:01:05,049 [WARNING] [KisBroker] 초당 거래건수 초과(EGW00201/429) 감지 — 0.5s 대기 후 재시도 (1/3)
2026-09-02 12:01:06,524 [INFO] Portfolio: Cash=KRW 689,701, Value=KRW 25,741,376
2026-09-02 12:01:06,524 [INFO] >>> Step 2: Load Positions
2026-09-02 12:01:06,524 [INFO] Loaded 20 position lot(s)
2026-09-02 12:01:06,526 [INFO] >>> Step 2.5: Reconcile OK (수량 일치)
2026-09-02 12:01:06,526 [INFO] >>> Processing 삼성증권(016360)
2026-09-02 12:01:07,669 [INFO] [MarketData] 배치 다운로드 완료: 15/15종목
2026-09-02 12:01:07,672 [INFO] [삼성증권(016360)] DOWNTREND 확정 - 신규 진입 차단
2026-09-02 12:01:07,672 [INFO] >>> Processing KODEX 반도체레버리지(494310)
2026-09-02 12:01:07,674 [INFO] [KODEX 반도체레버리지(494310)] DOWNTREND 확정 - 신규 진입 차단
2026-09-02 12:01:07,675 [INFO] >>> Processing SOL 반도체전공정(475300)
2026-09-02 12:01:07,677 [INFO] [SOL 반도체전공정(475300)] DOWNTREND 확정 - 신규 진입 차단
2026-09-02 12:01:07,678 [INFO] >>> Processing 삼성전자우(005935)
2026-09-02 12:01:07,680 [INFO] [삼성전자우(005935)] 하락 래치 진행 중 - 이미 분할 청산을 거쳤으므로 동일 래치 내 2차 이탈 청산 스킵 (신규 매수만 차단 유지)
2026-09-02 12:01:07,682 [INFO]   [삼성전자우(005935)] 📈 상승 레짐 유지 | Lv1 매수 KRW 234,500 -> 현재 KRW 186,400 (-20.51%) | 채널하단 KRW 149,074 / 이탈선 KRW 149,074 (허용 -0.0%) | 20EMA(눌림) KRW 187,772 (이격 -0.73%) | adds 3/3
2026-09-02 12:01:07,683 [INFO] >>> Processing KODEX 증권(102970)
2026-09-02 12:01:07,685 [INFO] [KODEX 증권(102970)] DOWNTREND 확정 - 신규 진입 차단
2026-09-02 12:01:07,686 [INFO] >>> Processing KODEX 미국AI전력핵심인프라(487230)
2026-09-02 12:01:07,688 [INFO] [KODEX 미국AI전력핵심인프라(487230)] 하락 래치 진행 중 - 이미 분할 청산을 거쳤으므로 동일 래치 내 2차 이탈 청산 스킵 (신규 매수만 차단 유지)
2026-09-02 12:01:07,688 [INFO] [KODEX 미국AI전력핵심인프라(487230)] DOWNTREND 확정 - 추가 매수 차단
2026-09-02 12:01:07,689 [INFO] >>> Processing KODEX 미국AI광통신네트워크(0173Y0)
2026-09-02 12:01:07,691 [INFO] [KODEX 미국AI광통신네트워크(0173Y0)] 하락 래치 진행 중 - 이미 분할 청산을 거쳤으므로 동일 래치 내 2차 이탈 청산 스킵 (신규 매수만 차단 유지)
2026-09-02 12:01:07,691 [INFO] [KODEX 미국AI광통신네트워크(0173Y0)] DOWNTREND 확정 - 추가 매수 차단
2026-09-02 12:01:07,692 [INFO] >>> Processing 삼성전자(005930)
2026-09-02 12:01:07,694 [INFO] [삼성전자(005930)] 하락 래치 진행 중 - 이미 분할 청산을 거쳤으므로 동일 래치 내 2차 이탈 청산 스킵 (신규 매수만 차단 유지)
2026-09-02 12:01:07,697 [INFO]   [삼성전자(005930)] 📈 상승 레짐 유지 | Lv2 매수 KRW 260,500 -> 현재 KRW 252,500 (-3.07%) | 채널하단 KRW 191,565 / 이탈선 KRW 191,565 (허용 -0.0%) | 20EMA(눌림) KRW 259,003 (이격 -2.51%) | adds 1/3
2026-09-02 12:01:07,697 [INFO] >>> Processing 한국쉘석유(002960)
2026-09-02 12:01:07,699 [INFO]   [한국쉘석유(002960)] 신호 없음 | Lv1 매수 KRW 509,000 -> 현재 KRW 499,500 (-1.87%) | 익절 +10.0% / 추매 -5.0%
2026-09-02 12:01:07,700 [INFO] >>> Processing TIGER 지주회사(307520)
2026-09-02 12:01:07,702 [INFO] [TIGER 지주회사(307520)] DOWNTREND 확정 - 신규 진입 차단
2026-09-02 12:01:07,703 [INFO] >>> Processing 메리츠금융지주(138040)
2026-09-02 12:01:07,707 [INFO]   [메리츠금융지주(138040)] 📈 상승 레짐 유지 | Lv4 매수 KRW 117,000 -> 현재 KRW 132,000 (+12.82%) | 채널하단 KRW 114,951 / 이탈선 KRW 114,951 (허용 -0.0%) | 20EMA(눌림) KRW 119,611 (이격 +10.36%) | adds 3/3
2026-09-02 12:01:07,707 [INFO] >>> Processing ACE 테슬라밸류체인액티브(457480)
2026-09-02 12:01:07,710 [INFO] [ACE 테슬라밸류체인액티브(457480)] DOWNTREND 확정 - 신규 진입 차단
2026-09-02 12:01:07,711 [INFO] >>> Processing 테스(095610)
2026-09-02 12:01:07,714 [INFO] [테스(095610)] DOWNTREND 확정 - 신규 진입 차단
2026-09-02 12:01:07,714 [INFO] >>> Processing ACE 엔비디아밸류체인액티브(483320)
2026-09-02 12:01:07,717 [INFO] [ACE 엔비디아밸류체인액티브(483320)] DOWNTREND 확정 - 신규 진입 차단
2026-09-02 12:01:07,717 [INFO] >>> Processing KODEX AI전력핵심설비(487240)
2026-09-02 12:01:07,720 [INFO] [KODEX AI전력핵심설비(487240)] 하락 래치 진행 중 - 이미 분할 청산을 거쳤으므로 동일 래치 내 2차 이탈 청산 스킵 (신규 매수만 차단 유지)
2026-09-02 12:01:07,720 [INFO] [KODEX AI전력핵심설비(487240)] DOWNTREND 확정 - 추가 매수 차단
2026-09-02 12:01:07,720 [INFO] >>> Step 6: Persist
2026-09-02 14:00:59,406 [INFO] === Initializing MagicSplit Bot (domestic) ===
2026-09-02 14:00:59,406 [INFO] Loaded 28 stock rule(s) from config_domestic.json
2026-09-02 14:00:59,406 [INFO] [domestic] 15 rule(s), mode=LIVE
2026-09-02 14:00:59,406 [INFO] [KisBroker] 캐시에서 토큰 로드 (API 호출 생략)
2026-09-02 14:00:59,406 [INFO] [KisDomesticLiveBroker] Mode: LIVE TRADING
2026-09-02 14:00:59,408 [INFO] [MarketData] 레짐 필터 활성 종목 15개 -> YFinanceMarketDataProvider 주입 (window 260봉)
2026-09-02 14:00:59,408 [INFO] === Running domestic engine ===
2026-09-02 14:00:59,409 [INFO] >>> Step 1: Portfolio & Price Fetch
2026-09-02 14:01:00,201 [INFO] Fetching real-time prices from Broker...
2026-09-02 14:01:03,779 [INFO] Portfolio: Cash=KRW 689,701, Value=KRW 25,574,816
2026-09-02 14:01:03,779 [INFO] >>> Step 2: Load Positions
2026-09-02 14:01:03,779 [INFO] Loaded 20 position lot(s)
2026-09-02 14:01:03,781 [INFO] >>> Step 2.5: Reconcile OK (수량 일치)
2026-09-02 14:01:03,781 [INFO] >>> Processing 삼성증권(016360)
2026-09-02 14:01:04,789 [INFO] [MarketData] 배치 다운로드 완료: 15/15종목
2026-09-02 14:01:04,792 [INFO] [삼성증권(016360)] DOWNTREND 확정 - 신규 진입 차단
2026-09-02 14:01:04,792 [INFO] >>> Processing KODEX 반도체레버리지(494310)
2026-09-02 14:01:04,795 [INFO] [KODEX 반도체레버리지(494310)] DOWNTREND 확정 - 신규 진입 차단
2026-09-02 14:01:04,795 [INFO] >>> Processing KODEX AI전력핵심설비(487240)
2026-09-02 14:01:04,797 [INFO] [KODEX AI전력핵심설비(487240)] 하락 래치 진행 중 - 이미 분할 청산을 거쳤으므로 동일 래치 내 2차 이탈 청산 스킵 (신규 매수만 차단 유지)
2026-09-02 14:01:04,798 [INFO] [KODEX AI전력핵심설비(487240)] DOWNTREND 확정 - 추가 매수 차단
2026-09-02 14:01:04,798 [INFO] >>> Processing SOL 반도체전공정(475300)
2026-09-02 14:01:04,800 [INFO] [SOL 반도체전공정(475300)] DOWNTREND 확정 - 신규 진입 차단
2026-09-02 14:01:04,801 [INFO] >>> Processing 삼성전자(005930)
2026-09-02 14:01:04,803 [INFO] [삼성전자(005930)] 하락 래치 진행 중 - 이미 분할 청산을 거쳤으므로 동일 래치 내 2차 이탈 청산 스킵 (신규 매수만 차단 유지)
2026-09-02 14:01:04,805 [INFO]   [삼성전자(005930)] 📈 상승 레짐 유지 | Lv2 매수 KRW 260,500 -> 현재 KRW 250,000 (-4.03%) | 채널하단 KRW 191,565 / 이탈선 KRW 191,565 (허용 -0.0%) | 20EMA(눌림) KRW 259,003 (이격 -3.48%) | adds 1/3
2026-09-02 14:01:04,806 [INFO] >>> Processing TIGER 지주회사(307520)
2026-09-02 14:01:04,808 [INFO] [TIGER 지주회사(307520)] DOWNTREND 확정 - 신규 진입 차단
2026-09-02 14:01:04,808 [INFO] >>> Processing 삼성전자우(005935)
2026-09-02 14:01:04,811 [INFO] [삼성전자우(005935)] 하락 래치 진행 중 - 이미 분할 청산을 거쳤으므로 동일 래치 내 2차 이탈 청산 스킵 (신규 매수만 차단 유지)
2026-09-02 14:01:04,813 [INFO]   [삼성전자우(005935)] 📈 상승 레짐 유지 | Lv1 매수 KRW 234,500 -> 현재 KRW 184,900 (-21.15%) | 채널하단 KRW 149,074 / 이탈선 KRW 149,074 (허용 -0.0%) | 20EMA(눌림) KRW 187,772 (이격 -1.53%) | adds 3/3
2026-09-02 14:01:04,814 [INFO] >>> Processing 메리츠금융지주(138040)
2026-09-02 14:01:04,818 [INFO]   [메리츠금융지주(138040)] 📈 상승 레짐 유지 | Lv4 매수 KRW 117,000 -> 현재 KRW 130,500 (+11.54%) | 채널하단 KRW 114,951 / 이탈선 KRW 114,951 (허용 -0.0%) | 20EMA(눌림) KRW 119,611 (이격 +9.10%) | adds 3/3
2026-09-02 14:01:04,818 [INFO] >>> Processing KODEX 미국AI광통신네트워크(0173Y0)
2026-09-02 14:01:04,821 [INFO] [KODEX 미국AI광통신네트워크(0173Y0)] 하락 래치 진행 중 - 이미 분할 청산을 거쳤으므로 동일 래치 내 2차 이탈 청산 스킵 (신규 매수만 차단 유지)
2026-09-02 14:01:04,821 [INFO] [KODEX 미국AI광통신네트워크(0173Y0)] DOWNTREND 확정 - 추가 매수 차단
2026-09-02 14:01:04,821 [INFO] >>> Processing ACE 테슬라밸류체인액티브(457480)
2026-09-02 14:01:04,825 [INFO] [ACE 테슬라밸류체인액티브(457480)] DOWNTREND 확정 - 신규 진입 차단
2026-09-02 14:01:04,825 [INFO] >>> Processing KODEX 미국AI전력핵심인프라(487230)
2026-09-02 14:01:04,827 [INFO] [KODEX 미국AI전력핵심인프라(487230)] 하락 래치 진행 중 - 이미 분할 청산을 거쳤으므로 동일 래치 내 2차 이탈 청산 스킵 (신규 매수만 차단 유지)
2026-09-02 14:01:04,828 [INFO] [KODEX 미국AI전력핵심인프라(487230)] DOWNTREND 확정 - 추가 매수 차단
2026-09-02 14:01:04,828 [INFO] >>> Processing 테스(095610)
2026-09-02 14:01:04,830 [INFO] [테스(095610)] DOWNTREND 확정 - 신규 진입 차단
2026-09-02 14:01:04,831 [INFO] >>> Processing KODEX 증권(102970)
2026-09-02 14:01:04,833 [INFO] [KODEX 증권(102970)] DOWNTREND 확정 - 신규 진입 차단
2026-09-02 14:01:04,833 [INFO] >>> Processing 한국쉘석유(002960)
2026-09-02 14:01:04,836 [INFO]   [한국쉘석유(002960)] 신호 없음 | Lv1 매수 KRW 509,000 -> 현재 KRW 500,000 (-1.77%) | 익절 +10.0% / 추매 -5.0%
2026-09-02 14:01:04,836 [INFO] >>> Processing ACE 엔비디아밸류체인액티브(483320)
2026-09-02 14:01:04,839 [INFO] [ACE 엔비디아밸류체인액티브(483320)] DOWNTREND 확정 - 신규 진입 차단
2026-09-02 14:01:04,839 [INFO] >>> Step 6: Persist
