2026-08-07 00:01:01,463 [INFO] === Initializing MagicSplit Bot (overseas) ===
2026-08-07 00:01:01,463 [INFO] Loaded 22 stock rule(s) from config_overseas.json
2026-08-07 00:01:01,463 [INFO] [overseas] 12 rule(s), mode=LIVE
2026-08-07 00:01:01,464 [INFO] [KisBroker] 캐시에서 토큰 로드 (API 호출 생략)
2026-08-07 00:01:01,464 [INFO] [KisOverseasLiveBroker] Mode: LIVE TRADING
2026-08-07 00:01:01,466 [INFO] [MarketData] 레짐 필터 활성 종목 12개 -> YFinanceMarketDataProvider 주입 (window 260봉)
2026-08-07 00:01:01,466 [INFO] === Running overseas engine ===
2026-08-07 00:01:01,466 [INFO] >>> Step 1: Portfolio & Price Fetch
2026-08-07 00:01:04,203 [INFO] Fetching real-time prices from Broker...
2026-08-07 00:01:08,723 [INFO] Portfolio: Cash=USD 238.95, Value=USD 18,817.25
2026-08-07 00:01:08,723 [INFO] >>> Step 2: Load Positions
2026-08-07 00:01:08,724 [INFO] Loaded 20 position lot(s)
2026-08-07 00:01:08,725 [INFO] >>> Step 2.5: Reconcile OK (수량 일치)
2026-08-07 00:01:08,725 [INFO] >>> Processing ISHARES GLOBAL CLEAN ENERGY(ICLN)
2026-08-07 00:01:09,827 [INFO] [MarketData] 배치 다운로드 완료: 12/12종목
2026-08-07 00:01:09,830 [INFO] [ISHARES GLOBAL CLEAN ENERGY(ICLN)] DOWNTREND 확정 - 신규 진입 차단
2026-08-07 00:01:09,831 [INFO] >>> Processing 애플(AAPL)
2026-08-07 00:01:09,835 [INFO]   [애플(AAPL)] 📈 상승 레짐 유지 | Lv2 매수 USD 305.35 -> 현재 USD 313.17 (+2.56%) | 채널하단(이탈선) USD 297.69 | 20EMA(눌림) USD 318.35 (이격 -1.63%) | adds 1/3
2026-08-07 00:01:09,836 [INFO] >>> Processing 테슬라(TSLA)
2026-08-07 00:01:09,838 [INFO] [테슬라(TSLA)] DOWNTREND 확정 - 신규 진입 차단
2026-08-07 00:01:09,838 [INFO] >>> Processing SCHWAB US DIVIDEND EQUITY(SCHD)
2026-08-07 00:01:09,841 [INFO]   [SCHWAB US DIVIDEND EQUITY(SCHD)] 신호 없음 | Lv1 매수 USD 33.55 -> 현재 USD 33.67 (+0.36%) | 익절 +10.0% / 추매 -5.0%
2026-08-07 00:01:09,841 [INFO] >>> Processing 루멘텀 홀딩스(LITE)
2026-08-07 00:01:09,844 [INFO] [루멘텀 홀딩스(LITE)] DOWNTREND 확정 - 신규 진입 차단
2026-08-07 00:01:09,845 [INFO] >>> Processing 델 테크놀로지스(DELL)
2026-08-07 00:01:09,849 [INFO]   [델 테크놀로지스(DELL)] 📈 상승 레짐 유지 | Lv6 매수 USD 420.93 -> 현재 USD 446.69 (+6.12%) | 채널하단(이탈선) USD 370.70 | 20EMA(눌림) USD 423.82 (이격 +5.40%) | adds 3/3
2026-08-07 00:01:09,850 [INFO] >>> Processing 팔란티어 테크(PLTR)
2026-08-07 00:01:09,853 [INFO] [팔란티어 테크(PLTR)] 현금 부족: 보유 현금 USD 238.95 < 매수 예정 금액 USD 2,672.74 (17주) -> 매수 보류
2026-08-07 00:01:10,245 [INFO] >>> Processing ARK INNOVATION(ARKK)
2026-08-07 00:01:10,249 [INFO]   [ARK INNOVATION(ARKK)] 신호 없음 | Lv2 매수 USD 71.93 -> 현재 USD 76.39 (+6.20%) | 익절 +10.0% / 추매 -5.0%
2026-08-07 00:01:10,249 [INFO] >>> Processing 펩시코(PEP)
2026-08-07 00:01:10,252 [INFO] [펩시코(PEP)] DOWNTREND 확정 - 신규 진입 차단
2026-08-07 00:01:10,252 [INFO] >>> Processing 카메코(CCJ)
2026-08-07 00:01:10,255 [INFO] [카메코(CCJ)] DOWNTREND 확정 - 신규 진입 차단
2026-08-07 00:01:10,256 [INFO] >>> Processing 에이알엠 홀딩스(ADR)(ARM)
2026-08-07 00:01:10,258 [INFO]   [에이알엠 홀딩스(ADR)(ARM)] 신호 없음 | Lv1 매수 USD 272.20 -> 현재 USD 289.74 (+6.44%) | 익절 +10.0% / 추매 -5.0%
2026-08-07 00:01:10,259 [INFO] >>> Processing 브로드컴(AVGO)
2026-08-07 00:01:10,261 [INFO] [브로드컴(AVGO)] DOWNTREND 확정 - 신규 진입 차단
2026-08-07 00:01:10,261 [INFO] >>> Step 6: Persist
2026-08-07 02:03:09,470 [INFO] === Initializing MagicSplit Bot (overseas) ===
2026-08-07 02:03:09,470 [INFO] Loaded 22 stock rule(s) from config_overseas.json
2026-08-07 02:03:09,470 [INFO] [overseas] 12 rule(s), mode=LIVE
2026-08-07 02:03:09,470 [INFO] [KisBroker] 캐시에서 토큰 로드 (API 호출 생략)
2026-08-07 02:03:09,470 [INFO] [KisOverseasLiveBroker] Mode: LIVE TRADING
2026-08-07 02:03:09,472 [INFO] [MarketData] 레짐 필터 활성 종목 12개 -> YFinanceMarketDataProvider 주입 (window 260봉)
2026-08-07 02:03:09,473 [INFO] === Running overseas engine ===
2026-08-07 02:03:09,473 [INFO] >>> Step 1: Portfolio & Price Fetch
2026-08-07 02:03:11,909 [INFO] Fetching real-time prices from Broker...
2026-08-07 02:03:15,848 [INFO] Portfolio: Cash=USD 238.95, Value=USD 18,715.69
2026-08-07 02:03:15,848 [INFO] >>> Step 2: Load Positions
2026-08-07 02:03:15,849 [INFO] Loaded 20 position lot(s)
2026-08-07 02:03:15,850 [INFO] >>> Step 2.5: Reconcile OK (수량 일치)
2026-08-07 02:03:15,850 [INFO] >>> Processing 팔란티어 테크(PLTR)
2026-08-07 02:03:18,087 [INFO] [MarketData] 배치 다운로드 완료: 12/12종목
2026-08-07 02:03:18,090 [INFO] [팔란티어 테크(PLTR)] 현금 부족: 보유 현금 USD 238.95 < 매수 예정 금액 USD 2,641.97 (17주) -> 매수 보류
2026-08-07 02:03:18,554 [INFO] >>> Processing 브로드컴(AVGO)
2026-08-07 02:03:18,557 [INFO] [브로드컴(AVGO)] DOWNTREND 확정 - 신규 진입 차단
2026-08-07 02:03:18,557 [INFO] >>> Processing 펩시코(PEP)
2026-08-07 02:03:18,559 [INFO] [펩시코(PEP)] DOWNTREND 확정 - 신규 진입 차단
2026-08-07 02:03:18,560 [INFO] >>> Processing 애플(AAPL)
2026-08-07 02:03:18,946 [INFO] >>> Processing ISHARES GLOBAL CLEAN ENERGY(ICLN)
2026-08-07 02:03:18,949 [INFO] [ISHARES GLOBAL CLEAN ENERGY(ICLN)] DOWNTREND 확정 - 신규 진입 차단
2026-08-07 02:03:18,950 [INFO] >>> Processing SCHWAB US DIVIDEND EQUITY(SCHD)
2026-08-07 02:03:18,952 [INFO]   [SCHWAB US DIVIDEND EQUITY(SCHD)] 신호 없음 | Lv1 매수 USD 33.55 -> 현재 USD 33.59 (+0.13%) | 익절 +10.0% / 추매 -5.0%
2026-08-07 02:03:18,952 [INFO] >>> Processing 테슬라(TSLA)
2026-08-07 02:03:18,955 [INFO] [테슬라(TSLA)] DOWNTREND 확정 - 신규 진입 차단
2026-08-07 02:03:18,955 [INFO] >>> Processing ARK INNOVATION(ARKK)
2026-08-07 02:03:18,958 [INFO]   [ARK INNOVATION(ARKK)] 신호 없음 | Lv2 매수 USD 71.93 -> 현재 USD 75.98 (+5.63%) | 익절 +10.0% / 추매 -5.0%
2026-08-07 02:03:18,958 [INFO] >>> Processing 에이알엠 홀딩스(ADR)(ARM)
2026-08-07 02:03:18,960 [INFO]   [에이알엠 홀딩스(ADR)(ARM)] 신호 없음 | Lv1 매수 USD 272.20 -> 현재 USD 289.89 (+6.50%) | 익절 +10.0% / 추매 -5.0%
2026-08-07 02:03:18,961 [INFO] >>> Processing 카메코(CCJ)
2026-08-07 02:03:18,963 [INFO] [카메코(CCJ)] DOWNTREND 확정 - 신규 진입 차단
2026-08-07 02:03:18,963 [INFO] >>> Processing 루멘텀 홀딩스(LITE)
2026-08-07 02:03:18,966 [INFO] [루멘텀 홀딩스(LITE)] DOWNTREND 확정 - 신규 진입 차단
2026-08-07 02:03:18,966 [INFO] >>> Processing 델 테크놀로지스(DELL)
2026-08-07 02:03:18,970 [INFO]   [델 테크놀로지스(DELL)] 📈 상승 레짐 유지 | Lv6 매수 USD 420.93 -> 현재 USD 446.49 (+6.07%) | 채널하단(이탈선) USD 370.68 | 20EMA(눌림) USD 423.80 (이격 +5.35%) | adds 3/3
2026-08-07 02:03:18,971 [INFO] >>> Step 6: Persist
