2026-07-29 00:01:07,779 [INFO] === Initializing MagicSplit Bot (overseas) ===
2026-07-29 00:01:07,779 [INFO] Loaded 22 stock rule(s) from config_overseas.json
2026-07-29 00:01:07,779 [INFO] [overseas] 9 rule(s), mode=LIVE
2026-07-29 00:01:07,779 [INFO] [KisBroker] 캐시에서 토큰 로드 (API 호출 생략)
2026-07-29 00:01:07,780 [INFO] [KisOverseasLiveBroker] Mode: LIVE TRADING
2026-07-29 00:01:07,782 [INFO] [MarketData] 레짐 필터 활성 종목 9개 -> YFinanceMarketDataProvider 주입 (window 260봉)
2026-07-29 00:01:07,782 [INFO] === Running overseas engine ===
2026-07-29 00:01:07,782 [INFO] >>> Step 1: Portfolio & Price Fetch
2026-07-29 00:01:10,593 [INFO] Fetching real-time prices from Broker...
2026-07-29 00:01:13,951 [INFO] Portfolio: Cash=USD 2,237.88, Value=USD 15,949.55
2026-07-29 00:01:13,951 [INFO] >>> Step 2: Load Positions
2026-07-29 00:01:13,951 [INFO] Loaded 20 position lot(s)
2026-07-29 00:01:13,952 [INFO] >>> Step 2.5: Reconcile OK (수량 일치)
2026-07-29 00:01:13,952 [INFO] >>> Processing 브로드컴(AVGO)
2026-07-29 00:01:17,225 [INFO] [MarketData] 배치 다운로드 완료: 9/9종목
2026-07-29 00:01:17,228 [INFO] [브로드컴(AVGO)] DOWNTREND 확정 - 신규 진입 차단
2026-07-29 00:01:17,635 [INFO] >>> Processing ISHARES GLOBAL CLEAN ENERGY(ICLN)
2026-07-29 00:01:17,639 [INFO] [ISHARES GLOBAL CLEAN ENERGY(ICLN)] DOWNTREND 확정 - 신규 진입 차단
2026-07-29 00:01:17,956 [INFO] >>> Processing 펩시코(PEP)
2026-07-29 00:01:17,959 [INFO] [펩시코(PEP)] ✅ 추종 데드라인 해제! 가격 USD 143.89이 이탈 기준선 위로 회복 -> 상승 레짐 복귀 (잔량 1주 보유 유지)
2026-07-29 00:01:17,959 [INFO]   [펩시코(PEP)] 신호 없음 | Lv1 매수 USD 150.05 -> 현재 USD 143.89 (-4.10%) | 익절 +10.0% / 추매 -5.0%
2026-07-29 00:01:17,960 [INFO] >>> Processing ARK INNOVATION(ARKK)
2026-07-29 00:01:17,962 [INFO] [ARK INNOVATION(ARKK)] 추종 데드라인 추적 중 (현재가 USD 71.11, 기준가 USD 72.21, 대비 -1.5%, 청산선 USD 70.04)
2026-07-29 00:01:17,962 [INFO]   [ARK INNOVATION(ARKK)] 신호 없음 | Lv1 매수 USD 79.92 -> 현재 USD 71.11 (-11.02%) | 익절 +10.0% / 추매 -5.0%
2026-07-29 00:01:17,963 [INFO] >>> Processing 델 테크놀로지스(DELL)
2026-07-29 00:01:17,965 [INFO] [델 테크놀로지스(DELL)] 하단 채널선 이탈 감지 (1/2일, 현재가 USD 379.00 < 이탈선 USD 383.03) -> 확정 대기
2026-07-29 00:01:17,967 [INFO]   [델 테크놀로지스(DELL)] 📈 상승 레짐 유지 | Lv6 매수 USD 420.93 -> 현재 USD 379.00 (-9.96%) | 채널하단(이탈선) USD 383.03 | 20EMA(눌림) USD 414.16 (이격 -8.49%) | adds 3/3
2026-07-29 00:01:17,968 [INFO] >>> Processing 카메코(CCJ)
2026-07-29 00:01:17,970 [INFO] [카메코(CCJ)] DOWNTREND 확정 - 신규 진입 차단
2026-07-29 00:01:18,270 [INFO] >>> Processing 애플(AAPL)
2026-07-29 00:01:18,275 [INFO]   [애플(AAPL)] 📈 상승 레짐 유지 | Lv1 매수 USD 291.90 -> 현재 USD 336.84 (+15.40%) | 채널하단(이탈선) USD 299.56 | 20EMA(눌림) USD 321.21 (이격 +4.87%) | adds 0/3
2026-07-29 00:01:18,275 [INFO] >>> Processing 테슬라(TSLA)
2026-07-29 00:01:18,278 [INFO] [테슬라(TSLA)] 추종 데드라인 추적 중 (현재가 USD 304.62, 기준가 USD 308.72, 대비 -1.3%, 청산선 USD 299.46)
2026-07-29 00:01:18,278 [INFO]   [테슬라(TSLA)] 신호 없음 | Lv2 매수 USD 435.49 -> 현재 USD 304.62 (-30.05%) | 익절 +10.0% / 추매 -5.0%
2026-07-29 00:01:18,279 [INFO] >>> Processing SCHWAB US DIVIDEND EQUITY(SCHD)
2026-07-29 00:01:18,281 [INFO]   [SCHWAB US DIVIDEND EQUITY(SCHD)] 신호 없음 | Lv1 매수 USD 33.55 -> 현재 USD 34.10 (+1.65%) | 익절 +10.0% / 추매 -5.0%
2026-07-29 00:01:18,281 [INFO] >>> Step 6: Persist
