2026-08-08 00:01:05,791 [INFO] === Initializing MagicSplit Bot (overseas) ===
2026-08-08 00:01:05,791 [INFO] Loaded 22 stock rule(s) from config_overseas.json
2026-08-08 00:01:05,791 [INFO] [overseas] 12 rule(s), mode=LIVE
2026-08-08 00:01:05,791 [INFO] [KisBroker] 캐시에서 토큰 로드 (API 호출 생략)
2026-08-08 00:01:05,791 [INFO] [KisOverseasLiveBroker] Mode: LIVE TRADING
2026-08-08 00:01:05,792 [INFO] [MarketData] 레짐 필터 활성 종목 12개 -> YFinanceMarketDataProvider 주입 (window 260봉)
2026-08-08 00:01:05,792 [INFO] === Running overseas engine ===
2026-08-08 00:01:05,792 [INFO] >>> Step 1: Portfolio & Price Fetch
2026-08-08 00:01:08,243 [INFO] Fetching real-time prices from Broker...
2026-08-08 00:01:12,588 [INFO] Portfolio: Cash=USD 238.95, Value=USD 18,735.42
2026-08-08 00:01:12,588 [INFO] >>> Step 2: Load Positions
2026-08-08 00:01:12,589 [INFO] Loaded 20 position lot(s)
2026-08-08 00:01:12,589 [INFO] >>> Step 2.5: Reconcile OK (수량 일치)
2026-08-08 00:01:12,590 [INFO] >>> Processing 애플(AAPL)
2026-08-08 00:01:14,911 [INFO] [MarketData] 배치 다운로드 완료: 12/12종목
2026-08-08 00:01:14,914 [INFO]   [애플(AAPL)] 📈 상승 레짐 유지 | Lv2 매수 USD 305.35 -> 현재 USD 314.20 (+2.90%) | 채널하단(이탈선) USD 297.38 | 20EMA(눌림) USD 317.89 (이격 -1.16%) | adds 1/3
2026-08-08 00:01:14,914 [INFO] >>> Processing 테슬라(TSLA)
2026-08-08 00:01:14,916 [INFO] [테슬라(TSLA)] DOWNTREND 확정 - 신규 진입 차단
2026-08-08 00:01:14,916 [INFO] >>> Processing 루멘텀 홀딩스(LITE)
2026-08-08 00:01:14,918 [INFO] [루멘텀 홀딩스(LITE)] DOWNTREND 확정 - 신규 진입 차단
2026-08-08 00:01:14,918 [INFO] >>> Processing ARK INNOVATION(ARKK)
2026-08-08 00:01:14,920 [INFO]   [ARK INNOVATION(ARKK)] 신호 없음 | Lv2 매수 USD 71.93 -> 현재 USD 78.56 (+9.22%) | 익절 +10.0% / 추매 -5.0%
2026-08-08 00:01:14,920 [INFO] >>> Processing 펩시코(PEP)
2026-08-08 00:01:14,921 [INFO] [펩시코(PEP)] DOWNTREND 확정 - 신규 진입 차단
2026-08-08 00:01:14,922 [INFO] >>> Processing 델 테크놀로지스(DELL)
2026-08-08 00:01:14,924 [INFO]   [델 테크놀로지스(DELL)] 📈 상승 레짐 유지 | Lv6 매수 USD 420.93 -> 현재 USD 428.27 (+1.74%) | 채널하단(이탈선) USD 368.64 | 20EMA(눌림) USD 423.46 (이격 +1.13%) | adds 3/3
2026-08-08 00:01:14,925 [INFO] >>> Processing SCHWAB US DIVIDEND EQUITY(SCHD)
2026-08-08 00:01:14,926 [INFO]   [SCHWAB US DIVIDEND EQUITY(SCHD)] 신호 없음 | Lv1 매수 USD 33.55 -> 현재 USD 33.78 (+0.70%) | 익절 +10.0% / 추매 -5.0%
2026-08-08 00:01:14,926 [INFO] >>> Processing 카메코(CCJ)
2026-08-08 00:01:14,928 [INFO] [카메코(CCJ)] DOWNTREND 확정 - 신규 진입 차단
2026-08-08 00:01:14,928 [INFO] >>> Processing ISHARES GLOBAL CLEAN ENERGY(ICLN)
2026-08-08 00:01:14,930 [INFO] [ISHARES GLOBAL CLEAN ENERGY(ICLN)] DOWNTREND 확정 - 신규 진입 차단
2026-08-08 00:01:14,930 [INFO] >>> Processing 에이알엠 홀딩스(ADR)(ARM)
2026-08-08 00:01:14,932 [INFO]   [에이알엠 홀딩스(ADR)(ARM)] 신호 없음 | Lv1 매수 USD 272.20 -> 현재 USD 279.53 (+2.69%) | 익절 +10.0% / 추매 -5.0%
2026-08-08 00:01:14,932 [INFO] >>> Processing 브로드컴(AVGO)
2026-08-08 00:01:14,933 [INFO] [브로드컴(AVGO)] DOWNTREND 확정 - 신규 진입 차단
2026-08-08 00:01:14,934 [INFO] >>> Processing 팔란티어 테크(PLTR)
2026-08-08 00:01:14,935 [INFO] [팔란티어 테크(PLTR)] 현금 부족: 보유 현금 USD 238.95 < 매수 예정 금액 USD 2,551.50 (15주) -> 매수 보류
2026-08-08 00:01:15,565 [INFO] >>> Step 6: Persist
