2026-08-28 00:01:02,648 [INFO] === Initializing MagicSplit Bot (overseas) ===
2026-08-28 00:01:02,648 [INFO] Loaded 22 stock rule(s) from config_overseas.json
2026-08-28 00:01:02,648 [INFO] [overseas] 12 rule(s), mode=LIVE
2026-08-28 00:01:02,648 [INFO] [KisBroker] 캐시에서 토큰 로드 (API 호출 생략)
2026-08-28 00:01:02,648 [INFO] [KisOverseasLiveBroker] Mode: LIVE TRADING
2026-08-28 00:01:02,650 [INFO] [MarketData] 레짐 필터 활성 종목 12개 -> YFinanceMarketDataProvider 주입 (window 260봉)
2026-08-28 00:01:02,650 [INFO] === Running overseas engine ===
2026-08-28 00:01:02,650 [INFO] >>> Step 1: Portfolio & Price Fetch
2026-08-28 00:01:08,439 [INFO] Fetching real-time prices from Broker...
2026-08-28 00:01:12,479 [INFO] Portfolio: Cash=USD 773.09, Value=USD 18,544.63
2026-08-28 00:01:12,479 [INFO] >>> Step 2: Load Positions
2026-08-28 00:01:12,479 [INFO] Loaded 20 position lot(s)
2026-08-28 00:01:12,480 [INFO] >>> Step 2.5: Reconcile OK (수량 일치)
2026-08-28 00:01:12,481 [INFO] >>> Processing 펩시코(PEP)
2026-08-28 00:01:13,854 [INFO] [MarketData] 배치 다운로드 완료: 12/12종목
2026-08-28 00:01:13,857 [INFO] [펩시코(PEP)] 현금 부족: 보유 현금 USD 773.09 < 매수 예정 금액 USD 982.35 (7주) -> 매수 보류
2026-08-28 00:01:14,416 [INFO] >>> Processing 테슬라(TSLA)
2026-08-28 00:01:14,419 [INFO] [테슬라(TSLA)] DOWNTREND 확정 - 신규 진입 차단
2026-08-28 00:01:14,419 [INFO] >>> Processing 카메코(CCJ)
2026-08-28 00:01:14,422 [INFO] [카메코(CCJ)] DOWNTREND 확정 - 신규 진입 차단
2026-08-28 00:01:14,422 [INFO] >>> Processing 델 테크놀로지스(DELL)
2026-08-28 00:01:14,426 [INFO]   [델 테크놀로지스(DELL)] 📈 상승 레짐 유지 | Lv6 매수 USD 420.93 -> 현재 USD 467.69 (+11.11%) | 채널하단 USD 405.53 / 이탈선 USD 405.53 (허용 -0.0%) | 20EMA(눌림) USD 450.17 (이격 +3.89%) | adds 3/3
2026-08-28 00:01:14,427 [INFO] >>> Processing 루멘텀 홀딩스(LITE)
2026-08-28 00:01:14,429 [INFO] [루멘텀 홀딩스(LITE)] 이탈 청산 후 재진입 대기 - 상단 저항선 미회복 (현재가 USD 923.72 <= 기준선 USD 988.40)
2026-08-28 00:01:14,429 [INFO] >>> Processing ARK INNOVATION(ARKK)
2026-08-28 00:01:14,432 [INFO] [ARK INNOVATION(ARKK)] Lv2: trailing 고점 갱신 -> USD 87.60 (스톱가 USD 83.22)
2026-08-28 00:01:14,432 [INFO]   [ARK INNOVATION(ARKK)] 신호 없음 | Lv2 매수 USD 71.93 -> 현재 USD 87.60 (+21.79%) | 익절 +10.0% / 추매 -5.0%
2026-08-28 00:01:14,432 [INFO] >>> Processing 에이알엠 홀딩스(ADR)(ARM)
2026-08-28 00:01:14,435 [INFO] [에이알엠 홀딩스(ADR)(ARM)] 하락 래치 진행 중 - 이미 분할 청산을 거쳤으므로 동일 래치 내 2차 이탈 청산 스킵 (신규 매수만 차단 유지)
2026-08-28 00:01:14,435 [INFO] [에이알엠 홀딩스(ADR)(ARM)] DOWNTREND 확정 - 추가 매수 차단
2026-08-28 00:01:14,435 [INFO] >>> Processing 팔란티어 테크(PLTR)
2026-08-28 00:01:14,438 [INFO] [팔란티어 테크(PLTR)] 현금 부족: 보유 현금 USD 773.09 < 매수 예정 금액 USD 2,591.77 (14주) -> 매수 보류
2026-08-28 00:01:14,905 [INFO] >>> Processing ISHARES GLOBAL CLEAN ENERGY(ICLN)
2026-08-28 00:01:14,908 [INFO] [ISHARES GLOBAL CLEAN ENERGY(ICLN)] DOWNTREND 확정 - 신규 진입 차단
2026-08-28 00:01:14,908 [INFO] >>> Processing 브로드컴(AVGO)
2026-08-28 00:01:14,910 [INFO] [브로드컴(AVGO)] 이탈 청산 후 재진입 대기 - 상단 저항선 미회복 (현재가 USD 369.35 <= 기준선 USD 426.32)
2026-08-28 00:01:14,911 [INFO] >>> Processing 애플(AAPL)
2026-08-28 00:01:15,387 [INFO] >>> Processing SCHWAB US DIVIDEND EQUITY(SCHD)
2026-08-28 00:01:15,848 [INFO] >>> Step 6: Persist
2026-08-28 02:00:59,844 [INFO] === Initializing MagicSplit Bot (overseas) ===
2026-08-28 02:00:59,844 [INFO] Loaded 22 stock rule(s) from config_overseas.json
2026-08-28 02:00:59,844 [INFO] [overseas] 12 rule(s), mode=LIVE
2026-08-28 02:00:59,845 [INFO] [KisBroker] 캐시에서 토큰 로드 (API 호출 생략)
2026-08-28 02:00:59,845 [INFO] [KisOverseasLiveBroker] Mode: LIVE TRADING
2026-08-28 02:00:59,847 [INFO] [MarketData] 레짐 필터 활성 종목 12개 -> YFinanceMarketDataProvider 주입 (window 260봉)
2026-08-28 02:00:59,847 [INFO] === Running overseas engine ===
2026-08-28 02:00:59,847 [INFO] >>> Step 1: Portfolio & Price Fetch
2026-08-28 02:01:02,828 [INFO] Fetching real-time prices from Broker...
2026-08-28 02:01:07,362 [INFO] Portfolio: Cash=USD 773.09, Value=USD 18,514.24
2026-08-28 02:01:07,362 [INFO] >>> Step 2: Load Positions
2026-08-28 02:01:07,363 [INFO] Loaded 20 position lot(s)
2026-08-28 02:01:07,364 [INFO] >>> Step 2.5: Reconcile OK (수량 일치)
2026-08-28 02:01:07,364 [INFO] >>> Processing 카메코(CCJ)
2026-08-28 02:01:08,468 [INFO] [MarketData] 배치 다운로드 완료: 12/12종목
2026-08-28 02:01:08,471 [INFO] [카메코(CCJ)] DOWNTREND 확정 - 신규 진입 차단
2026-08-28 02:01:08,471 [INFO] >>> Processing 테슬라(TSLA)
2026-08-28 02:01:08,473 [INFO] [테슬라(TSLA)] DOWNTREND 확정 - 신규 진입 차단
2026-08-28 02:01:08,474 [INFO] >>> Processing 루멘텀 홀딩스(LITE)
2026-08-28 02:01:08,476 [INFO] [루멘텀 홀딩스(LITE)] 이탈 청산 후 재진입 대기 - 상단 저항선 미회복 (현재가 USD 935.39 <= 기준선 USD 989.73)
2026-08-28 02:01:08,476 [INFO] >>> Processing 브로드컴(AVGO)
2026-08-28 02:01:08,479 [INFO] [브로드컴(AVGO)] 이탈 청산 후 재진입 대기 - 상단 저항선 미회복 (현재가 USD 370.04 <= 기준선 USD 426.36)
2026-08-28 02:01:08,479 [INFO] >>> Processing SCHWAB US DIVIDEND EQUITY(SCHD)
2026-08-28 02:01:08,875 [INFO] >>> Processing 펩시코(PEP)
2026-08-28 02:01:08,878 [INFO] [펩시코(PEP)] 현금 부족: 보유 현금 USD 773.09 < 매수 예정 금액 USD 984.80 (7주) -> 매수 보류
2026-08-28 02:01:09,218 [INFO] >>> Processing ISHARES GLOBAL CLEAN ENERGY(ICLN)
2026-08-28 02:01:09,221 [INFO] [ISHARES GLOBAL CLEAN ENERGY(ICLN)] DOWNTREND 확정 - 신규 진입 차단
2026-08-28 02:01:09,221 [INFO] >>> Processing 애플(AAPL)
2026-08-28 02:01:09,546 [INFO] >>> Processing 팔란티어 테크(PLTR)
2026-08-28 02:01:09,549 [INFO] [팔란티어 테크(PLTR)] 현금 부족: 보유 현금 USD 773.09 < 매수 예정 금액 USD 2,609.18 (14주) -> 매수 보류
2026-08-28 02:01:09,946 [INFO] >>> Processing ARK INNOVATION(ARKK)
2026-08-28 02:01:09,949 [INFO] [ARK INNOVATION(ARKK)] Lv2: trailing 고점 갱신 -> USD 87.78 (스톱가 USD 83.39)
2026-08-28 02:01:09,949 [INFO]   [ARK INNOVATION(ARKK)] 신호 없음 | Lv2 매수 USD 71.93 -> 현재 USD 87.78 (+22.03%) | 익절 +10.0% / 추매 -5.0%
2026-08-28 02:01:09,949 [INFO] >>> Processing 에이알엠 홀딩스(ADR)(ARM)
2026-08-28 02:01:09,951 [INFO] [에이알엠 홀딩스(ADR)(ARM)] 하락 래치 진행 중 - 이미 분할 청산을 거쳤으므로 동일 래치 내 2차 이탈 청산 스킵 (신규 매수만 차단 유지)
2026-08-28 02:01:09,952 [INFO] [에이알엠 홀딩스(ADR)(ARM)] DOWNTREND 확정 - 추가 매수 차단
2026-08-28 02:01:09,952 [INFO] >>> Processing 델 테크놀로지스(DELL)
2026-08-28 02:01:09,956 [INFO]   [델 테크놀로지스(DELL)] 📈 상승 레짐 유지 | Lv6 매수 USD 420.93 -> 현재 USD 466.85 (+10.91%) | 채널하단 USD 405.50 / 이탈선 USD 405.50 (허용 -0.0%) | 20EMA(눌림) USD 450.09 (이격 +3.72%) | adds 3/3
2026-08-28 02:01:09,956 [INFO] >>> Step 6: Persist
2026-08-28 04:01:08,307 [INFO] === Initializing MagicSplit Bot (overseas) ===
2026-08-28 04:01:08,307 [INFO] Loaded 22 stock rule(s) from config_overseas.json
2026-08-28 04:01:08,307 [INFO] [overseas] 12 rule(s), mode=LIVE
2026-08-28 04:01:08,307 [INFO] [KisBroker] 캐시에서 토큰 로드 (API 호출 생략)
2026-08-28 04:01:08,307 [INFO] [KisOverseasLiveBroker] Mode: LIVE TRADING
2026-08-28 04:01:08,309 [INFO] [MarketData] 레짐 필터 활성 종목 12개 -> YFinanceMarketDataProvider 주입 (window 260봉)
2026-08-28 04:01:08,309 [INFO] === Running overseas engine ===
2026-08-28 04:01:08,309 [INFO] >>> Step 1: Portfolio & Price Fetch
2026-08-28 04:01:10,993 [INFO] Fetching real-time prices from Broker...
2026-08-28 04:01:14,904 [INFO] Portfolio: Cash=USD 773.09, Value=USD 18,483.03
2026-08-28 04:01:14,905 [INFO] >>> Step 2: Load Positions
2026-08-28 04:01:14,905 [INFO] Loaded 20 position lot(s)
2026-08-28 04:01:14,906 [INFO] >>> Step 2.5: Reconcile OK (수량 일치)
2026-08-28 04:01:14,906 [INFO] >>> Processing 에이알엠 홀딩스(ADR)(ARM)
2026-08-28 04:01:16,625 [INFO] [MarketData] 배치 다운로드 완료: 12/12종목
2026-08-28 04:01:16,628 [INFO] [에이알엠 홀딩스(ADR)(ARM)] 하락 래치 진행 중 - 이미 분할 청산을 거쳤으므로 동일 래치 내 2차 이탈 청산 스킵 (신규 매수만 차단 유지)
2026-08-28 04:01:16,628 [INFO] [에이알엠 홀딩스(ADR)(ARM)] DOWNTREND 확정 - 추가 매수 차단
2026-08-28 04:01:16,628 [INFO] >>> Processing 카메코(CCJ)
2026-08-28 04:01:16,631 [INFO] [카메코(CCJ)] DOWNTREND 확정 - 신규 진입 차단
2026-08-28 04:01:16,631 [INFO] >>> Processing SCHWAB US DIVIDEND EQUITY(SCHD)
2026-08-28 04:01:17,142 [INFO] >>> Processing ISHARES GLOBAL CLEAN ENERGY(ICLN)
2026-08-28 04:01:17,146 [INFO] [ISHARES GLOBAL CLEAN ENERGY(ICLN)] DOWNTREND 확정 - 신규 진입 차단
2026-08-28 04:01:17,146 [INFO] >>> Processing 테슬라(TSLA)
2026-08-28 04:01:17,150 [INFO] [테슬라(TSLA)] DOWNTREND 확정 - 신규 진입 차단
2026-08-28 04:01:17,150 [INFO] >>> Processing ARK INNOVATION(ARKK)
2026-08-28 04:01:17,154 [INFO]   [ARK INNOVATION(ARKK)] 신호 없음 | Lv2 매수 USD 71.93 -> 현재 USD 87.37 (+21.47%) | 익절 +10.0% / 추매 -5.0%
2026-08-28 04:01:17,154 [INFO] >>> Processing 브로드컴(AVGO)
2026-08-28 04:01:17,156 [INFO] [브로드컴(AVGO)] 이탈 청산 후 재진입 대기 - 상단 저항선 미회복 (현재가 USD 369.00 <= 기준선 USD 426.30)
2026-08-28 04:01:17,157 [INFO] >>> Processing 펩시코(PEP)
2026-08-28 04:01:17,159 [INFO] [펩시코(PEP)] 현금 부족: 보유 현금 USD 773.09 < 매수 예정 금액 USD 983.15 (7주) -> 매수 보류
2026-08-28 04:01:17,572 [INFO] >>> Processing 팔란티어 테크(PLTR)
2026-08-28 04:01:17,575 [INFO] [팔란티어 테크(PLTR)] 현금 부족: 보유 현금 USD 773.09 < 매수 예정 금액 USD 2,602.88 (14주) -> 매수 보류
2026-08-28 04:01:17,961 [INFO] >>> Processing 루멘텀 홀딩스(LITE)
2026-08-28 04:01:17,964 [INFO] [루멘텀 홀딩스(LITE)] 이탈 청산 후 재진입 대기 - 상단 저항선 미회복 (현재가 USD 948.88 <= 기준선 USD 991.22)
2026-08-28 04:01:17,964 [INFO] >>> Processing 델 테크놀로지스(DELL)
2026-08-28 04:01:17,968 [INFO]   [델 테크놀로지스(DELL)] 📈 상승 레짐 유지 | Lv6 매수 USD 420.93 -> 현재 USD 464.12 (+10.26%) | 채널하단 USD 405.38 / 이탈선 USD 405.38 (허용 -0.0%) | 20EMA(눌림) USD 449.83 (이격 +3.18%) | adds 3/3
2026-08-28 04:01:17,969 [INFO] >>> Processing 애플(AAPL)
2026-08-28 04:01:18,363 [INFO] >>> Step 6: Persist
