2026-08-06 00:01:08,601 [INFO] === Initializing MagicSplit Bot (overseas) ===
2026-08-06 00:01:08,601 [INFO] Loaded 22 stock rule(s) from config_overseas.json
2026-08-06 00:01:08,602 [INFO] [overseas] 12 rule(s), mode=LIVE
2026-08-06 00:01:08,602 [INFO] [KisBroker] 캐시에서 토큰 로드 (API 호출 생략)
2026-08-06 00:01:08,602 [INFO] [KisOverseasLiveBroker] Mode: LIVE TRADING
2026-08-06 00:01:08,604 [INFO] [MarketData] 레짐 필터 활성 종목 12개 -> YFinanceMarketDataProvider 주입 (window 260봉)
2026-08-06 00:01:08,604 [INFO] === Running overseas engine ===
2026-08-06 00:01:08,604 [INFO] >>> Step 1: Portfolio & Price Fetch
2026-08-06 00:01:11,484 [INFO] Fetching real-time prices from Broker...
2026-08-06 00:01:16,192 [INFO] Portfolio: Cash=USD 221.49, Value=USD 19,166.84
2026-08-06 00:01:16,192 [INFO] >>> Step 2: Load Positions
2026-08-06 00:01:16,193 [INFO] Loaded 20 position lot(s)
2026-08-06 00:01:16,194 [INFO] >>> Step 2.5: Reconcile OK (수량 일치)
2026-08-06 00:01:16,194 [INFO] >>> Processing 델 테크놀로지스(DELL)
2026-08-06 00:01:17,359 [INFO] [MarketData] 배치 다운로드 완료: 12/12종목
2026-08-06 00:01:17,364 [INFO]   [델 테크놀로지스(DELL)] 📈 상승 레짐 유지 | Lv6 매수 USD 420.93 -> 현재 USD 478.56 (+13.69%) | 채널하단(이탈선) USD 371.82 | 20EMA(눌림) USD 422.92 (이격 +13.15%) | adds 3/3
2026-08-06 00:01:17,364 [INFO] >>> Processing 카메코(CCJ)
2026-08-06 00:01:17,367 [INFO] [카메코(CCJ)] DOWNTREND 확정 - 신규 진입 차단
2026-08-06 00:01:17,670 [INFO] >>> Processing 루멘텀 홀딩스(LITE)
2026-08-06 00:01:17,673 [INFO] [루멘텀 홀딩스(LITE)] DOWNTREND 2일 확정 - 매수 차단
2026-08-06 00:01:17,673 [INFO] [루멘텀 홀딩스(LITE)] 채널 기울기 하락 전환 확정 (-26.51%/63봉) -> 이탈 청산 진행
2026-08-06 00:01:17,674 [INFO] [루멘텀 홀딩스(LITE)] 추세 이탈 -> 수량 부족으로 전량 청산(Bulk) 1주 (평단 USD 875.53, 현재가 USD 834.88)
2026-08-06 00:01:17,674 [INFO] Executing 1 order(s)...
2026-08-06 00:01:17,674 [INFO] [KisBroker] Processing 1 SELL orders...
2026-08-06 00:01:18,799 [INFO] [KisBroker] Order Sent: SELL 루멘텀 홀딩스(LITE) 1 @ 833.91 (ODNO=0030933712)
2026-08-06 00:01:21,385 [INFO] [KisBroker] Order FILLED: 루멘텀 홀딩스(LITE) ODNO=0030933712 price=833.91 qty=1 fee=0.0
2026-08-06 00:01:21,586 [INFO] [Position] Bulk 청산: 루멘텀 홀딩스(LITE) 1주 소진 (잔여 0주), 실현손익 USD -41.62
2026-08-06 00:01:26,714 [INFO] >>> Processing ARK INNOVATION(ARKK)
2026-08-06 00:01:26,718 [INFO]   [ARK INNOVATION(ARKK)] 신호 없음 | Lv2 매수 USD 71.93 -> 현재 USD 76.75 (+6.71%) | 익절 +10.0% / 추매 -5.0%
2026-08-06 00:01:26,718 [INFO] >>> Processing ISHARES GLOBAL CLEAN ENERGY(ICLN)
2026-08-06 00:01:26,720 [INFO] [ISHARES GLOBAL CLEAN ENERGY(ICLN)] DOWNTREND 확정 - 신규 진입 차단
2026-08-06 00:01:26,990 [INFO] >>> Processing 애플(AAPL)
2026-08-06 00:01:26,995 [INFO]   [애플(AAPL)] 📈 상승 레짐 유지 | Lv2 매수 USD 305.35 -> 현재 USD 311.06 (+1.87%) | 채널하단(이탈선) USD 298.00 | 20EMA(눌림) USD 318.90 (이격 -2.46%) | adds 1/3
2026-08-06 00:01:26,996 [INFO] >>> Processing 브로드컴(AVGO)
2026-08-06 00:01:26,998 [INFO] [브로드컴(AVGO)] DOWNTREND 확정 - 신규 진입 차단
2026-08-06 00:01:27,274 [INFO] >>> Processing 팔란티어 테크(PLTR)
2026-08-06 00:01:27,278 [INFO] [팔란티어 테크(PLTR)] 현금 부족: 보유 현금 USD 1,047.23 < 매수 예정 금액 USD 2,567.84 (16주) -> 매수 보류
2026-08-06 00:01:27,613 [INFO] >>> Processing 테슬라(TSLA)
2026-08-06 00:01:27,616 [INFO] [테슬라(TSLA)] DOWNTREND 확정 - 신규 진입 차단
2026-08-06 00:01:27,892 [INFO] >>> Processing 펩시코(PEP)
2026-08-06 00:01:27,895 [INFO] [펩시코(PEP)] DOWNTREND 확정 - 신규 진입 차단
2026-08-06 00:01:28,132 [INFO] >>> Processing 에이알엠 홀딩스(ADR)(ARM)
2026-08-06 00:01:28,135 [INFO] [에이알엠 홀딩스(ADR)(ARM)] 보유 lot 없음 -> 초기 매수 Lv1 3주 @USD 271.85
2026-08-06 00:01:28,136 [INFO] Executing 1 order(s)...
2026-08-06 00:01:30,276 [INFO] [KisBroker] Available Cash for BUY: 1,047
2026-08-06 00:01:31,735 [INFO] [KisBroker] Order Sent: BUY 에이알엠 홀딩스(ADR)(ARM) 3 @ 272.2 (ODNO=0030933816)
2026-08-06 00:01:34,321 [INFO] [KisBroker] Order FILLED: 에이알엠 홀딩스(ADR)(ARM) ODNO=0030933816 price=272.2 qty=3 fee=0.0
2026-08-06 00:01:34,522 [INFO] [Position] New lot: lot_20260806_000134_ARM_001 Lv1 에이알엠 홀딩스(ADR)(ARM) 3주 @USD 272.20
2026-08-06 00:01:39,691 [INFO] >>> Processing SCHWAB US DIVIDEND EQUITY(SCHD)
2026-08-06 00:01:39,694 [INFO]   [SCHWAB US DIVIDEND EQUITY(SCHD)] 신호 없음 | Lv1 매수 USD 33.55 -> 현재 USD 33.63 (+0.24%) | 익절 +10.0% / 추매 -5.0%
2026-08-06 00:01:39,694 [INFO] >>> Step 6: Persist
2026-08-06 02:00:58,090 [INFO] === Initializing MagicSplit Bot (overseas) ===
2026-08-06 02:00:58,090 [INFO] Loaded 22 stock rule(s) from config_overseas.json
2026-08-06 02:00:58,090 [INFO] [overseas] 12 rule(s), mode=LIVE
2026-08-06 02:00:58,090 [INFO] [KisBroker] 캐시에서 토큰 로드 (API 호출 생략)
2026-08-06 02:00:58,090 [INFO] [KisOverseasLiveBroker] Mode: LIVE TRADING
2026-08-06 02:00:58,092 [INFO] [MarketData] 레짐 필터 활성 종목 12개 -> YFinanceMarketDataProvider 주입 (window 260봉)
2026-08-06 02:00:58,092 [INFO] === Running overseas engine ===
2026-08-06 02:00:58,092 [INFO] >>> Step 1: Portfolio & Price Fetch
2026-08-06 02:01:00,805 [INFO] Fetching real-time prices from Broker...
2026-08-06 02:01:05,301 [INFO] Portfolio: Cash=USD 232.40, Value=USD 18,991.10
2026-08-06 02:01:05,301 [INFO] >>> Step 2: Load Positions
2026-08-06 02:01:05,302 [INFO] Loaded 20 position lot(s)
2026-08-06 02:01:05,302 [INFO] >>> Step 2.5: Reconcile OK (수량 일치)
2026-08-06 02:01:05,303 [INFO] >>> Processing 델 테크놀로지스(DELL)
2026-08-06 02:01:06,429 [INFO] [MarketData] 배치 다운로드 완료: 11/12종목
2026-08-06 02:01:06,432 [INFO]   [델 테크놀로지스(DELL)] 📈 상승 레짐 유지 | Lv6 매수 USD 420.93 -> 현재 USD 474.71 (+12.78%) | 채널하단(이탈선) USD 371.61 | 20EMA(눌림) USD 422.56 (이격 +12.34%) | adds 3/3
2026-08-06 02:01:06,433 [INFO] >>> Processing 브로드컴(AVGO)
2026-08-06 02:01:06,435 [INFO] [브로드컴(AVGO)] DOWNTREND 확정 - 신규 진입 차단
2026-08-06 02:01:06,905 [INFO] >>> Processing 팔란티어 테크(PLTR)
2026-08-06 02:01:06,908 [INFO] [팔란티어 테크(PLTR)] 현금 부족: 보유 현금 USD 232.40 < 매수 예정 금액 USD 2,562.24 (16주) -> 매수 보류
2026-08-06 02:01:07,291 [INFO] >>> Processing 에이알엠 홀딩스(ADR)(ARM)
2026-08-06 02:01:07,294 [INFO]   [에이알엠 홀딩스(ADR)(ARM)] 신호 없음 | Lv1 매수 USD 272.20 -> 현재 USD 279.92 (+2.84%) | 익절 +10.0% / 추매 -5.0%
2026-08-06 02:01:07,294 [INFO] >>> Processing SCHWAB US DIVIDEND EQUITY(SCHD)
2026-08-06 02:01:07,567 [INFO]   [SCHWAB US DIVIDEND EQUITY(SCHD)] 신호 없음 | Lv1 매수 USD 33.55 -> 현재 USD 33.62 (+0.19%) | 익절 +10.0% / 추매 -5.0%
2026-08-06 02:01:07,567 [INFO] >>> Processing 펩시코(PEP)
2026-08-06 02:01:07,569 [INFO] [펩시코(PEP)] DOWNTREND 확정 - 신규 진입 차단
2026-08-06 02:01:07,974 [INFO] >>> Processing 카메코(CCJ)
2026-08-06 02:01:07,977 [INFO] [카메코(CCJ)] DOWNTREND 확정 - 신규 진입 차단
2026-08-06 02:01:08,386 [INFO] >>> Processing 테슬라(TSLA)
2026-08-06 02:01:08,389 [INFO] [테슬라(TSLA)] DOWNTREND 확정 - 신규 진입 차단
2026-08-06 02:01:08,737 [INFO] >>> Processing ARK INNOVATION(ARKK)
2026-08-06 02:01:08,740 [INFO]   [ARK INNOVATION(ARKK)] 신호 없음 | Lv2 매수 USD 71.93 -> 현재 USD 76.82 (+6.80%) | 익절 +10.0% / 추매 -5.0%
2026-08-06 02:01:08,740 [INFO] >>> Processing ISHARES GLOBAL CLEAN ENERGY(ICLN)
2026-08-06 02:01:08,742 [INFO] [ISHARES GLOBAL CLEAN ENERGY(ICLN)] DOWNTREND 확정 - 신규 진입 차단
2026-08-06 02:01:09,109 [INFO] >>> Processing 루멘텀 홀딩스(LITE)
2026-08-06 02:01:09,112 [INFO] [루멘텀 홀딩스(LITE)] DOWNTREND 확정 - 신규 진입 차단
2026-08-06 02:01:09,537 [INFO] >>> Processing 애플(AAPL)
2026-08-06 02:01:09,541 [INFO]   [애플(AAPL)] 📈 상승 레짐 유지 | Lv2 매수 USD 305.35 -> 현재 USD 309.07 (+1.22%) | 채널하단(이탈선) USD 297.82 | 20EMA(눌림) USD 318.71 (이격 -3.02%) | adds 1/3
2026-08-06 02:01:09,541 [INFO] >>> Step 6: Persist
