2026-07-30 00:01:00,231 [INFO] === Initializing MagicSplit Bot (overseas) ===
2026-07-30 00:01:00,231 [INFO] Loaded 22 stock rule(s) from config_overseas.json
2026-07-30 00:01:00,231 [INFO] [overseas] 9 rule(s), mode=LIVE
2026-07-30 00:01:00,231 [INFO] [KisBroker] 캐시에서 토큰 로드 (API 호출 생략)
2026-07-30 00:01:00,231 [INFO] [KisOverseasLiveBroker] Mode: LIVE TRADING
2026-07-30 00:01:00,233 [INFO] [MarketData] 레짐 필터 활성 종목 9개 -> YFinanceMarketDataProvider 주입 (window 260봉)
2026-07-30 00:01:00,233 [INFO] === Running overseas engine ===
2026-07-30 00:01:00,233 [INFO] >>> Step 1: Portfolio & Price Fetch
2026-07-30 00:01:03,264 [INFO] Fetching real-time prices from Broker...
2026-07-30 00:01:06,772 [INFO] Portfolio: Cash=USD 516.59, Value=USD 16,177.64
2026-07-30 00:01:06,773 [INFO] >>> Step 2: Load Positions
2026-07-30 00:01:06,773 [INFO] Loaded 21 position lot(s)
2026-07-30 00:01:06,774 [INFO] >>> Step 2.5: Reconcile OK (수량 일치)
2026-07-30 00:01:06,774 [INFO] >>> Processing 델 테크놀로지스(DELL)
2026-07-30 00:01:07,924 [INFO] [MarketData] 배치 다운로드 완료: 9/9종목
2026-07-30 00:01:07,927 [INFO] [델 테크놀로지스(DELL)] 하단 채널선 이탈 감지 (1/2일, 현재가 USD 377.21 < 이탈선 USD 377.47) -> 확정 대기
2026-07-30 00:01:07,929 [INFO]   [델 테크놀로지스(DELL)] 📈 상승 레짐 유지 | Lv6 매수 USD 420.93 -> 현재 USD 377.21 (-10.39%) | 채널하단(이탈선) USD 377.47 | 20EMA(눌림) USD 411.79 (이격 -8.40%) | adds 3/3
2026-07-30 00:01:07,929 [INFO] >>> Processing 애플(AAPL)
2026-07-30 00:01:07,934 [INFO]   [애플(AAPL)] 📈 상승 레짐 유지 | Lv1 매수 USD 291.90 -> 현재 USD 340.33 (+16.59%) | 채널하단(이탈선) USD 300.73 | 20EMA(눌림) USD 323.31 (이격 +5.26%) | adds 0/3
2026-07-30 00:01:07,934 [INFO] >>> Processing 펩시코(PEP)
2026-07-30 00:01:07,937 [INFO] [펩시코(PEP)] DOWNTREND 확정 - 신규 진입 차단
2026-07-30 00:01:08,298 [INFO] >>> Processing 브로드컴(AVGO)
2026-07-30 00:01:08,302 [INFO] [브로드컴(AVGO)] DOWNTREND 확정 - 신규 진입 차단
2026-07-30 00:01:08,574 [INFO] >>> Processing ARK INNOVATION(ARKK)
2026-07-30 00:01:08,577 [INFO] [ARK INNOVATION(ARKK)] 하단 채널선 이탈 확정 (2일 연속, 현재가 USD 71.14 < 이탈선 USD 71.76, 채널하단 USD 71.76, 허용 -0.0%) -> 이탈 청산 진행
2026-07-30 00:01:08,577 [INFO] [ARK INNOVATION(ARKK)] 추세 이탈 -> 분할 청산 6주/12주 (50%) 즉시 매도, 잔량 6주 추종 데드라인 (기준가 USD 71.14, 청산선 USD 69.01, 평단 USD 76.01, 채널하단 USD 71.76)
2026-07-30 00:01:08,577 [INFO] Executing 1 order(s)...
2026-07-30 00:01:08,577 [INFO] [KisBroker] Processing 1 SELL orders...
2026-07-30 00:01:09,728 [INFO] [KisBroker] Order Sent: SELL ARK INNOVATION(ARKK) 6 @ 71.14 (ODNO=0030846276)
2026-07-30 00:01:12,312 [INFO] [KisBroker] Order FILLED: ARK INNOVATION(ARKK) ODNO=0030846276 price=71.14 qty=6 fee=0.0
2026-07-30 00:01:12,513 [INFO] [Position] 분할 청산: ARK INNOVATION(ARKK) 6주 소진 (잔여 6주), 실현손익 USD -5.76
2026-07-30 00:01:12,513 [INFO] [ARK INNOVATION(ARKK)] 추종 데드라인(Trailing Lock) 상태 활성화 (기준가 USD 71.14, 하락 허용치 3.0%)
2026-07-30 00:01:17,601 [INFO] >>> Processing SCHWAB US DIVIDEND EQUITY(SCHD)
2026-07-30 00:01:17,604 [INFO]   [SCHWAB US DIVIDEND EQUITY(SCHD)] 신호 없음 | Lv1 매수 USD 33.55 -> 현재 USD 34.01 (+1.37%) | 익절 +10.0% / 추매 -5.0%
2026-07-30 00:01:17,604 [INFO] >>> Processing 테슬라(TSLA)
2026-07-30 00:01:17,607 [INFO] [테슬라(TSLA)] 추종 데드라인 추적 중 (현재가 USD 302.48, 기준가 USD 308.72, 대비 -2.0%, 청산선 USD 299.46)
2026-07-30 00:01:17,607 [INFO]   [테슬라(TSLA)] 신호 없음 | Lv2 매수 USD 435.49 -> 현재 USD 302.48 (-30.54%) | 익절 +10.0% / 추매 -5.0%
2026-07-30 00:01:17,608 [INFO] >>> Processing 카메코(CCJ)
2026-07-30 00:01:17,610 [INFO] [카메코(CCJ)] DOWNTREND 확정 - 신규 진입 차단
2026-07-30 00:01:17,895 [INFO] >>> Processing ISHARES GLOBAL CLEAN ENERGY(ICLN)
2026-07-30 00:01:17,898 [INFO] [ISHARES GLOBAL CLEAN ENERGY(ICLN)] DOWNTREND 확정 - 신규 진입 차단
2026-07-30 00:01:18,185 [INFO] >>> Step 6: Persist
