2026-08-14 00:01:04,896 [INFO] === Initializing MagicSplit Bot (overseas) ===
2026-08-14 00:01:04,896 [INFO] Loaded 22 stock rule(s) from config_overseas.json
2026-08-14 00:01:04,896 [INFO] [overseas] 12 rule(s), mode=LIVE
2026-08-14 00:01:04,898 [INFO] [KisBroker] 캐시에서 토큰 로드 (API 호출 생략)
2026-08-14 00:01:04,898 [INFO] [KisOverseasLiveBroker] Mode: LIVE TRADING
2026-08-14 00:01:04,900 [INFO] [MarketData] 레짐 필터 활성 종목 12개 -> YFinanceMarketDataProvider 주입 (window 260봉)
2026-08-14 00:01:04,900 [INFO] === Running overseas engine ===
2026-08-14 00:01:04,900 [INFO] >>> Step 1: Portfolio & Price Fetch
2026-08-14 00:01:25,211 [ERROR] [KisBroker] Margin Check Error: HTTPSConnectionPool(host='openapi.koreainvestment.com', port=9443): Max retries exceeded with url: /uapi/overseas-stock/v1/trading/foreign-margin?CANO=73297247&ACNT_PRDT_CD=01 (Caused by ConnectTimeoutError(<HTTPSConnection(host='openapi.koreainvestment.com', port=9443) at 0x7f452f328940>, 'Connection to openapi.koreainvestment.com timed out. (connect timeout=20.0)'))
2026-08-14 00:01:45,240 [ERROR] [KisBroker] Exchange Rate Fetch Error: HTTPSConnectionPool(host='openapi.koreainvestment.com', port=9443): Max retries exceeded with url: /uapi/overseas-stock/v1/trading/inquire-present-balance?CANO=73297247&ACNT_PRDT_CD=01&WCRC_FRCR_DVSN_CD=02&NATN_CD=840&TR_MKET_CD=00&INQR_DVSN_CD=00 (Caused by ConnectTimeoutError(<HTTPSConnection(host='openapi.koreainvestment.com', port=9443) at 0x7f452f32a8c0>, 'Connection to openapi.koreainvestment.com timed out. (connect timeout=20.0)'))
2026-08-14 00:02:05,495 [ERROR] [KisBroker] Error getting portfolio (NASD): HTTPSConnectionPool(host='openapi.koreainvestment.com', port=9443): Max retries exceeded with url: /uapi/overseas-stock/v1/trading/inquire-balance?CANO=73297247&ACNT_PRDT_CD=01&OVRS_EXCG_CD=NASD&TR_CRCY_CD=USD&CTX_AREA_FK200=&CTX_AREA_NK200= (Caused by ConnectTimeoutError(<HTTPSConnection(host='openapi.koreainvestment.com', port=9443) at 0x7f452f32a4d0>, 'Connection to openapi.koreainvestment.com timed out. (connect timeout=20.0)'))
2026-08-14 00:02:25,808 [ERROR] [KisBroker] Error getting portfolio (NYSE): HTTPSConnectionPool(host='openapi.koreainvestment.com', port=9443): Max retries exceeded with url: /uapi/overseas-stock/v1/trading/inquire-balance?CANO=73297247&ACNT_PRDT_CD=01&OVRS_EXCG_CD=NYSE&TR_CRCY_CD=USD&CTX_AREA_FK200=&CTX_AREA_NK200= (Caused by ConnectTimeoutError(<HTTPSConnection(host='openapi.koreainvestment.com', port=9443) at 0x7f452f189c00>, 'Connection to openapi.koreainvestment.com timed out. (connect timeout=20.0)'))
2026-08-14 00:02:46,026 [ERROR] [KisBroker] Error getting portfolio (AMEX): HTTPSConnectionPool(host='openapi.koreainvestment.com', port=9443): Max retries exceeded with url: /uapi/overseas-stock/v1/trading/inquire-balance?CANO=73297247&ACNT_PRDT_CD=01&OVRS_EXCG_CD=AMEX&TR_CRCY_CD=USD&CTX_AREA_FK200=&CTX_AREA_NK200= (Caused by ConnectTimeoutError(<HTTPSConnection(host='openapi.koreainvestment.com', port=9443) at 0x7f452f189f30>, 'Connection to openapi.koreainvestment.com timed out. (connect timeout=20.0)'))
2026-08-14 00:02:46,026 [ERROR] 사이클 초기화 실패: 모든 거래소(NASD/NYSE/AMEX) 잔고 조회 실패(현금 조회 오류) — 사이클을 중단합니다.
2026-08-14 00:02:46,268 [ERROR] >>> Step 6: 포트폴리오, 포지션 조회 실패로 저장 생략. 수동 데이터 복구 필요
2026-08-14 02:01:01,536 [INFO] === Initializing MagicSplit Bot (overseas) ===
2026-08-14 02:01:01,536 [INFO] Loaded 22 stock rule(s) from config_overseas.json
2026-08-14 02:01:01,536 [INFO] [overseas] 12 rule(s), mode=LIVE
2026-08-14 02:01:01,537 [INFO] [KisBroker] 캐시에서 토큰 로드 (API 호출 생략)
2026-08-14 02:01:01,538 [INFO] [KisOverseasLiveBroker] Mode: LIVE TRADING
2026-08-14 02:01:01,540 [INFO] [MarketData] 레짐 필터 활성 종목 12개 -> YFinanceMarketDataProvider 주입 (window 260봉)
2026-08-14 02:01:01,540 [INFO] === Running overseas engine ===
2026-08-14 02:01:01,540 [INFO] >>> Step 1: Portfolio & Price Fetch
2026-08-14 02:01:04,444 [INFO] Fetching real-time prices from Broker...
2026-08-14 02:01:09,146 [INFO] Portfolio: Cash=USD 773.09, Value=USD 19,311.09
2026-08-14 02:01:09,146 [INFO] >>> Step 2: Load Positions
2026-08-14 02:01:09,146 [INFO] Loaded 20 position lot(s)
2026-08-14 02:01:09,147 [INFO] >>> Step 2.5: Reconcile OK (수량 일치)
2026-08-14 02:01:09,147 [INFO] >>> Processing 애플(AAPL)
2026-08-14 02:01:10,288 [INFO] [MarketData] 배치 다운로드 완료: 12/12종목
2026-08-14 02:01:10,292 [INFO]   [애플(AAPL)] 📈 상승 레짐 유지 | Lv2 매수 USD 305.35 -> 현재 USD 303.12 (-0.73%) | 채널하단(이탈선) USD 293.65 | 20EMA(눌림) USD 313.39 (이격 -3.28%) | adds 1/3
2026-08-14 02:01:10,293 [INFO] >>> Processing 카메코(CCJ)
2026-08-14 02:01:10,295 [INFO] [카메코(CCJ)] DOWNTREND 확정 - 신규 진입 차단
2026-08-14 02:01:10,295 [INFO] >>> Processing SCHWAB US DIVIDEND EQUITY(SCHD)
2026-08-14 02:01:10,298 [INFO]   [SCHWAB US DIVIDEND EQUITY(SCHD)] 신호 없음 | Lv1 매수 USD 33.55 -> 현재 USD 34.35 (+2.40%) | 익절 +10.0% / 추매 -5.0%
2026-08-14 02:01:10,298 [INFO] >>> Processing 팔란티어 테크(PLTR)
2026-08-14 02:01:10,300 [INFO] [팔란티어 테크(PLTR)] 현금 부족: 보유 현금 USD 773.09 < 매수 예정 금액 USD 2,631.30 (15주) -> 매수 보류
2026-08-14 02:01:10,608 [INFO] >>> Processing 델 테크놀로지스(DELL)
2026-08-14 02:01:10,613 [INFO]   [델 테크놀로지스(DELL)] 📈 상승 레짐 유지 | Lv6 매수 USD 420.93 -> 현재 USD 497.10 (+18.09%) | 채널하단(이탈선) USD 375.20 | 20EMA(눌림) USD 441.16 (이격 +12.68%) | adds 3/3
2026-08-14 02:01:10,613 [INFO] >>> Processing 에이알엠 홀딩스(ADR)(ARM)
2026-08-14 02:01:10,616 [INFO] [에이알엠 홀딩스(ADR)(ARM)] 하락 래치 진행 중 - 이미 분할 청산을 거쳤으므로 동일 래치 내 2차 이탈 청산 스킵 (신규 매수만 차단 유지)
2026-08-14 02:01:10,616 [INFO] [에이알엠 홀딩스(ADR)(ARM)] DOWNTREND 확정 - 추가 매수 차단
2026-08-14 02:01:10,616 [INFO] >>> Processing 브로드컴(AVGO)
2026-08-14 02:01:10,618 [INFO] [브로드컴(AVGO)] 이탈 청산 후 재진입 대기 - 상단 저항선 미회복 (현재가 USD 421.08 <= 기준선 USD 435.54)
2026-08-14 02:01:10,619 [INFO] >>> Processing 펩시코(PEP)
2026-08-14 02:01:10,621 [INFO] [펩시코(PEP)] 이탈 청산 후 재진입 대기 - 상단 저항선 미회복 (현재가 USD 140.08 <= 기준선 USD 141.61)
2026-08-14 02:01:10,621 [INFO] >>> Processing ISHARES GLOBAL CLEAN ENERGY(ICLN)
2026-08-14 02:01:10,624 [INFO] [ISHARES GLOBAL CLEAN ENERGY(ICLN)] DOWNTREND 확정 - 신규 진입 차단
2026-08-14 02:01:10,624 [INFO] >>> Processing 루멘텀 홀딩스(LITE)
2026-08-14 02:01:10,626 [INFO] [루멘텀 홀딩스(LITE)] DOWNTREND 확정 - 신규 진입 차단
2026-08-14 02:01:10,627 [INFO] >>> Processing 테슬라(TSLA)
2026-08-14 02:01:10,629 [INFO] [테슬라(TSLA)] DOWNTREND 확정 - 신규 진입 차단
2026-08-14 02:01:10,629 [INFO] >>> Processing ARK INNOVATION(ARKK)
2026-08-14 02:01:10,631 [INFO] [ARK INNOVATION(ARKK)] Lv2: trailing 고점 갱신 -> USD 81.75 (스톱가 USD 77.66)
2026-08-14 02:01:10,632 [INFO]   [ARK INNOVATION(ARKK)] 신호 없음 | Lv2 매수 USD 71.93 -> 현재 USD 81.75 (+13.65%) | 익절 +10.0% / 추매 -5.0%
2026-08-14 02:01:10,632 [INFO] >>> Step 6: Persist
