2026-08-29 00:01:02,206 [INFO] === Initializing MagicSplit Bot (overseas) ===
2026-08-29 00:01:02,207 [INFO] Loaded 22 stock rule(s) from config_overseas.json
2026-08-29 00:01:02,207 [INFO] [overseas] 12 rule(s), mode=LIVE
2026-08-29 00:01:02,207 [INFO] [KisBroker] 캐시에서 토큰 로드 (API 호출 생략)
2026-08-29 00:01:02,207 [INFO] [KisOverseasLiveBroker] Mode: LIVE TRADING
2026-08-29 00:01:02,210 [INFO] [MarketData] 레짐 필터 활성 종목 12개 -> YFinanceMarketDataProvider 주입 (window 260봉)
2026-08-29 00:01:02,210 [INFO] === Running overseas engine ===
2026-08-29 00:01:02,210 [INFO] >>> Step 1: Portfolio & Price Fetch
2026-08-29 00:01:06,920 [INFO] Fetching real-time prices from Broker...
2026-08-29 00:01:11,523 [INFO] Portfolio: Cash=USD 773.09, Value=USD 18,676.17
2026-08-29 00:01:11,523 [INFO] >>> Step 2: Load Positions
2026-08-29 00:01:11,523 [INFO] Loaded 20 position lot(s)
2026-08-29 00:01:11,524 [INFO] >>> Step 2.5: Reconcile OK (수량 일치)
2026-08-29 00:01:11,525 [INFO] >>> Processing 루멘텀 홀딩스(LITE)
2026-08-29 00:01:12,701 [INFO] [MarketData] 배치 다운로드 완료: 12/12종목
2026-08-29 00:01:12,704 [INFO] [루멘텀 홀딩스(LITE)] 이탈 청산 후 재진입 대기 - 상단 저항선 미회복 (현재가 USD 922.17 <= 기준선 USD 1,002.47)
2026-08-29 00:01:12,705 [INFO] >>> Processing ISHARES GLOBAL CLEAN ENERGY(ICLN)
2026-08-29 00:01:12,707 [INFO] [ISHARES GLOBAL CLEAN ENERGY(ICLN)] DOWNTREND 확정 - 신규 진입 차단
2026-08-29 00:01:12,707 [INFO] >>> Processing 에이알엠 홀딩스(ADR)(ARM)
2026-08-29 00:01:12,709 [INFO] [에이알엠 홀딩스(ADR)(ARM)] 하락 래치 진행 중 - 이미 분할 청산을 거쳤으므로 동일 래치 내 2차 이탈 청산 스킵 (신규 매수만 차단 유지)
2026-08-29 00:01:12,710 [INFO] [에이알엠 홀딩스(ADR)(ARM)] DOWNTREND 확정 - 추가 매수 차단
2026-08-29 00:01:12,710 [INFO] >>> Processing SCHWAB US DIVIDEND EQUITY(SCHD)
2026-08-29 00:01:13,043 [INFO] >>> Processing 펩시코(PEP)
2026-08-29 00:01:13,046 [INFO] [펩시코(PEP)] 현금 부족: 보유 현금 USD 773.09 < 매수 예정 금액 USD 985.11 (7주) -> 매수 보류
2026-08-29 00:01:13,324 [INFO] >>> Processing 테슬라(TSLA)
2026-08-29 00:01:13,327 [INFO] [테슬라(TSLA)] DOWNTREND 확정 - 신규 진입 차단
2026-08-29 00:01:13,328 [INFO] >>> Processing 델 테크놀로지스(DELL)
2026-08-29 00:01:13,332 [INFO]   [델 테크놀로지스(DELL)] 📈 상승 레짐 유지 | Lv6 매수 USD 420.93 -> 현재 USD 472.30 (+12.20%) | 채널하단 USD 408.31 / 이탈선 USD 408.31 (허용 -0.0%) | 20EMA(눌림) USD 452.67 (이격 +4.34%) | adds 3/3
2026-08-29 00:01:13,332 [INFO] >>> Processing 팔란티어 테크(PLTR)
2026-08-29 00:01:13,334 [INFO] [팔란티어 테크(PLTR)] 현금 부족: 보유 현금 USD 773.09 < 매수 예정 금액 USD 2,611.35 (14주) -> 매수 보류
2026-08-29 00:01:13,618 [INFO] >>> Processing ARK INNOVATION(ARKK)
2026-08-29 00:01:13,621 [INFO]   [ARK INNOVATION(ARKK)] 신호 없음 | Lv2 매수 USD 71.93 -> 현재 USD 86.72 (+20.56%) | 익절 +10.0% / 추매 -5.0%
2026-08-29 00:01:13,621 [INFO] >>> Processing 애플(AAPL)
2026-08-29 00:01:13,625 [INFO]   [애플(AAPL)] 📈 상승 레짐 유지 | Lv2 매수 USD 305.35 -> 현재 USD 320.71 (+5.03%) | 채널하단 USD 294.16 / 이탈선 USD 294.16 (허용 -0.0%) | 20EMA(눌림) USD 312.92 (이격 +2.49%) | adds 1/3
2026-08-29 00:01:13,625 [INFO] >>> Processing 카메코(CCJ)
2026-08-29 00:01:13,628 [INFO] [카메코(CCJ)] DOWNTREND 확정 - 신규 진입 차단
2026-08-29 00:01:13,628 [INFO] >>> Processing 브로드컴(AVGO)
2026-08-29 00:01:13,630 [INFO] [브로드컴(AVGO)] 이탈 청산 후 재진입 대기 - 상단 저항선 미회복 (현재가 USD 373.64 <= 기준선 USD 425.96)
2026-08-29 00:01:13,630 [INFO] >>> Step 6: Persist
2026-08-29 02:01:01,323 [INFO] === Initializing MagicSplit Bot (overseas) ===
2026-08-29 02:01:01,323 [INFO] Loaded 22 stock rule(s) from config_overseas.json
2026-08-29 02:01:01,323 [INFO] [overseas] 12 rule(s), mode=LIVE
2026-08-29 02:01:01,323 [INFO] [KisBroker] 캐시에서 토큰 로드 (API 호출 생략)
2026-08-29 02:01:01,323 [INFO] [KisOverseasLiveBroker] Mode: LIVE TRADING
2026-08-29 02:01:01,326 [INFO] [MarketData] 레짐 필터 활성 종목 12개 -> YFinanceMarketDataProvider 주입 (window 260봉)
2026-08-29 02:01:01,326 [INFO] === Running overseas engine ===
2026-08-29 02:01:01,326 [INFO] >>> Step 1: Portfolio & Price Fetch
2026-08-29 02:01:04,056 [INFO] Fetching real-time prices from Broker...
2026-08-29 02:01:08,890 [INFO] Portfolio: Cash=USD 773.09, Value=USD 18,362.74
2026-08-29 02:01:08,890 [INFO] >>> Step 2: Load Positions
2026-08-29 02:01:08,890 [INFO] Loaded 20 position lot(s)
2026-08-29 02:01:08,891 [INFO] >>> Step 2.5: Reconcile OK (수량 일치)
2026-08-29 02:01:08,892 [INFO] >>> Processing SCHWAB US DIVIDEND EQUITY(SCHD)
2026-08-29 02:01:09,908 [INFO] [MarketData] 배치 다운로드 완료: 12/12종목
2026-08-29 02:01:10,174 [INFO] >>> Processing 애플(AAPL)
2026-08-29 02:01:10,179 [INFO]   [애플(AAPL)] 📈 상승 레짐 유지 | Lv2 매수 USD 305.35 -> 현재 USD 320.47 (+4.95%) | 채널하단 USD 294.15 / 이탈선 USD 294.15 (허용 -0.0%) | 20EMA(눌림) USD 312.91 (이격 +2.42%) | adds 1/3
2026-08-29 02:01:10,179 [INFO] >>> Processing 펩시코(PEP)
2026-08-29 02:01:10,181 [INFO] [펩시코(PEP)] 현금 부족: 보유 현금 USD 773.09 < 매수 예정 금액 USD 985.32 (7주) -> 매수 보류
2026-08-29 02:01:10,392 [INFO] >>> Processing 델 테크놀로지스(DELL)
2026-08-29 02:01:10,397 [INFO]   [델 테크놀로지스(DELL)] 📈 상승 레짐 유지 | Lv6 매수 USD 420.93 -> 현재 USD 458.98 (+9.04%) | 채널하단 USD 407.70 / 이탈선 USD 407.70 (허용 -0.0%) | 20EMA(눌림) USD 451.40 (이격 +1.68%) | adds 3/3
2026-08-29 02:01:10,397 [INFO] >>> Processing 테슬라(TSLA)
2026-08-29 02:01:10,399 [INFO] [테슬라(TSLA)] DOWNTREND 확정 - 신규 진입 차단
2026-08-29 02:01:10,400 [INFO] >>> Processing ARK INNOVATION(ARKK)
2026-08-29 02:01:10,402 [INFO]   [ARK INNOVATION(ARKK)] 신호 없음 | Lv2 매수 USD 71.93 -> 현재 USD 84.47 (+17.43%) | 익절 +10.0% / 추매 -5.0%
2026-08-29 02:01:10,402 [INFO] >>> Processing 팔란티어 테크(PLTR)
2026-08-29 02:01:10,405 [INFO] [팔란티어 테크(PLTR)] 현금 부족: 보유 현금 USD 773.09 < 매수 예정 금액 USD 2,599.10 (14주) -> 매수 보류
2026-08-29 02:01:10,623 [INFO] >>> Processing 루멘텀 홀딩스(LITE)
2026-08-29 02:01:10,626 [INFO] [루멘텀 홀딩스(LITE)] 이탈 청산 후 재진입 대기 - 상단 저항선 미회복 (현재가 USD 898.82 <= 기준선 USD 999.97)
2026-08-29 02:01:10,626 [INFO] >>> Processing ISHARES GLOBAL CLEAN ENERGY(ICLN)
2026-08-29 02:01:10,629 [INFO] [ISHARES GLOBAL CLEAN ENERGY(ICLN)] DOWNTREND 확정 - 신규 진입 차단
2026-08-29 02:01:10,629 [INFO] >>> Processing 카메코(CCJ)
2026-08-29 02:01:10,631 [INFO] [카메코(CCJ)] DOWNTREND 확정 - 신규 진입 차단
2026-08-29 02:01:10,632 [INFO] >>> Processing 브로드컴(AVGO)
2026-08-29 02:01:10,634 [INFO] [브로드컴(AVGO)] 이탈 청산 후 재진입 대기 - 상단 저항선 미회복 (현재가 USD 365.67 <= 기준선 USD 425.50)
2026-08-29 02:01:10,634 [INFO] >>> Processing 에이알엠 홀딩스(ADR)(ARM)
2026-08-29 02:01:10,636 [INFO] [에이알엠 홀딩스(ADR)(ARM)] 하락 래치 진행 중 - 이미 분할 청산을 거쳤으므로 동일 래치 내 2차 이탈 청산 스킵 (신규 매수만 차단 유지)
2026-08-29 02:01:10,637 [INFO] [에이알엠 홀딩스(ADR)(ARM)] DOWNTREND 확정 - 추가 매수 차단
2026-08-29 02:01:10,637 [INFO] >>> Step 6: Persist
2026-08-29 04:01:00,194 [INFO] === Initializing MagicSplit Bot (overseas) ===
2026-08-29 04:01:00,194 [INFO] Loaded 22 stock rule(s) from config_overseas.json
2026-08-29 04:01:00,194 [INFO] [overseas] 12 rule(s), mode=LIVE
2026-08-29 04:01:00,194 [INFO] [KisBroker] 캐시에서 토큰 로드 (API 호출 생략)
2026-08-29 04:01:00,194 [INFO] [KisOverseasLiveBroker] Mode: LIVE TRADING
2026-08-29 04:01:00,197 [INFO] [MarketData] 레짐 필터 활성 종목 12개 -> YFinanceMarketDataProvider 주입 (window 260봉)
2026-08-29 04:01:00,197 [INFO] === Running overseas engine ===
2026-08-29 04:01:00,197 [INFO] >>> Step 1: Portfolio & Price Fetch
2026-08-29 04:01:02,878 [INFO] Fetching real-time prices from Broker...
2026-08-29 04:01:07,552 [INFO] Portfolio: Cash=USD 773.09, Value=USD 18,319.37
2026-08-29 04:01:07,552 [INFO] >>> Step 2: Load Positions
2026-08-29 04:01:07,552 [INFO] Loaded 20 position lot(s)
2026-08-29 04:01:07,553 [INFO] >>> Step 2.5: Reconcile OK (수량 일치)
2026-08-29 04:01:07,553 [INFO] >>> Processing 델 테크놀로지스(DELL)
2026-08-29 04:01:08,762 [INFO] [MarketData] 배치 다운로드 완료: 12/12종목
2026-08-29 04:01:08,767 [INFO]   [델 테크놀로지스(DELL)] 📈 상승 레짐 유지 | Lv6 매수 USD 420.93 -> 현재 USD 454.69 (+8.02%) | 채널하단 USD 407.47 / 이탈선 USD 407.47 (허용 -0.0%) | 20EMA(눌림) USD 450.99 (이격 +0.82%) | adds 3/3
2026-08-29 04:01:08,767 [INFO] >>> Processing 카메코(CCJ)
2026-08-29 04:01:08,769 [INFO] [카메코(CCJ)] DOWNTREND 확정 - 신규 진입 차단
2026-08-29 04:01:08,770 [INFO] >>> Processing 펩시코(PEP)
2026-08-29 04:01:08,772 [INFO] [펩시코(PEP)] 현금 부족: 보유 현금 USD 773.09 < 매수 예정 금액 USD 987.00 (7주) -> 매수 보류
2026-08-29 04:01:09,074 [INFO] >>> Processing 테슬라(TSLA)
2026-08-29 04:01:09,077 [INFO] [테슬라(TSLA)] DOWNTREND 확정 - 신규 진입 차단
2026-08-29 04:01:09,078 [INFO] >>> Processing 에이알엠 홀딩스(ADR)(ARM)
2026-08-29 04:01:09,080 [INFO] [에이알엠 홀딩스(ADR)(ARM)] 하락 래치 진행 중 - 이미 분할 청산을 거쳤으므로 동일 래치 내 2차 이탈 청산 스킵 (신규 매수만 차단 유지)
2026-08-29 04:01:09,080 [INFO] [에이알엠 홀딩스(ADR)(ARM)] DOWNTREND 확정 - 추가 매수 차단
2026-08-29 04:01:09,081 [INFO] >>> Processing ISHARES GLOBAL CLEAN ENERGY(ICLN)
2026-08-29 04:01:09,083 [INFO] [ISHARES GLOBAL CLEAN ENERGY(ICLN)] DOWNTREND 확정 - 신규 진입 차단
2026-08-29 04:01:09,083 [INFO] >>> Processing SCHWAB US DIVIDEND EQUITY(SCHD)
2026-08-29 04:01:09,341 [INFO] >>> Processing 팔란티어 테크(PLTR)
2026-08-29 04:01:09,344 [INFO] [팔란티어 테크(PLTR)] 현금 부족: 보유 현금 USD 773.09 < 매수 예정 금액 USD 2,599.52 (14주) -> 매수 보류
2026-08-29 04:01:09,572 [INFO] >>> Processing ARK INNOVATION(ARKK)
2026-08-29 04:01:09,576 [INFO]   [ARK INNOVATION(ARKK)] 신호 없음 | Lv2 매수 USD 71.93 -> 현재 USD 84.25 (+17.13%) | 익절 +10.0% / 추매 -5.0%
2026-08-29 04:01:09,576 [INFO] >>> Processing 애플(AAPL)
2026-08-29 04:01:09,580 [INFO]   [애플(AAPL)] 📈 상승 레짐 유지 | Lv2 매수 USD 305.35 -> 현재 USD 319.58 (+4.66%) | 채널하단 USD 294.10 / 이탈선 USD 294.10 (허용 -0.0%) | 20EMA(눌림) USD 312.82 (이격 +2.16%) | adds 1/3
2026-08-29 04:01:09,580 [INFO] >>> Processing 루멘텀 홀딩스(LITE)
2026-08-29 04:01:09,583 [INFO] [루멘텀 홀딩스(LITE)] 이탈 청산 후 재진입 대기 - 상단 저항선 미회복 (현재가 USD 900.86 <= 기준선 USD 1,000.18)
2026-08-29 04:01:09,583 [INFO] >>> Processing 브로드컴(AVGO)
2026-08-29 04:01:09,585 [INFO] [브로드컴(AVGO)] 이탈 청산 후 재진입 대기 - 상단 저항선 미회복 (현재가 USD 367.29 <= 기준선 USD 425.59)
2026-08-29 04:01:09,585 [INFO] >>> Step 6: Persist
