2026-08-18 00:01:01,977 [INFO] === Initializing MagicSplit Bot (overseas) ===
2026-08-18 00:01:01,977 [INFO] Loaded 22 stock rule(s) from config_overseas.json
2026-08-18 00:01:01,977 [INFO] [overseas] 12 rule(s), mode=LIVE
2026-08-18 00:01:01,978 [INFO] [KisBroker] 새 토큰 발급 중...
2026-08-18 00:01:02,980 [INFO] [KisOverseasLiveBroker] Mode: LIVE TRADING
2026-08-18 00:01:02,982 [INFO] [MarketData] 레짐 필터 활성 종목 12개 -> YFinanceMarketDataProvider 주입 (window 260봉)
2026-08-18 00:01:02,982 [INFO] === Running overseas engine ===
2026-08-18 00:01:02,983 [INFO] >>> Step 1: Portfolio & Price Fetch
2026-08-18 00:01:06,477 [INFO] Fetching real-time prices from Broker...
2026-08-18 00:01:10,825 [INFO] Portfolio: Cash=USD 773.09, Value=USD 19,470.73
2026-08-18 00:01:10,825 [INFO] >>> Step 2: Load Positions
2026-08-18 00:01:10,826 [INFO] Loaded 20 position lot(s)
2026-08-18 00:01:10,827 [INFO] >>> Step 2.5: Reconcile OK (수량 일치)
2026-08-18 00:01:10,827 [INFO] >>> Processing 델 테크놀로지스(DELL)
2026-08-18 00:01:15,218 [INFO] [MarketData] 배치 다운로드 완료: 12/12종목
2026-08-18 00:01:15,223 [INFO]   [델 테크놀로지스(DELL)] 📈 상승 레짐 유지 | Lv6 매수 USD 420.93 -> 현재 USD 478.70 (+13.72%) | 채널하단 USD 380.21 / 이탈선 USD 380.21 (허용 -0.0%) | 20EMA(눌림) USD 448.82 (이격 +6.66%) | adds 3/3
2026-08-18 00:01:15,223 [INFO] >>> Processing SCHWAB US DIVIDEND EQUITY(SCHD)
2026-08-18 00:01:15,226 [INFO]   [SCHWAB US DIVIDEND EQUITY(SCHD)] 신호 없음 | Lv1 매수 USD 33.55 -> 현재 USD 34.31 (+2.27%) | 익절 +10.0% / 추매 -5.0%
2026-08-18 00:01:15,226 [INFO] >>> Processing ISHARES GLOBAL CLEAN ENERGY(ICLN)
2026-08-18 00:01:15,228 [INFO] [ISHARES GLOBAL CLEAN ENERGY(ICLN)] DOWNTREND 확정 - 신규 진입 차단
2026-08-18 00:01:15,229 [INFO] >>> Processing 카메코(CCJ)
2026-08-18 00:01:15,231 [INFO] [카메코(CCJ)] DOWNTREND 확정 - 신규 진입 차단
2026-08-18 00:01:15,231 [INFO] >>> Processing 팔란티어 테크(PLTR)
2026-08-18 00:01:15,234 [INFO] [팔란티어 테크(PLTR)] 현금 부족: 보유 현금 USD 773.09 < 매수 예정 금액 USD 2,623.80 (15주) -> 매수 보류
2026-08-18 00:01:15,791 [INFO] >>> Processing ARK INNOVATION(ARKK)
2026-08-18 00:01:15,794 [INFO]   [ARK INNOVATION(ARKK)] 신호 없음 | Lv2 매수 USD 71.93 -> 현재 USD 82.03 (+14.04%) | 익절 +10.0% / 추매 -5.0%
2026-08-18 00:01:15,794 [INFO] >>> Processing 에이알엠 홀딩스(ADR)(ARM)
2026-08-18 00:01:15,796 [INFO] [에이알엠 홀딩스(ADR)(ARM)] 하락 래치 진행 중 - 이미 분할 청산을 거쳤으므로 동일 래치 내 2차 이탈 청산 스킵 (신규 매수만 차단 유지)
2026-08-18 00:01:15,797 [INFO] [에이알엠 홀딩스(ADR)(ARM)] DOWNTREND 확정 - 추가 매수 차단
2026-08-18 00:01:15,797 [INFO] >>> Processing 테슬라(TSLA)
2026-08-18 00:01:15,799 [INFO] [테슬라(TSLA)] DOWNTREND 확정 - 신규 진입 차단
2026-08-18 00:01:15,799 [INFO] >>> Processing 루멘텀 홀딩스(LITE)
2026-08-18 00:01:15,802 [INFO] [루멘텀 홀딩스(LITE)] DOWNTREND 확정 - 신규 진입 차단
2026-08-18 00:01:15,802 [INFO] >>> Processing 펩시코(PEP)
2026-08-18 00:01:15,805 [INFO] [펩시코(PEP)] 이탈 청산 후 재진입 대기 - 상단 저항선 미회복 (현재가 USD 138.31 <= 기준선 USD 141.96)
2026-08-18 00:01:15,805 [INFO] >>> Processing 애플(AAPL)
2026-08-18 00:01:15,809 [INFO]   [애플(AAPL)] 📈 상승 레짐 유지 | Lv2 매수 USD 305.35 -> 현재 USD 303.82 (-0.50%) | 채널하단 USD 292.43 / 이탈선 USD 292.43 (허용 -0.0%) | 20EMA(눌림) USD 312.01 (이격 -2.62%) | adds 1/3
2026-08-18 00:01:15,809 [INFO] >>> Processing 브로드컴(AVGO)
2026-08-18 00:01:15,812 [INFO] [브로드컴(AVGO)] 이탈 청산 후 재진입 대기 - 상단 저항선 미회복 (현재가 USD 396.80 <= 기준선 USD 436.35)
2026-08-18 00:01:15,812 [INFO] >>> Step 6: Persist
2026-08-18 02:01:07,650 [INFO] === Initializing MagicSplit Bot (overseas) ===
2026-08-18 02:01:07,651 [INFO] Loaded 22 stock rule(s) from config_overseas.json
2026-08-18 02:01:07,651 [INFO] [overseas] 12 rule(s), mode=LIVE
2026-08-18 02:01:07,651 [INFO] [KisBroker] 캐시에서 토큰 로드 (API 호출 생략)
2026-08-18 02:01:07,651 [INFO] [KisOverseasLiveBroker] Mode: LIVE TRADING
2026-08-18 02:01:07,653 [INFO] [MarketData] 레짐 필터 활성 종목 12개 -> YFinanceMarketDataProvider 주입 (window 260봉)
2026-08-18 02:01:07,653 [INFO] === Running overseas engine ===
2026-08-18 02:01:07,653 [INFO] >>> Step 1: Portfolio & Price Fetch
2026-08-18 02:01:10,355 [INFO] Fetching real-time prices from Broker...
2026-08-18 02:01:14,393 [INFO] Portfolio: Cash=USD 773.09, Value=USD 19,487.66
2026-08-18 02:01:14,393 [INFO] >>> Step 2: Load Positions
2026-08-18 02:01:14,393 [INFO] Loaded 20 position lot(s)
2026-08-18 02:01:14,394 [INFO] >>> Step 2.5: Reconcile OK (수량 일치)
2026-08-18 02:01:14,395 [INFO] >>> Processing 테슬라(TSLA)
2026-08-18 02:01:15,591 [INFO] [MarketData] 배치 다운로드 완료: 12/12종목
2026-08-18 02:01:15,593 [INFO] [테슬라(TSLA)] DOWNTREND 확정 - 신규 진입 차단
2026-08-18 02:01:15,594 [INFO] >>> Processing ISHARES GLOBAL CLEAN ENERGY(ICLN)
2026-08-18 02:01:15,596 [INFO] [ISHARES GLOBAL CLEAN ENERGY(ICLN)] DOWNTREND 확정 - 신규 진입 차단
2026-08-18 02:01:15,597 [INFO] >>> Processing 브로드컴(AVGO)
2026-08-18 02:01:15,599 [INFO] [브로드컴(AVGO)] 이탈 청산 후 재진입 대기 - 상단 저항선 미회복 (현재가 USD 397.47 <= 기준선 USD 436.42)
2026-08-18 02:01:15,599 [INFO] >>> Processing SCHWAB US DIVIDEND EQUITY(SCHD)
2026-08-18 02:01:15,602 [INFO]   [SCHWAB US DIVIDEND EQUITY(SCHD)] 신호 없음 | Lv1 매수 USD 33.55 -> 현재 USD 34.32 (+2.30%) | 익절 +10.0% / 추매 -5.0%
2026-08-18 02:01:15,602 [INFO] >>> Processing 카메코(CCJ)
2026-08-18 02:01:15,604 [INFO] [카메코(CCJ)] DOWNTREND 확정 - 신규 진입 차단
2026-08-18 02:01:15,605 [INFO] >>> Processing 애플(AAPL)
2026-08-18 02:01:16,119 [INFO] >>> Processing ARK INNOVATION(ARKK)
2026-08-18 02:01:16,122 [INFO]   [ARK INNOVATION(ARKK)] 신호 없음 | Lv2 매수 USD 71.93 -> 현재 USD 81.97 (+13.96%) | 익절 +10.0% / 추매 -5.0%
2026-08-18 02:01:16,123 [INFO] >>> Processing 팔란티어 테크(PLTR)
2026-08-18 02:01:16,125 [INFO] [팔란티어 테크(PLTR)] 현금 부족: 보유 현금 USD 773.09 < 매수 예정 금액 USD 2,608.80 (15주) -> 매수 보류
2026-08-18 02:01:16,630 [INFO] >>> Processing 펩시코(PEP)
2026-08-18 02:01:16,633 [INFO] [펩시코(PEP)] 이탈 청산 후 재진입 대기 - 상단 저항선 미회복 (현재가 USD 137.94 <= 기준선 USD 141.94)
2026-08-18 02:01:16,633 [INFO] >>> Processing 에이알엠 홀딩스(ADR)(ARM)
2026-08-18 02:01:16,636 [INFO] [에이알엠 홀딩스(ADR)(ARM)] 하락 래치 진행 중 - 이미 분할 청산을 거쳤으므로 동일 래치 내 2차 이탈 청산 스킵 (신규 매수만 차단 유지)
2026-08-18 02:01:16,636 [INFO] [에이알엠 홀딩스(ADR)(ARM)] DOWNTREND 확정 - 추가 매수 차단
2026-08-18 02:01:16,636 [INFO] >>> Processing 델 테크놀로지스(DELL)
2026-08-18 02:01:16,641 [INFO]   [델 테크놀로지스(DELL)] 📈 상승 레짐 유지 | Lv6 매수 USD 420.93 -> 현재 USD 479.32 (+13.87%) | 채널하단 USD 380.24 / 이탈선 USD 380.24 (허용 -0.0%) | 20EMA(눌림) USD 448.87 (이격 +6.78%) | adds 3/3
2026-08-18 02:01:16,641 [INFO] >>> Processing 루멘텀 홀딩스(LITE)
2026-08-18 02:01:16,643 [INFO] [루멘텀 홀딩스(LITE)] DOWNTREND 확정 - 신규 진입 차단
2026-08-18 02:01:16,644 [INFO] >>> Step 6: Persist
2026-08-18 04:01:04,040 [INFO] === Initializing MagicSplit Bot (overseas) ===
2026-08-18 04:01:04,040 [INFO] Loaded 22 stock rule(s) from config_overseas.json
2026-08-18 04:01:04,041 [INFO] [overseas] 12 rule(s), mode=LIVE
2026-08-18 04:01:04,041 [INFO] [KisBroker] 캐시에서 토큰 로드 (API 호출 생략)
2026-08-18 04:01:04,041 [INFO] [KisOverseasLiveBroker] Mode: LIVE TRADING
2026-08-18 04:01:04,043 [INFO] [MarketData] 레짐 필터 활성 종목 12개 -> YFinanceMarketDataProvider 주입 (window 260봉)
2026-08-18 04:01:04,043 [INFO] === Running overseas engine ===
2026-08-18 04:01:04,044 [INFO] >>> Step 1: Portfolio & Price Fetch
2026-08-18 04:01:06,635 [INFO] Fetching real-time prices from Broker...
2026-08-18 04:01:10,824 [INFO] Portfolio: Cash=USD 773.09, Value=USD 19,543.84
2026-08-18 04:01:10,824 [INFO] >>> Step 2: Load Positions
2026-08-18 04:01:10,824 [INFO] Loaded 20 position lot(s)
2026-08-18 04:01:10,825 [INFO] >>> Step 2.5: Reconcile OK (수량 일치)
2026-08-18 04:01:10,826 [INFO] >>> Processing SCHWAB US DIVIDEND EQUITY(SCHD)
2026-08-18 04:01:12,606 [INFO] [MarketData] 배치 다운로드 완료: 12/12종목
2026-08-18 04:01:12,609 [INFO]   [SCHWAB US DIVIDEND EQUITY(SCHD)] 신호 없음 | Lv1 매수 USD 33.55 -> 현재 USD 34.27 (+2.13%) | 익절 +10.0% / 추매 -5.0%
2026-08-18 04:01:12,610 [INFO] >>> Processing 카메코(CCJ)
2026-08-18 04:01:12,612 [INFO] [카메코(CCJ)] DOWNTREND 확정 - 신규 진입 차단
2026-08-18 04:01:12,613 [INFO] >>> Processing 에이알엠 홀딩스(ADR)(ARM)
2026-08-18 04:01:12,615 [INFO] [에이알엠 홀딩스(ADR)(ARM)] 하락 래치 진행 중 - 이미 분할 청산을 거쳤으므로 동일 래치 내 2차 이탈 청산 스킵 (신규 매수만 차단 유지)
2026-08-18 04:01:12,615 [INFO] [에이알엠 홀딩스(ADR)(ARM)] DOWNTREND 확정 - 추가 매수 차단
2026-08-18 04:01:12,616 [INFO] >>> Processing ISHARES GLOBAL CLEAN ENERGY(ICLN)
2026-08-18 04:01:12,618 [INFO] [ISHARES GLOBAL CLEAN ENERGY(ICLN)] DOWNTREND 확정 - 신규 진입 차단
2026-08-18 04:01:12,618 [INFO] >>> Processing 펩시코(PEP)
2026-08-18 04:01:12,621 [INFO] [펩시코(PEP)] 이탈 청산 후 재진입 대기 - 상단 저항선 미회복 (현재가 USD 137.97 <= 기준선 USD 141.94)
2026-08-18 04:01:12,621 [INFO] >>> Processing 팔란티어 테크(PLTR)
2026-08-18 04:01:12,624 [INFO] [팔란티어 테크(PLTR)] 현금 부족: 보유 현금 USD 773.09 < 매수 예정 금액 USD 2,602.50 (15주) -> 매수 보류
2026-08-18 04:01:13,262 [INFO] >>> Processing ARK INNOVATION(ARKK)
2026-08-18 04:01:13,265 [INFO]   [ARK INNOVATION(ARKK)] 신호 없음 | Lv2 매수 USD 71.93 -> 현재 USD 81.84 (+13.78%) | 익절 +10.0% / 추매 -5.0%
2026-08-18 04:01:13,265 [INFO] >>> Processing 루멘텀 홀딩스(LITE)
2026-08-18 04:01:13,268 [INFO] [루멘텀 홀딩스(LITE)] DOWNTREND 확정 - 신규 진입 차단
2026-08-18 04:01:13,268 [INFO] >>> Processing 애플(AAPL)
2026-08-18 04:01:13,865 [INFO] >>> Processing 델 테크놀로지스(DELL)
2026-08-18 04:01:13,870 [INFO]   [델 테크놀로지스(DELL)] 📈 상승 레짐 유지 | Lv6 매수 USD 420.93 -> 현재 USD 482.77 (+14.69%) | 채널하단 USD 380.42 / 이탈선 USD 380.42 (허용 -0.0%) | 20EMA(눌림) USD 449.20 (이격 +7.47%) | adds 3/3
2026-08-18 04:01:13,870 [INFO] >>> Processing 브로드컴(AVGO)
2026-08-18 04:01:13,873 [INFO] [브로드컴(AVGO)] 이탈 청산 후 재진입 대기 - 상단 저항선 미회복 (현재가 USD 393.63 <= 기준선 USD 436.11)
2026-08-18 04:01:13,873 [INFO] >>> Processing 테슬라(TSLA)
2026-08-18 04:01:13,875 [INFO] [테슬라(TSLA)] DOWNTREND 확정 - 신규 진입 차단
2026-08-18 04:01:13,875 [INFO] >>> Step 6: Persist
