2026-08-05 00:01:19,489 [INFO] === Initializing MagicSplit Bot (overseas) ===
2026-08-05 00:01:19,489 [INFO] Loaded 22 stock rule(s) from config_overseas.json
2026-08-05 00:01:19,489 [INFO] [overseas] 12 rule(s), mode=LIVE
2026-08-05 00:01:19,489 [INFO] [KisBroker] 캐시에서 토큰 로드 (API 호출 생략)
2026-08-05 00:01:19,489 [INFO] [KisOverseasLiveBroker] Mode: LIVE TRADING
2026-08-05 00:01:19,491 [INFO] [MarketData] 레짐 필터 활성 종목 12개 -> YFinanceMarketDataProvider 주입 (window 260봉)
2026-08-05 00:01:19,492 [INFO] === Running overseas engine ===
2026-08-05 00:01:19,492 [INFO] >>> Step 1: Portfolio & Price Fetch
2026-08-05 00:01:23,037 [INFO] Fetching real-time prices from Broker...
2026-08-05 00:01:28,667 [INFO] Portfolio: Cash=USD 221.49, Value=USD 18,754.42
2026-08-05 00:01:28,667 [INFO] >>> Step 2: Load Positions
2026-08-05 00:01:28,668 [INFO] Loaded 20 position lot(s)
2026-08-05 00:01:28,669 [INFO] >>> Step 2.1: Detected 3 newly enabled ticker(s)
2026-08-05 00:01:28,669 [INFO] [ARM] OFF->ON 전환 감지: 0주 상태이므로 직전 매도가(USD 315.00) 초기화
2026-08-05 00:01:28,669 [INFO] [ARM] OFF->ON 전환 감지: 0주 상태이므로 누적 실현 손익(USD -364.57) 초기화
2026-08-05 00:01:28,669 [INFO] [PLTR] OFF->ON 전환 감지: 0주 상태이므로 직전 매도가(USD 130.10) 초기화
2026-08-05 00:01:28,671 [INFO] >>> Step 2.5: Reconcile OK (수량 일치)
2026-08-05 00:01:28,672 [INFO] >>> Processing 팔란티어 테크(PLTR)
2026-08-05 00:01:36,942 [INFO] [MarketData] 배치 다운로드 완료: 12/12종목
2026-08-05 00:01:36,945 [INFO] [팔란티어 테크(PLTR)] 현금 부족: 보유 현금 USD 221.49 < 매수 예정 금액 USD 2,680.90 (17주) -> 매수 보류
2026-08-05 00:01:37,979 [INFO] >>> Processing 카메코(CCJ)
2026-08-05 00:01:37,982 [INFO] [카메코(CCJ)] DOWNTREND 확정 - 신규 진입 차단
2026-08-05 00:01:38,796 [INFO] >>> Processing ARK INNOVATION(ARKK)
2026-08-05 00:01:38,799 [INFO]   [ARK INNOVATION(ARKK)] 신호 없음 | Lv2 매수 USD 71.93 -> 현재 USD 75.34 (+4.74%) | 익절 +10.0% / 추매 -5.0%
2026-08-05 00:01:38,799 [INFO] >>> Processing 루멘텀 홀딩스(LITE)
2026-08-05 00:01:38,802 [INFO] [루멘텀 홀딩스(LITE)] buy_amount(USD 500.00) < 현재가(USD 840.80) -> 1주도 매수 불가. buy_amount 상향 조정 필요
2026-08-05 00:01:39,609 [INFO] >>> Processing 에이알엠 홀딩스(ADR)(ARM)
2026-08-05 00:01:39,612 [INFO] [에이알엠 홀딩스(ADR)(ARM)] 현금 부족: 보유 현금 USD 221.49 < 최소 주문 금액 USD 270.33 (최소 수량도 매수 불가) -> 매수 보류
2026-08-05 00:01:40,499 [INFO] >>> Processing 테슬라(TSLA)
2026-08-05 00:01:40,502 [INFO] [테슬라(TSLA)] DOWNTREND 확정 - 신규 진입 차단
2026-08-05 00:01:41,312 [INFO] >>> Processing 브로드컴(AVGO)
2026-08-05 00:01:41,315 [INFO] [브로드컴(AVGO)] DOWNTREND 확정 - 신규 진입 차단
2026-08-05 00:01:42,091 [INFO] >>> Processing SCHWAB US DIVIDEND EQUITY(SCHD)
2026-08-05 00:01:42,095 [INFO]   [SCHWAB US DIVIDEND EQUITY(SCHD)] 신호 없음 | Lv1 매수 USD 33.55 -> 현재 USD 33.58 (+0.09%) | 익절 +10.0% / 추매 -5.0%
2026-08-05 00:01:42,095 [INFO] >>> Processing 펩시코(PEP)
2026-08-05 00:01:42,098 [INFO] [펩시코(PEP)] DOWNTREND 확정 - 신규 진입 차단
2026-08-05 00:01:42,849 [INFO] >>> Processing 델 테크놀로지스(DELL)
2026-08-05 00:01:42,854 [INFO]   [델 테크놀로지스(DELL)] 📈 상승 레짐 유지 | Lv6 매수 USD 420.93 -> 현재 USD 458.00 (+8.81%) | 채널하단(이탈선) USD 369.15 | 20EMA(눌림) USD 416.18 (이격 +10.05%) | adds 3/3
2026-08-05 00:01:42,854 [INFO] >>> Processing ISHARES GLOBAL CLEAN ENERGY(ICLN)
2026-08-05 00:01:42,857 [INFO] [ISHARES GLOBAL CLEAN ENERGY(ICLN)] DOWNTREND 확정 - 신규 진입 차단
2026-08-05 00:01:43,894 [INFO] >>> Processing 애플(AAPL)
2026-08-05 00:01:43,899 [INFO]   [애플(AAPL)] 📈 상승 레짐 유지 | Lv2 매수 USD 305.35 -> 현재 USD 306.06 (+0.23%) | 채널하단(이탈선) USD 298.21 | 20EMA(눌림) USD 319.42 (이격 -4.18%) | adds 1/3
2026-08-05 00:01:43,899 [INFO] >>> Step 6: Persist
