2026-08-11 00:01:06,607 [INFO] === Initializing MagicSplit Bot (overseas) ===
2026-08-11 00:01:06,607 [INFO] Loaded 22 stock rule(s) from config_overseas.json
2026-08-11 00:01:06,607 [INFO] [overseas] 12 rule(s), mode=LIVE
2026-08-11 00:01:06,607 [INFO] [KisBroker] 캐시에서 토큰 로드 (API 호출 생략)
2026-08-11 00:01:06,607 [INFO] [KisOverseasLiveBroker] Mode: LIVE TRADING
2026-08-11 00:01:06,609 [INFO] [MarketData] 레짐 필터 활성 종목 12개 -> YFinanceMarketDataProvider 주입 (window 260봉)
2026-08-11 00:01:06,610 [INFO] === Running overseas engine ===
2026-08-11 00:01:06,610 [INFO] >>> Step 1: Portfolio & Price Fetch
2026-08-11 00:01:09,213 [INFO] Fetching real-time prices from Broker...
2026-08-11 00:01:13,569 [INFO] Portfolio: Cash=USD 238.95, Value=USD 18,921.52
2026-08-11 00:01:13,569 [INFO] >>> Step 2: Load Positions
2026-08-11 00:01:13,570 [INFO] Loaded 20 position lot(s)
2026-08-11 00:01:13,571 [INFO] >>> Step 2.5: Reconcile OK (수량 일치)
2026-08-11 00:01:13,571 [INFO] >>> Processing 에이알엠 홀딩스(ADR)(ARM)
2026-08-11 00:01:15,534 [INFO] [MarketData] 배치 다운로드 완료: 12/12종목
2026-08-11 00:01:15,537 [INFO]   [에이알엠 홀딩스(ADR)(ARM)] 신호 없음 | Lv1 매수 USD 272.20 -> 현재 USD 268.73 (-1.27%) | 익절 +10.0% / 추매 -5.0%
2026-08-11 00:01:15,538 [INFO] >>> Processing 델 테크놀로지스(DELL)
2026-08-11 00:01:15,542 [INFO]   [델 테크놀로지스(DELL)] 📈 상승 레짐 유지 | Lv6 매수 USD 420.93 -> 현재 USD 466.66 (+10.86%) | 채널하단(이탈선) USD 371.46 | 20EMA(눌림) USD 429.78 (이격 +8.58%) | adds 3/3
2026-08-11 00:01:15,542 [INFO] >>> Processing 애플(AAPL)
2026-08-11 00:01:15,547 [INFO]   [애플(AAPL)] 📈 상승 레짐 유지 | Lv2 매수 USD 305.35 -> 현재 USD 306.98 (+0.53%) | 채널하단(이탈선) USD 296.56 | 20EMA(눌림) USD 316.78 (이격 -3.09%) | adds 1/3
2026-08-11 00:01:15,547 [INFO] >>> Processing ARK INNOVATION(ARKK)
2026-08-11 00:01:15,549 [INFO] [ARK INNOVATION(ARKK)] Lv2: trailing 활성화 (매수가 대비 +11.5%, 스톱가 USD 76.20)
2026-08-11 00:01:15,990 [INFO] >>> Processing 펩시코(PEP)
2026-08-11 00:01:15,993 [INFO] [펩시코(PEP)] DOWNTREND 확정 - 신규 진입 차단
2026-08-11 00:01:15,993 [INFO] >>> Processing SCHWAB US DIVIDEND EQUITY(SCHD)
2026-08-11 00:01:15,997 [INFO]   [SCHWAB US DIVIDEND EQUITY(SCHD)] 신호 없음 | Lv1 매수 USD 33.55 -> 현재 USD 34.04 (+1.45%) | 익절 +10.0% / 추매 -5.0%
2026-08-11 00:01:15,997 [INFO] >>> Processing ISHARES GLOBAL CLEAN ENERGY(ICLN)
2026-08-11 00:01:15,999 [INFO] [ISHARES GLOBAL CLEAN ENERGY(ICLN)] DOWNTREND 확정 - 신규 진입 차단
2026-08-11 00:01:16,000 [INFO] >>> Processing 카메코(CCJ)
2026-08-11 00:01:16,002 [INFO] [카메코(CCJ)] DOWNTREND 확정 - 신규 진입 차단
2026-08-11 00:01:16,002 [INFO] >>> Processing 테슬라(TSLA)
2026-08-11 00:01:16,005 [INFO] [테슬라(TSLA)] DOWNTREND 확정 - 신규 진입 차단
2026-08-11 00:01:16,005 [INFO] >>> Processing 팔란티어 테크(PLTR)
2026-08-11 00:01:16,008 [INFO] [팔란티어 테크(PLTR)] 현금 부족: 보유 현금 USD 238.95 < 매수 예정 금액 USD 2,677.35 (15주) -> 매수 보류
2026-08-11 00:01:16,470 [INFO] >>> Processing 브로드컴(AVGO)
2026-08-11 00:01:16,473 [INFO] [브로드컴(AVGO)] DOWNTREND 확정 - 신규 진입 차단
2026-08-11 00:01:16,474 [INFO] >>> Processing 루멘텀 홀딩스(LITE)
2026-08-11 00:01:16,476 [INFO] [루멘텀 홀딩스(LITE)] DOWNTREND 확정 - 신규 진입 차단
2026-08-11 00:01:16,476 [INFO] >>> Step 6: Persist
