2026-07-28 00:01:06,441 [INFO] === Initializing MagicSplit Bot (overseas) ===
2026-07-28 00:01:06,441 [INFO] Loaded 22 stock rule(s) from config_overseas.json
2026-07-28 00:01:06,441 [INFO] [overseas] 9 rule(s), mode=LIVE
2026-07-28 00:01:06,442 [INFO] [KisBroker] 캐시에서 토큰 로드 (API 호출 생략)
2026-07-28 00:01:06,442 [INFO] [KisOverseasLiveBroker] Mode: LIVE TRADING
2026-07-28 00:01:06,444 [INFO] [MarketData] 레짐 필터 활성 종목 9개 -> YFinanceMarketDataProvider 주입 (window 260봉)
2026-07-28 00:01:06,444 [INFO] === Running overseas engine ===
2026-07-28 00:01:06,444 [INFO] >>> Step 1: Portfolio & Price Fetch
2026-07-28 00:01:08,983 [INFO] Fetching real-time prices from Broker...
2026-07-28 00:01:12,029 [INFO] Portfolio: Cash=USD 5,310.60, Value=USD 17,021.20
2026-07-28 00:01:12,029 [INFO] >>> Step 2: Load Positions
2026-07-28 00:01:12,030 [INFO] Loaded 17 position lot(s)
2026-07-28 00:01:12,031 [INFO] >>> Step 2.5: Reconcile OK (수량 일치)
2026-07-28 00:01:12,031 [INFO] >>> Processing 애플(AAPL)
2026-07-28 00:01:12,850 [INFO] [MarketData] 배치 다운로드 완료: 9/9종목
2026-07-28 00:01:12,856 [INFO]   [애플(AAPL)] 📈 상승 레짐 유지 | Lv1 매수 USD 291.90 -> 현재 USD 338.87 (+16.09%) | 채널하단(이탈선) USD 297.58 | 20EMA(눌림) USD 318.30 (이격 +6.46%) | adds 0/3
2026-07-28 00:01:12,856 [INFO] >>> Processing ISHARES GLOBAL CLEAN ENERGY(ICLN)
2026-07-28 00:01:12,859 [INFO] [ISHARES GLOBAL CLEAN ENERGY(ICLN)] DOWNTREND 확정 - 신규 진입 차단
2026-07-28 00:01:13,426 [INFO] >>> Processing 테슬라(TSLA)
2026-07-28 00:01:13,430 [INFO] [테슬라(TSLA)] DOWNTREND 2일 확정 - 매수 차단
2026-07-28 00:01:13,430 [INFO] [테슬라(TSLA)] 추종 데드라인 추적 중 (현재가 USD 308.70, 기준가 USD 308.72, 대비 -0.0%, 청산선 USD 299.46)
2026-07-28 00:01:13,430 [INFO]   [테슬라(TSLA)] 신호 없음 | Lv2 매수 USD 435.49 -> 현재 USD 308.70 (-29.11%) | 익절 +10.0% / 추매 -5.0%
2026-07-28 00:01:13,431 [INFO] >>> Processing SCHWAB US DIVIDEND EQUITY(SCHD)
2026-07-28 00:01:13,433 [INFO] [SCHWAB US DIVIDEND EQUITY(SCHD)] 상단 저항선 회복 확인 (현재가 USD 33.55 > 기준선 USD 33.49) -> 재진입 허용
2026-07-28 00:01:13,434 [INFO] [SCHWAB US DIVIDEND EQUITY(SCHD)] 보유 lot 없음 -> 초기 매수 Lv1 29주 @USD 33.55
2026-07-28 00:01:13,434 [INFO] Executing 1 order(s)...
2026-07-28 00:01:15,229 [INFO] [KisBroker] Available Cash for BUY: 5,311
2026-07-28 00:01:16,414 [INFO] [KisBroker] Order Sent: BUY SCHWAB US DIVIDEND EQUITY(SCHD) 29 @ 33.55 (ODNO=0030201752)
2026-07-28 00:01:18,831 [INFO] [KisBroker] Order FILLED: SCHWAB US DIVIDEND EQUITY(SCHD) ODNO=0030201752 price=33.55 qty=29 fee=0.0
2026-07-28 00:01:19,032 [INFO] [SCHWAB US DIVIDEND EQUITY(SCHD)] 동적 재매수 기준 초기화 (매도가 USD 33.18 -> 소비됨)
2026-07-28 00:01:19,032 [INFO] [Position] New lot: lot_20260728_000119_SCHD_001 Lv1 SCHWAB US DIVIDEND EQUITY(SCHD) 29주 @USD 33.55
2026-07-28 00:01:23,849 [INFO] >>> Processing 펩시코(PEP)
2026-07-28 00:01:23,852 [INFO] [펩시코(PEP)] 채널 기울기 하락 전환 확정 (-13.12%/63봉) -> 이탈 청산 진행
2026-07-28 00:01:23,852 [INFO] [펩시코(PEP)] 추세 이탈 -> 분할 청산 2주/4주 (50%) 즉시 매도, 잔량 2주 추종 데드라인 (기준가 USD 139.48, 청산선 USD 135.30, 평단 USD 148.12, 채널하단 USD 130.06)
2026-07-28 00:01:23,852 [INFO] Executing 1 order(s)...
2026-07-28 00:01:23,852 [INFO] [KisBroker] Processing 1 SELL orders...
2026-07-28 00:01:24,715 [INFO] [KisBroker] Order Sent: SELL 펩시코(PEP) 2 @ 139.48 (ODNO=0030201825)
2026-07-28 00:01:27,135 [INFO] [KisBroker] Order FILLED: 펩시코(PEP) ODNO=0030201825 price=139.48 qty=2 fee=0.0
2026-07-28 00:01:27,336 [INFO] [Position] 분할 청산: 펩시코(PEP) 2주 소진 (잔여 2주), 실현손익 USD -13.42
2026-07-28 00:01:27,336 [INFO] [펩시코(PEP)] 추종 데드라인(Trailing Lock) 상태 활성화 (기준가 USD 139.48, 하락 허용치 3.0%)
2026-07-28 00:01:32,137 [INFO] >>> Processing 델 테크놀로지스(DELL)
2026-07-28 00:01:32,141 [INFO] [델 테크놀로지스(DELL)] 상승장 누적 매수 Lv4 2주 @USD 421.06 (20EMA USD 415.42 눌림, add 1/3)
2026-07-28 00:01:32,141 [INFO] Executing 1 order(s)...
2026-07-28 00:01:33,930 [INFO] [KisBroker] Available Cash for BUY: 4,614
2026-07-28 00:01:35,075 [INFO] [KisBroker] Order Sent: BUY 델 테크놀로지스(DELL) 2 @ 421.34 (ODNO=0030201939)
2026-07-28 00:01:37,508 [INFO] [KisBroker] Order FILLED: 델 테크놀로지스(DELL) ODNO=0030201939 price=421.34 qty=2 fee=0.0
2026-07-28 00:01:37,709 [INFO] [델 테크놀로지스(DELL)] Lv3 trailing 초기화 (Lv4 신규 매수 -> trailing 게이트 재시작)
2026-07-28 00:01:37,709 [INFO] [Position] New lot: lot_20260728_000137_DELL_004 Lv4 델 테크놀로지스(DELL) 2주 @USD 421.34
2026-07-28 00:01:42,581 [INFO] >>> Processing ARK INNOVATION(ARKK)
2026-07-28 00:01:42,584 [INFO] [ARK INNOVATION(ARKK)] 추종 데드라인 추적 중 (현재가 USD 71.99, 기준가 USD 72.21, 대비 -0.3%, 청산선 USD 70.04)
2026-07-28 00:01:42,585 [INFO]   [ARK INNOVATION(ARKK)] 신호 없음 | Lv1 매수 USD 79.92 -> 현재 USD 71.99 (-9.92%) | 익절 +10.0% / 추매 -5.0%
2026-07-28 00:01:42,585 [INFO] >>> Processing 브로드컴(AVGO)
2026-07-28 00:01:42,588 [INFO] [브로드컴(AVGO)] DOWNTREND 확정 - 신규 진입 차단
2026-07-28 00:01:43,048 [INFO] >>> Processing 카메코(CCJ)
2026-07-28 00:01:43,052 [INFO] [카메코(CCJ)] DOWNTREND 확정 - 신규 진입 차단
2026-07-28 00:01:43,536 [INFO] >>> Step 6: Persist
2026-07-28 02:01:09,176 [INFO] === Initializing MagicSplit Bot (overseas) ===
2026-07-28 02:01:09,176 [INFO] Loaded 22 stock rule(s) from config_overseas.json
2026-07-28 02:01:09,177 [INFO] [overseas] 9 rule(s), mode=LIVE
2026-07-28 02:01:09,177 [INFO] [KisBroker] 캐시에서 토큰 로드 (API 호출 생략)
2026-07-28 02:01:09,177 [INFO] [KisOverseasLiveBroker] Mode: LIVE TRADING
2026-07-28 02:01:09,179 [INFO] [MarketData] 레짐 필터 활성 종목 9개 -> YFinanceMarketDataProvider 주입 (window 260봉)
2026-07-28 02:01:09,179 [INFO] === Running overseas engine ===
2026-07-28 02:01:09,180 [INFO] >>> Step 1: Portfolio & Price Fetch
2026-07-28 02:01:12,046 [INFO] Fetching real-time prices from Broker...
2026-07-28 02:01:15,448 [INFO] Portfolio: Cash=USD 3,771.43, Value=USD 17,000.99
2026-07-28 02:01:15,448 [INFO] >>> Step 2: Load Positions
2026-07-28 02:01:15,448 [INFO] Loaded 18 position lot(s)
2026-07-28 02:01:15,450 [INFO] >>> Step 2.5: Reconcile OK (수량 일치)
2026-07-28 02:01:15,450 [INFO] >>> Processing 테슬라(TSLA)
2026-07-28 02:01:16,533 [INFO] [MarketData] 배치 다운로드 완료: 9/9종목
2026-07-28 02:01:16,536 [INFO] [테슬라(TSLA)] 추종 데드라인 추적 중 (현재가 USD 307.86, 기준가 USD 308.72, 대비 -0.3%, 청산선 USD 299.46)
2026-07-28 02:01:16,536 [INFO]   [테슬라(TSLA)] 신호 없음 | Lv2 매수 USD 435.49 -> 현재 USD 307.86 (-29.31%) | 익절 +10.0% / 추매 -5.0%
2026-07-28 02:01:16,537 [INFO] >>> Processing 카메코(CCJ)
2026-07-28 02:01:16,539 [INFO] [카메코(CCJ)] DOWNTREND 확정 - 신규 진입 차단
2026-07-28 02:01:16,882 [INFO] >>> Processing ARK INNOVATION(ARKK)
2026-07-28 02:01:16,885 [INFO] [ARK INNOVATION(ARKK)] 추종 데드라인 추적 중 (현재가 USD 72.01, 기준가 USD 72.21, 대비 -0.3%, 청산선 USD 70.04)
2026-07-28 02:01:16,886 [INFO]   [ARK INNOVATION(ARKK)] 신호 없음 | Lv1 매수 USD 79.92 -> 현재 USD 72.01 (-9.90%) | 익절 +10.0% / 추매 -5.0%
2026-07-28 02:01:16,886 [INFO] >>> Processing ISHARES GLOBAL CLEAN ENERGY(ICLN)
2026-07-28 02:01:16,888 [INFO] [ISHARES GLOBAL CLEAN ENERGY(ICLN)] DOWNTREND 확정 - 신규 진입 차단
2026-07-28 02:01:17,196 [INFO] >>> Processing 애플(AAPL)
2026-07-28 02:01:17,201 [INFO]   [애플(AAPL)] 📈 상승 레짐 유지 | Lv1 매수 USD 291.90 -> 현재 USD 336.61 (+15.32%) | 채널하단(이탈선) USD 298.49 | 20EMA(눌림) USD 319.53 (이격 +5.34%) | adds 0/3
2026-07-28 02:01:17,202 [INFO] >>> Processing 브로드컴(AVGO)
2026-07-28 02:01:17,204 [INFO] [브로드컴(AVGO)] DOWNTREND 확정 - 신규 진입 차단
2026-07-28 02:01:17,487 [INFO] >>> Processing SCHWAB US DIVIDEND EQUITY(SCHD)
2026-07-28 02:01:17,490 [INFO]   [SCHWAB US DIVIDEND EQUITY(SCHD)] 신호 없음 | Lv1 매수 USD 33.55 -> 현재 USD 33.49 (-0.19%) | 익절 +10.0% / 추매 -5.0%
2026-07-28 02:01:17,491 [INFO] >>> Processing 펩시코(PEP)
2026-07-28 02:01:17,493 [INFO] [펩시코(PEP)] ✅ 추종 데드라인 해제! 가격 USD 139.58이 이탈 기준선 위로 회복 -> 상승 레짐 복귀 (잔량 2주 보유 유지)
2026-07-28 02:01:17,493 [INFO]   [펩시코(PEP)] 신호 없음 | Lv1 매수 USD 150.05 -> 현재 USD 139.58 (-6.98%) | 익절 +10.0% / 추매 -5.0%
2026-07-28 02:01:17,494 [INFO] >>> Processing 델 테크놀로지스(DELL)
2026-07-28 02:01:17,496 [INFO] [델 테크놀로지스(DELL)] 상승장 누적 매수 Lv5 2주 @USD 422.94 (20EMA USD 417.48 눌림, add 2/3)
2026-07-28 02:01:17,496 [INFO] Executing 1 order(s)...
2026-07-28 02:01:19,592 [INFO] [KisBroker] Available Cash for BUY: 3,771
2026-07-28 02:01:20,933 [INFO] [KisBroker] Order Sent: BUY 델 테크놀로지스(DELL) 2 @ 423.42 (ODNO=0030244248)
2026-07-28 02:01:23,474 [INFO] [KisBroker] Order FILLED: 델 테크놀로지스(DELL) ODNO=0030244248 price=423.42 qty=2 fee=0.0
2026-07-28 02:01:23,675 [INFO] [Position] New lot: lot_20260728_020123_DELL_005 Lv5 델 테크놀로지스(DELL) 2주 @USD 423.42
2026-07-28 02:01:28,735 [INFO] >>> Step 6: Persist
2026-07-28 04:01:05,508 [INFO] === Initializing MagicSplit Bot (overseas) ===
2026-07-28 04:01:05,508 [INFO] Loaded 22 stock rule(s) from config_overseas.json
2026-07-28 04:01:05,508 [INFO] [overseas] 9 rule(s), mode=LIVE
2026-07-28 04:01:05,509 [INFO] [KisBroker] 캐시에서 토큰 로드 (API 호출 생략)
2026-07-28 04:01:05,509 [INFO] [KisOverseasLiveBroker] Mode: LIVE TRADING
2026-07-28 04:01:05,511 [INFO] [MarketData] 레짐 필터 활성 종목 9개 -> YFinanceMarketDataProvider 주입 (window 260봉)
2026-07-28 04:01:05,511 [INFO] === Running overseas engine ===
2026-07-28 04:01:05,511 [INFO] >>> Step 1: Portfolio & Price Fetch
2026-07-28 04:01:07,998 [INFO] Fetching real-time prices from Broker...
2026-07-28 04:01:10,978 [INFO] Portfolio: Cash=USD 2,925.56, Value=USD 17,032.26
2026-07-28 04:01:10,978 [INFO] >>> Step 2: Load Positions
2026-07-28 04:01:10,978 [INFO] Loaded 19 position lot(s)
2026-07-28 04:01:10,979 [INFO] >>> Step 2.5: Reconcile OK (수량 일치)
2026-07-28 04:01:10,979 [INFO] >>> Processing ARK INNOVATION(ARKK)
2026-07-28 04:01:11,957 [INFO] [MarketData] 배치 다운로드 완료: 9/9종목
2026-07-28 04:01:11,960 [INFO] [ARK INNOVATION(ARKK)] 추종 데드라인 추적 중 (현재가 USD 72.27, 기준가 USD 72.21, 대비 --0.1%, 청산선 USD 70.04)
2026-07-28 04:01:11,961 [INFO]   [ARK INNOVATION(ARKK)] 신호 없음 | Lv1 매수 USD 79.92 -> 현재 USD 72.27 (-9.57%) | 익절 +10.0% / 추매 -5.0%
2026-07-28 04:01:11,961 [INFO] >>> Processing 카메코(CCJ)
2026-07-28 04:01:11,963 [INFO] [카메코(CCJ)] DOWNTREND 확정 - 신규 진입 차단
2026-07-28 04:01:12,426 [INFO] >>> Processing SCHWAB US DIVIDEND EQUITY(SCHD)
2026-07-28 04:01:12,429 [INFO]   [SCHWAB US DIVIDEND EQUITY(SCHD)] 신호 없음 | Lv1 매수 USD 33.55 -> 현재 USD 33.48 (-0.21%) | 익절 +10.0% / 추매 -5.0%
2026-07-28 04:01:12,429 [INFO] >>> Processing 브로드컴(AVGO)
2026-07-28 04:01:12,432 [INFO] [브로드컴(AVGO)] DOWNTREND 확정 - 신규 진입 차단
2026-07-28 04:01:12,849 [INFO] >>> Processing 애플(AAPL)
2026-07-28 04:01:12,854 [INFO]   [애플(AAPL)] 📈 상승 레짐 유지 | Lv1 매수 USD 291.90 -> 현재 USD 335.70 (+15.01%) | 채널하단(이탈선) USD 297.51 | 20EMA(눌림) USD 318.00 (이격 +5.57%) | adds 0/3
2026-07-28 04:01:12,855 [INFO] >>> Processing 테슬라(TSLA)
2026-07-28 04:01:12,857 [INFO] [테슬라(TSLA)] 추종 데드라인 추적 중 (현재가 USD 307.55, 기준가 USD 308.72, 대비 -0.4%, 청산선 USD 299.46)
2026-07-28 04:01:12,857 [INFO]   [테슬라(TSLA)] 신호 없음 | Lv2 매수 USD 435.49 -> 현재 USD 307.55 (-29.38%) | 익절 +10.0% / 추매 -5.0%
2026-07-28 04:01:12,858 [INFO] >>> Processing 델 테크놀로지스(DELL)
2026-07-28 04:01:12,861 [INFO] [델 테크놀로지스(DELL)] 상승장 누적 매수 Lv6 2주 @USD 420.22 (20EMA USD 415.26 눌림, add 3/3)
2026-07-28 04:01:12,861 [INFO] Executing 1 order(s)...
2026-07-28 04:01:14,650 [INFO] [KisBroker] Available Cash for BUY: 2,926
2026-07-28 04:01:15,745 [INFO] [KisBroker] Order Sent: BUY 델 테크놀로지스(DELL) 2 @ 420.93 (ODNO=0030263352)
2026-07-28 04:01:18,175 [INFO] [KisBroker] Order FILLED: 델 테크놀로지스(DELL) ODNO=0030263352 price=420.93 qty=2 fee=0.0
2026-07-28 04:01:18,376 [INFO] [Position] New lot: lot_20260728_040118_DELL_006 Lv6 델 테크놀로지스(DELL) 2주 @USD 420.93
2026-07-28 04:01:23,025 [INFO] >>> Processing 펩시코(PEP)
2026-07-28 04:01:23,028 [INFO] [펩시코(PEP)] 채널 기울기 하락 전환 확정 (-13.10%/63봉) -> 이탈 청산 진행
2026-07-28 04:01:23,028 [INFO] [펩시코(PEP)] 추세 이탈 -> 분할 청산 1주/2주 (50%) 즉시 매도, 잔량 1주 추종 데드라인 (기준가 USD 139.93, 청산선 USD 135.73, 평단 USD 150.05, 채널하단 USD 130.06)
2026-07-28 04:01:23,028 [INFO] Executing 1 order(s)...
2026-07-28 04:01:23,028 [INFO] [KisBroker] Processing 1 SELL orders...
2026-07-28 04:01:23,898 [INFO] [KisBroker] Order Sent: SELL 펩시코(PEP) 1 @ 139.9 (ODNO=0030263383)
2026-07-28 04:01:26,299 [INFO] [KisBroker] Order FILLED: 펩시코(PEP) ODNO=0030263383 price=139.9 qty=1 fee=0.0
2026-07-28 04:01:26,500 [INFO] [Position] 분할 청산: 펩시코(PEP) 1주 소진 (잔여 1주), 실현손익 USD -10.15
2026-07-28 04:01:26,500 [INFO] [펩시코(PEP)] 추종 데드라인(Trailing Lock) 상태 활성화 (기준가 USD 139.90, 하락 허용치 3.0%)
2026-07-28 04:01:31,303 [INFO] >>> Processing ISHARES GLOBAL CLEAN ENERGY(ICLN)
2026-07-28 04:01:31,306 [INFO] [ISHARES GLOBAL CLEAN ENERGY(ICLN)] DOWNTREND 확정 - 신규 진입 차단
2026-07-28 04:01:31,730 [INFO] >>> Step 6: Persist
