2026-09-02 00:01:06,570 [INFO] === Initializing MagicSplit Bot (overseas) ===
2026-09-02 00:01:06,570 [INFO] Loaded 22 stock rule(s) from config_overseas.json
2026-09-02 00:01:06,570 [INFO] [overseas] 12 rule(s), mode=LIVE
2026-09-02 00:01:06,571 [INFO] [KisBroker] 캐시에서 토큰 로드 (API 호출 생략)
2026-09-02 00:01:06,571 [INFO] [KisOverseasLiveBroker] Mode: LIVE TRADING
2026-09-02 00:01:06,573 [INFO] [MarketData] 레짐 필터 활성 종목 12개 -> YFinanceMarketDataProvider 주입 (window 260봉)
2026-09-02 00:01:06,573 [INFO] === Running overseas engine ===
2026-09-02 00:01:06,573 [INFO] >>> Step 1: Portfolio & Price Fetch
2026-09-02 00:01:09,277 [INFO] Fetching real-time prices from Broker...
2026-09-02 00:01:13,323 [INFO] Portfolio: Cash=USD 773.09, Value=USD 18,028.73
2026-09-02 00:01:13,324 [INFO] >>> Step 2: Load Positions
2026-09-02 00:01:13,324 [INFO] Loaded 20 position lot(s)
2026-09-02 00:01:13,326 [INFO] >>> Step 2.5: Reconcile OK (수량 일치)
2026-09-02 00:01:13,326 [INFO] >>> Processing 브로드컴(AVGO)
2026-09-02 00:01:14,734 [INFO] [MarketData] 배치 다운로드 완료: 12/12종목
2026-09-02 00:01:14,738 [INFO] [브로드컴(AVGO)] 이탈 청산 후 재진입 대기 - 상단 저항선 미회복 (현재가 USD 366.84 <= 기준선 USD 421.47)
2026-09-02 00:01:14,739 [INFO] >>> Processing 테슬라(TSLA)
2026-09-02 00:01:14,741 [INFO] [테슬라(TSLA)] DOWNTREND 확정 - 신규 진입 차단
2026-09-02 00:01:14,742 [INFO] >>> Processing 애플(AAPL)
2026-09-02 00:01:14,746 [INFO]   [애플(AAPL)] 📈 상승 레짐 유지 | Lv2 매수 USD 305.35 -> 현재 USD 323.89 (+6.07%) | 채널하단 USD 295.82 / 이탈선 USD 295.82 (허용 -0.0%) | 20EMA(눌림) USD 314.25 (이격 +3.07%) | adds 1/3
2026-09-02 00:01:14,747 [INFO] >>> Processing 펩시코(PEP)
2026-09-02 00:01:14,750 [INFO] [펩시코(PEP)] 현금 부족: 보유 현금 USD 773.09 < 매수 예정 금액 USD 978.46 (7주) -> 매수 보류
2026-09-02 00:01:15,375 [INFO] >>> Processing 에이알엠 홀딩스(ADR)(ARM)
2026-09-02 00:01:15,378 [INFO] [에이알엠 홀딩스(ADR)(ARM)] 하락 래치 진행 중 - 이미 분할 청산을 거쳤으므로 동일 래치 내 2차 이탈 청산 스킵 (신규 매수만 차단 유지)
2026-09-02 00:01:15,379 [INFO] [에이알엠 홀딩스(ADR)(ARM)] DOWNTREND 확정 - 추가 매수 차단
2026-09-02 00:01:15,379 [INFO] >>> Processing 델 테크놀로지스(DELL)
2026-09-02 00:01:15,384 [INFO]   [델 테크놀로지스(DELL)] 📈 상승 레짐 유지 | Lv6 매수 USD 420.93 -> 현재 USD 442.19 (+5.05%) | 채널하단 USD 415.44 / 이탈선 USD 415.44 (허용 -0.0%) | 20EMA(눌림) USD 450.70 (이격 -1.89%) | adds 3/3
2026-09-02 00:01:15,384 [INFO] >>> Processing ISHARES GLOBAL CLEAN ENERGY(ICLN)
2026-09-02 00:01:15,386 [INFO] [ISHARES GLOBAL CLEAN ENERGY(ICLN)] DOWNTREND 확정 - 신규 진입 차단
2026-09-02 00:01:15,387 [INFO] >>> Processing 팔란티어 테크(PLTR)
2026-09-02 00:01:15,390 [INFO] [팔란티어 테크(PLTR)] 현금 부족: 보유 현금 USD 773.09 < 매수 예정 금액 USD 2,571.38 (14주) -> 매수 보류
2026-09-02 00:01:15,894 [INFO] >>> Processing ARK INNOVATION(ARKK)
2026-09-02 00:01:15,898 [INFO]   [ARK INNOVATION(ARKK)] 신호 없음 | Lv2 매수 USD 71.93 -> 현재 USD 83.91 (+16.66%) | 익절 +10.0% / 추매 -5.0%
2026-09-02 00:01:15,898 [INFO] >>> Processing 카메코(CCJ)
2026-09-02 00:01:15,900 [INFO] [카메코(CCJ)] DOWNTREND 확정 - 신규 진입 차단
2026-09-02 00:01:15,901 [INFO] >>> Processing 루멘텀 홀딩스(LITE)
2026-09-02 00:01:15,903 [INFO] [루멘텀 홀딩스(LITE)] 이탈 청산 후 재진입 대기 - 상단 저항선 미회복 (현재가 USD 871.75 <= 기준선 USD 1,013.39)
2026-09-02 00:01:15,904 [INFO] >>> Processing SCHWAB US DIVIDEND EQUITY(SCHD)
2026-09-02 00:01:16,444 [INFO] >>> Step 6: Persist
2026-09-02 02:01:02,243 [INFO] === Initializing MagicSplit Bot (overseas) ===
2026-09-02 02:01:02,243 [INFO] Loaded 22 stock rule(s) from config_overseas.json
2026-09-02 02:01:02,243 [INFO] [overseas] 12 rule(s), mode=LIVE
2026-09-02 02:01:02,244 [INFO] [KisBroker] 캐시에서 토큰 로드 (API 호출 생략)
2026-09-02 02:01:02,244 [INFO] [KisOverseasLiveBroker] Mode: LIVE TRADING
2026-09-02 02:01:02,246 [INFO] [MarketData] 레짐 필터 활성 종목 12개 -> YFinanceMarketDataProvider 주입 (window 260봉)
2026-09-02 02:01:02,247 [INFO] === Running overseas engine ===
2026-09-02 02:01:02,247 [INFO] >>> Step 1: Portfolio & Price Fetch
2026-09-02 02:01:05,228 [INFO] Fetching real-time prices from Broker...
2026-09-02 02:01:09,875 [INFO] Portfolio: Cash=USD 773.09, Value=USD 17,858.52
2026-09-02 02:01:09,875 [INFO] >>> Step 2: Load Positions
2026-09-02 02:01:09,875 [INFO] Loaded 20 position lot(s)
2026-09-02 02:01:09,876 [INFO] >>> Step 2.5: Reconcile OK (수량 일치)
2026-09-02 02:01:09,877 [INFO] >>> Processing 팔란티어 테크(PLTR)
2026-09-02 02:01:10,951 [INFO] [MarketData] 배치 다운로드 완료: 12/12종목
2026-09-02 02:01:10,954 [INFO] [팔란티어 테크(PLTR)] 현금 부족: 보유 현금 USD 773.09 < 매수 예정 금액 USD 2,564.52 (14주) -> 매수 보류
2026-09-02 02:01:11,273 [INFO] >>> Processing 카메코(CCJ)
2026-09-02 02:01:11,276 [INFO] [카메코(CCJ)] DOWNTREND 확정 - 신규 진입 차단
2026-09-02 02:01:11,277 [INFO] >>> Processing 펩시코(PEP)
2026-09-02 02:01:11,279 [INFO] [펩시코(PEP)] 현금 부족: 보유 현금 USD 773.09 < 매수 예정 금액 USD 978.11 (7주) -> 매수 보류
2026-09-02 02:01:11,532 [INFO] >>> Processing 에이알엠 홀딩스(ADR)(ARM)
2026-09-02 02:01:11,535 [INFO] [에이알엠 홀딩스(ADR)(ARM)] 하락 래치 진행 중 - 이미 분할 청산을 거쳤으므로 동일 래치 내 2차 이탈 청산 스킵 (신규 매수만 차단 유지)
2026-09-02 02:01:11,535 [INFO] [에이알엠 홀딩스(ADR)(ARM)] DOWNTREND 확정 - 추가 매수 차단
2026-09-02 02:01:11,535 [INFO] >>> Processing 애플(AAPL)
2026-09-02 02:01:11,540 [INFO]   [애플(AAPL)] 📈 상승 레짐 유지 | Lv2 매수 USD 305.35 -> 현재 USD 325.74 (+6.68%) | 채널하단 USD 295.91 / 이탈선 USD 295.91 (허용 -0.0%) | 20EMA(눌림) USD 314.41 (이격 +3.60%) | adds 1/3
2026-09-02 02:01:11,540 [INFO] >>> Processing ISHARES GLOBAL CLEAN ENERGY(ICLN)
2026-09-02 02:01:11,542 [INFO] [ISHARES GLOBAL CLEAN ENERGY(ICLN)] DOWNTREND 확정 - 신규 진입 차단
2026-09-02 02:01:11,542 [INFO] >>> Processing 테슬라(TSLA)
2026-09-02 02:01:11,545 [INFO] [테슬라(TSLA)] DOWNTREND 확정 - 신규 진입 차단
2026-09-02 02:01:11,545 [INFO] >>> Processing ARK INNOVATION(ARKK)
2026-09-02 02:01:11,547 [INFO]   [ARK INNOVATION(ARKK)] 신호 없음 | Lv2 매수 USD 71.93 -> 현재 USD 83.61 (+16.24%) | 익절 +10.0% / 추매 -5.0%
2026-09-02 02:01:11,548 [INFO] >>> Processing 브로드컴(AVGO)
2026-09-02 02:01:11,550 [INFO] [브로드컴(AVGO)] 이탈 청산 후 재진입 대기 - 상단 저항선 미회복 (현재가 USD 370.65 <= 기준선 USD 421.67)
2026-09-02 02:01:11,550 [INFO] >>> Processing 델 테크놀로지스(DELL)
2026-09-02 02:01:11,554 [INFO]   [델 테크놀로지스(DELL)] 📈 상승 레짐 유지 | Lv6 매수 USD 420.93 -> 현재 USD 437.71 (+3.99%) | 채널하단 USD 415.06 / 이탈선 USD 415.06 (허용 -0.0%) | 20EMA(눌림) USD 450.28 (이격 -2.79%) | adds 3/3
2026-09-02 02:01:11,555 [INFO] >>> Processing 루멘텀 홀딩스(LITE)
2026-09-02 02:01:11,557 [INFO] [루멘텀 홀딩스(LITE)] 이탈 청산 후 재진입 대기 - 상단 저항선 미회복 (현재가 USD 861.14 <= 기준선 USD 1,006.53)
2026-09-02 02:01:11,557 [INFO] >>> Processing SCHWAB US DIVIDEND EQUITY(SCHD)
2026-09-02 02:01:11,879 [INFO] >>> Step 6: Persist
2026-09-02 04:01:08,707 [INFO] === Initializing MagicSplit Bot (overseas) ===
2026-09-02 04:01:08,707 [INFO] Loaded 22 stock rule(s) from config_overseas.json
2026-09-02 04:01:08,707 [INFO] [overseas] 12 rule(s), mode=LIVE
2026-09-02 04:01:08,708 [INFO] [KisBroker] 캐시에서 토큰 로드 (API 호출 생략)
2026-09-02 04:01:08,708 [INFO] [KisOverseasLiveBroker] Mode: LIVE TRADING
2026-09-02 04:01:08,709 [INFO] [MarketData] 레짐 필터 활성 종목 12개 -> YFinanceMarketDataProvider 주입 (window 260봉)
2026-09-02 04:01:08,709 [INFO] === Running overseas engine ===
2026-09-02 04:01:08,709 [INFO] >>> Step 1: Portfolio & Price Fetch
2026-09-02 04:01:12,389 [INFO] Fetching real-time prices from Broker...
2026-09-02 04:01:16,738 [INFO] Portfolio: Cash=USD 773.09, Value=USD 17,749.08
2026-09-02 04:01:16,738 [INFO] >>> Step 2: Load Positions
2026-09-02 04:01:16,738 [INFO] Loaded 20 position lot(s)
2026-09-02 04:01:16,739 [INFO] >>> Step 2.5: Reconcile OK (수량 일치)
2026-09-02 04:01:16,739 [INFO] >>> Processing 카메코(CCJ)
2026-09-02 04:01:18,378 [INFO] [MarketData] 배치 다운로드 완료: 12/12종목
2026-09-02 04:01:18,380 [INFO] [카메코(CCJ)] DOWNTREND 확정 - 신규 진입 차단
2026-09-02 04:01:18,381 [INFO] >>> Processing 에이알엠 홀딩스(ADR)(ARM)
2026-09-02 04:01:18,382 [INFO] [에이알엠 홀딩스(ADR)(ARM)] 하락 래치 진행 중 - 이미 분할 청산을 거쳤으므로 동일 래치 내 2차 이탈 청산 스킵 (신규 매수만 차단 유지)
2026-09-02 04:01:18,383 [INFO] [에이알엠 홀딩스(ADR)(ARM)] DOWNTREND 확정 - 추가 매수 차단
2026-09-02 04:01:18,383 [INFO] >>> Processing 테슬라(TSLA)
2026-09-02 04:01:18,385 [INFO] [테슬라(TSLA)] DOWNTREND 확정 - 신규 진입 차단
2026-09-02 04:01:18,385 [INFO] >>> Processing 펩시코(PEP)
2026-09-02 04:01:18,387 [INFO] [펩시코(PEP)] 현금 부족: 보유 현금 USD 773.09 < 매수 예정 금액 USD 976.43 (7주) -> 매수 보류
2026-09-02 04:01:18,867 [INFO] >>> Processing SCHWAB US DIVIDEND EQUITY(SCHD)
2026-09-02 04:01:19,291 [INFO] >>> Processing 브로드컴(AVGO)
2026-09-02 04:01:19,294 [INFO] [브로드컴(AVGO)] 이탈 청산 후 재진입 대기 - 상단 저항선 미회복 (현재가 USD 369.06 <= 기준선 USD 421.58)
2026-09-02 04:01:19,294 [INFO] >>> Processing 애플(AAPL)
2026-09-02 04:01:19,298 [INFO]   [애플(AAPL)] 📈 상승 레짐 유지 | Lv2 매수 USD 305.35 -> 현재 USD 325.56 (+6.62%) | 채널하단 USD 295.90 / 이탈선 USD 295.90 (허용 -0.0%) | 20EMA(눌림) USD 314.40 (이격 +3.55%) | adds 1/3
2026-09-02 04:01:19,298 [INFO] >>> Processing 팔란티어 테크(PLTR)
2026-09-02 04:01:19,300 [INFO] [팔란티어 테크(PLTR)] 현금 부족: 보유 현금 USD 773.09 < 매수 예정 금액 USD 2,534.77 (14주) -> 매수 보류
2026-09-02 04:01:19,743 [INFO] >>> Processing 루멘텀 홀딩스(LITE)
2026-09-02 04:01:19,746 [INFO] [루멘텀 홀딩스(LITE)] 이탈 청산 후 재진입 대기 - 상단 저항선 미회복 (현재가 USD 867.40 <= 기준선 USD 1,007.13)
2026-09-02 04:01:19,746 [INFO] >>> Processing ARK INNOVATION(ARKK)
2026-09-02 04:01:19,748 [INFO] [ARK INNOVATION(ARKK)] trailing 벌크 매도 발동: Lv2~Lv2 6주 (+15.8%)
2026-09-02 04:01:19,748 [INFO] Executing 1 order(s)...
2026-09-02 04:01:19,748 [INFO] [KisBroker] Processing 1 SELL orders...
2026-09-02 04:01:20,740 [INFO] [KisBroker] Order Sent: SELL ARK INNOVATION(ARKK) 6 @ 83.24 (ODNO=0030473855)
2026-09-02 04:01:23,235 [INFO] [KisBroker] Order FILLED: ARK INNOVATION(ARKK) ODNO=0030473855 price=83.24 qty=6 fee=0.0
2026-09-02 04:01:23,436 [INFO] [Position] Trailing 벌크 청산: ARK INNOVATION(ARKK) 6주 소진 (잔여 6주), 실현손익 USD 67.86
2026-09-02 04:01:28,395 [INFO] >>> Processing 델 테크놀로지스(DELL)
2026-09-02 04:01:28,399 [INFO]   [델 테크놀로지스(DELL)] 📈 상승 레짐 유지 | Lv6 매수 USD 420.93 -> 현재 USD 429.95 (+2.14%) | 채널하단 USD 414.30 / 이탈선 USD 414.30 (허용 -0.0%) | 20EMA(눌림) USD 449.51 (이격 -4.35%) | adds 3/3
2026-09-02 04:01:28,400 [INFO] >>> Processing ISHARES GLOBAL CLEAN ENERGY(ICLN)
2026-09-02 04:01:28,402 [INFO] [ISHARES GLOBAL CLEAN ENERGY(ICLN)] DOWNTREND 확정 - 신규 진입 차단
2026-09-02 04:01:28,402 [INFO] >>> Step 6: Persist
