2026-09-04 00:01:10,022 [INFO] === Initializing MagicSplit Bot (overseas) ===
2026-09-04 00:01:10,022 [INFO] Loaded 22 stock rule(s) from config_overseas.json
2026-09-04 00:01:10,022 [INFO] [overseas] 11 rule(s), mode=LIVE
2026-09-04 00:01:10,023 [INFO] [KisBroker] 캐시에서 토큰 로드 (API 호출 생략)
2026-09-04 00:01:10,023 [INFO] [KisOverseasLiveBroker] Mode: LIVE TRADING
2026-09-04 00:01:10,025 [INFO] [MarketData] 레짐 필터 활성 종목 11개 -> YFinanceMarketDataProvider 주입 (window 260봉)
2026-09-04 00:01:10,026 [INFO] === Running overseas engine ===
2026-09-04 00:01:10,026 [INFO] >>> Step 1: Portfolio & Price Fetch
2026-09-04 00:01:12,369 [INFO] Fetching real-time prices from Broker...
2026-09-04 00:01:16,061 [INFO] Portfolio: Cash=USD 287.72, Value=USD 18,632.29
2026-09-04 00:01:16,062 [INFO] >>> Step 2: Load Positions
2026-09-04 00:01:16,062 [INFO] Loaded 20 position lot(s)
2026-09-04 00:01:16,063 [INFO] >>> Step 2.5: Reconcile OK (수량 일치)
2026-09-04 00:01:16,063 [INFO] >>> Processing SCHWAB US DIVIDEND EQUITY(SCHD)
2026-09-04 00:01:17,337 [INFO] [MarketData] 배치 다운로드 완료: 11/11종목
2026-09-04 00:01:17,890 [INFO] >>> Processing 브로드컴(AVGO)
2026-09-04 00:01:17,894 [INFO] [브로드컴(AVGO)] 이탈 청산 후 재진입 대기 - 상단 저항선 미회복 (현재가 USD 346.16 <= 기준선 USD 416.68)
2026-09-04 00:01:17,894 [INFO] >>> Processing 루멘텀 홀딩스(LITE)
2026-09-04 00:01:17,897 [INFO] [루멘텀 홀딩스(LITE)] 이탈 청산 후 재진입 대기 - 상단 저항선 미회복 (현재가 USD 849.50 <= 기준선 USD 1,020.58)
2026-09-04 00:01:17,897 [INFO] >>> Processing 애플(AAPL)
2026-09-04 00:01:17,901 [INFO]   [애플(AAPL)] 📈 상승 레짐 유지 | Lv2 매수 USD 305.35 -> 현재 USD 328.82 (+7.69%) | 채널하단 USD 298.30 / 이탈선 USD 298.30 (허용 -0.0%) | 20EMA(눌림) USD 316.66 (이격 +3.84%) | adds 1/3
2026-09-04 00:01:17,902 [INFO] >>> Processing 카메코(CCJ)
2026-09-04 00:01:17,904 [INFO] [카메코(CCJ)] 현금 부족: 보유 현금 USD 287.72 < 매수 예정 금액 USD 911.34 (9주) -> 매수 보류
2026-09-04 00:01:18,415 [INFO] >>> Processing 팔란티어 테크(PLTR)
2026-09-04 00:01:18,419 [INFO] [팔란티어 테크(PLTR)] 현금 부족: 보유 현금 USD 287.72 < 매수 예정 금액 USD 2,542.89 (14주) -> 매수 보류
2026-09-04 00:01:18,871 [INFO] >>> Processing ARK INNOVATION(ARKK)
2026-09-04 00:01:18,875 [INFO]   [ARK INNOVATION(ARKK)] 신호 없음 | Lv1 매수 USD 79.92 -> 현재 USD 86.11 (+7.74%) | 익절 +10.0% / 추매 -5.0%
2026-09-04 00:01:18,875 [INFO] >>> Processing 테슬라(TSLA)
2026-09-04 00:01:18,877 [INFO] [테슬라(TSLA)] DOWNTREND 확정 - 신규 진입 차단
2026-09-04 00:01:18,878 [INFO] >>> Processing ISHARES GLOBAL CLEAN ENERGY(ICLN)
2026-09-04 00:01:18,880 [INFO] [ISHARES GLOBAL CLEAN ENERGY(ICLN)] DOWNTREND 확정 - 신규 진입 차단
2026-09-04 00:01:18,881 [INFO] >>> Processing 펩시코(PEP)
2026-09-04 00:01:18,883 [INFO]   [펩시코(PEP)] 신호 없음 | Lv1 매수 USD 140.75 -> 현재 USD 139.26 (-1.06%) | 익절 +10.0% / 추매 -5.0%
2026-09-04 00:01:18,883 [INFO] >>> Processing 에이알엠 홀딩스(ADR)(ARM)
2026-09-04 00:01:18,886 [INFO] [에이알엠 홀딩스(ADR)(ARM)] 하락 래치 진행 중 - 이미 분할 청산을 거쳤으므로 동일 래치 내 2차 이탈 청산 스킵 (신규 매수만 차단 유지)
2026-09-04 00:01:18,886 [INFO] [에이알엠 홀딩스(ADR)(ARM)] DOWNTREND 확정 - 추가 매수 차단
2026-09-04 00:01:18,886 [INFO] >>> Step 6: Persist
