2026-08-26 00:01:04,217 [INFO] === Initializing MagicSplit Bot (overseas) ===
2026-08-26 00:01:04,217 [INFO] Loaded 22 stock rule(s) from config_overseas.json
2026-08-26 00:01:04,217 [INFO] [overseas] 12 rule(s), mode=LIVE
2026-08-26 00:01:04,217 [INFO] [KisBroker] 캐시에서 토큰 로드 (API 호출 생략)
2026-08-26 00:01:04,217 [INFO] [KisOverseasLiveBroker] Mode: LIVE TRADING
2026-08-26 00:01:04,220 [INFO] [MarketData] 레짐 필터 활성 종목 12개 -> YFinanceMarketDataProvider 주입 (window 260봉)
2026-08-26 00:01:04,220 [INFO] === Running overseas engine ===
2026-08-26 00:01:04,220 [INFO] >>> Step 1: Portfolio & Price Fetch
2026-08-26 00:01:08,233 [INFO] Fetching real-time prices from Broker...
2026-08-26 00:01:12,806 [INFO] Portfolio: Cash=USD 773.09, Value=USD 18,286.75
2026-08-26 00:01:12,806 [INFO] >>> Step 2: Load Positions
2026-08-26 00:01:12,807 [INFO] Loaded 20 position lot(s)
2026-08-26 00:01:12,808 [INFO] >>> Step 2.5: Reconcile OK (수량 일치)
2026-08-26 00:01:12,808 [INFO] >>> Processing 브로드컴(AVGO)
2026-08-26 00:01:14,192 [INFO] [MarketData] 배치 다운로드 완료: 12/12종목
2026-08-26 00:01:14,195 [INFO] [브로드컴(AVGO)] 이탈 청산 후 재진입 대기 - 상단 저항선 미회복 (현재가 USD 359.50 <= 기준선 USD 428.49)
2026-08-26 00:01:14,195 [INFO] >>> Processing 루멘텀 홀딩스(LITE)
2026-08-26 00:01:14,197 [INFO] [루멘텀 홀딩스(LITE)] DOWNTREND 확정 - 신규 진입 차단
2026-08-26 00:01:14,198 [INFO] >>> Processing 에이알엠 홀딩스(ADR)(ARM)
2026-08-26 00:01:14,200 [INFO] [에이알엠 홀딩스(ADR)(ARM)] 하락 래치 진행 중 - 이미 분할 청산을 거쳤으므로 동일 래치 내 2차 이탈 청산 스킵 (신규 매수만 차단 유지)
2026-08-26 00:01:14,200 [INFO] [에이알엠 홀딩스(ADR)(ARM)] DOWNTREND 확정 - 추가 매수 차단
2026-08-26 00:01:14,200 [INFO] >>> Processing 펩시코(PEP)
2026-08-26 00:01:14,203 [INFO] [펩시코(PEP)] 현금 부족: 보유 현금 USD 773.09 < 매수 예정 금액 USD 858.96 (6주) -> 매수 보류
2026-08-26 00:01:14,816 [INFO] >>> Processing 애플(AAPL)
2026-08-26 00:01:14,821 [INFO]   [애플(AAPL)] 📈 상승 레짐 유지 | Lv2 매수 USD 305.35 -> 현재 USD 308.81 (+1.13%) | 채널하단 USD 292.15 / 이탈선 USD 292.15 (허용 -0.0%) | 20EMA(눌림) USD 311.59 (이격 -0.89%) | adds 1/3
2026-08-26 00:01:14,821 [INFO] >>> Processing SCHWAB US DIVIDEND EQUITY(SCHD)
2026-08-26 00:01:14,823 [INFO] [SCHWAB US DIVIDEND EQUITY(SCHD)] 강한 상승 추세 진입 확정! (회귀 채널 기울기 +8.82% 밴드 상향 돌파, 2일 연속)
2026-08-26 00:01:14,825 [INFO]   [SCHWAB US DIVIDEND EQUITY(SCHD)] 📈 상승 레짐 유지 | Lv1 매수 USD 33.55 -> 현재 USD 35.06 (+4.50%) | 채널하단 USD 33.42 / 이탈선 USD 33.42 (허용 -0.0%) | 20EMA(눌림) USD 34.32 (이격 +2.16%) | adds 0/3
2026-08-26 00:01:14,826 [INFO] >>> Processing ARK INNOVATION(ARKK)
2026-08-26 00:01:14,828 [INFO] [ARK INNOVATION(ARKK)] Lv2: trailing 고점 갱신 -> USD 86.54 (스톱가 USD 82.21)
2026-08-26 00:01:14,828 [INFO]   [ARK INNOVATION(ARKK)] 신호 없음 | Lv2 매수 USD 71.93 -> 현재 USD 86.54 (+20.31%) | 익절 +10.0% / 추매 -5.0%
2026-08-26 00:01:14,829 [INFO] >>> Processing 테슬라(TSLA)
2026-08-26 00:01:14,831 [INFO] [테슬라(TSLA)] DOWNTREND 확정 - 신규 진입 차단
2026-08-26 00:01:14,831 [INFO] >>> Processing 델 테크놀로지스(DELL)
2026-08-26 00:01:14,835 [INFO]   [델 테크놀로지스(DELL)] 📈 상승 레짐 유지 | Lv6 매수 USD 420.93 -> 현재 USD 452.42 (+7.48%) | 채널하단 USD 397.70 / 이탈선 USD 397.70 (허용 -0.0%) | 20EMA(눌림) USD 446.78 (이격 +1.26%) | adds 3/3
2026-08-26 00:01:14,835 [INFO] >>> Processing 카메코(CCJ)
2026-08-26 00:01:14,838 [INFO] [카메코(CCJ)] DOWNTREND 확정 - 신규 진입 차단
2026-08-26 00:01:14,838 [INFO] >>> Processing ISHARES GLOBAL CLEAN ENERGY(ICLN)
2026-08-26 00:01:14,840 [INFO] [ISHARES GLOBAL CLEAN ENERGY(ICLN)] DOWNTREND 확정 - 신규 진입 차단
2026-08-26 00:01:14,840 [INFO] >>> Processing 팔란티어 테크(PLTR)
2026-08-26 00:01:14,842 [INFO] [팔란티어 테크(PLTR)] 현금 부족: 보유 현금 USD 773.09 < 매수 예정 금액 USD 2,618.25 (15주) -> 매수 보류
2026-08-26 00:01:15,368 [INFO] >>> Step 6: Persist
2026-08-26 02:00:59,031 [INFO] === Initializing MagicSplit Bot (overseas) ===
2026-08-26 02:00:59,031 [INFO] Loaded 22 stock rule(s) from config_overseas.json
2026-08-26 02:00:59,031 [INFO] [overseas] 12 rule(s), mode=LIVE
2026-08-26 02:00:59,032 [INFO] [KisBroker] 캐시에서 토큰 로드 (API 호출 생략)
2026-08-26 02:00:59,032 [INFO] [KisOverseasLiveBroker] Mode: LIVE TRADING
2026-08-26 02:00:59,034 [INFO] [MarketData] 레짐 필터 활성 종목 12개 -> YFinanceMarketDataProvider 주입 (window 260봉)
2026-08-26 02:00:59,034 [INFO] === Running overseas engine ===
2026-08-26 02:00:59,034 [INFO] >>> Step 1: Portfolio & Price Fetch
2026-08-26 02:01:01,813 [INFO] Fetching real-time prices from Broker...
2026-08-26 02:01:06,305 [INFO] Portfolio: Cash=USD 773.09, Value=USD 18,224.90
2026-08-26 02:01:06,305 [INFO] >>> Step 2: Load Positions
2026-08-26 02:01:06,306 [INFO] Loaded 20 position lot(s)
2026-08-26 02:01:06,307 [INFO] >>> Step 2.5: Reconcile OK (수량 일치)
2026-08-26 02:01:06,307 [INFO] >>> Processing 테슬라(TSLA)
2026-08-26 02:01:07,297 [INFO] [MarketData] 배치 다운로드 완료: 12/12종목
2026-08-26 02:01:07,300 [INFO] [테슬라(TSLA)] DOWNTREND 확정 - 신규 진입 차단
2026-08-26 02:01:07,300 [INFO] >>> Processing 브로드컴(AVGO)
2026-08-26 02:01:07,303 [INFO] [브로드컴(AVGO)] 이탈 청산 후 재진입 대기 - 상단 저항선 미회복 (현재가 USD 358.87 <= 기준선 USD 428.47)
2026-08-26 02:01:07,303 [INFO] >>> Processing 애플(AAPL)
2026-08-26 02:01:07,308 [INFO]   [애플(AAPL)] 📈 상승 레짐 유지 | Lv2 매수 USD 305.35 -> 현재 USD 309.91 (+1.49%) | 채널하단 USD 292.24 / 이탈선 USD 292.24 (허용 -0.0%) | 20EMA(눌림) USD 311.69 (이격 -0.57%) | adds 1/3
2026-08-26 02:01:07,308 [INFO] >>> Processing 에이알엠 홀딩스(ADR)(ARM)
2026-08-26 02:01:07,310 [INFO] [에이알엠 홀딩스(ADR)(ARM)] 하락 래치 진행 중 - 이미 분할 청산을 거쳤으므로 동일 래치 내 2차 이탈 청산 스킵 (신규 매수만 차단 유지)
2026-08-26 02:01:07,311 [INFO] [에이알엠 홀딩스(ADR)(ARM)] DOWNTREND 확정 - 추가 매수 차단
2026-08-26 02:01:07,311 [INFO] >>> Processing 델 테크놀로지스(DELL)
2026-08-26 02:01:07,315 [INFO]   [델 테크놀로지스(DELL)] 📈 상승 레짐 유지 | Lv6 매수 USD 420.93 -> 현재 USD 449.94 (+6.89%) | 채널하단 USD 397.55 / 이탈선 USD 397.55 (허용 -0.0%) | 20EMA(눌림) USD 446.54 (이격 +0.76%) | adds 3/3
2026-08-26 02:01:07,315 [INFO] >>> Processing SCHWAB US DIVIDEND EQUITY(SCHD)
2026-08-26 02:01:07,319 [INFO]   [SCHWAB US DIVIDEND EQUITY(SCHD)] 📈 상승 레짐 유지 | Lv1 매수 USD 33.55 -> 현재 USD 35.07 (+4.53%) | 채널하단 USD 33.42 / 이탈선 USD 33.42 (허용 -0.0%) | 20EMA(눌림) USD 34.32 (이격 +2.19%) | adds 0/3
2026-08-26 02:01:07,319 [INFO] >>> Processing ISHARES GLOBAL CLEAN ENERGY(ICLN)
2026-08-26 02:01:07,321 [INFO] [ISHARES GLOBAL CLEAN ENERGY(ICLN)] DOWNTREND 확정 - 신규 진입 차단
2026-08-26 02:01:07,322 [INFO] >>> Processing 펩시코(PEP)
2026-08-26 02:01:07,324 [INFO] [펩시코(PEP)] 현금 부족: 보유 현금 USD 773.09 < 매수 예정 금액 USD 996.68 (7주) -> 매수 보류
2026-08-26 02:01:07,706 [INFO] >>> Processing 루멘텀 홀딩스(LITE)
2026-08-26 02:01:07,709 [INFO] [루멘텀 홀딩스(LITE)] DOWNTREND 확정 - 신규 진입 차단
2026-08-26 02:01:07,709 [INFO] >>> Processing ARK INNOVATION(ARKK)
2026-08-26 02:01:07,712 [INFO] [ARK INNOVATION(ARKK)] Lv2: trailing 고점 갱신 -> USD 86.67 (스톱가 USD 82.34)
2026-08-26 02:01:07,712 [INFO]   [ARK INNOVATION(ARKK)] 신호 없음 | Lv2 매수 USD 71.93 -> 현재 USD 86.67 (+20.49%) | 익절 +10.0% / 추매 -5.0%
2026-08-26 02:01:07,712 [INFO] >>> Processing 팔란티어 테크(PLTR)
2026-08-26 02:01:07,714 [INFO] [팔란티어 테크(PLTR)] 현금 부족: 보유 현금 USD 773.09 < 매수 예정 금액 USD 2,613.15 (15주) -> 매수 보류
2026-08-26 02:01:08,067 [INFO] >>> Processing 카메코(CCJ)
2026-08-26 02:01:08,070 [INFO] [카메코(CCJ)] DOWNTREND 확정 - 신규 진입 차단
2026-08-26 02:01:08,070 [INFO] >>> Step 6: Persist
