2026-07-31 00:01:08,769 [INFO] === Initializing MagicSplit Bot (overseas) ===
2026-07-31 00:01:08,769 [INFO] Loaded 22 stock rule(s) from config_overseas.json
2026-07-31 00:01:08,769 [INFO] [overseas] 9 rule(s), mode=LIVE
2026-07-31 00:01:08,770 [INFO] [KisBroker] 캐시에서 토큰 로드 (API 호출 생략)
2026-07-31 00:01:08,770 [INFO] [KisOverseasLiveBroker] Mode: LIVE TRADING
2026-07-31 00:01:08,772 [INFO] [MarketData] 레짐 필터 활성 종목 9개 -> YFinanceMarketDataProvider 주입 (window 260봉)
2026-07-31 00:01:08,772 [INFO] === Running overseas engine ===
2026-07-31 00:01:08,772 [INFO] >>> Step 1: Portfolio & Price Fetch
2026-07-31 00:01:11,239 [INFO] Fetching real-time prices from Broker...
2026-07-31 00:01:14,318 [INFO] Portfolio: Cash=USD 946.14, Value=USD 16,689.65
2026-07-31 00:01:14,318 [INFO] >>> Step 2: Load Positions
2026-07-31 00:01:14,319 [INFO] Loaded 20 position lot(s)
2026-07-31 00:01:14,320 [INFO] >>> Step 2.5: Reconcile OK (수량 일치)
2026-07-31 00:01:14,320 [INFO] >>> Processing 델 테크놀로지스(DELL)
2026-07-31 00:01:15,698 [INFO] [MarketData] 배치 다운로드 완료: 9/9종목
2026-07-31 00:01:15,702 [INFO]   [델 테크놀로지스(DELL)] 📈 상승 레짐 유지 | Lv6 매수 USD 420.93 -> 현재 USD 408.69 (-2.91%) | 채널하단(이탈선) USD 373.19 | 20EMA(눌림) USD 410.82 (이격 -0.52%) | adds 3/3
2026-07-31 00:01:15,703 [INFO] >>> Processing 카메코(CCJ)
2026-07-31 00:01:15,705 [INFO] [카메코(CCJ)] DOWNTREND 확정 - 신규 진입 차단
2026-07-31 00:01:16,313 [INFO] >>> Processing ISHARES GLOBAL CLEAN ENERGY(ICLN)
2026-07-31 00:01:16,317 [INFO] [ISHARES GLOBAL CLEAN ENERGY(ICLN)] DOWNTREND 확정 - 신규 진입 차단
2026-07-31 00:01:16,920 [INFO] >>> Processing 테슬라(TSLA)
2026-07-31 00:01:16,923 [INFO] [테슬라(TSLA)] 추종 데드라인 추적 중 (현재가 USD 303.88, 기준가 USD 308.72, 대비 -1.6%, 청산선 USD 299.46)
2026-07-31 00:01:16,923 [INFO]   [테슬라(TSLA)] 신호 없음 | Lv2 매수 USD 435.49 -> 현재 USD 303.88 (-30.22%) | 익절 +10.0% / 추매 -5.0%
2026-07-31 00:01:16,924 [INFO] >>> Processing 브로드컴(AVGO)
2026-07-31 00:01:16,926 [INFO] [브로드컴(AVGO)] DOWNTREND 확정 - 신규 진입 차단
2026-07-31 00:01:17,502 [INFO] >>> Processing 애플(AAPL)
2026-07-31 00:01:17,508 [INFO]   [애플(AAPL)] 📈 상승 레짐 유지 | Lv1 매수 USD 291.90 -> 현재 USD 332.02 (+13.74%) | 채널하단(이탈선) USD 301.49 | 20EMA(눌림) USD 323.95 (이격 +2.49%) | adds 0/3
2026-07-31 00:01:17,508 [INFO] >>> Processing SCHWAB US DIVIDEND EQUITY(SCHD)
2026-07-31 00:01:17,511 [INFO]   [SCHWAB US DIVIDEND EQUITY(SCHD)] 신호 없음 | Lv1 매수 USD 33.55 -> 현재 USD 33.10 (-1.33%) | 익절 +10.0% / 추매 -5.0%
2026-07-31 00:01:17,511 [INFO] >>> Processing 펩시코(PEP)
2026-07-31 00:01:17,513 [INFO] [펩시코(PEP)] DOWNTREND 확정 - 신규 진입 차단
2026-07-31 00:01:18,079 [INFO] >>> Processing ARK INNOVATION(ARKK)
2026-07-31 00:01:18,083 [INFO] [ARK INNOVATION(ARKK)] Lv1 매수가 USD 79.92 대비 -10.0% -> 추가 매수 Lv2 6주 @USD 71.95
2026-07-31 00:01:18,083 [INFO] Executing 1 order(s)...
2026-07-31 00:01:19,876 [INFO] [KisBroker] Available Cash for BUY: 946
2026-07-31 00:01:21,171 [INFO] [KisBroker] Order Sent: BUY ARK INNOVATION(ARKK) 6 @ 71.93 (ODNO=0031148705)
2026-07-31 00:01:27,906 [INFO] [KisBroker] Order FILLED: ARK INNOVATION(ARKK) ODNO=0031148705 price=71.93 qty=6 fee=0.0
2026-07-31 00:01:28,107 [INFO] [ARK INNOVATION(ARKK)] 동적 재매수 기준 초기화 (매도가 USD 71.14 -> 소비됨)
2026-07-31 00:01:28,107 [INFO] [Position] New lot: lot_20260731_000128_ARKK_002 Lv2 ARK INNOVATION(ARKK) 6주 @USD 71.93
2026-07-31 00:01:32,922 [INFO] >>> Step 6: Persist
