2026-09-05 00:00:57,407 [INFO] === Initializing MagicSplit Bot (overseas) ===
2026-09-05 00:00:57,408 [INFO] Loaded 22 stock rule(s) from config_overseas.json
2026-09-05 00:00:57,408 [INFO] [overseas] 11 rule(s), mode=LIVE
2026-09-05 00:00:57,408 [INFO] [KisBroker] 캐시에서 토큰 로드 (API 호출 생략)
2026-09-05 00:00:57,408 [INFO] [KisOverseasLiveBroker] Mode: LIVE TRADING
2026-09-05 00:00:57,411 [INFO] [MarketData] 국내 가격 단절 검사 0종목 / 레짐 필터 11종목 -> YFinanceMarketDataProvider 주입 (window 260봉)
2026-09-05 00:00:57,411 [INFO] === Running overseas engine ===
2026-09-05 00:00:57,411 [INFO] >>> Step 1: Portfolio & Price Fetch
2026-09-05 00:01:00,020 [INFO] Fetching real-time prices from Broker...
2026-09-05 00:01:04,369 [INFO] Portfolio: Cash=USD 287.72, Value=USD 18,889.11
2026-09-05 00:01:04,369 [INFO] >>> Step 2: Load Positions
2026-09-05 00:01:04,370 [INFO] Loaded 20 position lot(s)
2026-09-05 00:01:04,371 [INFO] >>> Step 2.5: Reconcile OK (수량 일치)
2026-09-05 00:01:04,372 [INFO] >>> Processing 테슬라(TSLA)
2026-09-05 00:01:05,610 [INFO] [MarketData] 배치 다운로드 완료: 11/11종목
2026-09-05 00:01:05,613 [INFO] [테슬라(TSLA)] DOWNTREND 확정 - 신규 진입 차단
2026-09-05 00:01:05,613 [INFO] >>> Processing 펩시코(PEP)
2026-09-05 00:01:05,616 [INFO]   [펩시코(PEP)] 신호 없음 | Lv1 매수 USD 140.75 -> 현재 USD 138.78 (-1.40%) | 익절 +10.0% / 추매 -5.0%
2026-09-05 00:01:05,616 [INFO] >>> Processing 카메코(CCJ)
2026-09-05 00:01:05,618 [INFO] [카메코(CCJ)] 현금 부족: 보유 현금 USD 287.72 < 매수 예정 금액 USD 907.92 (9주) -> 매수 보류
2026-09-05 00:01:05,920 [INFO] >>> Processing SCHWAB US DIVIDEND EQUITY(SCHD)
2026-09-05 00:01:06,175 [INFO] >>> Processing 에이알엠 홀딩스(ADR)(ARM)
2026-09-05 00:01:06,178 [INFO] [에이알엠 홀딩스(ADR)(ARM)] 하락 래치 진행 중 - 이미 분할 청산을 거쳤으므로 동일 래치 내 2차 이탈 청산 스킵 (신규 매수만 차단 유지)
2026-09-05 00:01:06,179 [INFO] [에이알엠 홀딩스(ADR)(ARM)] DOWNTREND 확정 - 추가 매수 차단
2026-09-05 00:01:06,179 [INFO] >>> Processing ARK INNOVATION(ARKK)
2026-09-05 00:01:06,181 [INFO] [ARK INNOVATION(ARKK)] 강한 상승 추세 진입 확정! (회귀 채널 기울기 +9.34% 밴드 상향 돌파, 2일 연속)
2026-09-05 00:01:06,183 [INFO]   [ARK INNOVATION(ARKK)] 📈 상승 레짐 유지 | Lv1 매수 USD 79.92 -> 현재 USD 86.07 (+7.70%) | 채널하단 USD 75.37 / 이탈선 USD 75.37 (허용 -0.0%) | 20EMA(눌림) USD 83.34 (이격 +3.27%) | adds 0/3
2026-09-05 00:01:06,184 [INFO] >>> Processing 애플(AAPL)
2026-09-05 00:01:06,447 [INFO] >>> Processing ISHARES GLOBAL CLEAN ENERGY(ICLN)
2026-09-05 00:01:06,450 [INFO] [ISHARES GLOBAL CLEAN ENERGY(ICLN)] DOWNTREND 확정 - 신규 진입 차단
2026-09-05 00:01:06,451 [INFO] >>> Processing 루멘텀 홀딩스(LITE)
2026-09-05 00:01:06,453 [INFO] [루멘텀 홀딩스(LITE)] 이탈 청산 후 재진입 대기 - 상단 저항선 미회복 (현재가 USD 865.93 <= 기준선 USD 1,024.50)
2026-09-05 00:01:06,453 [INFO] >>> Processing 브로드컴(AVGO)
2026-09-05 00:01:06,456 [INFO] [브로드컴(AVGO)] 이탈 청산 후 재진입 대기 - 상단 저항선 미회복 (현재가 USD 356.29 <= 기준선 USD 415.41)
2026-09-05 00:01:06,456 [INFO] >>> Processing 팔란티어 테크(PLTR)
2026-09-05 00:01:06,458 [INFO] [팔란티어 테크(PLTR)] 현금 부족: 보유 현금 USD 287.72 < 매수 예정 금액 USD 2,652.08 (15주) -> 매수 보류
2026-09-05 00:01:06,767 [INFO] >>> Step 6: Persist
2026-09-05 02:01:04,748 [INFO] === Initializing MagicSplit Bot (overseas) ===
2026-09-05 02:01:04,748 [INFO] Loaded 22 stock rule(s) from config_overseas.json
2026-09-05 02:01:04,748 [INFO] [overseas] 11 rule(s), mode=LIVE
2026-09-05 02:01:04,748 [INFO] [KisBroker] 캐시에서 토큰 로드 (API 호출 생략)
2026-09-05 02:01:04,748 [INFO] [KisOverseasLiveBroker] Mode: LIVE TRADING
2026-09-05 02:01:04,751 [INFO] [MarketData] 국내 가격 단절 검사 0종목 / 레짐 필터 11종목 -> YFinanceMarketDataProvider 주입 (window 260봉)
2026-09-05 02:01:04,751 [INFO] === Running overseas engine ===
2026-09-05 02:01:04,751 [INFO] >>> Step 1: Portfolio & Price Fetch
2026-09-05 02:01:07,228 [INFO] Fetching real-time prices from Broker...
2026-09-05 02:01:11,076 [INFO] Portfolio: Cash=USD 287.72, Value=USD 19,061.52
2026-09-05 02:01:11,076 [INFO] >>> Step 2: Load Positions
2026-09-05 02:01:11,076 [INFO] Loaded 20 position lot(s)
2026-09-05 02:01:11,077 [INFO] >>> Step 2.5: Reconcile OK (수량 일치)
2026-09-05 02:01:11,078 [INFO] >>> Processing 애플(AAPL)
2026-09-05 02:01:12,865 [INFO] [MarketData] 배치 다운로드 완료: 11/11종목
2026-09-05 02:01:13,516 [INFO] >>> Processing 테슬라(TSLA)
2026-09-05 02:01:13,519 [INFO] [테슬라(TSLA)] DOWNTREND 확정 - 신규 진입 차단
2026-09-05 02:01:13,520 [INFO] >>> Processing SCHWAB US DIVIDEND EQUITY(SCHD)
2026-09-05 02:01:14,074 [INFO] >>> Processing 루멘텀 홀딩스(LITE)
2026-09-05 02:01:14,077 [INFO] [루멘텀 홀딩스(LITE)] 이탈 청산 후 재진입 대기 - 상단 저항선 미회복 (현재가 USD 879.04 <= 기준선 USD 1,025.64)
2026-09-05 02:01:14,077 [INFO] >>> Processing ARK INNOVATION(ARKK)
2026-09-05 02:01:14,082 [INFO]   [ARK INNOVATION(ARKK)] 📈 상승 레짐 유지 | Lv1 매수 USD 79.92 -> 현재 USD 86.39 (+8.10%) | 채널하단 USD 75.38 / 이탈선 USD 75.38 (허용 -0.0%) | 20EMA(눌림) USD 83.37 (이격 +3.62%) | adds 0/3
2026-09-05 02:01:14,082 [INFO] >>> Processing 팔란티어 테크(PLTR)
2026-09-05 02:01:14,085 [INFO] [팔란티어 테크(PLTR)] 현금 부족: 보유 현금 USD 287.72 < 매수 예정 금액 USD 2,623.95 (15주) -> 매수 보류
2026-09-05 02:01:14,659 [INFO] >>> Processing ISHARES GLOBAL CLEAN ENERGY(ICLN)
2026-09-05 02:01:14,662 [INFO] [ISHARES GLOBAL CLEAN ENERGY(ICLN)] DOWNTREND 확정 - 신규 진입 차단
2026-09-05 02:01:14,662 [INFO] >>> Processing 카메코(CCJ)
2026-09-05 02:01:14,665 [INFO] [카메코(CCJ)] 현금 부족: 보유 현금 USD 287.72 < 매수 예정 금액 USD 908.10 (9주) -> 매수 보류
2026-09-05 02:01:15,215 [INFO] >>> Processing 브로드컴(AVGO)
2026-09-05 02:01:15,218 [INFO] [브로드컴(AVGO)] 이탈 청산 후 재진입 대기 - 상단 저항선 미회복 (현재가 USD 356.30 <= 기준선 USD 415.41)
2026-09-05 02:01:15,218 [INFO] >>> Processing 에이알엠 홀딩스(ADR)(ARM)
2026-09-05 02:01:15,221 [INFO] [에이알엠 홀딩스(ADR)(ARM)] 하락 래치 진행 중 - 이미 분할 청산을 거쳤으므로 동일 래치 내 2차 이탈 청산 스킵 (신규 매수만 차단 유지)
2026-09-05 02:01:15,221 [INFO] [에이알엠 홀딩스(ADR)(ARM)] DOWNTREND 확정 - 추가 매수 차단
2026-09-05 02:01:15,221 [INFO] >>> Processing 펩시코(PEP)
2026-09-05 02:01:15,224 [INFO]   [펩시코(PEP)] 신호 없음 | Lv1 매수 USD 140.75 -> 현재 USD 138.03 (-1.93%) | 익절 +10.0% / 추매 -5.0%
2026-09-05 02:01:15,224 [INFO] >>> Step 6: Persist
