2026-08-25 00:01:03,145 [INFO] === Initializing MagicSplit Bot (overseas) ===
2026-08-25 00:01:03,145 [INFO] Loaded 22 stock rule(s) from config_overseas.json
2026-08-25 00:01:03,145 [INFO] [overseas] 12 rule(s), mode=LIVE
2026-08-25 00:01:03,145 [INFO] [KisBroker] 캐시에서 토큰 로드 (API 호출 생략)
2026-08-25 00:01:03,145 [INFO] [KisOverseasLiveBroker] Mode: LIVE TRADING
2026-08-25 00:01:03,147 [INFO] [MarketData] 레짐 필터 활성 종목 12개 -> YFinanceMarketDataProvider 주입 (window 260봉)
2026-08-25 00:01:03,147 [INFO] === Running overseas engine ===
2026-08-25 00:01:03,148 [INFO] >>> Step 1: Portfolio & Price Fetch
2026-08-25 00:01:08,442 [INFO] Fetching real-time prices from Broker...
2026-08-25 00:01:13,101 [INFO] Portfolio: Cash=USD 773.09, Value=USD 17,943.47
2026-08-25 00:01:13,101 [INFO] >>> Step 2: Load Positions
2026-08-25 00:01:13,102 [INFO] Loaded 20 position lot(s)
2026-08-25 00:01:13,103 [INFO] >>> Step 2.5: Reconcile OK (수량 일치)
2026-08-25 00:01:13,103 [INFO] >>> Processing SCHWAB US DIVIDEND EQUITY(SCHD)
2026-08-25 00:01:14,200 [INFO] [MarketData] 배치 다운로드 완료: 12/12종목
2026-08-25 00:01:14,203 [INFO]   [SCHWAB US DIVIDEND EQUITY(SCHD)] 신호 없음 | Lv1 매수 USD 33.55 -> 현재 USD 35.16 (+4.81%) | 익절 +10.0% / 추매 -5.0%
2026-08-25 00:01:14,203 [INFO] >>> Processing 팔란티어 테크(PLTR)
2026-08-25 00:01:14,206 [INFO] [팔란티어 테크(PLTR)] 현금 부족: 보유 현금 USD 773.09 < 매수 예정 금액 USD 2,647.14 (15주) -> 매수 보류
2026-08-25 00:01:14,550 [INFO] >>> Processing 브로드컴(AVGO)
2026-08-25 00:01:14,554 [INFO] [브로드컴(AVGO)] 이탈 청산 후 재진입 대기 - 상단 저항선 미회복 (현재가 USD 361.63 <= 기준선 USD 429.92)
2026-08-25 00:01:14,554 [INFO] >>> Processing ARK INNOVATION(ARKK)
2026-08-25 00:01:14,557 [INFO]   [ARK INNOVATION(ARKK)] 신호 없음 | Lv2 매수 USD 71.93 -> 현재 USD 84.75 (+17.82%) | 익절 +10.0% / 추매 -5.0%
2026-08-25 00:01:14,558 [INFO] >>> Processing ISHARES GLOBAL CLEAN ENERGY(ICLN)
2026-08-25 00:01:14,560 [INFO] [ISHARES GLOBAL CLEAN ENERGY(ICLN)] DOWNTREND 확정 - 신규 진입 차단
2026-08-25 00:01:14,560 [INFO] >>> Processing 테슬라(TSLA)
2026-08-25 00:01:14,562 [INFO] [테슬라(TSLA)] DOWNTREND 확정 - 신규 진입 차단
2026-08-25 00:01:14,563 [INFO] >>> Processing 애플(AAPL)
2026-08-25 00:01:14,917 [INFO] >>> Processing 펩시코(PEP)
2026-08-25 00:01:14,920 [INFO] [펩시코(PEP)] 현금 부족: 보유 현금 USD 773.09 < 매수 예정 금액 USD 870.42 (6주) -> 매수 보류
2026-08-25 00:01:15,167 [INFO] >>> Processing 델 테크놀로지스(DELL)
2026-08-25 00:01:15,172 [INFO]   [델 테크놀로지스(DELL)] 📈 상승 레짐 유지 | Lv6 매수 USD 420.93 -> 현재 USD 431.63 (+2.54%) | 채널하단 USD 395.27 / 이탈선 USD 395.27 (허용 -0.0%) | 20EMA(눌림) USD 446.04 (이격 -3.23%) | adds 3/3
2026-08-25 00:01:15,173 [INFO] >>> Processing 카메코(CCJ)
2026-08-25 00:01:15,175 [INFO] [카메코(CCJ)] DOWNTREND 확정 - 신규 진입 차단
2026-08-25 00:01:15,175 [INFO] >>> Processing 루멘텀 홀딩스(LITE)
2026-08-25 00:01:15,178 [INFO] [루멘텀 홀딩스(LITE)] DOWNTREND 확정 - 신규 진입 차단
2026-08-25 00:01:15,178 [INFO] >>> Processing 에이알엠 홀딩스(ADR)(ARM)
2026-08-25 00:01:15,180 [INFO] [에이알엠 홀딩스(ADR)(ARM)] 하락 래치 진행 중 - 이미 분할 청산을 거쳤으므로 동일 래치 내 2차 이탈 청산 스킵 (신규 매수만 차단 유지)
2026-08-25 00:01:15,180 [INFO] [에이알엠 홀딩스(ADR)(ARM)] DOWNTREND 확정 - 추가 매수 차단
2026-08-25 00:01:15,181 [INFO] >>> Step 6: Persist
2026-08-25 02:00:58,901 [INFO] === Initializing MagicSplit Bot (overseas) ===
2026-08-25 02:00:58,901 [INFO] Loaded 22 stock rule(s) from config_overseas.json
2026-08-25 02:00:58,901 [INFO] [overseas] 12 rule(s), mode=LIVE
2026-08-25 02:00:58,901 [INFO] [KisBroker] 캐시에서 토큰 로드 (API 호출 생략)
2026-08-25 02:00:58,901 [INFO] [KisOverseasLiveBroker] Mode: LIVE TRADING
2026-08-25 02:00:58,903 [INFO] [MarketData] 레짐 필터 활성 종목 12개 -> YFinanceMarketDataProvider 주입 (window 260봉)
2026-08-25 02:00:58,903 [INFO] === Running overseas engine ===
2026-08-25 02:00:58,903 [INFO] >>> Step 1: Portfolio & Price Fetch
2026-08-25 02:01:01,829 [INFO] Fetching real-time prices from Broker...
2026-08-25 02:01:06,570 [INFO] Portfolio: Cash=USD 773.09, Value=USD 18,018.78
2026-08-25 02:01:06,570 [INFO] >>> Step 2: Load Positions
2026-08-25 02:01:06,571 [INFO] Loaded 20 position lot(s)
2026-08-25 02:01:06,572 [INFO] >>> Step 2.5: Reconcile OK (수량 일치)
2026-08-25 02:01:06,572 [INFO] >>> Processing 펩시코(PEP)
2026-08-25 02:01:07,667 [INFO] [MarketData] 배치 다운로드 완료: 12/12종목
2026-08-25 02:01:07,669 [INFO] [펩시코(PEP)] 현금 부족: 보유 현금 USD 773.09 < 매수 예정 금액 USD 868.86 (6주) -> 매수 보류
2026-08-25 02:01:07,974 [INFO] >>> Processing ISHARES GLOBAL CLEAN ENERGY(ICLN)
2026-08-25 02:01:07,977 [INFO] [ISHARES GLOBAL CLEAN ENERGY(ICLN)] DOWNTREND 확정 - 신규 진입 차단
2026-08-25 02:01:07,977 [INFO] >>> Processing ARK INNOVATION(ARKK)
2026-08-25 02:01:07,980 [INFO]   [ARK INNOVATION(ARKK)] 신호 없음 | Lv2 매수 USD 71.93 -> 현재 USD 84.59 (+17.61%) | 익절 +10.0% / 추매 -5.0%
2026-08-25 02:01:07,980 [INFO] >>> Processing 에이알엠 홀딩스(ADR)(ARM)
2026-08-25 02:01:07,982 [INFO] [에이알엠 홀딩스(ADR)(ARM)] 하락 래치 진행 중 - 이미 분할 청산을 거쳤으므로 동일 래치 내 2차 이탈 청산 스킵 (신규 매수만 차단 유지)
2026-08-25 02:01:07,982 [INFO] [에이알엠 홀딩스(ADR)(ARM)] DOWNTREND 확정 - 추가 매수 차단
2026-08-25 02:01:07,983 [INFO] >>> Processing 테슬라(TSLA)
2026-08-25 02:01:07,985 [INFO] [테슬라(TSLA)] DOWNTREND 확정 - 신규 진입 차단
2026-08-25 02:01:07,985 [INFO] >>> Processing SCHWAB US DIVIDEND EQUITY(SCHD)
2026-08-25 02:01:07,987 [INFO]   [SCHWAB US DIVIDEND EQUITY(SCHD)] 신호 없음 | Lv1 매수 USD 33.55 -> 현재 USD 35.13 (+4.72%) | 익절 +10.0% / 추매 -5.0%
2026-08-25 02:01:07,988 [INFO] >>> Processing 루멘텀 홀딩스(LITE)
2026-08-25 02:01:07,990 [INFO] [루멘텀 홀딩스(LITE)] DOWNTREND 확정 - 신규 진입 차단
2026-08-25 02:01:07,990 [INFO] >>> Processing 카메코(CCJ)
2026-08-25 02:01:07,992 [INFO] [카메코(CCJ)] DOWNTREND 확정 - 신규 진입 차단
2026-08-25 02:01:07,993 [INFO] >>> Processing 브로드컴(AVGO)
2026-08-25 02:01:07,995 [INFO] [브로드컴(AVGO)] 이탈 청산 후 재진입 대기 - 상단 저항선 미회복 (현재가 USD 360.59 <= 기준선 USD 429.88)
2026-08-25 02:01:07,995 [INFO] >>> Processing 팔란티어 테크(PLTR)
2026-08-25 02:01:07,997 [INFO] [팔란티어 테크(PLTR)] 현금 부족: 보유 현금 USD 773.09 < 매수 예정 금액 USD 2,667.75 (15주) -> 매수 보류
2026-08-25 02:01:08,235 [INFO] >>> Processing 델 테크놀로지스(DELL)
2026-08-25 02:01:08,240 [INFO]   [델 테크놀로지스(DELL)] 📈 상승 레짐 유지 | Lv6 매수 USD 420.93 -> 현재 USD 434.01 (+3.11%) | 채널하단 USD 395.46 / 이탈선 USD 395.46 (허용 -0.0%) | 20EMA(눌림) USD 446.26 (이격 -2.75%) | adds 3/3
2026-08-25 02:01:08,241 [INFO] >>> Processing 애플(AAPL)
2026-08-25 02:01:08,478 [INFO] >>> Step 6: Persist
2026-08-25 04:01:00,855 [INFO] === Initializing MagicSplit Bot (overseas) ===
2026-08-25 04:01:00,855 [INFO] Loaded 22 stock rule(s) from config_overseas.json
2026-08-25 04:01:00,856 [INFO] [overseas] 12 rule(s), mode=LIVE
2026-08-25 04:01:00,856 [INFO] [KisBroker] 캐시에서 토큰 로드 (API 호출 생략)
2026-08-25 04:01:00,856 [INFO] [KisOverseasLiveBroker] Mode: LIVE TRADING
2026-08-25 04:01:00,858 [INFO] [MarketData] 레짐 필터 활성 종목 12개 -> YFinanceMarketDataProvider 주입 (window 260봉)
2026-08-25 04:01:00,858 [INFO] === Running overseas engine ===
2026-08-25 04:01:00,858 [INFO] >>> Step 1: Portfolio & Price Fetch
2026-08-25 04:01:03,609 [INFO] Fetching real-time prices from Broker...
2026-08-25 04:01:08,097 [INFO] Portfolio: Cash=USD 773.09, Value=USD 17,983.58
2026-08-25 04:01:08,097 [INFO] >>> Step 2: Load Positions
2026-08-25 04:01:08,097 [INFO] Loaded 20 position lot(s)
2026-08-25 04:01:08,099 [INFO] >>> Step 2.5: Reconcile OK (수량 일치)
2026-08-25 04:01:08,099 [INFO] >>> Processing 애플(AAPL)
2026-08-25 04:01:09,213 [INFO] [MarketData] 배치 다운로드 완료: 12/12종목
2026-08-25 04:01:09,607 [INFO] >>> Processing 에이알엠 홀딩스(ADR)(ARM)
2026-08-25 04:01:09,611 [INFO] [에이알엠 홀딩스(ADR)(ARM)] 하락 래치 진행 중 - 이미 분할 청산을 거쳤으므로 동일 래치 내 2차 이탈 청산 스킵 (신규 매수만 차단 유지)
2026-08-25 04:01:09,611 [INFO] [에이알엠 홀딩스(ADR)(ARM)] DOWNTREND 확정 - 추가 매수 차단
2026-08-25 04:01:09,611 [INFO] >>> Processing SCHWAB US DIVIDEND EQUITY(SCHD)
2026-08-25 04:01:09,614 [INFO]   [SCHWAB US DIVIDEND EQUITY(SCHD)] 신호 없음 | Lv1 매수 USD 33.55 -> 현재 USD 35.17 (+4.83%) | 익절 +10.0% / 추매 -5.0%
2026-08-25 04:01:09,614 [INFO] >>> Processing ISHARES GLOBAL CLEAN ENERGY(ICLN)
2026-08-25 04:01:09,617 [INFO] [ISHARES GLOBAL CLEAN ENERGY(ICLN)] DOWNTREND 확정 - 신규 진입 차단
2026-08-25 04:01:09,617 [INFO] >>> Processing 테슬라(TSLA)
2026-08-25 04:01:09,620 [INFO] [테슬라(TSLA)] DOWNTREND 확정 - 신규 진입 차단
2026-08-25 04:01:09,620 [INFO] >>> Processing ARK INNOVATION(ARKK)
2026-08-25 04:01:09,623 [INFO]   [ARK INNOVATION(ARKK)] 신호 없음 | Lv2 매수 USD 71.93 -> 현재 USD 84.17 (+17.02%) | 익절 +10.0% / 추매 -5.0%
2026-08-25 04:01:09,623 [INFO] >>> Processing 카메코(CCJ)
2026-08-25 04:01:09,625 [INFO] [카메코(CCJ)] DOWNTREND 확정 - 신규 진입 차단
2026-08-25 04:01:09,626 [INFO] >>> Processing 델 테크놀로지스(DELL)
2026-08-25 04:01:09,630 [INFO]   [델 테크놀로지스(DELL)] 📈 상승 레짐 유지 | Lv6 매수 USD 420.93 -> 현재 USD 433.60 (+3.01%) | 채널하단 USD 395.43 / 이탈선 USD 395.43 (허용 -0.0%) | 20EMA(눌림) USD 446.22 (이격 -2.83%) | adds 3/3
2026-08-25 04:01:09,631 [INFO] >>> Processing 브로드컴(AVGO)
2026-08-25 04:01:09,634 [INFO] [브로드컴(AVGO)] 이탈 청산 후 재진입 대기 - 상단 저항선 미회복 (현재가 USD 360.83 <= 기준선 USD 429.89)
2026-08-25 04:01:09,634 [INFO] >>> Processing 팔란티어 테크(PLTR)
2026-08-25 04:01:09,637 [INFO] [팔란티어 테크(PLTR)] 현금 부족: 보유 현금 USD 773.09 < 매수 예정 금액 USD 2,658.00 (15주) -> 매수 보류
2026-08-25 04:01:10,119 [INFO] >>> Processing 펩시코(PEP)
2026-08-25 04:01:10,122 [INFO] [펩시코(PEP)] 현금 부족: 보유 현금 USD 773.09 < 매수 예정 금액 USD 868.11 (6주) -> 매수 보류
2026-08-25 04:01:10,490 [INFO] >>> Processing 루멘텀 홀딩스(LITE)
2026-08-25 04:01:10,493 [INFO] [루멘텀 홀딩스(LITE)] DOWNTREND 확정 - 신규 진입 차단
2026-08-25 04:01:10,494 [INFO] >>> Step 6: Persist
