2026-08-05 00:31:13,135 [INFO] === Initializing MagicSplit Bot (crypto) ===
2026-08-05 00:31:13,135 [INFO] Loaded 3 stock rule(s) from config_crypto.json
2026-08-05 00:31:13,135 [INFO] [crypto] 1 rule(s), mode=LIVE
2026-08-05 00:31:13,136 [INFO] === Running crypto engine ===
2026-08-05 00:31:13,137 [INFO] >>> Step 1: Portfolio & Price Fetch
2026-08-05 00:31:13,343 [WARNING] [Upbit] 상폐/KRW미상장 보유 제외 (3건): ['KRW-APENFT', 'KRW-ETHF', 'KRW-ETHW']
2026-08-05 00:31:13,451 [INFO] Fetching real-time prices from Broker...
2026-08-05 00:31:13,615 [INFO] Portfolio: Cash=KRW 2,189,543, Value=KRW 10,537,527
2026-08-05 00:31:13,965 [INFO] >>> Step 2: Load Positions
2026-08-05 00:31:13,965 [INFO] Loaded 6 position lot(s)
2026-08-05 00:31:13,966 [INFO] >>> Step 2.5: Reconcile OK (수량 일치)
2026-08-05 00:31:13,967 [INFO] >>> Processing KRW-USDT
2026-08-05 00:31:13,968 [INFO]   [KRW-USDT] 신호 없음 | Lv4 매수 KRW 1,418 -> 현재 KRW 1,422 (+0.28%) | 익절 +2.0% / 추매 -1.0%
2026-08-05 00:31:13,968 [INFO] >>> Step 6: Persist
2026-08-05 01:31:14,182 [INFO] === Initializing MagicSplit Bot (crypto) ===
2026-08-05 01:31:14,182 [INFO] Loaded 3 stock rule(s) from config_crypto.json
2026-08-05 01:31:14,182 [INFO] [crypto] 1 rule(s), mode=LIVE
2026-08-05 01:31:14,184 [INFO] === Running crypto engine ===
2026-08-05 01:31:14,184 [INFO] >>> Step 1: Portfolio & Price Fetch
2026-08-05 01:31:14,518 [WARNING] [Upbit] 상폐/KRW미상장 보유 제외 (3건): ['KRW-APENFT', 'KRW-ETHF', 'KRW-ETHW']
2026-08-05 01:31:14,625 [INFO] Fetching real-time prices from Broker...
2026-08-05 01:31:14,745 [INFO] Portfolio: Cash=KRW 2,189,543, Value=KRW 10,528,427
2026-08-05 01:31:14,745 [INFO] >>> Step 2: Load Positions
2026-08-05 01:31:14,746 [INFO] Loaded 6 position lot(s)
2026-08-05 01:31:14,748 [INFO] >>> Step 2.5: Reconcile OK (수량 일치)
2026-08-05 01:31:14,749 [INFO] >>> Processing KRW-USDT
2026-08-05 01:31:14,750 [INFO]   [KRW-USDT] 신호 없음 | Lv4 매수 KRW 1,418 -> 현재 KRW 1,422 (+0.28%) | 익절 +2.0% / 추매 -1.0%
2026-08-05 01:31:14,750 [INFO] >>> Step 6: Persist
2026-08-05 02:31:09,341 [INFO] === Initializing MagicSplit Bot (crypto) ===
2026-08-05 02:31:09,341 [INFO] Loaded 3 stock rule(s) from config_crypto.json
2026-08-05 02:31:09,341 [INFO] [crypto] 1 rule(s), mode=LIVE
2026-08-05 02:31:09,343 [INFO] === Running crypto engine ===
2026-08-05 02:31:09,343 [INFO] >>> Step 1: Portfolio & Price Fetch
2026-08-05 02:31:09,545 [WARNING] [Upbit] 상폐/KRW미상장 보유 제외 (3건): ['KRW-APENFT', 'KRW-ETHF', 'KRW-ETHW']
2026-08-05 02:31:09,655 [INFO] Fetching real-time prices from Broker...
2026-08-05 02:31:09,768 [INFO] Portfolio: Cash=KRW 2,189,543, Value=KRW 10,516,179
2026-08-05 02:31:09,768 [INFO] >>> Step 2: Load Positions
2026-08-05 02:31:09,768 [INFO] Loaded 6 position lot(s)
2026-08-05 02:31:09,769 [INFO] >>> Step 2.5: Reconcile OK (수량 일치)
2026-08-05 02:31:09,770 [INFO] >>> Processing KRW-USDT
2026-08-05 02:31:09,770 [INFO]   [KRW-USDT] 신호 없음 | Lv4 매수 KRW 1,418 -> 현재 KRW 1,421 (+0.21%) | 익절 +2.0% / 추매 -1.0%
2026-08-05 02:31:09,770 [INFO] >>> Step 6: Persist
