2026-09-03 00:31:01,983 [INFO] === Initializing MagicSplit Bot (crypto) ===
2026-09-03 00:31:01,983 [INFO] Loaded 3 stock rule(s) from config_crypto.json
2026-09-03 00:31:01,984 [INFO] [crypto] 1 rule(s), mode=LIVE
2026-09-03 00:31:01,985 [INFO] === Running crypto engine ===
2026-09-03 00:31:01,985 [INFO] >>> Step 1: Portfolio & Price Fetch
2026-09-03 00:31:02,312 [WARNING] [Upbit] 상폐/KRW미상장 보유 제외 (3건): ['KRW-APENFT', 'KRW-ETHF', 'KRW-ETHW']
2026-09-03 00:31:02,418 [INFO] Fetching real-time prices from Broker...
2026-09-03 00:31:02,522 [INFO] Portfolio: Cash=KRW 2,159,543, Value=KRW 12,043,462
2026-09-03 00:31:02,523 [INFO] >>> Step 2: Load Positions
2026-09-03 00:31:02,525 [INFO] Loaded 9 position lot(s)
2026-09-03 00:31:02,528 [INFO] >>> Step 2.5: Reconcile OK (수량 일치)
2026-09-03 00:31:02,529 [INFO] >>> Processing KRW-USDT
2026-09-03 00:31:02,530 [INFO]   [KRW-USDT] 신호 없음 | Lv7 매수 KRW 1,368 -> 현재 KRW 1,376 (+0.58%) | 익절 +2.0% / 추매 -1.0%
2026-09-03 00:31:02,530 [INFO] >>> Step 6: Persist
2026-09-03 01:31:00,441 [INFO] === Initializing MagicSplit Bot (crypto) ===
2026-09-03 01:31:00,441 [INFO] Loaded 3 stock rule(s) from config_crypto.json
2026-09-03 01:31:00,442 [INFO] [crypto] 1 rule(s), mode=LIVE
2026-09-03 01:31:00,443 [INFO] === Running crypto engine ===
2026-09-03 01:31:00,443 [INFO] >>> Step 1: Portfolio & Price Fetch
2026-09-03 01:31:00,791 [WARNING] [Upbit] 상폐/KRW미상장 보유 제외 (3건): ['KRW-APENFT', 'KRW-ETHF', 'KRW-ETHW']
2026-09-03 01:31:00,892 [INFO] Fetching real-time prices from Broker...
2026-09-03 01:31:01,013 [INFO] Portfolio: Cash=KRW 2,159,543, Value=KRW 12,032,697
2026-09-03 01:31:01,013 [INFO] >>> Step 2: Load Positions
2026-09-03 01:31:01,015 [INFO] Loaded 9 position lot(s)
2026-09-03 01:31:01,019 [INFO] >>> Step 2.5: Reconcile OK (수량 일치)
2026-09-03 01:31:01,020 [INFO] >>> Processing KRW-USDT
2026-09-03 01:31:01,021 [INFO]   [KRW-USDT] 신호 없음 | Lv7 매수 KRW 1,368 -> 현재 KRW 1,378 (+0.73%) | 익절 +2.0% / 추매 -1.0%
2026-09-03 01:31:01,021 [INFO] >>> Step 6: Persist
2026-09-03 02:35:16,749 [INFO] === Initializing MagicSplit Bot (crypto) ===
2026-09-03 02:35:16,749 [INFO] Loaded 3 stock rule(s) from config_crypto.json
2026-09-03 02:35:16,749 [INFO] [crypto] 1 rule(s), mode=LIVE
2026-09-03 02:35:16,754 [INFO] === Running crypto engine ===
2026-09-03 02:35:16,755 [INFO] >>> Step 1: Portfolio & Price Fetch
2026-09-03 02:35:20,416 [WARNING] [Upbit] 상폐/KRW미상장 보유 제외 (3건): ['KRW-APENFT', 'KRW-ETHF', 'KRW-ETHW']
2026-09-03 02:35:20,518 [INFO] Fetching real-time prices from Broker...
2026-09-03 02:35:20,629 [INFO] Portfolio: Cash=KRW 2,159,543, Value=KRW 12,059,159
2026-09-03 02:35:20,630 [INFO] >>> Step 2: Load Positions
2026-09-03 02:35:20,660 [INFO] Loaded 9 position lot(s)
2026-09-03 02:35:20,812 [INFO] >>> Step 2.5: Reconcile OK (수량 일치)
2026-09-03 02:35:20,924 [INFO] >>> Processing KRW-USDT
2026-09-03 02:35:20,927 [INFO]   [KRW-USDT] 신호 없음 | Lv7 매수 KRW 1,368 -> 현재 KRW 1,374 (+0.44%) | 익절 +2.0% / 추매 -1.0%
2026-09-03 02:35:20,927 [INFO] >>> Step 6: Persist
2026-09-03 03:32:26,653 [INFO] === Initializing MagicSplit Bot (crypto) ===
2026-09-03 03:32:26,663 [INFO] Loaded 3 stock rule(s) from config_crypto.json
2026-09-03 03:32:26,663 [INFO] [crypto] 1 rule(s), mode=LIVE
2026-09-03 03:32:26,669 [INFO] === Running crypto engine ===
2026-09-03 03:32:26,669 [INFO] >>> Step 1: Portfolio & Price Fetch
2026-09-03 03:32:27,769 [WARNING] [Upbit] 상폐/KRW미상장 보유 제외 (3건): ['KRW-APENFT', 'KRW-ETHF', 'KRW-ETHW']
2026-09-03 03:32:27,870 [INFO] Fetching real-time prices from Broker...
2026-09-03 03:32:27,977 [INFO] Portfolio: Cash=KRW 2,159,543, Value=KRW 12,080,006
2026-09-03 03:32:27,977 [INFO] >>> Step 2: Load Positions
2026-09-03 03:32:28,159 [INFO] Loaded 9 position lot(s)
2026-09-03 03:32:28,528 [INFO] >>> Step 2.5: Reconcile OK (수량 일치)
2026-09-03 03:32:29,356 [INFO] >>> Processing KRW-USDT
2026-09-03 03:32:29,358 [INFO]   [KRW-USDT] 신호 없음 | Lv7 매수 KRW 1,368 -> 현재 KRW 1,373 (+0.37%) | 익절 +2.0% / 추매 -1.0%
2026-09-03 03:32:29,358 [INFO] >>> Step 6: Persist
2026-09-03 04:31:17,785 [INFO] === Initializing MagicSplit Bot (crypto) ===
2026-09-03 04:31:17,785 [INFO] Loaded 3 stock rule(s) from config_crypto.json
2026-09-03 04:31:17,785 [INFO] [crypto] 1 rule(s), mode=LIVE
2026-09-03 04:31:17,788 [INFO] === Running crypto engine ===
2026-09-03 04:31:17,788 [INFO] >>> Step 1: Portfolio & Price Fetch
2026-09-03 04:31:18,228 [WARNING] [Upbit] 상폐/KRW미상장 보유 제외 (3건): ['KRW-APENFT', 'KRW-ETHF', 'KRW-ETHW']
2026-09-03 04:31:18,328 [INFO] Fetching real-time prices from Broker...
2026-09-03 04:31:18,438 [INFO] Portfolio: Cash=KRW 2,159,543, Value=KRW 12,094,693
2026-09-03 04:31:18,438 [INFO] >>> Step 2: Load Positions
2026-09-03 04:31:18,440 [INFO] Loaded 9 position lot(s)
2026-09-03 04:31:18,447 [INFO] >>> Step 2.5: Reconcile OK (수량 일치)
2026-09-03 04:31:18,449 [INFO] >>> Processing KRW-USDT
2026-09-03 04:31:18,451 [INFO]   [KRW-USDT] 신호 없음 | Lv7 매수 KRW 1,368 -> 현재 KRW 1,373 (+0.37%) | 익절 +2.0% / 추매 -1.0%
2026-09-03 04:31:18,451 [INFO] >>> Step 6: Persist
2026-09-03 05:31:20,153 [INFO] === Initializing MagicSplit Bot (crypto) ===
2026-09-03 05:31:20,153 [INFO] Loaded 3 stock rule(s) from config_crypto.json
2026-09-03 05:31:20,153 [INFO] [crypto] 1 rule(s), mode=LIVE
2026-09-03 05:31:20,155 [INFO] === Running crypto engine ===
2026-09-03 05:31:20,155 [INFO] >>> Step 1: Portfolio & Price Fetch
2026-09-03 05:31:20,558 [WARNING] [Upbit] 상폐/KRW미상장 보유 제외 (3건): ['KRW-APENFT', 'KRW-ETHF', 'KRW-ETHW']
2026-09-03 05:31:20,671 [INFO] Fetching real-time prices from Broker...
2026-09-03 05:31:20,782 [INFO] Portfolio: Cash=KRW 2,159,543, Value=KRW 12,094,262
2026-09-03 05:31:20,782 [INFO] >>> Step 2: Load Positions
2026-09-03 05:31:20,784 [INFO] Loaded 9 position lot(s)
2026-09-03 05:31:20,788 [INFO] >>> Step 2.5: Reconcile OK (수량 일치)
2026-09-03 05:31:20,790 [INFO] >>> Processing KRW-USDT
2026-09-03 05:31:20,791 [INFO]   [KRW-USDT] 신호 없음 | Lv7 매수 KRW 1,368 -> 현재 KRW 1,375 (+0.51%) | 익절 +2.0% / 추매 -1.0%
2026-09-03 05:31:20,791 [INFO] >>> Step 6: Persist
2026-09-03 06:31:11,585 [INFO] === Initializing MagicSplit Bot (crypto) ===
2026-09-03 06:31:11,585 [INFO] Loaded 3 stock rule(s) from config_crypto.json
2026-09-03 06:31:11,585 [INFO] [crypto] 1 rule(s), mode=LIVE
2026-09-03 06:31:11,587 [INFO] === Running crypto engine ===
2026-09-03 06:31:11,588 [INFO] >>> Step 1: Portfolio & Price Fetch
2026-09-03 06:31:11,979 [WARNING] [Upbit] 상폐/KRW미상장 보유 제외 (3건): ['KRW-APENFT', 'KRW-ETHF', 'KRW-ETHW']
2026-09-03 06:31:12,080 [INFO] Fetching real-time prices from Broker...
2026-09-03 06:31:12,190 [INFO] Portfolio: Cash=KRW 2,159,543, Value=KRW 12,038,617
2026-09-03 06:31:12,190 [INFO] >>> Step 2: Load Positions
2026-09-03 06:31:12,192 [INFO] Loaded 9 position lot(s)
2026-09-03 06:31:12,195 [INFO] >>> Step 2.5: Reconcile OK (수량 일치)
2026-09-03 06:31:12,196 [INFO] >>> Processing KRW-USDT
2026-09-03 06:31:12,197 [INFO]   [KRW-USDT] 신호 없음 | Lv7 매수 KRW 1,368 -> 현재 KRW 1,374 (+0.44%) | 익절 +2.0% / 추매 -1.0%
2026-09-03 06:31:12,197 [INFO] >>> Step 6: Persist
2026-09-03 07:31:45,511 [INFO] === Initializing MagicSplit Bot (crypto) ===
2026-09-03 07:31:45,512 [INFO] Loaded 3 stock rule(s) from config_crypto.json
2026-09-03 07:31:45,512 [INFO] [crypto] 1 rule(s), mode=LIVE
2026-09-03 07:31:45,516 [INFO] === Running crypto engine ===
2026-09-03 07:31:45,517 [INFO] >>> Step 1: Portfolio & Price Fetch
2026-09-03 07:31:46,188 [WARNING] [Upbit] 상폐/KRW미상장 보유 제외 (3건): ['KRW-APENFT', 'KRW-ETHF', 'KRW-ETHW']
2026-09-03 07:31:46,294 [INFO] Fetching real-time prices from Broker...
2026-09-03 07:31:46,398 [INFO] Portfolio: Cash=KRW 2,159,543, Value=KRW 12,095,826
2026-09-03 07:31:46,398 [INFO] >>> Step 2: Load Positions
2026-09-03 07:31:46,403 [INFO] Loaded 9 position lot(s)
2026-09-03 07:31:46,411 [INFO] >>> Step 2.5: Reconcile OK (수량 일치)
2026-09-03 07:31:46,414 [INFO] >>> Processing KRW-USDT
2026-09-03 07:31:46,416 [INFO]   [KRW-USDT] 신호 없음 | Lv7 매수 KRW 1,368 -> 현재 KRW 1,374 (+0.44%) | 익절 +2.0% / 추매 -1.0%
2026-09-03 07:31:46,417 [INFO] >>> Step 6: Persist
