2026-09-05 00:31:02,677 [INFO] === Initializing MagicSplit Bot (crypto) ===
2026-09-05 00:31:02,677 [INFO] Loaded 3 stock rule(s) from config_crypto.json
2026-09-05 00:31:02,678 [INFO] [crypto] 1 rule(s), mode=LIVE
2026-09-05 00:31:02,680 [INFO] === Running crypto engine ===
2026-09-05 00:31:02,680 [INFO] >>> Step 1: Portfolio & Price Fetch
2026-09-05 00:31:03,019 [WARNING] [Upbit] 상폐/KRW미상장 보유 제외 (3건): ['KRW-APENFT', 'KRW-ETHF', 'KRW-ETHW']
2026-09-05 00:31:03,119 [INFO] Fetching real-time prices from Broker...
2026-09-05 00:31:03,288 [INFO] Portfolio: Cash=KRW 2,159,543, Value=KRW 12,310,567
2026-09-05 00:31:03,289 [INFO] >>> Step 2: Load Positions
2026-09-05 00:31:03,291 [INFO] Loaded 9 position lot(s)
2026-09-05 00:31:03,294 [INFO] >>> Step 2.5: Reconcile OK (수량 일치)
2026-09-05 00:31:03,296 [INFO] >>> Processing KRW-USDT
2026-09-05 00:31:03,296 [INFO]   [KRW-USDT] 신호 없음 | Lv7 매수 KRW 1,368 -> 현재 KRW 1,370 (+0.15%) | 익절 +2.0% / 추매 -1.0%
2026-09-05 00:31:03,296 [INFO] >>> Step 6: Persist
2026-09-05 01:31:01,775 [INFO] === Initializing MagicSplit Bot (crypto) ===
2026-09-05 01:31:01,775 [INFO] Loaded 3 stock rule(s) from config_crypto.json
2026-09-05 01:31:01,775 [INFO] [crypto] 1 rule(s), mode=LIVE
2026-09-05 01:31:01,777 [INFO] === Running crypto engine ===
2026-09-05 01:31:01,777 [INFO] >>> Step 1: Portfolio & Price Fetch
2026-09-05 01:31:02,102 [WARNING] [Upbit] 상폐/KRW미상장 보유 제외 (3건): ['KRW-APENFT', 'KRW-ETHF', 'KRW-ETHW']
2026-09-05 01:31:02,213 [INFO] Fetching real-time prices from Broker...
2026-09-05 01:31:02,340 [INFO] Portfolio: Cash=KRW 2,159,543, Value=KRW 12,309,657
2026-09-05 01:31:02,340 [INFO] >>> Step 2: Load Positions
2026-09-05 01:31:02,342 [INFO] Loaded 9 position lot(s)
2026-09-05 01:31:02,345 [INFO] >>> Step 2.5: Reconcile OK (수량 일치)
2026-09-05 01:31:02,347 [INFO] >>> Processing KRW-USDT
2026-09-05 01:31:02,347 [INFO]   [KRW-USDT] 신호 없음 | Lv7 매수 KRW 1,368 -> 현재 KRW 1,371 (+0.22%) | 익절 +2.0% / 추매 -1.0%
2026-09-05 01:31:02,347 [INFO] >>> Step 6: Persist
2026-09-05 02:30:58,276 [INFO] === Initializing MagicSplit Bot (crypto) ===
2026-09-05 02:30:58,277 [INFO] Loaded 3 stock rule(s) from config_crypto.json
2026-09-05 02:30:58,277 [INFO] [crypto] 1 rule(s), mode=LIVE
2026-09-05 02:30:58,279 [INFO] === Running crypto engine ===
2026-09-05 02:30:58,279 [INFO] >>> Step 1: Portfolio & Price Fetch
2026-09-05 02:30:58,560 [WARNING] [Upbit] 상폐/KRW미상장 보유 제외 (3건): ['KRW-APENFT', 'KRW-ETHF', 'KRW-ETHW']
2026-09-05 02:30:58,660 [INFO] Fetching real-time prices from Broker...
2026-09-05 02:30:58,769 [INFO] Portfolio: Cash=KRW 2,159,543, Value=KRW 12,311,252
2026-09-05 02:30:58,769 [INFO] >>> Step 2: Load Positions
2026-09-05 02:30:58,771 [INFO] Loaded 9 position lot(s)
2026-09-05 02:30:58,774 [INFO] >>> Step 2.5: Reconcile OK (수량 일치)
2026-09-05 02:30:58,776 [INFO] >>> Processing KRW-USDT
2026-09-05 02:30:58,776 [INFO]   [KRW-USDT] 신호 없음 | Lv7 매수 KRW 1,368 -> 현재 KRW 1,371 (+0.22%) | 익절 +2.0% / 추매 -1.0%
2026-09-05 02:30:58,776 [INFO] >>> Step 6: Persist
