2026-08-14 00:31:16,500 [INFO] === Initializing MagicSplit Bot (crypto) ===
2026-08-14 00:31:16,501 [INFO] Loaded 3 stock rule(s) from config_crypto.json
2026-08-14 00:31:16,501 [INFO] [crypto] 1 rule(s), mode=LIVE
2026-08-14 00:31:16,502 [INFO] === Running crypto engine ===
2026-08-14 00:31:16,502 [INFO] >>> Step 1: Portfolio & Price Fetch
2026-08-14 00:31:16,830 [WARNING] [Upbit] 상폐/KRW미상장 보유 제외 (3건): ['KRW-APENFT', 'KRW-ETHF', 'KRW-ETHW']
2026-08-14 00:31:16,935 [INFO] Fetching real-time prices from Broker...
2026-08-14 00:31:17,067 [INFO] Portfolio: Cash=KRW 2,179,543, Value=KRW 10,427,303
2026-08-14 00:31:17,068 [INFO] >>> Step 2: Load Positions
2026-08-14 00:31:17,070 [INFO] Loaded 7 position lot(s)
2026-08-14 00:31:17,072 [INFO] >>> Step 2.5: Reconcile OK (수량 일치)
2026-08-14 00:31:17,073 [INFO] >>> Processing KRW-USDT
2026-08-14 00:31:17,074 [INFO]   [KRW-USDT] 신호 없음 | Lv5 매수 KRW 1,404 -> 현재 KRW 1,412 (+0.57%) | 익절 +2.0% / 추매 -1.0%
2026-08-14 00:31:17,074 [INFO] >>> Step 6: Persist
2026-08-14 01:31:26,675 [INFO] === Initializing MagicSplit Bot (crypto) ===
2026-08-14 01:31:26,675 [INFO] Loaded 3 stock rule(s) from config_crypto.json
2026-08-14 01:31:26,675 [INFO] [crypto] 1 rule(s), mode=LIVE
2026-08-14 01:31:26,676 [INFO] === Running crypto engine ===
2026-08-14 01:31:26,677 [INFO] >>> Step 1: Portfolio & Price Fetch
2026-08-14 01:31:27,041 [WARNING] [Upbit] 상폐/KRW미상장 보유 제외 (3건): ['KRW-APENFT', 'KRW-ETHF', 'KRW-ETHW']
2026-08-14 01:31:27,137 [INFO] Fetching real-time prices from Broker...
2026-08-14 01:31:27,259 [INFO] Portfolio: Cash=KRW 2,179,543, Value=KRW 10,417,618
2026-08-14 01:31:27,259 [INFO] >>> Step 2: Load Positions
2026-08-14 01:31:27,261 [INFO] Loaded 7 position lot(s)
2026-08-14 01:31:27,264 [INFO] >>> Step 2.5: Reconcile OK (수량 일치)
2026-08-14 01:31:27,265 [INFO] >>> Processing KRW-USDT
2026-08-14 01:31:27,266 [INFO]   [KRW-USDT] 신호 없음 | Lv5 매수 KRW 1,404 -> 현재 KRW 1,412 (+0.57%) | 익절 +2.0% / 추매 -1.0%
2026-08-14 01:31:27,266 [INFO] >>> Step 6: Persist
2026-08-14 02:31:19,267 [INFO] === Initializing MagicSplit Bot (crypto) ===
2026-08-14 02:31:19,267 [INFO] Loaded 3 stock rule(s) from config_crypto.json
2026-08-14 02:31:19,267 [INFO] [crypto] 1 rule(s), mode=LIVE
2026-08-14 02:31:19,269 [INFO] === Running crypto engine ===
2026-08-14 02:31:19,269 [INFO] >>> Step 1: Portfolio & Price Fetch
2026-08-14 02:31:19,604 [WARNING] [Upbit] 상폐/KRW미상장 보유 제외 (3건): ['KRW-APENFT', 'KRW-ETHF', 'KRW-ETHW']
2026-08-14 02:31:19,711 [INFO] Fetching real-time prices from Broker...
2026-08-14 02:31:19,819 [INFO] Portfolio: Cash=KRW 2,179,543, Value=KRW 10,423,550
2026-08-14 02:31:19,819 [INFO] >>> Step 2: Load Positions
2026-08-14 02:31:19,821 [INFO] Loaded 7 position lot(s)
2026-08-14 02:31:19,823 [INFO] >>> Step 2.5: Reconcile OK (수량 일치)
2026-08-14 02:31:19,824 [INFO] >>> Processing KRW-USDT
2026-08-14 02:31:19,825 [INFO]   [KRW-USDT] 신호 없음 | Lv5 매수 KRW 1,404 -> 현재 KRW 1,411 (+0.50%) | 익절 +2.0% / 추매 -1.0%
2026-08-14 02:31:19,825 [INFO] >>> Step 6: Persist
