2026-08-12 00:31:14,206 [INFO] === Initializing MagicSplit Bot (crypto) ===
2026-08-12 00:31:14,206 [INFO] Loaded 3 stock rule(s) from config_crypto.json
2026-08-12 00:31:14,206 [INFO] [crypto] 1 rule(s), mode=LIVE
2026-08-12 00:31:14,207 [INFO] === Running crypto engine ===
2026-08-12 00:31:14,207 [INFO] >>> Step 1: Portfolio & Price Fetch
2026-08-12 00:31:14,517 [WARNING] [Upbit] 상폐/KRW미상장 보유 제외 (3건): ['KRW-APENFT', 'KRW-ETHF', 'KRW-ETHW']
2026-08-12 00:31:14,611 [INFO] Fetching real-time prices from Broker...
2026-08-12 00:31:14,715 [INFO] Portfolio: Cash=KRW 2,179,543, Value=KRW 10,415,908
2026-08-12 00:31:14,716 [INFO] >>> Step 2: Load Positions
2026-08-12 00:31:14,717 [INFO] Loaded 7 position lot(s)
2026-08-12 00:31:14,720 [INFO] >>> Step 2.5: Reconcile OK (수량 일치)
2026-08-12 00:31:14,721 [INFO] >>> Processing KRW-USDT
2026-08-12 00:31:14,721 [INFO]   [KRW-USDT] 신호 없음 | Lv5 매수 KRW 1,404 -> 현재 KRW 1,409 (+0.36%) | 익절 +2.0% / 추매 -1.0%
2026-08-12 00:31:14,722 [INFO] >>> Step 6: Persist
2026-08-12 01:31:09,215 [INFO] === Initializing MagicSplit Bot (crypto) ===
2026-08-12 01:31:09,215 [INFO] Loaded 3 stock rule(s) from config_crypto.json
2026-08-12 01:31:09,215 [INFO] [crypto] 1 rule(s), mode=LIVE
2026-08-12 01:31:09,216 [INFO] === Running crypto engine ===
2026-08-12 01:31:09,216 [INFO] >>> Step 1: Portfolio & Price Fetch
2026-08-12 01:31:09,431 [WARNING] [Upbit] 상폐/KRW미상장 보유 제외 (3건): ['KRW-APENFT', 'KRW-ETHF', 'KRW-ETHW']
2026-08-12 01:31:09,539 [INFO] Fetching real-time prices from Broker...
2026-08-12 01:31:09,648 [INFO] Portfolio: Cash=KRW 2,179,543, Value=KRW 10,427,612
2026-08-12 01:31:09,648 [INFO] >>> Step 2: Load Positions
2026-08-12 01:31:09,650 [INFO] Loaded 7 position lot(s)
2026-08-12 01:31:09,651 [INFO] >>> Step 2.5: Reconcile OK (수량 일치)
2026-08-12 01:31:09,652 [INFO] >>> Processing KRW-USDT
2026-08-12 01:31:09,652 [INFO]   [KRW-USDT] 신호 없음 | Lv5 매수 KRW 1,404 -> 현재 KRW 1,409 (+0.36%) | 익절 +2.0% / 추매 -1.0%
2026-08-12 01:31:09,653 [INFO] >>> Step 6: Persist
