2026-07-29 15:03:39,974 [INFO] === Initializing MagicSplit Bot (crypto) ===
2026-07-29 15:03:39,974 [INFO] Loaded 3 stock rule(s) from config_crypto.json
2026-07-29 15:03:39,974 [INFO] [crypto] 1 rule(s), mode=LIVE
2026-07-29 15:03:39,976 [INFO] === Running crypto engine ===
2026-07-29 15:03:39,976 [INFO] >>> Step 1: Portfolio & Price Fetch
2026-07-29 15:03:40,683 [WARNING] [Upbit] 상폐/KRW미상장 보유 제외 (3건): ['KRW-APENFT', 'KRW-ETHF', 'KRW-ETHW']
2026-07-29 15:03:40,794 [INFO] Fetching real-time prices from Broker...
2026-07-29 15:03:40,897 [INFO] Portfolio: Cash=KRW 2,209,543, Value=KRW 10,693,534
2026-07-29 15:03:40,898 [INFO] >>> Step 2: Load Positions
2026-07-29 15:03:41,047 [INFO] Loaded 4 position lot(s)
2026-07-29 15:03:41,259 [INFO] >>> Step 2.5: Reconcile OK (수량 일치)
2026-07-29 15:03:41,545 [INFO] >>> Processing KRW-USDT
2026-07-29 15:03:41,546 [INFO] [KRW-USDT] Lv2 매수가 KRW 1,461 대비 -1.7% -> 추가 매수 Lv3 6.9637883개 @KRW 1,436
2026-07-29 15:03:41,546 [INFO] Executing 1 order(s)...
2026-07-29 15:03:41,546 [INFO] [Upbit] Processing 1 BUY orders...
2026-07-29 15:03:41,628 [INFO] [Upbit] Order sent: BUY KRW-USDT qty=6.9637883 (uuid=aa8c709a-e6ea-464b-a94e-162dac16758e)
2026-07-29 15:03:42,242 [INFO] [Upbit] Order FILLED: KRW-USDT uuid=aa8c709a-e6ea-464b-a94e-162dac16758e qty=6.9637883 @ 1436.0 fee=0.0
2026-07-29 15:03:42,354 [INFO] [Position] New lot: lot_20260729_150342_KRW-USDT_003 Lv3 KRW-USDT 6.9637883개 @KRW 1,436
2026-07-29 15:03:45,478 [WARNING] [Upbit] 상폐/KRW미상장 보유 제외 (3건): ['KRW-APENFT', 'KRW-ETHF', 'KRW-ETHW']
2026-07-29 15:03:45,580 [INFO] >>> Step 6: Persist
2026-07-29 15:31:14,896 [INFO] === Initializing MagicSplit Bot (crypto) ===
2026-07-29 15:31:14,896 [INFO] Loaded 3 stock rule(s) from config_crypto.json
2026-07-29 15:31:14,896 [INFO] [crypto] 1 rule(s), mode=LIVE
2026-07-29 15:31:14,898 [INFO] === Running crypto engine ===
2026-07-29 15:31:14,898 [INFO] >>> Step 1: Portfolio & Price Fetch
2026-07-29 15:31:15,569 [WARNING] [Upbit] 상폐/KRW미상장 보유 제외 (3건): ['KRW-APENFT', 'KRW-ETHF', 'KRW-ETHW']
2026-07-29 15:31:15,667 [INFO] Fetching real-time prices from Broker...
2026-07-29 15:31:15,774 [INFO] Portfolio: Cash=KRW 2,199,543, Value=KRW 10,660,734
2026-07-29 15:31:15,774 [INFO] >>> Step 2: Load Positions
2026-07-29 15:31:15,780 [INFO] Loaded 5 position lot(s)
2026-07-29 15:31:15,796 [INFO] >>> Step 2.5: Reconcile OK (수량 일치)
2026-07-29 15:31:15,798 [INFO] >>> Processing KRW-USDT
2026-07-29 15:31:15,799 [INFO]   [KRW-USDT] 신호 없음 | Lv3 매수 KRW 1,436 -> 현재 KRW 1,436 (+0.00%) | 익절 +2.0% / 추매 -1.0%
2026-07-29 15:31:15,799 [INFO] >>> Step 6: Persist
2026-07-29 16:31:31,093 [INFO] === Initializing MagicSplit Bot (crypto) ===
2026-07-29 16:31:31,108 [INFO] Loaded 3 stock rule(s) from config_crypto.json
2026-07-29 16:31:31,108 [INFO] [crypto] 1 rule(s), mode=LIVE
2026-07-29 16:31:31,109 [INFO] === Running crypto engine ===
2026-07-29 16:31:31,109 [INFO] >>> Step 1: Portfolio & Price Fetch
2026-07-29 16:31:32,196 [WARNING] [Upbit] 상폐/KRW미상장 보유 제외 (3건): ['KRW-APENFT', 'KRW-ETHF', 'KRW-ETHW']
2026-07-29 16:31:32,293 [INFO] Fetching real-time prices from Broker...
2026-07-29 16:31:32,400 [INFO] Portfolio: Cash=KRW 2,199,543, Value=KRW 10,627,758
2026-07-29 16:31:32,400 [INFO] >>> Step 2: Load Positions
2026-07-29 16:31:32,425 [INFO] Loaded 5 position lot(s)
2026-07-29 16:31:32,444 [INFO] >>> Step 2.5: Reconcile OK (수량 일치)
2026-07-29 16:31:32,617 [INFO] >>> Processing KRW-USDT
2026-07-29 16:31:32,620 [INFO]   [KRW-USDT] 신호 없음 | Lv3 매수 KRW 1,436 -> 현재 KRW 1,435 (-0.07%) | 익절 +2.0% / 추매 -1.0%
2026-07-29 16:31:32,620 [INFO] >>> Step 6: Persist
2026-07-29 17:31:23,689 [INFO] === Initializing MagicSplit Bot (crypto) ===
2026-07-29 17:31:23,704 [INFO] Loaded 3 stock rule(s) from config_crypto.json
2026-07-29 17:31:23,704 [INFO] [crypto] 1 rule(s), mode=LIVE
2026-07-29 17:31:23,705 [INFO] === Running crypto engine ===
2026-07-29 17:31:23,706 [INFO] >>> Step 1: Portfolio & Price Fetch
2026-07-29 17:31:24,616 [WARNING] [Upbit] 상폐/KRW미상장 보유 제외 (3건): ['KRW-APENFT', 'KRW-ETHF', 'KRW-ETHW']
2026-07-29 17:31:24,725 [INFO] Fetching real-time prices from Broker...
2026-07-29 17:31:24,832 [INFO] Portfolio: Cash=KRW 2,199,543, Value=KRW 10,633,165
2026-07-29 17:31:24,833 [INFO] >>> Step 2: Load Positions
2026-07-29 17:31:24,949 [INFO] Loaded 5 position lot(s)
2026-07-29 17:31:24,994 [INFO] >>> Step 2.5: Reconcile OK (수량 일치)
2026-07-29 17:31:25,345 [INFO] >>> Processing KRW-USDT
2026-07-29 17:31:25,346 [INFO]   [KRW-USDT] 신호 없음 | Lv3 매수 KRW 1,436 -> 현재 KRW 1,436 (+0.00%) | 익절 +2.0% / 추매 -1.0%
2026-07-29 17:31:25,346 [INFO] >>> Step 6: Persist
2026-07-29 18:31:06,521 [INFO] === Initializing MagicSplit Bot (crypto) ===
2026-07-29 18:31:06,521 [INFO] Loaded 3 stock rule(s) from config_crypto.json
2026-07-29 18:31:06,521 [INFO] [crypto] 1 rule(s), mode=LIVE
2026-07-29 18:31:06,523 [INFO] === Running crypto engine ===
2026-07-29 18:31:06,523 [INFO] >>> Step 1: Portfolio & Price Fetch
2026-07-29 18:31:06,813 [WARNING] [Upbit] 상폐/KRW미상장 보유 제외 (3건): ['KRW-APENFT', 'KRW-ETHF', 'KRW-ETHW']
2026-07-29 18:31:06,927 [INFO] Fetching real-time prices from Broker...
2026-07-29 18:31:07,034 [INFO] Portfolio: Cash=KRW 2,199,543, Value=KRW 10,607,297
2026-07-29 18:31:07,034 [INFO] >>> Step 2: Load Positions
2026-07-29 18:31:07,036 [INFO] Loaded 5 position lot(s)
2026-07-29 18:31:07,038 [INFO] >>> Step 2.5: Reconcile OK (수량 일치)
2026-07-29 18:31:07,039 [INFO] >>> Processing KRW-USDT
2026-07-29 18:31:07,039 [INFO]   [KRW-USDT] 신호 없음 | Lv3 매수 KRW 1,436 -> 현재 KRW 1,436 (+0.00%) | 익절 +2.0% / 추매 -1.0%
2026-07-29 18:31:07,040 [INFO] >>> Step 6: Persist
2026-07-29 19:31:05,012 [INFO] === Initializing MagicSplit Bot (crypto) ===
2026-07-29 19:31:05,012 [INFO] Loaded 3 stock rule(s) from config_crypto.json
2026-07-29 19:31:05,012 [INFO] [crypto] 1 rule(s), mode=LIVE
2026-07-29 19:31:05,013 [INFO] === Running crypto engine ===
2026-07-29 19:31:05,014 [INFO] >>> Step 1: Portfolio & Price Fetch
2026-07-29 19:31:05,339 [WARNING] [Upbit] 상폐/KRW미상장 보유 제외 (3건): ['KRW-APENFT', 'KRW-ETHF', 'KRW-ETHW']
2026-07-29 19:31:05,446 [INFO] Fetching real-time prices from Broker...
2026-07-29 19:31:05,548 [INFO] Portfolio: Cash=KRW 2,199,543, Value=KRW 10,670,385
2026-07-29 19:31:05,548 [INFO] >>> Step 2: Load Positions
2026-07-29 19:31:05,550 [INFO] Loaded 5 position lot(s)
2026-07-29 19:31:05,552 [INFO] >>> Step 2.5: Reconcile OK (수량 일치)
2026-07-29 19:31:05,553 [INFO] >>> Processing KRW-USDT
2026-07-29 19:31:05,553 [INFO]   [KRW-USDT] 신호 없음 | Lv3 매수 KRW 1,436 -> 현재 KRW 1,436 (+0.00%) | 익절 +2.0% / 추매 -1.0%
2026-07-29 19:31:05,554 [INFO] >>> Step 6: Persist
