2026-08-07 00:31:06,704 [INFO] === Initializing MagicSplit Bot (crypto) ===
2026-08-07 00:31:06,704 [INFO] Loaded 3 stock rule(s) from config_crypto.json
2026-08-07 00:31:06,704 [INFO] [crypto] 1 rule(s), mode=LIVE
2026-08-07 00:31:06,705 [INFO] === Running crypto engine ===
2026-08-07 00:31:06,705 [INFO] >>> Step 1: Portfolio & Price Fetch
2026-08-07 00:31:06,880 [WARNING] [Upbit] 상폐/KRW미상장 보유 제외 (3건): ['KRW-APENFT', 'KRW-ETHF', 'KRW-ETHW']
2026-08-07 00:31:06,983 [INFO] Fetching real-time prices from Broker...
2026-08-07 00:31:07,102 [INFO] Portfolio: Cash=KRW 2,189,543, Value=KRW 10,560,310
2026-08-07 00:31:07,103 [INFO] >>> Step 2: Load Positions
2026-08-07 00:31:07,104 [INFO] Loaded 6 position lot(s)
2026-08-07 00:31:07,105 [INFO] >>> Step 2.5: Reconcile OK (수량 일치)
2026-08-07 00:31:07,105 [INFO] >>> Processing KRW-USDT
2026-08-07 00:31:07,106 [INFO]   [KRW-USDT] 신호 없음 | Lv4 매수 KRW 1,418 -> 현재 KRW 1,419 (+0.07%) | 익절 +2.0% / 추매 -1.0%
2026-08-07 00:31:07,106 [INFO] >>> Step 6: Persist
2026-08-07 01:31:11,947 [INFO] === Initializing MagicSplit Bot (crypto) ===
2026-08-07 01:31:11,948 [INFO] Loaded 3 stock rule(s) from config_crypto.json
2026-08-07 01:31:11,948 [INFO] [crypto] 1 rule(s), mode=LIVE
2026-08-07 01:31:11,949 [INFO] === Running crypto engine ===
2026-08-07 01:31:11,949 [INFO] >>> Step 1: Portfolio & Price Fetch
2026-08-07 01:31:12,305 [WARNING] [Upbit] 상폐/KRW미상장 보유 제외 (3건): ['KRW-APENFT', 'KRW-ETHF', 'KRW-ETHW']
2026-08-07 01:31:12,409 [INFO] Fetching real-time prices from Broker...
2026-08-07 01:31:12,514 [INFO] Portfolio: Cash=KRW 2,189,543, Value=KRW 10,551,927
2026-08-07 01:31:12,514 [INFO] >>> Step 2: Load Positions
2026-08-07 01:31:12,515 [INFO] Loaded 6 position lot(s)
2026-08-07 01:31:12,518 [INFO] >>> Step 2.5: Reconcile OK (수량 일치)
2026-08-07 01:31:12,520 [INFO] >>> Processing KRW-USDT
2026-08-07 01:31:12,520 [INFO]   [KRW-USDT] 신호 없음 | Lv4 매수 KRW 1,418 -> 현재 KRW 1,417 (-0.07%) | 익절 +2.0% / 추매 -1.0%
2026-08-07 01:31:12,520 [INFO] >>> Step 6: Persist
2026-08-07 02:31:04,156 [INFO] === Initializing MagicSplit Bot (crypto) ===
2026-08-07 02:31:04,156 [INFO] Loaded 3 stock rule(s) from config_crypto.json
2026-08-07 02:31:04,156 [INFO] [crypto] 1 rule(s), mode=LIVE
2026-08-07 02:31:04,157 [INFO] === Running crypto engine ===
2026-08-07 02:31:04,157 [INFO] >>> Step 1: Portfolio & Price Fetch
2026-08-07 02:31:04,359 [WARNING] [Upbit] 상폐/KRW미상장 보유 제외 (3건): ['KRW-APENFT', 'KRW-ETHF', 'KRW-ETHW']
2026-08-07 02:31:04,451 [INFO] Fetching real-time prices from Broker...
2026-08-07 02:31:04,554 [INFO] Portfolio: Cash=KRW 2,189,543, Value=KRW 10,562,270
2026-08-07 02:31:04,554 [INFO] >>> Step 2: Load Positions
2026-08-07 02:31:04,554 [INFO] Loaded 6 position lot(s)
2026-08-07 02:31:04,555 [INFO] >>> Step 2.5: Reconcile OK (수량 일치)
2026-08-07 02:31:04,556 [INFO] >>> Processing KRW-USDT
2026-08-07 02:31:04,557 [INFO]   [KRW-USDT] 신호 없음 | Lv4 매수 KRW 1,418 -> 현재 KRW 1,416 (-0.14%) | 익절 +2.0% / 추매 -1.0%
2026-08-07 02:31:04,557 [INFO] >>> Step 6: Persist
2026-08-07 03:31:05,473 [INFO] === Initializing MagicSplit Bot (crypto) ===
2026-08-07 03:31:05,473 [INFO] Loaded 3 stock rule(s) from config_crypto.json
2026-08-07 03:31:05,473 [INFO] [crypto] 1 rule(s), mode=LIVE
2026-08-07 03:31:05,474 [INFO] === Running crypto engine ===
2026-08-07 03:31:05,475 [INFO] >>> Step 1: Portfolio & Price Fetch
2026-08-07 03:31:05,653 [WARNING] [Upbit] 상폐/KRW미상장 보유 제외 (3건): ['KRW-APENFT', 'KRW-ETHF', 'KRW-ETHW']
2026-08-07 03:31:05,765 [INFO] Fetching real-time prices from Broker...
2026-08-07 03:31:05,871 [INFO] Portfolio: Cash=KRW 2,189,543, Value=KRW 10,538,148
2026-08-07 03:31:05,871 [INFO] >>> Step 2: Load Positions
2026-08-07 03:31:05,872 [INFO] Loaded 6 position lot(s)
2026-08-07 03:31:05,873 [INFO] >>> Step 2.5: Reconcile OK (수량 일치)
2026-08-07 03:31:05,874 [INFO] >>> Processing KRW-USDT
2026-08-07 03:31:05,874 [INFO]   [KRW-USDT] 신호 없음 | Lv4 매수 KRW 1,418 -> 현재 KRW 1,414 (-0.28%) | 익절 +2.0% / 추매 -1.0%
2026-08-07 03:31:05,874 [INFO] >>> Step 6: Persist
2026-08-07 04:31:17,351 [INFO] === Initializing MagicSplit Bot (crypto) ===
2026-08-07 04:31:17,351 [INFO] Loaded 3 stock rule(s) from config_crypto.json
2026-08-07 04:31:17,351 [INFO] [crypto] 1 rule(s), mode=LIVE
2026-08-07 04:31:17,352 [INFO] === Running crypto engine ===
2026-08-07 04:31:17,352 [INFO] >>> Step 1: Portfolio & Price Fetch
2026-08-07 04:31:17,684 [WARNING] [Upbit] 상폐/KRW미상장 보유 제외 (3건): ['KRW-APENFT', 'KRW-ETHF', 'KRW-ETHW']
2026-08-07 04:31:17,792 [INFO] Fetching real-time prices from Broker...
2026-08-07 04:31:17,898 [INFO] Portfolio: Cash=KRW 2,189,543, Value=KRW 10,536,649
2026-08-07 04:31:17,898 [INFO] >>> Step 2: Load Positions
2026-08-07 04:31:17,899 [INFO] Loaded 6 position lot(s)
2026-08-07 04:31:17,902 [INFO] >>> Step 2.5: Reconcile OK (수량 일치)
2026-08-07 04:31:17,903 [INFO] >>> Processing KRW-USDT
2026-08-07 04:31:17,904 [INFO]   [KRW-USDT] 신호 없음 | Lv4 매수 KRW 1,418 -> 현재 KRW 1,415 (-0.21%) | 익절 +2.0% / 추매 -1.0%
2026-08-07 04:31:17,904 [INFO] >>> Step 6: Persist
2026-08-07 05:31:16,353 [INFO] === Initializing MagicSplit Bot (crypto) ===
2026-08-07 05:31:16,353 [INFO] Loaded 3 stock rule(s) from config_crypto.json
2026-08-07 05:31:16,353 [INFO] [crypto] 1 rule(s), mode=LIVE
2026-08-07 05:31:16,354 [INFO] === Running crypto engine ===
2026-08-07 05:31:16,354 [INFO] >>> Step 1: Portfolio & Price Fetch
2026-08-07 05:31:16,713 [WARNING] [Upbit] 상폐/KRW미상장 보유 제외 (3건): ['KRW-APENFT', 'KRW-ETHF', 'KRW-ETHW']
2026-08-07 05:31:16,824 [INFO] Fetching real-time prices from Broker...
2026-08-07 05:31:16,931 [INFO] Portfolio: Cash=KRW 2,189,543, Value=KRW 10,521,126
2026-08-07 05:31:16,931 [INFO] >>> Step 2: Load Positions
2026-08-07 05:31:16,932 [INFO] Loaded 6 position lot(s)
2026-08-07 05:31:16,935 [INFO] >>> Step 2.5: Reconcile OK (수량 일치)
2026-08-07 05:31:16,936 [INFO] >>> Processing KRW-USDT
2026-08-07 05:31:16,937 [INFO]   [KRW-USDT] 신호 없음 | Lv4 매수 KRW 1,418 -> 현재 KRW 1,412 (-0.42%) | 익절 +2.0% / 추매 -1.0%
2026-08-07 05:31:16,937 [INFO] >>> Step 6: Persist
2026-08-07 06:31:09,476 [INFO] === Initializing MagicSplit Bot (crypto) ===
2026-08-07 06:31:09,476 [INFO] Loaded 3 stock rule(s) from config_crypto.json
2026-08-07 06:31:09,476 [INFO] [crypto] 1 rule(s), mode=LIVE
2026-08-07 06:31:09,477 [INFO] === Running crypto engine ===
2026-08-07 06:31:09,477 [INFO] >>> Step 1: Portfolio & Price Fetch
2026-08-07 06:31:09,672 [WARNING] [Upbit] 상폐/KRW미상장 보유 제외 (3건): ['KRW-APENFT', 'KRW-ETHF', 'KRW-ETHW']
2026-08-07 06:31:09,778 [INFO] Fetching real-time prices from Broker...
2026-08-07 06:31:09,899 [INFO] Portfolio: Cash=KRW 2,189,543, Value=KRW 10,511,094
2026-08-07 06:31:09,899 [INFO] >>> Step 2: Load Positions
2026-08-07 06:31:09,900 [INFO] Loaded 6 position lot(s)
2026-08-07 06:31:09,901 [INFO] >>> Step 2.5: Reconcile OK (수량 일치)
2026-08-07 06:31:09,902 [INFO] >>> Processing KRW-USDT
2026-08-07 06:31:09,902 [INFO]   [KRW-USDT] 신호 없음 | Lv4 매수 KRW 1,418 -> 현재 KRW 1,413 (-0.35%) | 익절 +2.0% / 추매 -1.0%
2026-08-07 06:31:09,902 [INFO] >>> Step 6: Persist
2026-08-07 07:31:15,332 [INFO] === Initializing MagicSplit Bot (crypto) ===
2026-08-07 07:31:15,332 [INFO] Loaded 3 stock rule(s) from config_crypto.json
2026-08-07 07:31:15,333 [INFO] [crypto] 1 rule(s), mode=LIVE
2026-08-07 07:31:15,334 [INFO] === Running crypto engine ===
2026-08-07 07:31:15,334 [INFO] >>> Step 1: Portfolio & Price Fetch
2026-08-07 07:31:15,672 [WARNING] [Upbit] 상폐/KRW미상장 보유 제외 (3건): ['KRW-APENFT', 'KRW-ETHF', 'KRW-ETHW']
2026-08-07 07:31:15,784 [INFO] Fetching real-time prices from Broker...
2026-08-07 07:31:15,885 [INFO] Portfolio: Cash=KRW 2,189,543, Value=KRW 10,536,124
2026-08-07 07:31:15,885 [INFO] >>> Step 2: Load Positions
2026-08-07 07:31:15,886 [INFO] Loaded 6 position lot(s)
2026-08-07 07:31:15,889 [INFO] >>> Step 2.5: Reconcile OK (수량 일치)
2026-08-07 07:31:15,890 [INFO] >>> Processing KRW-USDT
2026-08-07 07:31:15,890 [INFO]   [KRW-USDT] 신호 없음 | Lv4 매수 KRW 1,418 -> 현재 KRW 1,412 (-0.42%) | 익절 +2.0% / 추매 -1.0%
2026-08-07 07:31:15,890 [INFO] >>> Step 6: Persist
2026-08-07 08:31:06,066 [INFO] === Initializing MagicSplit Bot (crypto) ===
2026-08-07 08:31:06,066 [INFO] Loaded 3 stock rule(s) from config_crypto.json
2026-08-07 08:31:06,066 [INFO] [crypto] 1 rule(s), mode=LIVE
2026-08-07 08:31:06,067 [INFO] === Running crypto engine ===
2026-08-07 08:31:06,067 [INFO] >>> Step 1: Portfolio & Price Fetch
2026-08-07 08:31:06,260 [WARNING] [Upbit] 상폐/KRW미상장 보유 제외 (3건): ['KRW-APENFT', 'KRW-ETHF', 'KRW-ETHW']
2026-08-07 08:31:06,372 [INFO] Fetching real-time prices from Broker...
2026-08-07 08:31:06,476 [INFO] Portfolio: Cash=KRW 2,189,543, Value=KRW 10,541,779
2026-08-07 08:31:06,476 [INFO] >>> Step 2: Load Positions
2026-08-07 08:31:06,477 [INFO] Loaded 6 position lot(s)
2026-08-07 08:31:06,478 [INFO] >>> Step 2.5: Reconcile OK (수량 일치)
2026-08-07 08:31:06,479 [INFO] >>> Processing KRW-USDT
2026-08-07 08:31:06,480 [INFO]   [KRW-USDT] 신호 없음 | Lv4 매수 KRW 1,418 -> 현재 KRW 1,412 (-0.42%) | 익절 +2.0% / 추매 -1.0%
2026-08-07 08:31:06,480 [INFO] >>> Step 6: Persist
2026-08-07 09:31:06,133 [INFO] === Initializing MagicSplit Bot (crypto) ===
2026-08-07 09:31:06,133 [INFO] Loaded 3 stock rule(s) from config_crypto.json
2026-08-07 09:31:06,133 [INFO] [crypto] 1 rule(s), mode=LIVE
2026-08-07 09:31:06,135 [INFO] === Running crypto engine ===
2026-08-07 09:31:06,135 [INFO] >>> Step 1: Portfolio & Price Fetch
2026-08-07 09:31:06,339 [WARNING] [Upbit] 상폐/KRW미상장 보유 제외 (3건): ['KRW-APENFT', 'KRW-ETHF', 'KRW-ETHW']
2026-08-07 09:31:06,447 [INFO] Fetching real-time prices from Broker...
2026-08-07 09:31:06,569 [INFO] Portfolio: Cash=KRW 2,189,543, Value=KRW 10,546,700
2026-08-07 09:31:06,569 [INFO] >>> Step 2: Load Positions
2026-08-07 09:31:06,569 [INFO] Loaded 6 position lot(s)
2026-08-07 09:31:06,570 [INFO] >>> Step 2.5: Reconcile OK (수량 일치)
2026-08-07 09:31:06,571 [INFO] >>> Processing KRW-USDT
2026-08-07 09:31:06,572 [INFO]   [KRW-USDT] 신호 없음 | Lv4 매수 KRW 1,418 -> 현재 KRW 1,412 (-0.42%) | 익절 +2.0% / 추매 -1.0%
2026-08-07 09:31:06,572 [INFO] >>> Step 6: Persist
2026-08-07 10:31:17,710 [INFO] === Initializing MagicSplit Bot (crypto) ===
2026-08-07 10:31:17,710 [INFO] Loaded 3 stock rule(s) from config_crypto.json
2026-08-07 10:31:17,710 [INFO] [crypto] 1 rule(s), mode=LIVE
2026-08-07 10:31:17,712 [INFO] === Running crypto engine ===
2026-08-07 10:31:17,712 [INFO] >>> Step 1: Portfolio & Price Fetch
2026-08-07 10:31:18,102 [WARNING] [Upbit] 상폐/KRW미상장 보유 제외 (3건): ['KRW-APENFT', 'KRW-ETHF', 'KRW-ETHW']
2026-08-07 10:31:18,205 [INFO] Fetching real-time prices from Broker...
2026-08-07 10:31:18,309 [INFO] Portfolio: Cash=KRW 2,189,543, Value=KRW 10,577,626
2026-08-07 10:31:18,309 [INFO] >>> Step 2: Load Positions
2026-08-07 10:31:18,310 [INFO] Loaded 6 position lot(s)
2026-08-07 10:31:18,313 [INFO] >>> Step 2.5: Reconcile OK (수량 일치)
2026-08-07 10:31:18,315 [INFO] >>> Processing KRW-USDT
2026-08-07 10:31:18,316 [INFO]   [KRW-USDT] 신호 없음 | Lv4 매수 KRW 1,418 -> 현재 KRW 1,412 (-0.42%) | 익절 +2.0% / 추매 -1.0%
2026-08-07 10:31:18,316 [INFO] >>> Step 6: Persist
2026-08-07 11:31:08,402 [INFO] === Initializing MagicSplit Bot (crypto) ===
2026-08-07 11:31:08,402 [INFO] Loaded 3 stock rule(s) from config_crypto.json
2026-08-07 11:31:08,402 [INFO] [crypto] 1 rule(s), mode=LIVE
2026-08-07 11:31:08,403 [INFO] === Running crypto engine ===
2026-08-07 11:31:08,403 [INFO] >>> Step 1: Portfolio & Price Fetch
2026-08-07 11:31:08,610 [WARNING] [Upbit] 상폐/KRW미상장 보유 제외 (3건): ['KRW-APENFT', 'KRW-ETHF', 'KRW-ETHW']
2026-08-07 11:31:08,700 [INFO] Fetching real-time prices from Broker...
2026-08-07 11:31:08,818 [INFO] Portfolio: Cash=KRW 2,189,543, Value=KRW 10,585,191
2026-08-07 11:31:08,818 [INFO] >>> Step 2: Load Positions
2026-08-07 11:31:08,818 [INFO] Loaded 6 position lot(s)
2026-08-07 11:31:08,819 [INFO] >>> Step 2.5: Reconcile OK (수량 일치)
2026-08-07 11:31:08,820 [INFO] >>> Processing KRW-USDT
2026-08-07 11:31:08,821 [INFO]   [KRW-USDT] 신호 없음 | Lv4 매수 KRW 1,418 -> 현재 KRW 1,411 (-0.49%) | 익절 +2.0% / 추매 -1.0%
2026-08-07 11:31:08,821 [INFO] >>> Step 6: Persist
2026-08-07 12:31:06,970 [INFO] === Initializing MagicSplit Bot (crypto) ===
2026-08-07 12:31:06,970 [INFO] Loaded 3 stock rule(s) from config_crypto.json
2026-08-07 12:31:06,970 [INFO] [crypto] 1 rule(s), mode=LIVE
2026-08-07 12:31:06,972 [INFO] === Running crypto engine ===
2026-08-07 12:31:06,972 [INFO] >>> Step 1: Portfolio & Price Fetch
2026-08-07 12:31:07,219 [WARNING] [Upbit] 상폐/KRW미상장 보유 제외 (3건): ['KRW-APENFT', 'KRW-ETHF', 'KRW-ETHW']
2026-08-07 12:31:07,313 [INFO] Fetching real-time prices from Broker...
2026-08-07 12:31:07,416 [INFO] Portfolio: Cash=KRW 2,189,543, Value=KRW 10,608,452
2026-08-07 12:31:07,416 [INFO] >>> Step 2: Load Positions
2026-08-07 12:31:07,417 [INFO] Loaded 6 position lot(s)
2026-08-07 12:31:07,418 [INFO] >>> Step 2.5: Reconcile OK (수량 일치)
2026-08-07 12:31:07,419 [INFO] >>> Processing KRW-USDT
2026-08-07 12:31:07,420 [INFO]   [KRW-USDT] 신호 없음 | Lv4 매수 KRW 1,418 -> 현재 KRW 1,412 (-0.42%) | 익절 +2.0% / 추매 -1.0%
2026-08-07 12:31:07,420 [INFO] >>> Step 6: Persist
2026-08-07 13:31:16,032 [INFO] === Initializing MagicSplit Bot (crypto) ===
2026-08-07 13:31:16,032 [INFO] Loaded 3 stock rule(s) from config_crypto.json
2026-08-07 13:31:16,032 [INFO] [crypto] 1 rule(s), mode=LIVE
2026-08-07 13:31:16,034 [INFO] === Running crypto engine ===
2026-08-07 13:31:16,034 [INFO] >>> Step 1: Portfolio & Price Fetch
2026-08-07 13:31:16,338 [WARNING] [Upbit] 상폐/KRW미상장 보유 제외 (3건): ['KRW-APENFT', 'KRW-ETHF', 'KRW-ETHW']
2026-08-07 13:31:16,432 [INFO] Fetching real-time prices from Broker...
2026-08-07 13:31:16,553 [INFO] Portfolio: Cash=KRW 2,189,543, Value=KRW 10,613,452
2026-08-07 13:31:16,553 [INFO] >>> Step 2: Load Positions
2026-08-07 13:31:16,554 [INFO] Loaded 6 position lot(s)
2026-08-07 13:31:16,557 [INFO] >>> Step 2.5: Reconcile OK (수량 일치)
2026-08-07 13:31:16,558 [INFO] >>> Processing KRW-USDT
2026-08-07 13:31:16,558 [INFO]   [KRW-USDT] 신호 없음 | Lv4 매수 KRW 1,418 -> 현재 KRW 1,410 (-0.56%) | 익절 +2.0% / 추매 -1.0%
2026-08-07 13:31:16,558 [INFO] >>> Step 6: Persist
2026-08-07 14:31:09,653 [INFO] === Initializing MagicSplit Bot (crypto) ===
2026-08-07 14:31:09,653 [INFO] Loaded 3 stock rule(s) from config_crypto.json
2026-08-07 14:31:09,653 [INFO] [crypto] 1 rule(s), mode=LIVE
2026-08-07 14:31:09,654 [INFO] === Running crypto engine ===
2026-08-07 14:31:09,654 [INFO] >>> Step 1: Portfolio & Price Fetch
2026-08-07 14:31:09,879 [WARNING] [Upbit] 상폐/KRW미상장 보유 제외 (3건): ['KRW-APENFT', 'KRW-ETHF', 'KRW-ETHW']
2026-08-07 14:31:09,983 [INFO] Fetching real-time prices from Broker...
2026-08-07 14:31:10,084 [INFO] Portfolio: Cash=KRW 2,189,543, Value=KRW 10,599,402
2026-08-07 14:31:10,085 [INFO] >>> Step 2: Load Positions
2026-08-07 14:31:10,086 [INFO] Loaded 6 position lot(s)
2026-08-07 14:31:10,087 [INFO] >>> Step 2.5: Reconcile OK (수량 일치)
2026-08-07 14:31:10,088 [INFO] >>> Processing KRW-USDT
2026-08-07 14:31:10,089 [INFO]   [KRW-USDT] 신호 없음 | Lv4 매수 KRW 1,418 -> 현재 KRW 1,406 (-0.85%) | 익절 +2.0% / 추매 -1.0%
2026-08-07 14:31:10,089 [INFO] >>> Step 6: Persist
2026-08-07 15:31:20,584 [INFO] === Initializing MagicSplit Bot (crypto) ===
2026-08-07 15:31:20,584 [INFO] Loaded 3 stock rule(s) from config_crypto.json
2026-08-07 15:31:20,584 [INFO] [crypto] 1 rule(s), mode=LIVE
2026-08-07 15:31:20,585 [INFO] === Running crypto engine ===
2026-08-07 15:31:20,585 [INFO] >>> Step 1: Portfolio & Price Fetch
2026-08-07 15:31:20,915 [WARNING] [Upbit] 상폐/KRW미상장 보유 제외 (3건): ['KRW-APENFT', 'KRW-ETHF', 'KRW-ETHW']
2026-08-07 15:31:21,022 [INFO] Fetching real-time prices from Broker...
2026-08-07 15:31:21,129 [INFO] Portfolio: Cash=KRW 2,189,543, Value=KRW 10,582,247
2026-08-07 15:31:21,129 [INFO] >>> Step 2: Load Positions
2026-08-07 15:31:21,130 [INFO] Loaded 6 position lot(s)
2026-08-07 15:31:21,132 [INFO] >>> Step 2.5: Reconcile OK (수량 일치)
2026-08-07 15:31:21,134 [INFO] >>> Processing KRW-USDT
2026-08-07 15:31:21,134 [INFO]   [KRW-USDT] 신호 없음 | Lv4 매수 KRW 1,418 -> 현재 KRW 1,405 (-0.92%) | 익절 +2.0% / 추매 -1.0%
2026-08-07 15:31:21,134 [INFO] >>> Step 6: Persist
2026-08-07 16:31:26,001 [INFO] === Initializing MagicSplit Bot (crypto) ===
2026-08-07 16:31:26,002 [INFO] Loaded 3 stock rule(s) from config_crypto.json
2026-08-07 16:31:26,002 [INFO] [crypto] 1 rule(s), mode=LIVE
2026-08-07 16:31:26,003 [INFO] === Running crypto engine ===
2026-08-07 16:31:26,003 [INFO] >>> Step 1: Portfolio & Price Fetch
2026-08-07 16:31:26,388 [WARNING] [Upbit] 상폐/KRW미상장 보유 제외 (3건): ['KRW-APENFT', 'KRW-ETHF', 'KRW-ETHW']
2026-08-07 16:31:26,512 [INFO] Fetching real-time prices from Broker...
2026-08-07 16:31:26,630 [INFO] Portfolio: Cash=KRW 2,189,543, Value=KRW 10,574,275
2026-08-07 16:31:26,630 [INFO] >>> Step 2: Load Positions
2026-08-07 16:31:26,632 [INFO] Loaded 6 position lot(s)
2026-08-07 16:31:26,634 [INFO] >>> Step 2.5: Reconcile OK (수량 일치)
2026-08-07 16:31:26,635 [INFO] >>> Processing KRW-USDT
2026-08-07 16:31:26,636 [INFO]   [KRW-USDT] 신호 없음 | Lv4 매수 KRW 1,418 -> 현재 KRW 1,405 (-0.92%) | 익절 +2.0% / 추매 -1.0%
2026-08-07 16:31:26,636 [INFO] >>> Step 6: Persist
2026-08-07 17:31:07,808 [INFO] === Initializing MagicSplit Bot (crypto) ===
2026-08-07 17:31:07,808 [INFO] Loaded 3 stock rule(s) from config_crypto.json
2026-08-07 17:31:07,808 [INFO] [crypto] 1 rule(s), mode=LIVE
2026-08-07 17:31:07,810 [INFO] === Running crypto engine ===
2026-08-07 17:31:07,810 [INFO] >>> Step 1: Portfolio & Price Fetch
2026-08-07 17:31:08,034 [WARNING] [Upbit] 상폐/KRW미상장 보유 제외 (3건): ['KRW-APENFT', 'KRW-ETHF', 'KRW-ETHW']
2026-08-07 17:31:08,146 [INFO] Fetching real-time prices from Broker...
2026-08-07 17:31:08,253 [INFO] Portfolio: Cash=KRW 2,189,543, Value=KRW 10,562,877
2026-08-07 17:31:08,253 [INFO] >>> Step 2: Load Positions
2026-08-07 17:31:08,254 [INFO] Loaded 6 position lot(s)
2026-08-07 17:31:08,255 [INFO] >>> Step 2.5: Reconcile OK (수량 일치)
2026-08-07 17:31:08,256 [INFO] >>> Processing KRW-USDT
2026-08-07 17:31:08,256 [INFO]   [KRW-USDT] 신호 없음 | Lv4 매수 KRW 1,418 -> 현재 KRW 1,405 (-0.92%) | 익절 +2.0% / 추매 -1.0%
2026-08-07 17:31:08,256 [INFO] >>> Step 6: Persist
