2026-08-16 00:31:03,456 [INFO] === Initializing MagicSplit Bot (crypto) ===
2026-08-16 00:31:03,456 [INFO] Loaded 3 stock rule(s) from config_crypto.json
2026-08-16 00:31:03,456 [INFO] [crypto] 1 rule(s), mode=LIVE
2026-08-16 00:31:03,457 [INFO] === Running crypto engine ===
2026-08-16 00:31:03,457 [INFO] >>> Step 1: Portfolio & Price Fetch
2026-08-16 00:31:03,773 [WARNING] [Upbit] 상폐/KRW미상장 보유 제외 (3건): ['KRW-APENFT', 'KRW-ETHF', 'KRW-ETHW']
2026-08-16 00:31:03,872 [INFO] Fetching real-time prices from Broker...
2026-08-16 00:31:03,995 [INFO] Portfolio: Cash=KRW 2,179,543, Value=KRW 10,403,444
2026-08-16 00:31:03,996 [INFO] >>> Step 2: Load Positions
2026-08-16 00:31:03,997 [INFO] Loaded 7 position lot(s)
2026-08-16 00:31:04,000 [INFO] >>> Step 2.5: Reconcile OK (수량 일치)
2026-08-16 00:31:04,001 [INFO] >>> Processing KRW-USDT
2026-08-16 00:31:04,001 [INFO]   [KRW-USDT] 신호 없음 | Lv5 매수 KRW 1,404 -> 현재 KRW 1,415 (+0.78%) | 익절 +2.0% / 추매 -1.0%
2026-08-16 00:31:04,002 [INFO] >>> Step 6: Persist
2026-08-16 01:31:53,680 [INFO] === Initializing MagicSplit Bot (crypto) ===
2026-08-16 01:31:53,680 [INFO] Loaded 3 stock rule(s) from config_crypto.json
2026-08-16 01:31:53,680 [INFO] [crypto] 1 rule(s), mode=LIVE
2026-08-16 01:31:53,683 [INFO] === Running crypto engine ===
2026-08-16 01:31:53,683 [INFO] >>> Step 1: Portfolio & Price Fetch
2026-08-16 01:31:54,284 [WARNING] [Upbit] 상폐/KRW미상장 보유 제외 (3건): ['KRW-APENFT', 'KRW-ETHF', 'KRW-ETHW']
2026-08-16 01:31:54,394 [INFO] Fetching real-time prices from Broker...
2026-08-16 01:31:54,496 [INFO] Portfolio: Cash=KRW 2,179,543, Value=KRW 10,395,615
2026-08-16 01:31:54,496 [INFO] >>> Step 2: Load Positions
2026-08-16 01:31:54,501 [INFO] Loaded 7 position lot(s)
2026-08-16 01:31:54,508 [INFO] >>> Step 2.5: Reconcile OK (수량 일치)
2026-08-16 01:31:54,511 [INFO] >>> Processing KRW-USDT
2026-08-16 01:31:54,513 [INFO]   [KRW-USDT] 신호 없음 | Lv5 매수 KRW 1,404 -> 현재 KRW 1,415 (+0.78%) | 익절 +2.0% / 추매 -1.0%
2026-08-16 01:31:54,513 [INFO] >>> Step 6: Persist
2026-08-16 02:31:07,719 [INFO] === Initializing MagicSplit Bot (crypto) ===
2026-08-16 02:31:07,719 [INFO] Loaded 3 stock rule(s) from config_crypto.json
2026-08-16 02:31:07,719 [INFO] [crypto] 1 rule(s), mode=LIVE
2026-08-16 02:31:07,721 [INFO] === Running crypto engine ===
2026-08-16 02:31:07,721 [INFO] >>> Step 1: Portfolio & Price Fetch
2026-08-16 02:31:08,056 [WARNING] [Upbit] 상폐/KRW미상장 보유 제외 (3건): ['KRW-APENFT', 'KRW-ETHF', 'KRW-ETHW']
2026-08-16 02:31:08,162 [INFO] Fetching real-time prices from Broker...
2026-08-16 02:31:08,273 [INFO] Portfolio: Cash=KRW 2,179,543, Value=KRW 10,399,844
2026-08-16 02:31:08,273 [INFO] >>> Step 2: Load Positions
2026-08-16 02:31:08,275 [INFO] Loaded 7 position lot(s)
2026-08-16 02:31:08,278 [INFO] >>> Step 2.5: Reconcile OK (수량 일치)
2026-08-16 02:31:08,279 [INFO] >>> Processing KRW-USDT
2026-08-16 02:31:08,280 [INFO]   [KRW-USDT] 신호 없음 | Lv5 매수 KRW 1,404 -> 현재 KRW 1,415 (+0.78%) | 익절 +2.0% / 추매 -1.0%
2026-08-16 02:31:08,280 [INFO] >>> Step 6: Persist
2026-08-16 03:31:07,719 [INFO] === Initializing MagicSplit Bot (crypto) ===
2026-08-16 03:31:07,719 [INFO] Loaded 3 stock rule(s) from config_crypto.json
2026-08-16 03:31:07,719 [INFO] [crypto] 1 rule(s), mode=LIVE
2026-08-16 03:31:07,721 [INFO] === Running crypto engine ===
2026-08-16 03:31:07,721 [INFO] >>> Step 1: Portfolio & Price Fetch
2026-08-16 03:31:08,056 [WARNING] [Upbit] 상폐/KRW미상장 보유 제외 (3건): ['KRW-APENFT', 'KRW-ETHF', 'KRW-ETHW']
2026-08-16 03:31:08,154 [INFO] Fetching real-time prices from Broker...
2026-08-16 03:31:08,273 [INFO] Portfolio: Cash=KRW 2,179,543, Value=KRW 10,403,618
2026-08-16 03:31:08,273 [INFO] >>> Step 2: Load Positions
2026-08-16 03:31:08,274 [INFO] Loaded 7 position lot(s)
2026-08-16 03:31:08,277 [INFO] >>> Step 2.5: Reconcile OK (수량 일치)
2026-08-16 03:31:08,278 [INFO] >>> Processing KRW-USDT
2026-08-16 03:31:08,279 [INFO]   [KRW-USDT] 신호 없음 | Lv5 매수 KRW 1,404 -> 현재 KRW 1,415 (+0.78%) | 익절 +2.0% / 추매 -1.0%
2026-08-16 03:31:08,279 [INFO] >>> Step 6: Persist
2026-08-16 04:31:08,555 [INFO] === Initializing MagicSplit Bot (crypto) ===
2026-08-16 04:31:08,555 [INFO] Loaded 3 stock rule(s) from config_crypto.json
2026-08-16 04:31:08,555 [INFO] [crypto] 1 rule(s), mode=LIVE
2026-08-16 04:31:08,556 [INFO] === Running crypto engine ===
2026-08-16 04:31:08,557 [INFO] >>> Step 1: Portfolio & Price Fetch
2026-08-16 04:31:08,901 [WARNING] [Upbit] 상폐/KRW미상장 보유 제외 (3건): ['KRW-APENFT', 'KRW-ETHF', 'KRW-ETHW']
2026-08-16 04:31:09,009 [INFO] Fetching real-time prices from Broker...
2026-08-16 04:31:09,113 [INFO] Portfolio: Cash=KRW 2,179,543, Value=KRW 10,409,290
2026-08-16 04:31:09,113 [INFO] >>> Step 2: Load Positions
2026-08-16 04:31:09,115 [INFO] Loaded 7 position lot(s)
2026-08-16 04:31:09,117 [INFO] >>> Step 2.5: Reconcile OK (수량 일치)
2026-08-16 04:31:09,118 [INFO] >>> Processing KRW-USDT
2026-08-16 04:31:09,119 [INFO]   [KRW-USDT] 신호 없음 | Lv5 매수 KRW 1,404 -> 현재 KRW 1,416 (+0.85%) | 익절 +2.0% / 추매 -1.0%
2026-08-16 04:31:09,119 [INFO] >>> Step 6: Persist
2026-08-16 05:30:59,767 [INFO] === Initializing MagicSplit Bot (crypto) ===
2026-08-16 05:30:59,767 [INFO] Loaded 3 stock rule(s) from config_crypto.json
2026-08-16 05:30:59,767 [INFO] [crypto] 1 rule(s), mode=LIVE
2026-08-16 05:30:59,768 [INFO] === Running crypto engine ===
2026-08-16 05:30:59,768 [INFO] >>> Step 1: Portfolio & Price Fetch
2026-08-16 05:30:59,995 [WARNING] [Upbit] 상폐/KRW미상장 보유 제외 (3건): ['KRW-APENFT', 'KRW-ETHF', 'KRW-ETHW']
2026-08-16 05:31:00,099 [INFO] Fetching real-time prices from Broker...
2026-08-16 05:31:00,201 [INFO] Portfolio: Cash=KRW 2,179,543, Value=KRW 10,408,122
2026-08-16 05:31:00,201 [INFO] >>> Step 2: Load Positions
2026-08-16 05:31:00,202 [INFO] Loaded 7 position lot(s)
2026-08-16 05:31:00,203 [INFO] >>> Step 2.5: Reconcile OK (수량 일치)
2026-08-16 05:31:00,204 [INFO] >>> Processing KRW-USDT
2026-08-16 05:31:00,205 [INFO]   [KRW-USDT] 신호 없음 | Lv5 매수 KRW 1,404 -> 현재 KRW 1,415 (+0.78%) | 익절 +2.0% / 추매 -1.0%
2026-08-16 05:31:00,205 [INFO] >>> Step 6: Persist
2026-08-16 06:30:59,655 [INFO] === Initializing MagicSplit Bot (crypto) ===
2026-08-16 06:30:59,655 [INFO] Loaded 3 stock rule(s) from config_crypto.json
2026-08-16 06:30:59,655 [INFO] [crypto] 1 rule(s), mode=LIVE
2026-08-16 06:30:59,656 [INFO] === Running crypto engine ===
2026-08-16 06:30:59,656 [INFO] >>> Step 1: Portfolio & Price Fetch
2026-08-16 06:30:59,888 [WARNING] [Upbit] 상폐/KRW미상장 보유 제외 (3건): ['KRW-APENFT', 'KRW-ETHF', 'KRW-ETHW']
2026-08-16 06:30:59,985 [INFO] Fetching real-time prices from Broker...
2026-08-16 06:31:00,089 [INFO] Portfolio: Cash=KRW 2,179,543, Value=KRW 10,398,867
2026-08-16 06:31:00,089 [INFO] >>> Step 2: Load Positions
2026-08-16 06:31:00,092 [INFO] Loaded 7 position lot(s)
2026-08-16 06:31:00,095 [INFO] >>> Step 2.5: Reconcile OK (수량 일치)
2026-08-16 06:31:00,096 [INFO] >>> Processing KRW-USDT
2026-08-16 06:31:00,097 [INFO]   [KRW-USDT] 신호 없음 | Lv5 매수 KRW 1,404 -> 현재 KRW 1,415 (+0.78%) | 익절 +2.0% / 추매 -1.0%
2026-08-16 06:31:00,097 [INFO] >>> Step 6: Persist
