2026-08-09 00:31:12,311 [INFO] === Initializing MagicSplit Bot (crypto) ===
2026-08-09 00:31:12,311 [INFO] Loaded 3 stock rule(s) from config_crypto.json
2026-08-09 00:31:12,311 [INFO] [crypto] 1 rule(s), mode=LIVE
2026-08-09 00:31:12,313 [INFO] === Running crypto engine ===
2026-08-09 00:31:12,313 [INFO] >>> Step 1: Portfolio & Price Fetch
2026-08-09 00:31:12,509 [WARNING] [Upbit] 상폐/KRW미상장 보유 제외 (3건): ['KRW-APENFT', 'KRW-ETHF', 'KRW-ETHW']
2026-08-09 00:31:12,615 [INFO] Fetching real-time prices from Broker...
2026-08-09 00:31:12,722 [INFO] Portfolio: Cash=KRW 2,189,543, Value=KRW 10,568,830
2026-08-09 00:31:12,722 [INFO] >>> Step 2: Load Positions
2026-08-09 00:31:12,723 [INFO] Loaded 6 position lot(s)
2026-08-09 00:31:12,724 [INFO] >>> Step 2.5: Reconcile OK (수량 일치)
2026-08-09 00:31:12,725 [INFO] >>> Processing KRW-USDT
2026-08-09 00:31:12,726 [INFO]   [KRW-USDT] 신호 없음 | Lv4 매수 KRW 1,418 -> 현재 KRW 1,405 (-0.92%) | 익절 +2.0% / 추매 -1.0%
2026-08-09 00:31:12,726 [INFO] >>> Step 6: Persist
2026-08-09 01:31:16,321 [INFO] === Initializing MagicSplit Bot (crypto) ===
2026-08-09 01:31:16,321 [INFO] Loaded 3 stock rule(s) from config_crypto.json
2026-08-09 01:31:16,322 [INFO] [crypto] 1 rule(s), mode=LIVE
2026-08-09 01:31:16,323 [INFO] === Running crypto engine ===
2026-08-09 01:31:16,323 [INFO] >>> Step 1: Portfolio & Price Fetch
2026-08-09 01:31:16,668 [WARNING] [Upbit] 상폐/KRW미상장 보유 제외 (3건): ['KRW-APENFT', 'KRW-ETHF', 'KRW-ETHW']
2026-08-09 01:31:16,772 [INFO] Fetching real-time prices from Broker...
2026-08-09 01:31:16,874 [INFO] Portfolio: Cash=KRW 2,189,543, Value=KRW 10,567,177
2026-08-09 01:31:16,875 [INFO] >>> Step 2: Load Positions
2026-08-09 01:31:16,876 [INFO] Loaded 6 position lot(s)
2026-08-09 01:31:16,879 [INFO] >>> Step 2.5: Reconcile OK (수량 일치)
2026-08-09 01:31:16,880 [INFO] >>> Processing KRW-USDT
2026-08-09 01:31:16,880 [INFO]   [KRW-USDT] 신호 없음 | Lv4 매수 KRW 1,418 -> 현재 KRW 1,406 (-0.85%) | 익절 +2.0% / 추매 -1.0%
2026-08-09 01:31:16,880 [INFO] >>> Step 6: Persist
2026-08-09 02:31:05,389 [INFO] === Initializing MagicSplit Bot (crypto) ===
2026-08-09 02:31:05,389 [INFO] Loaded 3 stock rule(s) from config_crypto.json
2026-08-09 02:31:05,389 [INFO] [crypto] 1 rule(s), mode=LIVE
2026-08-09 02:31:05,391 [INFO] === Running crypto engine ===
2026-08-09 02:31:05,391 [INFO] >>> Step 1: Portfolio & Price Fetch
2026-08-09 02:31:05,569 [WARNING] [Upbit] 상폐/KRW미상장 보유 제외 (3건): ['KRW-APENFT', 'KRW-ETHF', 'KRW-ETHW']
2026-08-09 02:31:05,674 [INFO] Fetching real-time prices from Broker...
2026-08-09 02:31:05,782 [INFO] Portfolio: Cash=KRW 2,189,543, Value=KRW 10,563,116
2026-08-09 02:31:05,782 [INFO] >>> Step 2: Load Positions
2026-08-09 02:31:05,783 [INFO] Loaded 6 position lot(s)
2026-08-09 02:31:05,784 [INFO] >>> Step 2.5: Reconcile OK (수량 일치)
2026-08-09 02:31:05,786 [INFO] >>> Processing KRW-USDT
2026-08-09 02:31:05,787 [INFO]   [KRW-USDT] 신호 없음 | Lv4 매수 KRW 1,418 -> 현재 KRW 1,406 (-0.85%) | 익절 +2.0% / 추매 -1.0%
2026-08-09 02:31:05,787 [INFO] >>> Step 6: Persist
