2026-08-25 00:31:08,228 [INFO] === Initializing MagicSplit Bot (crypto) ===
2026-08-25 00:31:08,228 [INFO] Loaded 3 stock rule(s) from config_crypto.json
2026-08-25 00:31:08,228 [INFO] [crypto] 1 rule(s), mode=LIVE
2026-08-25 00:31:08,230 [INFO] === Running crypto engine ===
2026-08-25 00:31:08,230 [INFO] >>> Step 1: Portfolio & Price Fetch
2026-08-25 00:31:08,566 [WARNING] [Upbit] 상폐/KRW미상장 보유 제외 (3건): ['KRW-APENFT', 'KRW-ETHF', 'KRW-ETHW']
2026-08-25 00:31:08,666 [INFO] Fetching real-time prices from Broker...
2026-08-25 00:31:08,776 [INFO] Portfolio: Cash=KRW 2,159,543, Value=KRW 12,310,199
2026-08-25 00:31:08,778 [INFO] >>> Step 2: Load Positions
2026-08-25 00:31:08,780 [INFO] Loaded 9 position lot(s)
2026-08-25 00:31:08,783 [INFO] >>> Step 2.5: Reconcile OK (수량 일치)
2026-08-25 00:31:08,784 [INFO] >>> Processing KRW-USDT
2026-08-25 00:31:08,785 [INFO]   [KRW-USDT] 신호 없음 | Lv7 매수 KRW 1,368 -> 현재 KRW 1,376 (+0.58%) | 익절 +2.0% / 추매 -1.0%
2026-08-25 00:31:08,785 [INFO] >>> Step 6: Persist
2026-08-25 01:31:11,810 [INFO] === Initializing MagicSplit Bot (crypto) ===
2026-08-25 01:31:11,811 [INFO] Loaded 3 stock rule(s) from config_crypto.json
2026-08-25 01:31:11,811 [INFO] [crypto] 1 rule(s), mode=LIVE
2026-08-25 01:31:11,812 [INFO] === Running crypto engine ===
2026-08-25 01:31:11,812 [INFO] >>> Step 1: Portfolio & Price Fetch
2026-08-25 01:31:12,147 [WARNING] [Upbit] 상폐/KRW미상장 보유 제외 (3건): ['KRW-APENFT', 'KRW-ETHF', 'KRW-ETHW']
2026-08-25 01:31:12,260 [INFO] Fetching real-time prices from Broker...
2026-08-25 01:31:12,368 [INFO] Portfolio: Cash=KRW 2,159,543, Value=KRW 12,278,857
2026-08-25 01:31:12,369 [INFO] >>> Step 2: Load Positions
2026-08-25 01:31:12,370 [INFO] Loaded 9 position lot(s)
2026-08-25 01:31:12,373 [INFO] >>> Step 2.5: Reconcile OK (수량 일치)
2026-08-25 01:31:12,374 [INFO] >>> Processing KRW-USDT
2026-08-25 01:31:12,375 [INFO]   [KRW-USDT] 신호 없음 | Lv7 매수 KRW 1,368 -> 현재 KRW 1,375 (+0.51%) | 익절 +2.0% / 추매 -1.0%
2026-08-25 01:31:12,375 [INFO] >>> Step 6: Persist
2026-08-25 02:31:28,166 [INFO] === Initializing MagicSplit Bot (crypto) ===
2026-08-25 02:31:28,167 [INFO] Loaded 3 stock rule(s) from config_crypto.json
2026-08-25 02:31:28,167 [INFO] [crypto] 1 rule(s), mode=LIVE
2026-08-25 02:31:28,169 [INFO] === Running crypto engine ===
2026-08-25 02:31:28,169 [INFO] >>> Step 1: Portfolio & Price Fetch
2026-08-25 02:31:28,559 [WARNING] [Upbit] 상폐/KRW미상장 보유 제외 (3건): ['KRW-APENFT', 'KRW-ETHF', 'KRW-ETHW']
2026-08-25 02:31:28,661 [INFO] Fetching real-time prices from Broker...
2026-08-25 02:31:28,753 [INFO] Portfolio: Cash=KRW 2,159,543, Value=KRW 12,421,524
2026-08-25 02:31:28,753 [INFO] >>> Step 2: Load Positions
2026-08-25 02:31:28,755 [INFO] Loaded 9 position lot(s)
2026-08-25 02:31:28,759 [INFO] >>> Step 2.5: Reconcile OK (수량 일치)
2026-08-25 02:31:28,761 [INFO] >>> Processing KRW-USDT
2026-08-25 02:31:28,762 [INFO]   [KRW-USDT] 신호 없음 | Lv7 매수 KRW 1,368 -> 현재 KRW 1,377 (+0.66%) | 익절 +2.0% / 추매 -1.0%
2026-08-25 02:31:28,762 [INFO] >>> Step 6: Persist
2026-08-25 03:31:07,884 [INFO] === Initializing MagicSplit Bot (crypto) ===
2026-08-25 03:31:07,884 [INFO] Loaded 3 stock rule(s) from config_crypto.json
2026-08-25 03:31:07,884 [INFO] [crypto] 1 rule(s), mode=LIVE
2026-08-25 03:31:07,885 [INFO] === Running crypto engine ===
2026-08-25 03:31:07,886 [INFO] >>> Step 1: Portfolio & Price Fetch
2026-08-25 03:31:08,200 [WARNING] [Upbit] 상폐/KRW미상장 보유 제외 (3건): ['KRW-APENFT', 'KRW-ETHF', 'KRW-ETHW']
2026-08-25 03:31:08,305 [INFO] Fetching real-time prices from Broker...
2026-08-25 03:31:08,415 [INFO] Portfolio: Cash=KRW 2,159,543, Value=KRW 12,523,577
2026-08-25 03:31:08,415 [INFO] >>> Step 2: Load Positions
2026-08-25 03:31:08,417 [INFO] Loaded 9 position lot(s)
2026-08-25 03:31:08,420 [INFO] >>> Step 2.5: Reconcile OK (수량 일치)
2026-08-25 03:31:08,421 [INFO] >>> Processing KRW-USDT
2026-08-25 03:31:08,422 [INFO]   [KRW-USDT] 신호 없음 | Lv7 매수 KRW 1,368 -> 현재 KRW 1,373 (+0.37%) | 익절 +2.0% / 추매 -1.0%
2026-08-25 03:31:08,422 [INFO] >>> Step 6: Persist
2026-08-25 04:31:10,574 [INFO] === Initializing MagicSplit Bot (crypto) ===
2026-08-25 04:31:10,574 [INFO] Loaded 3 stock rule(s) from config_crypto.json
2026-08-25 04:31:10,574 [INFO] [crypto] 1 rule(s), mode=LIVE
2026-08-25 04:31:10,576 [INFO] === Running crypto engine ===
2026-08-25 04:31:10,576 [INFO] >>> Step 1: Portfolio & Price Fetch
2026-08-25 04:31:10,963 [WARNING] [Upbit] 상폐/KRW미상장 보유 제외 (3건): ['KRW-APENFT', 'KRW-ETHF', 'KRW-ETHW']
2026-08-25 04:31:11,064 [INFO] Fetching real-time prices from Broker...
2026-08-25 04:31:11,190 [INFO] Portfolio: Cash=KRW 2,159,543, Value=KRW 12,502,419
2026-08-25 04:31:11,190 [INFO] >>> Step 2: Load Positions
2026-08-25 04:31:11,192 [INFO] Loaded 9 position lot(s)
2026-08-25 04:31:11,195 [INFO] >>> Step 2.5: Reconcile OK (수량 일치)
2026-08-25 04:31:11,196 [INFO] >>> Processing KRW-USDT
2026-08-25 04:31:11,197 [INFO]   [KRW-USDT] 신호 없음 | Lv7 매수 KRW 1,368 -> 현재 KRW 1,377 (+0.66%) | 익절 +2.0% / 추매 -1.0%
2026-08-25 04:31:11,197 [INFO] >>> Step 6: Persist
2026-08-25 05:31:11,241 [INFO] === Initializing MagicSplit Bot (crypto) ===
2026-08-25 05:31:11,241 [INFO] Loaded 3 stock rule(s) from config_crypto.json
2026-08-25 05:31:11,241 [INFO] [crypto] 1 rule(s), mode=LIVE
2026-08-25 05:31:11,243 [INFO] === Running crypto engine ===
2026-08-25 05:31:11,243 [INFO] >>> Step 1: Portfolio & Price Fetch
2026-08-25 05:31:11,547 [WARNING] [Upbit] 상폐/KRW미상장 보유 제외 (3건): ['KRW-APENFT', 'KRW-ETHF', 'KRW-ETHW']
2026-08-25 05:31:11,653 [INFO] Fetching real-time prices from Broker...
2026-08-25 05:31:11,766 [INFO] Portfolio: Cash=KRW 2,159,543, Value=KRW 12,450,820
2026-08-25 05:31:11,766 [INFO] >>> Step 2: Load Positions
2026-08-25 05:31:11,768 [INFO] Loaded 9 position lot(s)
2026-08-25 05:31:11,771 [INFO] >>> Step 2.5: Reconcile OK (수량 일치)
2026-08-25 05:31:11,772 [INFO] >>> Processing KRW-USDT
2026-08-25 05:31:11,773 [INFO]   [KRW-USDT] 신호 없음 | Lv7 매수 KRW 1,368 -> 현재 KRW 1,377 (+0.66%) | 익절 +2.0% / 추매 -1.0%
2026-08-25 05:31:11,773 [INFO] >>> Step 6: Persist
