2026-08-18 15:51:16,460 [INFO] === Initializing MagicSplit Bot (crypto) ===
2026-08-18 15:51:16,460 [INFO] Loaded 3 stock rule(s) from config_crypto.json
2026-08-18 15:51:16,460 [INFO] [crypto] 1 rule(s), mode=LIVE
2026-08-18 15:51:16,462 [INFO] === Running crypto engine ===
2026-08-18 15:51:16,462 [INFO] >>> Step 1: Portfolio & Price Fetch
2026-08-18 15:51:17,415 [WARNING] [Upbit] 상폐/KRW미상장 보유 제외 (3건): ['KRW-APENFT', 'KRW-ETHF', 'KRW-ETHW']
2026-08-18 15:51:17,516 [INFO] Fetching real-time prices from Broker...
2026-08-18 15:51:17,627 [INFO] Portfolio: Cash=KRW 2,179,543, Value=KRW 10,540,373
2026-08-18 15:51:17,627 [INFO] >>> Step 2: Load Positions
2026-08-18 15:51:17,756 [INFO] Loaded 7 position lot(s)
2026-08-18 15:51:17,816 [INFO] >>> Step 2.5: Reconcile OK (수량 일치)
2026-08-18 15:51:18,282 [INFO] >>> Processing KRW-USDT
2026-08-18 15:51:18,295 [INFO]   [KRW-USDT] 신호 없음 | Lv5 매수 KRW 1,404 -> 현재 KRW 1,405 (+0.07%) | 익절 +2.0% / 추매 -1.0%
2026-08-18 15:51:18,296 [INFO] >>> Step 6: Persist
2026-08-18 16:31:36,486 [INFO] === Initializing MagicSplit Bot (crypto) ===
2026-08-18 16:31:36,486 [INFO] Loaded 3 stock rule(s) from config_crypto.json
2026-08-18 16:31:36,486 [INFO] [crypto] 1 rule(s), mode=LIVE
2026-08-18 16:31:36,486 [INFO] === Running crypto engine ===
2026-08-18 16:31:36,486 [INFO] >>> Step 1: Portfolio & Price Fetch
2026-08-18 16:31:36,961 [WARNING] [Upbit] 상폐/KRW미상장 보유 제외 (3건): ['KRW-APENFT', 'KRW-ETHF', 'KRW-ETHW']
2026-08-18 16:31:37,058 [INFO] Fetching real-time prices from Broker...
2026-08-18 16:31:37,168 [INFO] Portfolio: Cash=KRW 2,179,543, Value=KRW 10,545,604
2026-08-18 16:31:37,168 [INFO] >>> Step 2: Load Positions
2026-08-18 16:31:37,172 [INFO] Loaded 7 position lot(s)
2026-08-18 16:31:37,175 [INFO] >>> Step 2.5: Reconcile OK (수량 일치)
2026-08-18 16:31:37,175 [INFO] >>> Processing KRW-USDT
2026-08-18 16:31:37,179 [INFO]   [KRW-USDT] 신호 없음 | Lv5 매수 KRW 1,404 -> 현재 KRW 1,405 (+0.07%) | 익절 +2.0% / 추매 -1.0%
2026-08-18 16:31:37,179 [INFO] >>> Step 6: Persist
2026-08-18 17:31:10,826 [INFO] === Initializing MagicSplit Bot (crypto) ===
2026-08-18 17:31:10,826 [INFO] Loaded 3 stock rule(s) from config_crypto.json
2026-08-18 17:31:10,826 [INFO] [crypto] 1 rule(s), mode=LIVE
2026-08-18 17:31:10,828 [INFO] === Running crypto engine ===
2026-08-18 17:31:10,828 [INFO] >>> Step 1: Portfolio & Price Fetch
2026-08-18 17:31:11,185 [WARNING] [Upbit] 상폐/KRW미상장 보유 제외 (3건): ['KRW-APENFT', 'KRW-ETHF', 'KRW-ETHW']
2026-08-18 17:31:11,297 [INFO] Fetching real-time prices from Broker...
2026-08-18 17:31:11,407 [INFO] Portfolio: Cash=KRW 2,179,543, Value=KRW 10,533,780
2026-08-18 17:31:11,407 [INFO] >>> Step 2: Load Positions
2026-08-18 17:31:11,409 [INFO] Loaded 7 position lot(s)
2026-08-18 17:31:11,412 [INFO] >>> Step 2.5: Reconcile OK (수량 일치)
2026-08-18 17:31:11,413 [INFO] >>> Processing KRW-USDT
2026-08-18 17:31:11,414 [INFO]   [KRW-USDT] 신호 없음 | Lv5 매수 KRW 1,404 -> 현재 KRW 1,406 (+0.14%) | 익절 +2.0% / 추매 -1.0%
2026-08-18 17:31:11,414 [INFO] >>> Step 6: Persist
2026-08-18 18:31:04,482 [INFO] === Initializing MagicSplit Bot (crypto) ===
2026-08-18 18:31:04,482 [INFO] Loaded 3 stock rule(s) from config_crypto.json
2026-08-18 18:31:04,482 [INFO] [crypto] 1 rule(s), mode=LIVE
2026-08-18 18:31:04,484 [INFO] === Running crypto engine ===
2026-08-18 18:31:04,484 [INFO] >>> Step 1: Portfolio & Price Fetch
2026-08-18 18:31:04,770 [WARNING] [Upbit] 상폐/KRW미상장 보유 제외 (3건): ['KRW-APENFT', 'KRW-ETHF', 'KRW-ETHW']
2026-08-18 18:31:04,865 [INFO] Fetching real-time prices from Broker...
2026-08-18 18:31:04,965 [INFO] Portfolio: Cash=KRW 2,179,543, Value=KRW 10,547,367
2026-08-18 18:31:04,965 [INFO] >>> Step 2: Load Positions
2026-08-18 18:31:04,966 [INFO] Loaded 7 position lot(s)
2026-08-18 18:31:04,967 [INFO] >>> Step 2.5: Reconcile OK (수량 일치)
2026-08-18 18:31:04,968 [INFO] >>> Processing KRW-USDT
2026-08-18 18:31:04,969 [INFO]   [KRW-USDT] 신호 없음 | Lv5 매수 KRW 1,404 -> 현재 KRW 1,405 (+0.07%) | 익절 +2.0% / 추매 -1.0%
2026-08-18 18:31:04,969 [INFO] >>> Step 6: Persist
2026-08-18 19:31:00,832 [INFO] === Initializing MagicSplit Bot (crypto) ===
2026-08-18 19:31:00,832 [INFO] Loaded 3 stock rule(s) from config_crypto.json
2026-08-18 19:31:00,832 [INFO] [crypto] 1 rule(s), mode=LIVE
2026-08-18 19:31:00,834 [INFO] === Running crypto engine ===
2026-08-18 19:31:00,834 [INFO] >>> Step 1: Portfolio & Price Fetch
2026-08-18 19:31:01,086 [WARNING] [Upbit] 상폐/KRW미상장 보유 제외 (3건): ['KRW-APENFT', 'KRW-ETHF', 'KRW-ETHW']
2026-08-18 19:31:01,196 [INFO] Fetching real-time prices from Broker...
2026-08-18 19:31:01,306 [INFO] Portfolio: Cash=KRW 2,179,543, Value=KRW 10,542,811
2026-08-18 19:31:01,306 [INFO] >>> Step 2: Load Positions
2026-08-18 19:31:01,309 [INFO] Loaded 7 position lot(s)
2026-08-18 19:31:01,311 [INFO] >>> Step 2.5: Reconcile OK (수량 일치)
2026-08-18 19:31:01,313 [INFO] >>> Processing KRW-USDT
2026-08-18 19:31:01,313 [INFO]   [KRW-USDT] 신호 없음 | Lv5 매수 KRW 1,404 -> 현재 KRW 1,406 (+0.14%) | 익절 +2.0% / 추매 -1.0%
2026-08-18 19:31:01,314 [INFO] >>> Step 6: Persist
