2026-09-06 00:31:07,476 [INFO] === Initializing MagicSplit Bot (crypto) ===
2026-09-06 00:31:07,476 [INFO] Loaded 3 stock rule(s) from config_crypto.json
2026-09-06 00:31:07,476 [INFO] [crypto] 1 rule(s), mode=LIVE
2026-09-06 00:31:07,478 [INFO] === Running crypto engine ===
2026-09-06 00:31:07,478 [INFO] >>> Step 1: Portfolio & Price Fetch
2026-09-06 00:31:07,781 [WARNING] [Upbit] 상폐/KRW미상장 보유 제외 (3건): ['KRW-APENFT', 'KRW-ETHF', 'KRW-ETHW']
2026-09-06 00:31:07,892 [INFO] Fetching real-time prices from Broker...
2026-09-06 00:31:08,002 [INFO] Portfolio: Cash=KRW 2,159,543, Value=KRW 12,303,964
2026-09-06 00:31:08,004 [INFO] >>> Step 2: Load Positions
2026-09-06 00:31:08,006 [INFO] Loaded 9 position lot(s)
2026-09-06 00:31:08,009 [INFO] >>> Step 2.5: Reconcile OK (수량 일치)
2026-09-06 00:31:08,010 [INFO] >>> Processing KRW-USDT
2026-09-06 00:31:08,011 [INFO]   [KRW-USDT] 신호 없음 | Lv7 매수 KRW 1,368 -> 현재 KRW 1,364 (-0.29%) | 익절 +2.0% / 추매 -1.0%
2026-09-06 00:31:08,011 [INFO] >>> Step 6: Persist
2026-09-06 01:31:07,084 [INFO] === Initializing MagicSplit Bot (crypto) ===
2026-09-06 01:31:07,085 [INFO] Loaded 3 stock rule(s) from config_crypto.json
2026-09-06 01:31:07,085 [INFO] [crypto] 1 rule(s), mode=LIVE
2026-09-06 01:31:07,087 [INFO] === Running crypto engine ===
2026-09-06 01:31:07,087 [INFO] >>> Step 1: Portfolio & Price Fetch
2026-09-06 01:31:07,413 [WARNING] [Upbit] 상폐/KRW미상장 보유 제외 (3건): ['KRW-APENFT', 'KRW-ETHF', 'KRW-ETHW']
2026-09-06 01:31:07,517 [INFO] Fetching real-time prices from Broker...
2026-09-06 01:31:07,625 [INFO] Portfolio: Cash=KRW 2,159,543, Value=KRW 12,327,388
2026-09-06 01:31:07,625 [INFO] >>> Step 2: Load Positions
2026-09-06 01:31:07,627 [INFO] Loaded 9 position lot(s)
2026-09-06 01:31:07,631 [INFO] >>> Step 2.5: Reconcile OK (수량 일치)
2026-09-06 01:31:07,632 [INFO] >>> Processing KRW-USDT
2026-09-06 01:31:07,633 [INFO]   [KRW-USDT] 신호 없음 | Lv7 매수 KRW 1,368 -> 현재 KRW 1,366 (-0.15%) | 익절 +2.0% / 추매 -1.0%
2026-09-06 01:31:07,633 [INFO] >>> Step 6: Persist
2026-09-06 02:31:05,837 [INFO] === Initializing MagicSplit Bot (crypto) ===
2026-09-06 02:31:05,837 [INFO] Loaded 3 stock rule(s) from config_crypto.json
2026-09-06 02:31:05,837 [INFO] [crypto] 1 rule(s), mode=LIVE
2026-09-06 02:31:05,840 [INFO] === Running crypto engine ===
2026-09-06 02:31:05,840 [INFO] >>> Step 1: Portfolio & Price Fetch
2026-09-06 02:31:06,175 [WARNING] [Upbit] 상폐/KRW미상장 보유 제외 (3건): ['KRW-APENFT', 'KRW-ETHF', 'KRW-ETHW']
2026-09-06 02:31:06,278 [INFO] Fetching real-time prices from Broker...
2026-09-06 02:31:06,402 [INFO] Portfolio: Cash=KRW 2,159,543, Value=KRW 12,340,187
2026-09-06 02:31:06,402 [INFO] >>> Step 2: Load Positions
2026-09-06 02:31:06,404 [INFO] Loaded 9 position lot(s)
2026-09-06 02:31:06,407 [INFO] >>> Step 2.5: Reconcile OK (수량 일치)
2026-09-06 02:31:06,409 [INFO] >>> Processing KRW-USDT
2026-09-06 02:31:06,410 [INFO]   [KRW-USDT] 신호 없음 | Lv7 매수 KRW 1,368 -> 현재 KRW 1,365 (-0.22%) | 익절 +2.0% / 추매 -1.0%
2026-09-06 02:31:06,410 [INFO] >>> Step 6: Persist
2026-09-06 03:34:54,373 [INFO] === Initializing MagicSplit Bot (crypto) ===
2026-09-06 03:34:54,373 [INFO] Loaded 3 stock rule(s) from config_crypto.json
2026-09-06 03:34:54,373 [INFO] [crypto] 1 rule(s), mode=LIVE
2026-09-06 03:34:54,381 [INFO] === Running crypto engine ===
2026-09-06 03:34:54,381 [INFO] >>> Step 1: Portfolio & Price Fetch
2026-09-06 03:34:56,332 [WARNING] [Upbit] 상폐/KRW미상장 보유 제외 (3건): ['KRW-APENFT', 'KRW-ETHF', 'KRW-ETHW']
2026-09-06 03:34:56,433 [INFO] Fetching real-time prices from Broker...
2026-09-06 03:34:56,539 [INFO] Portfolio: Cash=KRW 2,159,543, Value=KRW 12,342,851
2026-09-06 03:34:56,540 [INFO] >>> Step 2: Load Positions
2026-09-06 03:34:56,588 [INFO] Loaded 9 position lot(s)
2026-09-06 03:34:56,606 [INFO] >>> Step 2.5: Reconcile OK (수량 일치)
2026-09-06 03:34:56,609 [INFO] >>> Processing KRW-USDT
2026-09-06 03:34:56,611 [INFO]   [KRW-USDT] 신호 없음 | Lv7 매수 KRW 1,368 -> 현재 KRW 1,365 (-0.22%) | 익절 +2.0% / 추매 -1.0%
2026-09-06 03:34:56,611 [INFO] >>> Step 6: Persist
2026-09-06 04:31:26,341 [INFO] === Initializing MagicSplit Bot (crypto) ===
2026-09-06 04:31:26,380 [INFO] Loaded 3 stock rule(s) from config_crypto.json
2026-09-06 04:31:26,380 [INFO] [crypto] 1 rule(s), mode=LIVE
2026-09-06 04:31:26,383 [INFO] === Running crypto engine ===
2026-09-06 04:31:26,383 [INFO] >>> Step 1: Portfolio & Price Fetch
2026-09-06 04:31:27,142 [WARNING] [Upbit] 상폐/KRW미상장 보유 제외 (3건): ['KRW-APENFT', 'KRW-ETHF', 'KRW-ETHW']
2026-09-06 04:31:27,250 [INFO] Fetching real-time prices from Broker...
2026-09-06 04:31:27,360 [INFO] Portfolio: Cash=KRW 2,159,543, Value=KRW 12,342,937
2026-09-06 04:31:27,360 [INFO] >>> Step 2: Load Positions
2026-09-06 04:31:27,530 [INFO] Loaded 9 position lot(s)
2026-09-06 04:31:27,809 [INFO] >>> Step 2.5: Reconcile OK (수량 일치)
2026-09-06 04:31:28,141 [INFO] >>> Processing KRW-USDT
2026-09-06 04:31:28,151 [INFO]   [KRW-USDT] 신호 없음 | Lv7 매수 KRW 1,368 -> 현재 KRW 1,366 (-0.15%) | 익절 +2.0% / 추매 -1.0%
2026-09-06 04:31:28,152 [INFO] >>> Step 6: Persist
