2026-08-11 00:31:09,305 [INFO] === Initializing MagicSplit Bot (crypto) ===
2026-08-11 00:31:09,305 [INFO] Loaded 3 stock rule(s) from config_crypto.json
2026-08-11 00:31:09,305 [INFO] [crypto] 1 rule(s), mode=LIVE
2026-08-11 00:31:09,307 [INFO] === Running crypto engine ===
2026-08-11 00:31:09,307 [INFO] >>> Step 1: Portfolio & Price Fetch
2026-08-11 00:31:09,507 [WARNING] [Upbit] 상폐/KRW미상장 보유 제외 (3건): ['KRW-APENFT', 'KRW-ETHF', 'KRW-ETHW']
2026-08-11 00:31:09,608 [INFO] Fetching real-time prices from Broker...
2026-08-11 00:31:09,729 [INFO] Portfolio: Cash=KRW 2,179,543, Value=KRW 10,468,565
2026-08-11 00:31:09,730 [INFO] >>> Step 2: Load Positions
2026-08-11 00:31:09,732 [INFO] Loaded 7 position lot(s)
2026-08-11 00:31:09,733 [INFO] >>> Step 2.5: Reconcile OK (수량 일치)
2026-08-11 00:31:09,734 [INFO] >>> Processing KRW-USDT
2026-08-11 00:31:09,734 [INFO]   [KRW-USDT] 신호 없음 | Lv5 매수 KRW 1,404 -> 현재 KRW 1,413 (+0.64%) | 익절 +2.0% / 추매 -1.0%
2026-08-11 00:31:09,734 [INFO] >>> Step 6: Persist
2026-08-11 01:31:17,061 [INFO] === Initializing MagicSplit Bot (crypto) ===
2026-08-11 01:31:17,061 [INFO] Loaded 3 stock rule(s) from config_crypto.json
2026-08-11 01:31:17,061 [INFO] [crypto] 1 rule(s), mode=LIVE
2026-08-11 01:31:17,062 [INFO] === Running crypto engine ===
2026-08-11 01:31:17,063 [INFO] >>> Step 1: Portfolio & Price Fetch
2026-08-11 01:31:17,408 [WARNING] [Upbit] 상폐/KRW미상장 보유 제외 (3건): ['KRW-APENFT', 'KRW-ETHF', 'KRW-ETHW']
2026-08-11 01:31:17,520 [INFO] Fetching real-time prices from Broker...
2026-08-11 01:31:17,626 [INFO] Portfolio: Cash=KRW 2,179,543, Value=KRW 10,458,369
2026-08-11 01:31:17,626 [INFO] >>> Step 2: Load Positions
2026-08-11 01:31:17,628 [INFO] Loaded 7 position lot(s)
2026-08-11 01:31:17,631 [INFO] >>> Step 2.5: Reconcile OK (수량 일치)
2026-08-11 01:31:17,632 [INFO] >>> Processing KRW-USDT
2026-08-11 01:31:17,632 [INFO]   [KRW-USDT] 신호 없음 | Lv5 매수 KRW 1,404 -> 현재 KRW 1,410 (+0.43%) | 익절 +2.0% / 추매 -1.0%
2026-08-11 01:31:17,632 [INFO] >>> Step 6: Persist
2026-08-11 02:31:07,332 [INFO] === Initializing MagicSplit Bot (crypto) ===
2026-08-11 02:31:07,332 [INFO] Loaded 3 stock rule(s) from config_crypto.json
2026-08-11 02:31:07,332 [INFO] [crypto] 1 rule(s), mode=LIVE
2026-08-11 02:31:07,333 [INFO] === Running crypto engine ===
2026-08-11 02:31:07,334 [INFO] >>> Step 1: Portfolio & Price Fetch
2026-08-11 02:31:07,518 [WARNING] [Upbit] 상폐/KRW미상장 보유 제외 (3건): ['KRW-APENFT', 'KRW-ETHF', 'KRW-ETHW']
2026-08-11 02:31:07,616 [INFO] Fetching real-time prices from Broker...
2026-08-11 02:31:07,721 [INFO] Portfolio: Cash=KRW 2,179,543, Value=KRW 10,452,731
2026-08-11 02:31:07,721 [INFO] >>> Step 2: Load Positions
2026-08-11 02:31:07,721 [INFO] Loaded 7 position lot(s)
2026-08-11 02:31:07,722 [INFO] >>> Step 2.5: Reconcile OK (수량 일치)
2026-08-11 02:31:07,723 [INFO] >>> Processing KRW-USDT
2026-08-11 02:31:07,724 [INFO]   [KRW-USDT] 신호 없음 | Lv5 매수 KRW 1,404 -> 현재 KRW 1,408 (+0.28%) | 익절 +2.0% / 추매 -1.0%
2026-08-11 02:31:07,724 [INFO] >>> Step 6: Persist
2026-08-11 03:31:09,055 [INFO] === Initializing MagicSplit Bot (crypto) ===
2026-08-11 03:31:09,055 [INFO] Loaded 3 stock rule(s) from config_crypto.json
2026-08-11 03:31:09,055 [INFO] [crypto] 1 rule(s), mode=LIVE
2026-08-11 03:31:09,056 [INFO] === Running crypto engine ===
2026-08-11 03:31:09,056 [INFO] >>> Step 1: Portfolio & Price Fetch
2026-08-11 03:31:09,271 [WARNING] [Upbit] 상폐/KRW미상장 보유 제외 (3건): ['KRW-APENFT', 'KRW-ETHF', 'KRW-ETHW']
2026-08-11 03:31:09,384 [INFO] Fetching real-time prices from Broker...
2026-08-11 03:31:09,488 [INFO] Portfolio: Cash=KRW 2,179,543, Value=KRW 10,457,372
2026-08-11 03:31:09,488 [INFO] >>> Step 2: Load Positions
2026-08-11 03:31:09,490 [INFO] Loaded 7 position lot(s)
2026-08-11 03:31:09,491 [INFO] >>> Step 2.5: Reconcile OK (수량 일치)
2026-08-11 03:31:09,492 [INFO] >>> Processing KRW-USDT
2026-08-11 03:31:09,493 [INFO]   [KRW-USDT] 신호 없음 | Lv5 매수 KRW 1,404 -> 현재 KRW 1,408 (+0.28%) | 익절 +2.0% / 추매 -1.0%
2026-08-11 03:31:09,493 [INFO] >>> Step 6: Persist
2026-08-11 04:31:20,140 [INFO] === Initializing MagicSplit Bot (crypto) ===
2026-08-11 04:31:20,141 [INFO] Loaded 3 stock rule(s) from config_crypto.json
2026-08-11 04:31:20,141 [INFO] [crypto] 1 rule(s), mode=LIVE
2026-08-11 04:31:20,142 [INFO] === Running crypto engine ===
2026-08-11 04:31:20,142 [INFO] >>> Step 1: Portfolio & Price Fetch
2026-08-11 04:31:20,496 [WARNING] [Upbit] 상폐/KRW미상장 보유 제외 (3건): ['KRW-APENFT', 'KRW-ETHF', 'KRW-ETHW']
2026-08-11 04:31:20,595 [INFO] Fetching real-time prices from Broker...
2026-08-11 04:31:20,698 [INFO] Portfolio: Cash=KRW 2,179,543, Value=KRW 10,467,809
2026-08-11 04:31:20,698 [INFO] >>> Step 2: Load Positions
2026-08-11 04:31:20,700 [INFO] Loaded 7 position lot(s)
2026-08-11 04:31:20,703 [INFO] >>> Step 2.5: Reconcile OK (수량 일치)
2026-08-11 04:31:20,704 [INFO] >>> Processing KRW-USDT
2026-08-11 04:31:20,705 [INFO]   [KRW-USDT] 신호 없음 | Lv5 매수 KRW 1,404 -> 현재 KRW 1,409 (+0.36%) | 익절 +2.0% / 추매 -1.0%
2026-08-11 04:31:20,705 [INFO] >>> Step 6: Persist
2026-08-11 05:31:05,817 [INFO] === Initializing MagicSplit Bot (crypto) ===
2026-08-11 05:31:05,817 [INFO] Loaded 3 stock rule(s) from config_crypto.json
2026-08-11 05:31:05,817 [INFO] [crypto] 1 rule(s), mode=LIVE
2026-08-11 05:31:05,818 [INFO] === Running crypto engine ===
2026-08-11 05:31:05,818 [INFO] >>> Step 1: Portfolio & Price Fetch
2026-08-11 05:31:06,019 [WARNING] [Upbit] 상폐/KRW미상장 보유 제외 (3건): ['KRW-APENFT', 'KRW-ETHF', 'KRW-ETHW']
2026-08-11 05:31:06,118 [INFO] Fetching real-time prices from Broker...
2026-08-11 05:31:06,225 [INFO] Portfolio: Cash=KRW 2,179,543, Value=KRW 10,460,648
2026-08-11 05:31:06,225 [INFO] >>> Step 2: Load Positions
2026-08-11 05:31:06,225 [INFO] Loaded 7 position lot(s)
2026-08-11 05:31:06,226 [INFO] >>> Step 2.5: Reconcile OK (수량 일치)
2026-08-11 05:31:06,227 [INFO] >>> Processing KRW-USDT
2026-08-11 05:31:06,228 [INFO]   [KRW-USDT] 신호 없음 | Lv5 매수 KRW 1,404 -> 현재 KRW 1,408 (+0.28%) | 익절 +2.0% / 추매 -1.0%
2026-08-11 05:31:06,228 [INFO] >>> Step 6: Persist
