2026-08-04 00:31:07,200 [INFO] === Initializing MagicSplit Bot (crypto) ===
2026-08-04 00:31:07,200 [INFO] Loaded 3 stock rule(s) from config_crypto.json
2026-08-04 00:31:07,200 [INFO] [crypto] 1 rule(s), mode=LIVE
2026-08-04 00:31:07,202 [INFO] === Running crypto engine ===
2026-08-04 00:31:07,202 [INFO] >>> Step 1: Portfolio & Price Fetch
2026-08-04 00:31:07,429 [WARNING] [Upbit] 상폐/KRW미상장 보유 제외 (3건): ['KRW-APENFT', 'KRW-ETHF', 'KRW-ETHW']
2026-08-04 00:31:07,531 [INFO] Fetching real-time prices from Broker...
2026-08-04 00:31:07,640 [INFO] Portfolio: Cash=KRW 2,189,543, Value=KRW 10,474,003
2026-08-04 00:31:07,641 [INFO] >>> Step 2: Load Positions
2026-08-04 00:31:07,641 [INFO] Loaded 6 position lot(s)
2026-08-04 00:31:07,642 [INFO] >>> Step 2.5: Reconcile OK (수량 일치)
2026-08-04 00:31:07,643 [INFO] >>> Processing KRW-USDT
2026-08-04 00:31:07,644 [INFO]   [KRW-USDT] 신호 없음 | Lv4 매수 KRW 1,418 -> 현재 KRW 1,423 (+0.35%) | 익절 +2.0% / 추매 -1.0%
2026-08-04 00:31:07,644 [INFO] >>> Step 6: Persist
2026-08-04 01:31:13,090 [INFO] === Initializing MagicSplit Bot (crypto) ===
2026-08-04 01:31:13,090 [INFO] Loaded 3 stock rule(s) from config_crypto.json
2026-08-04 01:31:13,091 [INFO] [crypto] 1 rule(s), mode=LIVE
2026-08-04 01:31:13,092 [INFO] === Running crypto engine ===
2026-08-04 01:31:13,092 [INFO] >>> Step 1: Portfolio & Price Fetch
2026-08-04 01:31:13,464 [WARNING] [Upbit] 상폐/KRW미상장 보유 제외 (3건): ['KRW-APENFT', 'KRW-ETHF', 'KRW-ETHW']
2026-08-04 01:31:13,585 [INFO] Fetching real-time prices from Broker...
2026-08-04 01:31:13,707 [INFO] Portfolio: Cash=KRW 2,189,543, Value=KRW 10,461,997
2026-08-04 01:31:13,707 [INFO] >>> Step 2: Load Positions
2026-08-04 01:31:13,709 [INFO] Loaded 6 position lot(s)
2026-08-04 01:31:13,711 [INFO] >>> Step 2.5: Reconcile OK (수량 일치)
2026-08-04 01:31:13,712 [INFO] >>> Processing KRW-USDT
2026-08-04 01:31:13,713 [INFO]   [KRW-USDT] 신호 없음 | Lv4 매수 KRW 1,418 -> 현재 KRW 1,424 (+0.42%) | 익절 +2.0% / 추매 -1.0%
2026-08-04 01:31:13,713 [INFO] >>> Step 6: Persist
