2026-08-23 00:31:03,623 [INFO] === Initializing MagicSplit Bot (crypto) ===
2026-08-23 00:31:03,624 [INFO] Loaded 3 stock rule(s) from config_crypto.json
2026-08-23 00:31:03,624 [INFO] [crypto] 1 rule(s), mode=LIVE
2026-08-23 00:31:03,625 [INFO] === Running crypto engine ===
2026-08-23 00:31:03,625 [INFO] >>> Step 1: Portfolio & Price Fetch
2026-08-23 00:31:03,923 [WARNING] [Upbit] 상폐/KRW미상장 보유 제외 (3건): ['KRW-APENFT', 'KRW-ETHF', 'KRW-ETHW']
2026-08-23 00:31:04,024 [INFO] Fetching real-time prices from Broker...
2026-08-23 00:31:04,132 [INFO] Portfolio: Cash=KRW 2,159,543, Value=KRW 12,008,515
2026-08-23 00:31:04,133 [INFO] >>> Step 2: Load Positions
2026-08-23 00:31:04,135 [INFO] Loaded 9 position lot(s)
2026-08-23 00:31:04,138 [INFO] >>> Step 2.5: Reconcile OK (수량 일치)
2026-08-23 00:31:04,139 [INFO] >>> Processing KRW-USDT
2026-08-23 00:31:04,140 [INFO]   [KRW-USDT] 신호 없음 | Lv7 매수 KRW 1,368 -> 현재 KRW 1,370 (+0.15%) | 익절 +2.0% / 추매 -1.0%
2026-08-23 00:31:04,140 [INFO] >>> Step 6: Persist
2026-08-23 01:31:03,675 [INFO] === Initializing MagicSplit Bot (crypto) ===
2026-08-23 01:31:03,675 [INFO] Loaded 3 stock rule(s) from config_crypto.json
2026-08-23 01:31:03,675 [INFO] [crypto] 1 rule(s), mode=LIVE
2026-08-23 01:31:03,677 [INFO] === Running crypto engine ===
2026-08-23 01:31:03,677 [INFO] >>> Step 1: Portfolio & Price Fetch
2026-08-23 01:31:04,062 [WARNING] [Upbit] 상폐/KRW미상장 보유 제외 (3건): ['KRW-APENFT', 'KRW-ETHF', 'KRW-ETHW']
2026-08-23 01:31:04,167 [INFO] Fetching real-time prices from Broker...
2026-08-23 01:31:04,275 [INFO] Portfolio: Cash=KRW 2,159,543, Value=KRW 12,079,543
2026-08-23 01:31:04,275 [INFO] >>> Step 2: Load Positions
2026-08-23 01:31:04,277 [INFO] Loaded 9 position lot(s)
2026-08-23 01:31:04,280 [INFO] >>> Step 2.5: Reconcile OK (수량 일치)
2026-08-23 01:31:04,281 [INFO] >>> Processing KRW-USDT
2026-08-23 01:31:04,282 [INFO]   [KRW-USDT] 신호 없음 | Lv7 매수 KRW 1,368 -> 현재 KRW 1,374 (+0.44%) | 익절 +2.0% / 추매 -1.0%
2026-08-23 01:31:04,282 [INFO] >>> Step 6: Persist
