2026-08-30 00:31:12,050 [INFO] === Initializing MagicSplit Bot (crypto) ===
2026-08-30 00:31:12,051 [INFO] Loaded 3 stock rule(s) from config_crypto.json
2026-08-30 00:31:12,051 [INFO] [crypto] 1 rule(s), mode=LIVE
2026-08-30 00:31:12,053 [INFO] === Running crypto engine ===
2026-08-30 00:31:12,053 [INFO] >>> Step 1: Portfolio & Price Fetch
2026-08-30 00:31:12,424 [WARNING] [Upbit] 상폐/KRW미상장 보유 제외 (3건): ['KRW-APENFT', 'KRW-ETHF', 'KRW-ETHW']
2026-08-30 00:31:12,532 [INFO] Fetching real-time prices from Broker...
2026-08-30 00:31:12,657 [INFO] Portfolio: Cash=KRW 2,159,543, Value=KRW 12,316,826
2026-08-30 00:31:12,659 [INFO] >>> Step 2: Load Positions
2026-08-30 00:31:12,661 [INFO] Loaded 9 position lot(s)
2026-08-30 00:31:12,664 [INFO] >>> Step 2.5: Reconcile OK (수량 일치)
2026-08-30 00:31:12,665 [INFO] >>> Processing KRW-USDT
2026-08-30 00:31:12,666 [INFO]   [KRW-USDT] 신호 없음 | Lv7 매수 KRW 1,368 -> 현재 KRW 1,390 (+1.61%) | 익절 +2.0% / 추매 -1.0%
2026-08-30 00:31:12,666 [INFO] >>> Step 6: Persist
2026-08-30 01:31:09,318 [INFO] === Initializing MagicSplit Bot (crypto) ===
2026-08-30 01:31:09,318 [INFO] Loaded 3 stock rule(s) from config_crypto.json
2026-08-30 01:31:09,319 [INFO] [crypto] 1 rule(s), mode=LIVE
2026-08-30 01:31:09,320 [INFO] === Running crypto engine ===
2026-08-30 01:31:09,321 [INFO] >>> Step 1: Portfolio & Price Fetch
2026-08-30 01:31:09,672 [WARNING] [Upbit] 상폐/KRW미상장 보유 제외 (3건): ['KRW-APENFT', 'KRW-ETHF', 'KRW-ETHW']
2026-08-30 01:31:09,771 [INFO] Fetching real-time prices from Broker...
2026-08-30 01:31:09,883 [INFO] Portfolio: Cash=KRW 2,159,543, Value=KRW 12,324,715
2026-08-30 01:31:09,883 [INFO] >>> Step 2: Load Positions
2026-08-30 01:31:09,885 [INFO] Loaded 9 position lot(s)
2026-08-30 01:31:09,888 [INFO] >>> Step 2.5: Reconcile OK (수량 일치)
2026-08-30 01:31:09,890 [INFO] >>> Processing KRW-USDT
2026-08-30 01:31:09,890 [INFO]   [KRW-USDT] 신호 없음 | Lv7 매수 KRW 1,368 -> 현재 KRW 1,391 (+1.68%) | 익절 +2.0% / 추매 -1.0%
2026-08-30 01:31:09,890 [INFO] >>> Step 6: Persist
