2026-08-26 00:31:08,486 [INFO] === Initializing MagicSplit Bot (crypto) ===
2026-08-26 00:31:08,486 [INFO] Loaded 3 stock rule(s) from config_crypto.json
2026-08-26 00:31:08,486 [INFO] [crypto] 1 rule(s), mode=LIVE
2026-08-26 00:31:08,488 [INFO] === Running crypto engine ===
2026-08-26 00:31:08,488 [INFO] >>> Step 1: Portfolio & Price Fetch
2026-08-26 00:31:08,919 [WARNING] [Upbit] 상폐/KRW미상장 보유 제외 (3건): ['KRW-APENFT', 'KRW-ETHF', 'KRW-ETHW']
2026-08-26 00:31:09,025 [INFO] Fetching real-time prices from Broker...
2026-08-26 00:31:09,137 [INFO] Portfolio: Cash=KRW 2,159,543, Value=KRW 12,349,243
2026-08-26 00:31:09,138 [INFO] >>> Step 2: Load Positions
2026-08-26 00:31:09,140 [INFO] Loaded 9 position lot(s)
2026-08-26 00:31:09,144 [INFO] >>> Step 2.5: Reconcile OK (수량 일치)
2026-08-26 00:31:09,145 [INFO] >>> Processing KRW-USDT
2026-08-26 00:31:09,147 [INFO]   [KRW-USDT] 신호 없음 | Lv7 매수 KRW 1,368 -> 현재 KRW 1,390 (+1.61%) | 익절 +2.0% / 추매 -1.0%
2026-08-26 00:31:09,147 [INFO] >>> Step 6: Persist
2026-08-26 01:31:02,181 [INFO] === Initializing MagicSplit Bot (crypto) ===
2026-08-26 01:31:02,181 [INFO] Loaded 3 stock rule(s) from config_crypto.json
2026-08-26 01:31:02,181 [INFO] [crypto] 1 rule(s), mode=LIVE
2026-08-26 01:31:02,183 [INFO] === Running crypto engine ===
2026-08-26 01:31:02,183 [INFO] >>> Step 1: Portfolio & Price Fetch
2026-08-26 01:31:02,570 [WARNING] [Upbit] 상폐/KRW미상장 보유 제외 (3건): ['KRW-APENFT', 'KRW-ETHF', 'KRW-ETHW']
2026-08-26 01:31:02,683 [INFO] Fetching real-time prices from Broker...
2026-08-26 01:31:02,791 [INFO] Portfolio: Cash=KRW 2,159,543, Value=KRW 12,347,935
2026-08-26 01:31:02,792 [INFO] >>> Step 2: Load Positions
2026-08-26 01:31:02,794 [INFO] Loaded 9 position lot(s)
2026-08-26 01:31:02,797 [INFO] >>> Step 2.5: Reconcile OK (수량 일치)
2026-08-26 01:31:02,798 [INFO] >>> Processing KRW-USDT
2026-08-26 01:31:02,799 [INFO]   [KRW-USDT] 신호 없음 | Lv7 매수 KRW 1,368 -> 현재 KRW 1,391 (+1.68%) | 익절 +2.0% / 추매 -1.0%
2026-08-26 01:31:02,799 [INFO] >>> Step 6: Persist
