2026-08-19 00:30:59,305 [INFO] === Initializing MagicSplit Bot (crypto) ===
2026-08-19 00:30:59,305 [INFO] Loaded 3 stock rule(s) from config_crypto.json
2026-08-19 00:30:59,305 [INFO] [crypto] 1 rule(s), mode=LIVE
2026-08-19 00:30:59,307 [INFO] === Running crypto engine ===
2026-08-19 00:30:59,307 [INFO] >>> Step 1: Portfolio & Price Fetch
2026-08-19 00:30:59,606 [WARNING] [Upbit] 상폐/KRW미상장 보유 제외 (3건): ['KRW-APENFT', 'KRW-ETHF', 'KRW-ETHW']
2026-08-19 00:30:59,716 [INFO] Fetching real-time prices from Broker...
2026-08-19 00:30:59,819 [INFO] Portfolio: Cash=KRW 2,179,543, Value=KRW 10,530,240
2026-08-19 00:30:59,820 [INFO] >>> Step 2: Load Positions
2026-08-19 00:30:59,823 [INFO] Loaded 7 position lot(s)
2026-08-19 00:30:59,826 [INFO] >>> Step 2.5: Reconcile OK (수량 일치)
2026-08-19 00:30:59,827 [INFO] >>> Processing KRW-USDT
2026-08-19 00:30:59,828 [INFO]   [KRW-USDT] 신호 없음 | Lv5 매수 KRW 1,404 -> 현재 KRW 1,404 (-0.00%) | 익절 +2.0% / 추매 -1.0%
2026-08-19 00:30:59,828 [INFO] >>> Step 6: Persist
2026-08-19 01:31:02,162 [INFO] === Initializing MagicSplit Bot (crypto) ===
2026-08-19 01:31:02,162 [INFO] Loaded 3 stock rule(s) from config_crypto.json
2026-08-19 01:31:02,162 [INFO] [crypto] 1 rule(s), mode=LIVE
2026-08-19 01:31:02,163 [INFO] === Running crypto engine ===
2026-08-19 01:31:02,164 [INFO] >>> Step 1: Portfolio & Price Fetch
2026-08-19 01:31:02,417 [WARNING] [Upbit] 상폐/KRW미상장 보유 제외 (3건): ['KRW-APENFT', 'KRW-ETHF', 'KRW-ETHW']
2026-08-19 01:31:02,523 [INFO] Fetching real-time prices from Broker...
2026-08-19 01:31:02,631 [INFO] Portfolio: Cash=KRW 2,179,543, Value=KRW 10,515,792
2026-08-19 01:31:02,631 [INFO] >>> Step 2: Load Positions
2026-08-19 01:31:02,632 [INFO] Loaded 7 position lot(s)
2026-08-19 01:31:02,634 [INFO] >>> Step 2.5: Reconcile OK (수량 일치)
2026-08-19 01:31:02,635 [INFO] >>> Processing KRW-USDT
2026-08-19 01:31:02,636 [INFO]   [KRW-USDT] 신호 없음 | Lv5 매수 KRW 1,404 -> 현재 KRW 1,403 (-0.07%) | 익절 +2.0% / 추매 -1.0%
2026-08-19 01:31:02,636 [INFO] >>> Step 6: Persist
