2026-09-02 00:31:13,941 [INFO] === Initializing MagicSplit Bot (crypto) ===
2026-09-02 00:31:13,942 [INFO] Loaded 3 stock rule(s) from config_crypto.json
2026-09-02 00:31:13,942 [INFO] [crypto] 1 rule(s), mode=LIVE
2026-09-02 00:31:13,943 [INFO] === Running crypto engine ===
2026-09-02 00:31:13,943 [INFO] >>> Step 1: Portfolio & Price Fetch
2026-09-02 00:31:14,303 [WARNING] [Upbit] 상폐/KRW미상장 보유 제외 (3건): ['KRW-APENFT', 'KRW-ETHF', 'KRW-ETHW']
2026-09-02 00:31:14,415 [INFO] Fetching real-time prices from Broker...
2026-09-02 00:31:14,523 [INFO] Portfolio: Cash=KRW 2,159,543, Value=KRW 12,139,964
2026-09-02 00:31:14,524 [INFO] >>> Step 2: Load Positions
2026-09-02 00:31:14,526 [INFO] Loaded 9 position lot(s)
2026-09-02 00:31:14,532 [INFO] >>> Step 2.5: Reconcile OK (수량 일치)
2026-09-02 00:31:14,534 [INFO] >>> Processing KRW-USDT
2026-09-02 00:31:14,535 [INFO]   [KRW-USDT] 신호 없음 | Lv7 매수 KRW 1,368 -> 현재 KRW 1,384 (+1.17%) | 익절 +2.0% / 추매 -1.0%
2026-09-02 00:31:14,535 [INFO] >>> Step 6: Persist
2026-09-02 01:31:33,103 [INFO] === Initializing MagicSplit Bot (crypto) ===
2026-09-02 01:31:33,103 [INFO] Loaded 3 stock rule(s) from config_crypto.json
2026-09-02 01:31:33,103 [INFO] [crypto] 1 rule(s), mode=LIVE
2026-09-02 01:31:33,107 [INFO] === Running crypto engine ===
2026-09-02 01:31:33,107 [INFO] >>> Step 1: Portfolio & Price Fetch
2026-09-02 01:31:33,583 [WARNING] [Upbit] 상폐/KRW미상장 보유 제외 (3건): ['KRW-APENFT', 'KRW-ETHF', 'KRW-ETHW']
2026-09-02 01:31:33,696 [INFO] Fetching real-time prices from Broker...
2026-09-02 01:31:33,806 [INFO] Portfolio: Cash=KRW 2,159,543, Value=KRW 12,112,135
2026-09-02 01:31:33,806 [INFO] >>> Step 2: Load Positions
2026-09-02 01:31:33,809 [INFO] Loaded 9 position lot(s)
2026-09-02 01:31:33,815 [INFO] >>> Step 2.5: Reconcile OK (수량 일치)
2026-09-02 01:31:33,817 [INFO] >>> Processing KRW-USDT
2026-09-02 01:31:33,818 [INFO]   [KRW-USDT] 신호 없음 | Lv7 매수 KRW 1,368 -> 현재 KRW 1,383 (+1.10%) | 익절 +2.0% / 추매 -1.0%
2026-09-02 01:31:33,818 [INFO] >>> Step 6: Persist
