2026-08-15 00:31:14,470 [INFO] === Initializing MagicSplit Bot (crypto) ===
2026-08-15 00:31:14,470 [INFO] Loaded 3 stock rule(s) from config_crypto.json
2026-08-15 00:31:14,470 [INFO] [crypto] 1 rule(s), mode=LIVE
2026-08-15 00:31:14,472 [INFO] === Running crypto engine ===
2026-08-15 00:31:14,472 [INFO] >>> Step 1: Portfolio & Price Fetch
2026-08-15 00:31:14,799 [WARNING] [Upbit] 상폐/KRW미상장 보유 제외 (3건): ['KRW-APENFT', 'KRW-ETHF', 'KRW-ETHW']
2026-08-15 00:31:14,899 [INFO] Fetching real-time prices from Broker...
2026-08-15 00:31:15,007 [INFO] Portfolio: Cash=KRW 2,179,543, Value=KRW 10,386,552
2026-08-15 00:31:15,008 [INFO] >>> Step 2: Load Positions
2026-08-15 00:31:15,009 [INFO] Loaded 7 position lot(s)
2026-08-15 00:31:15,013 [INFO] >>> Step 2.5: Reconcile OK (수량 일치)
2026-08-15 00:31:15,014 [INFO] >>> Processing KRW-USDT
2026-08-15 00:31:15,015 [INFO]   [KRW-USDT] 신호 없음 | Lv5 매수 KRW 1,404 -> 현재 KRW 1,415 (+0.78%) | 익절 +2.0% / 추매 -1.0%
2026-08-15 00:31:15,015 [INFO] >>> Step 6: Persist
2026-08-15 01:31:10,799 [INFO] === Initializing MagicSplit Bot (crypto) ===
2026-08-15 01:31:10,799 [INFO] Loaded 3 stock rule(s) from config_crypto.json
2026-08-15 01:31:10,799 [INFO] [crypto] 1 rule(s), mode=LIVE
2026-08-15 01:31:10,801 [INFO] === Running crypto engine ===
2026-08-15 01:31:10,801 [INFO] >>> Step 1: Portfolio & Price Fetch
2026-08-15 01:31:11,142 [WARNING] [Upbit] 상폐/KRW미상장 보유 제외 (3건): ['KRW-APENFT', 'KRW-ETHF', 'KRW-ETHW']
2026-08-15 01:31:11,254 [INFO] Fetching real-time prices from Broker...
2026-08-15 01:31:11,362 [INFO] Portfolio: Cash=KRW 2,179,543, Value=KRW 10,389,361
2026-08-15 01:31:11,362 [INFO] >>> Step 2: Load Positions
2026-08-15 01:31:11,364 [INFO] Loaded 7 position lot(s)
2026-08-15 01:31:11,368 [INFO] >>> Step 2.5: Reconcile OK (수량 일치)
2026-08-15 01:31:11,369 [INFO] >>> Processing KRW-USDT
2026-08-15 01:31:11,370 [INFO]   [KRW-USDT] 신호 없음 | Lv5 매수 KRW 1,404 -> 현재 KRW 1,415 (+0.78%) | 익절 +2.0% / 추매 -1.0%
2026-08-15 01:31:11,370 [INFO] >>> Step 6: Persist
2026-08-15 02:31:17,697 [INFO] === Initializing MagicSplit Bot (crypto) ===
2026-08-15 02:31:17,698 [INFO] Loaded 3 stock rule(s) from config_crypto.json
2026-08-15 02:31:17,698 [INFO] [crypto] 1 rule(s), mode=LIVE
2026-08-15 02:31:17,699 [INFO] === Running crypto engine ===
2026-08-15 02:31:17,699 [INFO] >>> Step 1: Portfolio & Price Fetch
2026-08-15 02:31:18,058 [WARNING] [Upbit] 상폐/KRW미상장 보유 제외 (3건): ['KRW-APENFT', 'KRW-ETHF', 'KRW-ETHW']
2026-08-15 02:31:18,168 [INFO] Fetching real-time prices from Broker...
2026-08-15 02:31:18,275 [INFO] Portfolio: Cash=KRW 2,179,543, Value=KRW 10,392,189
2026-08-15 02:31:18,275 [INFO] >>> Step 2: Load Positions
2026-08-15 02:31:18,277 [INFO] Loaded 7 position lot(s)
2026-08-15 02:31:18,280 [INFO] >>> Step 2.5: Reconcile OK (수량 일치)
2026-08-15 02:31:18,281 [INFO] >>> Processing KRW-USDT
2026-08-15 02:31:18,281 [INFO]   [KRW-USDT] 신호 없음 | Lv5 매수 KRW 1,404 -> 현재 KRW 1,415 (+0.78%) | 익절 +2.0% / 추매 -1.0%
2026-08-15 02:31:18,282 [INFO] >>> Step 6: Persist
2026-08-15 03:31:10,611 [INFO] === Initializing MagicSplit Bot (crypto) ===
2026-08-15 03:31:10,611 [INFO] Loaded 3 stock rule(s) from config_crypto.json
2026-08-15 03:31:10,611 [INFO] [crypto] 1 rule(s), mode=LIVE
2026-08-15 03:31:10,613 [INFO] === Running crypto engine ===
2026-08-15 03:31:10,613 [INFO] >>> Step 1: Portfolio & Price Fetch
2026-08-15 03:31:10,915 [WARNING] [Upbit] 상폐/KRW미상장 보유 제외 (3건): ['KRW-APENFT', 'KRW-ETHF', 'KRW-ETHW']
2026-08-15 03:31:11,012 [INFO] Fetching real-time prices from Broker...
2026-08-15 03:31:11,137 [INFO] Portfolio: Cash=KRW 2,179,543, Value=KRW 10,399,024
2026-08-15 03:31:11,137 [INFO] >>> Step 2: Load Positions
2026-08-15 03:31:11,138 [INFO] Loaded 7 position lot(s)
2026-08-15 03:31:11,141 [INFO] >>> Step 2.5: Reconcile OK (수량 일치)
2026-08-15 03:31:11,142 [INFO] >>> Processing KRW-USDT
2026-08-15 03:31:11,143 [INFO]   [KRW-USDT] 신호 없음 | Lv5 매수 KRW 1,404 -> 현재 KRW 1,414 (+0.71%) | 익절 +2.0% / 추매 -1.0%
2026-08-15 03:31:11,143 [INFO] >>> Step 6: Persist
2026-08-15 04:31:09,468 [INFO] === Initializing MagicSplit Bot (crypto) ===
2026-08-15 04:31:09,468 [INFO] Loaded 3 stock rule(s) from config_crypto.json
2026-08-15 04:31:09,468 [INFO] [crypto] 1 rule(s), mode=LIVE
2026-08-15 04:31:09,469 [INFO] === Running crypto engine ===
2026-08-15 04:31:09,469 [INFO] >>> Step 1: Portfolio & Price Fetch
2026-08-15 04:31:09,836 [WARNING] [Upbit] 상폐/KRW미상장 보유 제외 (3건): ['KRW-APENFT', 'KRW-ETHF', 'KRW-ETHW']
2026-08-15 04:31:09,943 [INFO] Fetching real-time prices from Broker...
2026-08-15 04:31:10,046 [INFO] Portfolio: Cash=KRW 2,179,543, Value=KRW 10,403,276
2026-08-15 04:31:10,046 [INFO] >>> Step 2: Load Positions
2026-08-15 04:31:10,048 [INFO] Loaded 7 position lot(s)
2026-08-15 04:31:10,051 [INFO] >>> Step 2.5: Reconcile OK (수량 일치)
2026-08-15 04:31:10,052 [INFO] >>> Processing KRW-USDT
2026-08-15 04:31:10,053 [INFO]   [KRW-USDT] 신호 없음 | Lv5 매수 KRW 1,404 -> 현재 KRW 1,415 (+0.78%) | 익절 +2.0% / 추매 -1.0%
2026-08-15 04:31:10,053 [INFO] >>> Step 6: Persist
2026-08-15 05:31:03,352 [INFO] === Initializing MagicSplit Bot (crypto) ===
2026-08-15 05:31:03,352 [INFO] Loaded 3 stock rule(s) from config_crypto.json
2026-08-15 05:31:03,352 [INFO] [crypto] 1 rule(s), mode=LIVE
2026-08-15 05:31:03,354 [INFO] === Running crypto engine ===
2026-08-15 05:31:03,354 [INFO] >>> Step 1: Portfolio & Price Fetch
2026-08-15 05:31:03,695 [WARNING] [Upbit] 상폐/KRW미상장 보유 제외 (3건): ['KRW-APENFT', 'KRW-ETHF', 'KRW-ETHW']
2026-08-15 05:31:03,805 [INFO] Fetching real-time prices from Broker...
2026-08-15 05:31:03,911 [INFO] Portfolio: Cash=KRW 2,179,543, Value=KRW 10,401,167
2026-08-15 05:31:03,911 [INFO] >>> Step 2: Load Positions
2026-08-15 05:31:03,913 [INFO] Loaded 7 position lot(s)
2026-08-15 05:31:03,918 [INFO] >>> Step 2.5: Reconcile OK (수량 일치)
2026-08-15 05:31:03,919 [INFO] >>> Processing KRW-USDT
2026-08-15 05:31:03,920 [INFO]   [KRW-USDT] 신호 없음 | Lv5 매수 KRW 1,404 -> 현재 KRW 1,414 (+0.71%) | 익절 +2.0% / 추매 -1.0%
2026-08-15 05:31:03,920 [INFO] >>> Step 6: Persist
2026-08-15 06:31:16,013 [INFO] === Initializing MagicSplit Bot (crypto) ===
2026-08-15 06:31:16,014 [INFO] Loaded 3 stock rule(s) from config_crypto.json
2026-08-15 06:31:16,014 [INFO] [crypto] 1 rule(s), mode=LIVE
2026-08-15 06:31:16,015 [INFO] === Running crypto engine ===
2026-08-15 06:31:16,015 [INFO] >>> Step 1: Portfolio & Price Fetch
2026-08-15 06:31:16,346 [WARNING] [Upbit] 상폐/KRW미상장 보유 제외 (3건): ['KRW-APENFT', 'KRW-ETHF', 'KRW-ETHW']
2026-08-15 06:31:16,462 [INFO] Fetching real-time prices from Broker...
2026-08-15 06:31:16,567 [INFO] Portfolio: Cash=KRW 2,179,543, Value=KRW 10,403,030
2026-08-15 06:31:16,567 [INFO] >>> Step 2: Load Positions
2026-08-15 06:31:16,570 [INFO] Loaded 7 position lot(s)
2026-08-15 06:31:16,574 [INFO] >>> Step 2.5: Reconcile OK (수량 일치)
2026-08-15 06:31:16,575 [INFO] >>> Processing KRW-USDT
2026-08-15 06:31:16,576 [INFO]   [KRW-USDT] 신호 없음 | Lv5 매수 KRW 1,404 -> 현재 KRW 1,414 (+0.71%) | 익절 +2.0% / 추매 -1.0%
2026-08-15 06:31:16,576 [INFO] >>> Step 6: Persist
2026-08-15 07:31:10,717 [INFO] === Initializing MagicSplit Bot (crypto) ===
2026-08-15 07:31:10,717 [INFO] Loaded 3 stock rule(s) from config_crypto.json
2026-08-15 07:31:10,717 [INFO] [crypto] 1 rule(s), mode=LIVE
2026-08-15 07:31:10,718 [INFO] === Running crypto engine ===
2026-08-15 07:31:10,718 [INFO] >>> Step 1: Portfolio & Price Fetch
2026-08-15 07:31:11,070 [WARNING] [Upbit] 상폐/KRW미상장 보유 제외 (3건): ['KRW-APENFT', 'KRW-ETHF', 'KRW-ETHW']
2026-08-15 07:31:11,168 [INFO] Fetching real-time prices from Broker...
2026-08-15 07:31:11,290 [INFO] Portfolio: Cash=KRW 2,179,543, Value=KRW 10,392,426
2026-08-15 07:31:11,290 [INFO] >>> Step 2: Load Positions
2026-08-15 07:31:11,292 [INFO] Loaded 7 position lot(s)
2026-08-15 07:31:11,295 [INFO] >>> Step 2.5: Reconcile OK (수량 일치)
2026-08-15 07:31:11,297 [INFO] >>> Processing KRW-USDT
2026-08-15 07:31:11,297 [INFO]   [KRW-USDT] 신호 없음 | Lv5 매수 KRW 1,404 -> 현재 KRW 1,415 (+0.78%) | 익절 +2.0% / 추매 -1.0%
2026-08-15 07:31:11,298 [INFO] >>> Step 6: Persist
2026-08-15 08:31:07,595 [INFO] === Initializing MagicSplit Bot (crypto) ===
2026-08-15 08:31:07,595 [INFO] Loaded 3 stock rule(s) from config_crypto.json
2026-08-15 08:31:07,595 [INFO] [crypto] 1 rule(s), mode=LIVE
2026-08-15 08:31:07,596 [INFO] === Running crypto engine ===
2026-08-15 08:31:07,597 [INFO] >>> Step 1: Portfolio & Price Fetch
2026-08-15 08:31:07,966 [WARNING] [Upbit] 상폐/KRW미상장 보유 제외 (3건): ['KRW-APENFT', 'KRW-ETHF', 'KRW-ETHW']
2026-08-15 08:31:08,077 [INFO] Fetching real-time prices from Broker...
2026-08-15 08:31:08,198 [INFO] Portfolio: Cash=KRW 2,179,543, Value=KRW 10,395,371
2026-08-15 08:31:08,198 [INFO] >>> Step 2: Load Positions
2026-08-15 08:31:08,200 [INFO] Loaded 7 position lot(s)
2026-08-15 08:31:08,203 [INFO] >>> Step 2.5: Reconcile OK (수량 일치)
2026-08-15 08:31:08,205 [INFO] >>> Processing KRW-USDT
2026-08-15 08:31:08,206 [INFO]   [KRW-USDT] 신호 없음 | Lv5 매수 KRW 1,404 -> 현재 KRW 1,413 (+0.64%) | 익절 +2.0% / 추매 -1.0%
2026-08-15 08:31:08,206 [INFO] >>> Step 6: Persist
