2026-09-04 00:31:08,595 [INFO] === Initializing MagicSplit Bot (crypto) ===
2026-09-04 00:31:08,595 [INFO] Loaded 3 stock rule(s) from config_crypto.json
2026-09-04 00:31:08,595 [INFO] [crypto] 1 rule(s), mode=LIVE
2026-09-04 00:31:08,597 [INFO] === Running crypto engine ===
2026-09-04 00:31:08,597 [INFO] >>> Step 1: Portfolio & Price Fetch
2026-09-04 00:31:08,993 [WARNING] [Upbit] 상폐/KRW미상장 보유 제외 (3건): ['KRW-APENFT', 'KRW-ETHF', 'KRW-ETHW']
2026-09-04 00:31:09,101 [INFO] Fetching real-time prices from Broker...
2026-09-04 00:31:09,205 [INFO] Portfolio: Cash=KRW 2,159,543, Value=KRW 12,455,167
2026-09-04 00:31:09,206 [INFO] >>> Step 2: Load Positions
2026-09-04 00:31:09,208 [INFO] Loaded 9 position lot(s)
2026-09-04 00:31:09,211 [INFO] >>> Step 2.5: Reconcile OK (수량 일치)
2026-09-04 00:31:09,213 [INFO] >>> Processing KRW-USDT
2026-09-04 00:31:09,213 [INFO]   [KRW-USDT] 신호 없음 | Lv7 매수 KRW 1,368 -> 현재 KRW 1,365 (-0.22%) | 익절 +2.0% / 추매 -1.0%
2026-09-04 00:31:09,213 [INFO] >>> Step 6: Persist
2026-09-04 01:30:58,680 [INFO] === Initializing MagicSplit Bot (crypto) ===
2026-09-04 01:30:58,680 [INFO] Loaded 3 stock rule(s) from config_crypto.json
2026-09-04 01:30:58,680 [INFO] [crypto] 1 rule(s), mode=LIVE
2026-09-04 01:30:58,682 [INFO] === Running crypto engine ===
2026-09-04 01:30:58,682 [INFO] >>> Step 1: Portfolio & Price Fetch
2026-09-04 01:30:58,996 [WARNING] [Upbit] 상폐/KRW미상장 보유 제외 (3건): ['KRW-APENFT', 'KRW-ETHF', 'KRW-ETHW']
2026-09-04 01:30:59,098 [INFO] Fetching real-time prices from Broker...
2026-09-04 01:30:59,201 [INFO] Portfolio: Cash=KRW 2,159,543, Value=KRW 12,481,872
2026-09-04 01:30:59,201 [INFO] >>> Step 2: Load Positions
2026-09-04 01:30:59,202 [INFO] Loaded 9 position lot(s)
2026-09-04 01:30:59,206 [INFO] >>> Step 2.5: Reconcile OK (수량 일치)
2026-09-04 01:30:59,207 [INFO] >>> Processing KRW-USDT
2026-09-04 01:30:59,208 [INFO]   [KRW-USDT] 신호 없음 | Lv7 매수 KRW 1,368 -> 현재 KRW 1,368 (+0.00%) | 익절 +2.0% / 추매 -1.0%
2026-09-04 01:30:59,208 [INFO] >>> Step 6: Persist
2026-09-04 02:31:06,792 [INFO] === Initializing MagicSplit Bot (crypto) ===
2026-09-04 02:31:06,792 [INFO] Loaded 3 stock rule(s) from config_crypto.json
2026-09-04 02:31:06,793 [INFO] [crypto] 1 rule(s), mode=LIVE
2026-09-04 02:31:06,794 [INFO] === Running crypto engine ===
2026-09-04 02:31:06,794 [INFO] >>> Step 1: Portfolio & Price Fetch
2026-09-04 02:31:07,164 [WARNING] [Upbit] 상폐/KRW미상장 보유 제외 (3건): ['KRW-APENFT', 'KRW-ETHF', 'KRW-ETHW']
2026-09-04 02:31:07,276 [INFO] Fetching real-time prices from Broker...
2026-09-04 02:31:07,402 [INFO] Portfolio: Cash=KRW 2,159,543, Value=KRW 12,468,291
2026-09-04 02:31:07,402 [INFO] >>> Step 2: Load Positions
2026-09-04 02:31:07,405 [INFO] Loaded 9 position lot(s)
2026-09-04 02:31:07,410 [INFO] >>> Step 2.5: Reconcile OK (수량 일치)
2026-09-04 02:31:07,412 [INFO] >>> Processing KRW-USDT
2026-09-04 02:31:07,413 [INFO]   [KRW-USDT] 신호 없음 | Lv7 매수 KRW 1,368 -> 현재 KRW 1,369 (+0.07%) | 익절 +2.0% / 추매 -1.0%
2026-09-04 02:31:07,414 [INFO] >>> Step 6: Persist
2026-09-04 03:31:03,556 [INFO] === Initializing MagicSplit Bot (crypto) ===
2026-09-04 03:31:03,557 [INFO] Loaded 3 stock rule(s) from config_crypto.json
2026-09-04 03:31:03,557 [INFO] [crypto] 1 rule(s), mode=LIVE
2026-09-04 03:31:03,558 [INFO] === Running crypto engine ===
2026-09-04 03:31:03,558 [INFO] >>> Step 1: Portfolio & Price Fetch
2026-09-04 03:31:03,905 [WARNING] [Upbit] 상폐/KRW미상장 보유 제외 (3건): ['KRW-APENFT', 'KRW-ETHF', 'KRW-ETHW']
2026-09-04 03:31:04,014 [INFO] Fetching real-time prices from Broker...
2026-09-04 03:31:04,125 [INFO] Portfolio: Cash=KRW 2,159,543, Value=KRW 12,429,408
2026-09-04 03:31:04,126 [INFO] >>> Step 2: Load Positions
2026-09-04 03:31:04,127 [INFO] Loaded 9 position lot(s)
2026-09-04 03:31:04,130 [INFO] >>> Step 2.5: Reconcile OK (수량 일치)
2026-09-04 03:31:04,131 [INFO] >>> Processing KRW-USDT
2026-09-04 03:31:04,132 [INFO]   [KRW-USDT] 신호 없음 | Lv7 매수 KRW 1,368 -> 현재 KRW 1,367 (-0.07%) | 익절 +2.0% / 추매 -1.0%
2026-09-04 03:31:04,132 [INFO] >>> Step 6: Persist
