2026-08-27 00:31:10,601 [INFO] === Initializing MagicSplit Bot (crypto) ===
2026-08-27 00:31:10,601 [INFO] Loaded 3 stock rule(s) from config_crypto.json
2026-08-27 00:31:10,601 [INFO] [crypto] 1 rule(s), mode=LIVE
2026-08-27 00:31:10,603 [INFO] === Running crypto engine ===
2026-08-27 00:31:10,603 [INFO] >>> Step 1: Portfolio & Price Fetch
2026-08-27 00:31:10,984 [WARNING] [Upbit] 상폐/KRW미상장 보유 제외 (3건): ['KRW-APENFT', 'KRW-ETHF', 'KRW-ETHW']
2026-08-27 00:31:11,096 [INFO] Fetching real-time prices from Broker...
2026-08-27 00:31:11,210 [INFO] Portfolio: Cash=KRW 2,159,543, Value=KRW 12,434,047
2026-08-27 00:31:11,210 [INFO] >>> Step 2: Load Positions
2026-08-27 00:31:11,212 [INFO] Loaded 9 position lot(s)
2026-08-27 00:31:11,215 [INFO] >>> Step 2.5: Reconcile OK (수량 일치)
2026-08-27 00:31:11,217 [INFO] >>> Processing KRW-USDT
2026-08-27 00:31:11,217 [INFO]   [KRW-USDT] 신호 없음 | Lv7 매수 KRW 1,368 -> 현재 KRW 1,392 (+1.75%) | 익절 +2.0% / 추매 -1.0%
2026-08-27 00:31:11,218 [INFO] >>> Step 6: Persist
2026-08-27 01:31:09,957 [INFO] === Initializing MagicSplit Bot (crypto) ===
2026-08-27 01:31:09,957 [INFO] Loaded 3 stock rule(s) from config_crypto.json
2026-08-27 01:31:09,957 [INFO] [crypto] 1 rule(s), mode=LIVE
2026-08-27 01:31:09,958 [INFO] === Running crypto engine ===
2026-08-27 01:31:09,958 [INFO] >>> Step 1: Portfolio & Price Fetch
2026-08-27 01:31:10,287 [WARNING] [Upbit] 상폐/KRW미상장 보유 제외 (3건): ['KRW-APENFT', 'KRW-ETHF', 'KRW-ETHW']
2026-08-27 01:31:10,391 [INFO] Fetching real-time prices from Broker...
2026-08-27 01:31:10,520 [INFO] Portfolio: Cash=KRW 2,159,543, Value=KRW 12,417,924
2026-08-27 01:31:10,520 [INFO] >>> Step 2: Load Positions
2026-08-27 01:31:10,522 [INFO] Loaded 9 position lot(s)
2026-08-27 01:31:10,525 [INFO] >>> Step 2.5: Reconcile OK (수량 일치)
2026-08-27 01:31:10,527 [INFO] >>> Processing KRW-USDT
2026-08-27 01:31:10,528 [INFO]   [KRW-USDT] 신호 없음 | Lv7 매수 KRW 1,368 -> 현재 KRW 1,389 (+1.54%) | 익절 +2.0% / 추매 -1.0%
2026-08-27 01:31:10,528 [INFO] >>> Step 6: Persist
2026-08-27 02:31:30,409 [INFO] === Initializing MagicSplit Bot (crypto) ===
2026-08-27 02:31:30,409 [INFO] Loaded 3 stock rule(s) from config_crypto.json
2026-08-27 02:31:30,409 [INFO] [crypto] 1 rule(s), mode=LIVE
2026-08-27 02:31:30,411 [INFO] === Running crypto engine ===
2026-08-27 02:31:30,411 [INFO] >>> Step 1: Portfolio & Price Fetch
2026-08-27 02:31:30,844 [WARNING] [Upbit] 상폐/KRW미상장 보유 제외 (3건): ['KRW-APENFT', 'KRW-ETHF', 'KRW-ETHW']
2026-08-27 02:31:30,952 [INFO] Fetching real-time prices from Broker...
2026-08-27 02:31:31,062 [INFO] Portfolio: Cash=KRW 2,159,543, Value=KRW 12,384,865
2026-08-27 02:31:31,062 [INFO] >>> Step 2: Load Positions
2026-08-27 02:31:31,064 [INFO] Loaded 9 position lot(s)
2026-08-27 02:31:31,068 [INFO] >>> Step 2.5: Reconcile OK (수량 일치)
2026-08-27 02:31:31,070 [INFO] >>> Processing KRW-USDT
2026-08-27 02:31:31,071 [INFO]   [KRW-USDT] 신호 없음 | Lv7 매수 KRW 1,368 -> 현재 KRW 1,383 (+1.10%) | 익절 +2.0% / 추매 -1.0%
2026-08-27 02:31:31,071 [INFO] >>> Step 6: Persist
2026-08-27 03:31:08,043 [INFO] === Initializing MagicSplit Bot (crypto) ===
2026-08-27 03:31:08,044 [INFO] Loaded 3 stock rule(s) from config_crypto.json
2026-08-27 03:31:08,044 [INFO] [crypto] 1 rule(s), mode=LIVE
2026-08-27 03:31:08,045 [INFO] === Running crypto engine ===
2026-08-27 03:31:08,045 [INFO] >>> Step 1: Portfolio & Price Fetch
2026-08-27 03:31:08,389 [WARNING] [Upbit] 상폐/KRW미상장 보유 제외 (3건): ['KRW-APENFT', 'KRW-ETHF', 'KRW-ETHW']
2026-08-27 03:31:08,495 [INFO] Fetching real-time prices from Broker...
2026-08-27 03:31:08,605 [INFO] Portfolio: Cash=KRW 2,159,543, Value=KRW 12,363,645
2026-08-27 03:31:08,605 [INFO] >>> Step 2: Load Positions
2026-08-27 03:31:08,607 [INFO] Loaded 9 position lot(s)
2026-08-27 03:31:08,611 [INFO] >>> Step 2.5: Reconcile OK (수량 일치)
2026-08-27 03:31:08,613 [INFO] >>> Processing KRW-USDT
2026-08-27 03:31:08,614 [INFO]   [KRW-USDT] 신호 없음 | Lv7 매수 KRW 1,368 -> 현재 KRW 1,383 (+1.10%) | 익절 +2.0% / 추매 -1.0%
2026-08-27 03:31:08,614 [INFO] >>> Step 6: Persist
2026-08-27 04:31:13,186 [INFO] === Initializing MagicSplit Bot (crypto) ===
2026-08-27 04:31:13,186 [INFO] Loaded 3 stock rule(s) from config_crypto.json
2026-08-27 04:31:13,186 [INFO] [crypto] 1 rule(s), mode=LIVE
2026-08-27 04:31:13,188 [INFO] === Running crypto engine ===
2026-08-27 04:31:13,188 [INFO] >>> Step 1: Portfolio & Price Fetch
2026-08-27 04:31:13,520 [WARNING] [Upbit] 상폐/KRW미상장 보유 제외 (3건): ['KRW-APENFT', 'KRW-ETHF', 'KRW-ETHW']
2026-08-27 04:31:13,629 [INFO] Fetching real-time prices from Broker...
2026-08-27 04:31:13,737 [INFO] Portfolio: Cash=KRW 2,159,543, Value=KRW 12,391,585
2026-08-27 04:31:13,737 [INFO] >>> Step 2: Load Positions
2026-08-27 04:31:13,739 [INFO] Loaded 9 position lot(s)
2026-08-27 04:31:13,742 [INFO] >>> Step 2.5: Reconcile OK (수량 일치)
2026-08-27 04:31:13,743 [INFO] >>> Processing KRW-USDT
2026-08-27 04:31:13,744 [INFO]   [KRW-USDT] 신호 없음 | Lv7 매수 KRW 1,368 -> 현재 KRW 1,386 (+1.32%) | 익절 +2.0% / 추매 -1.0%
2026-08-27 04:31:13,744 [INFO] >>> Step 6: Persist
2026-08-27 05:31:09,198 [INFO] === Initializing MagicSplit Bot (crypto) ===
2026-08-27 05:31:09,198 [INFO] Loaded 3 stock rule(s) from config_crypto.json
2026-08-27 05:31:09,198 [INFO] [crypto] 1 rule(s), mode=LIVE
2026-08-27 05:31:09,200 [INFO] === Running crypto engine ===
2026-08-27 05:31:09,200 [INFO] >>> Step 1: Portfolio & Price Fetch
2026-08-27 05:31:09,585 [WARNING] [Upbit] 상폐/KRW미상장 보유 제외 (3건): ['KRW-APENFT', 'KRW-ETHF', 'KRW-ETHW']
2026-08-27 05:31:09,673 [INFO] Fetching real-time prices from Broker...
2026-08-27 05:31:09,798 [INFO] Portfolio: Cash=KRW 2,159,543, Value=KRW 12,375,815
2026-08-27 05:31:09,799 [INFO] >>> Step 2: Load Positions
2026-08-27 05:31:09,801 [INFO] Loaded 9 position lot(s)
2026-08-27 05:31:09,805 [INFO] >>> Step 2.5: Reconcile OK (수량 일치)
2026-08-27 05:31:09,806 [INFO] >>> Processing KRW-USDT
2026-08-27 05:31:09,807 [INFO]   [KRW-USDT] 신호 없음 | Lv7 매수 KRW 1,368 -> 현재 KRW 1,386 (+1.32%) | 익절 +2.0% / 추매 -1.0%
2026-08-27 05:31:09,807 [INFO] >>> Step 6: Persist
2026-08-27 06:33:57,252 [INFO] === Initializing MagicSplit Bot (crypto) ===
2026-08-27 06:33:57,279 [INFO] Loaded 3 stock rule(s) from config_crypto.json
2026-08-27 06:33:57,279 [INFO] [crypto] 1 rule(s), mode=LIVE
2026-08-27 06:33:57,286 [INFO] === Running crypto engine ===
2026-08-27 06:33:57,286 [INFO] >>> Step 1: Portfolio & Price Fetch
2026-08-27 06:33:58,345 [WARNING] [Upbit] 상폐/KRW미상장 보유 제외 (3건): ['KRW-APENFT', 'KRW-ETHF', 'KRW-ETHW']
2026-08-27 06:33:58,435 [INFO] Fetching real-time prices from Broker...
2026-08-27 06:33:58,538 [INFO] Portfolio: Cash=KRW 2,159,543, Value=KRW 12,353,087
2026-08-27 06:33:58,538 [INFO] >>> Step 2: Load Positions
2026-08-27 06:33:58,563 [INFO] Loaded 9 position lot(s)
2026-08-27 06:33:58,779 [INFO] >>> Step 2.5: Reconcile OK (수량 일치)
2026-08-27 06:33:59,006 [INFO] >>> Processing KRW-USDT
2026-08-27 06:33:59,019 [INFO]   [KRW-USDT] 신호 없음 | Lv7 매수 KRW 1,368 -> 현재 KRW 1,386 (+1.32%) | 익절 +2.0% / 추매 -1.0%
2026-08-27 06:33:59,019 [INFO] >>> Step 6: Persist
2026-08-27 07:31:17,422 [INFO] === Initializing MagicSplit Bot (crypto) ===
2026-08-27 07:31:17,422 [INFO] Loaded 3 stock rule(s) from config_crypto.json
2026-08-27 07:31:17,422 [INFO] [crypto] 1 rule(s), mode=LIVE
2026-08-27 07:31:17,424 [INFO] === Running crypto engine ===
2026-08-27 07:31:17,424 [INFO] >>> Step 1: Portfolio & Price Fetch
2026-08-27 07:31:17,866 [WARNING] [Upbit] 상폐/KRW미상장 보유 제외 (3건): ['KRW-APENFT', 'KRW-ETHF', 'KRW-ETHW']
2026-08-27 07:31:17,968 [INFO] Fetching real-time prices from Broker...
2026-08-27 07:31:18,073 [INFO] Portfolio: Cash=KRW 2,159,543, Value=KRW 12,368,410
2026-08-27 07:31:18,073 [INFO] >>> Step 2: Load Positions
2026-08-27 07:31:18,075 [INFO] Loaded 9 position lot(s)
2026-08-27 07:31:18,078 [INFO] >>> Step 2.5: Reconcile OK (수량 일치)
2026-08-27 07:31:18,080 [INFO] >>> Processing KRW-USDT
2026-08-27 07:31:18,080 [INFO]   [KRW-USDT] 신호 없음 | Lv7 매수 KRW 1,368 -> 현재 KRW 1,385 (+1.24%) | 익절 +2.0% / 추매 -1.0%
2026-08-27 07:31:18,081 [INFO] >>> Step 6: Persist
2026-08-27 08:31:36,444 [INFO] === Initializing MagicSplit Bot (crypto) ===
2026-08-27 08:31:36,445 [INFO] Loaded 3 stock rule(s) from config_crypto.json
2026-08-27 08:31:36,445 [INFO] [crypto] 1 rule(s), mode=LIVE
2026-08-27 08:31:36,449 [INFO] === Running crypto engine ===
2026-08-27 08:31:36,449 [INFO] >>> Step 1: Portfolio & Price Fetch
2026-08-27 08:31:36,975 [WARNING] [Upbit] 상폐/KRW미상장 보유 제외 (3건): ['KRW-APENFT', 'KRW-ETHF', 'KRW-ETHW']
2026-08-27 08:31:37,072 [INFO] Fetching real-time prices from Broker...
2026-08-27 08:31:37,179 [INFO] Portfolio: Cash=KRW 2,159,543, Value=KRW 12,371,243
2026-08-27 08:31:37,179 [INFO] >>> Step 2: Load Positions
2026-08-27 08:31:37,181 [INFO] Loaded 9 position lot(s)
2026-08-27 08:31:37,186 [INFO] >>> Step 2.5: Reconcile OK (수량 일치)
2026-08-27 08:31:37,187 [INFO] >>> Processing KRW-USDT
2026-08-27 08:31:37,188 [INFO]   [KRW-USDT] 신호 없음 | Lv7 매수 KRW 1,368 -> 현재 KRW 1,385 (+1.24%) | 익절 +2.0% / 추매 -1.0%
2026-08-27 08:31:37,188 [INFO] >>> Step 6: Persist
2026-08-27 09:31:11,362 [INFO] === Initializing MagicSplit Bot (crypto) ===
2026-08-27 09:31:11,363 [INFO] Loaded 3 stock rule(s) from config_crypto.json
2026-08-27 09:31:11,363 [INFO] [crypto] 1 rule(s), mode=LIVE
2026-08-27 09:31:11,365 [INFO] === Running crypto engine ===
2026-08-27 09:31:11,365 [INFO] >>> Step 1: Portfolio & Price Fetch
2026-08-27 09:31:11,730 [WARNING] [Upbit] 상폐/KRW미상장 보유 제외 (3건): ['KRW-APENFT', 'KRW-ETHF', 'KRW-ETHW']
2026-08-27 09:31:11,830 [INFO] Fetching real-time prices from Broker...
2026-08-27 09:31:11,955 [INFO] Portfolio: Cash=KRW 2,159,543, Value=KRW 12,493,702
2026-08-27 09:31:11,956 [INFO] >>> Step 2: Load Positions
2026-08-27 09:31:11,958 [INFO] Loaded 9 position lot(s)
2026-08-27 09:31:11,961 [INFO] >>> Step 2.5: Reconcile OK (수량 일치)
2026-08-27 09:31:11,962 [INFO] >>> Processing KRW-USDT
2026-08-27 09:31:11,963 [INFO]   [KRW-USDT] 신호 없음 | Lv7 매수 KRW 1,368 -> 현재 KRW 1,382 (+1.02%) | 익절 +2.0% / 추매 -1.0%
2026-08-27 09:31:11,963 [INFO] >>> Step 6: Persist
2026-08-27 10:31:09,090 [INFO] === Initializing MagicSplit Bot (crypto) ===
2026-08-27 10:31:09,090 [INFO] Loaded 3 stock rule(s) from config_crypto.json
2026-08-27 10:31:09,091 [INFO] [crypto] 1 rule(s), mode=LIVE
2026-08-27 10:31:09,092 [INFO] === Running crypto engine ===
2026-08-27 10:31:09,092 [INFO] >>> Step 1: Portfolio & Price Fetch
2026-08-27 10:31:09,377 [WARNING] [Upbit] 상폐/KRW미상장 보유 제외 (3건): ['KRW-APENFT', 'KRW-ETHF', 'KRW-ETHW']
2026-08-27 10:31:09,493 [INFO] Fetching real-time prices from Broker...
2026-08-27 10:31:09,598 [INFO] Portfolio: Cash=KRW 2,159,543, Value=KRW 12,555,328
2026-08-27 10:31:09,598 [INFO] >>> Step 2: Load Positions
2026-08-27 10:31:09,601 [INFO] Loaded 9 position lot(s)
2026-08-27 10:31:09,604 [INFO] >>> Step 2.5: Reconcile OK (수량 일치)
2026-08-27 10:31:09,605 [INFO] >>> Processing KRW-USDT
2026-08-27 10:31:09,606 [INFO]   [KRW-USDT] 신호 없음 | Lv7 매수 KRW 1,368 -> 현재 KRW 1,382 (+1.02%) | 익절 +2.0% / 추매 -1.0%
2026-08-27 10:31:09,606 [INFO] >>> Step 6: Persist
2026-08-27 11:31:22,983 [INFO] === Initializing MagicSplit Bot (crypto) ===
2026-08-27 11:31:22,983 [INFO] Loaded 3 stock rule(s) from config_crypto.json
2026-08-27 11:31:22,983 [INFO] [crypto] 1 rule(s), mode=LIVE
2026-08-27 11:31:22,985 [INFO] === Running crypto engine ===
2026-08-27 11:31:22,985 [INFO] >>> Step 1: Portfolio & Price Fetch
2026-08-27 11:31:23,401 [WARNING] [Upbit] 상폐/KRW미상장 보유 제외 (3건): ['KRW-APENFT', 'KRW-ETHF', 'KRW-ETHW']
2026-08-27 11:31:23,500 [INFO] Fetching real-time prices from Broker...
2026-08-27 11:31:23,611 [INFO] Portfolio: Cash=KRW 2,159,543, Value=KRW 12,460,519
2026-08-27 11:31:23,612 [INFO] >>> Step 2: Load Positions
2026-08-27 11:31:23,614 [INFO] Loaded 9 position lot(s)
2026-08-27 11:31:23,619 [INFO] >>> Step 2.5: Reconcile OK (수량 일치)
2026-08-27 11:31:23,621 [INFO] >>> Processing KRW-USDT
2026-08-27 11:31:23,622 [INFO]   [KRW-USDT] 신호 없음 | Lv7 매수 KRW 1,368 -> 현재 KRW 1,385 (+1.24%) | 익절 +2.0% / 추매 -1.0%
2026-08-27 11:31:23,622 [INFO] >>> Step 6: Persist
2026-08-27 12:31:08,690 [INFO] === Initializing MagicSplit Bot (crypto) ===
2026-08-27 12:31:08,690 [INFO] Loaded 3 stock rule(s) from config_crypto.json
2026-08-27 12:31:08,690 [INFO] [crypto] 1 rule(s), mode=LIVE
2026-08-27 12:31:08,692 [INFO] === Running crypto engine ===
2026-08-27 12:31:08,693 [INFO] >>> Step 1: Portfolio & Price Fetch
2026-08-27 12:31:09,039 [WARNING] [Upbit] 상폐/KRW미상장 보유 제외 (3건): ['KRW-APENFT', 'KRW-ETHF', 'KRW-ETHW']
2026-08-27 12:31:09,123 [INFO] Fetching real-time prices from Broker...
2026-08-27 12:31:09,235 [INFO] Portfolio: Cash=KRW 2,159,543, Value=KRW 12,448,698
2026-08-27 12:31:09,235 [INFO] >>> Step 2: Load Positions
2026-08-27 12:31:09,238 [INFO] Loaded 9 position lot(s)
2026-08-27 12:31:09,241 [INFO] >>> Step 2.5: Reconcile OK (수량 일치)
2026-08-27 12:31:09,242 [INFO] >>> Processing KRW-USDT
2026-08-27 12:31:09,243 [INFO]   [KRW-USDT] 신호 없음 | Lv7 매수 KRW 1,368 -> 현재 KRW 1,386 (+1.32%) | 익절 +2.0% / 추매 -1.0%
2026-08-27 12:31:09,243 [INFO] >>> Step 6: Persist
2026-08-27 13:31:10,290 [INFO] === Initializing MagicSplit Bot (crypto) ===
2026-08-27 13:31:10,290 [INFO] Loaded 3 stock rule(s) from config_crypto.json
2026-08-27 13:31:10,290 [INFO] [crypto] 1 rule(s), mode=LIVE
2026-08-27 13:31:10,292 [INFO] === Running crypto engine ===
2026-08-27 13:31:10,292 [INFO] >>> Step 1: Portfolio & Price Fetch
2026-08-27 13:31:10,636 [WARNING] [Upbit] 상폐/KRW미상장 보유 제외 (3건): ['KRW-APENFT', 'KRW-ETHF', 'KRW-ETHW']
2026-08-27 13:31:10,752 [INFO] Fetching real-time prices from Broker...
2026-08-27 13:31:10,858 [INFO] Portfolio: Cash=KRW 2,159,543, Value=KRW 12,465,689
2026-08-27 13:31:10,858 [INFO] >>> Step 2: Load Positions
2026-08-27 13:31:10,860 [INFO] Loaded 9 position lot(s)
2026-08-27 13:31:10,864 [INFO] >>> Step 2.5: Reconcile OK (수량 일치)
2026-08-27 13:31:10,865 [INFO] >>> Processing KRW-USDT
2026-08-27 13:31:10,866 [INFO]   [KRW-USDT] 신호 없음 | Lv7 매수 KRW 1,368 -> 현재 KRW 1,386 (+1.32%) | 익절 +2.0% / 추매 -1.0%
2026-08-27 13:31:10,866 [INFO] >>> Step 6: Persist
2026-08-27 14:31:16,936 [INFO] === Initializing MagicSplit Bot (crypto) ===
2026-08-27 14:31:16,936 [INFO] Loaded 3 stock rule(s) from config_crypto.json
2026-08-27 14:31:16,936 [INFO] [crypto] 1 rule(s), mode=LIVE
2026-08-27 14:31:16,939 [INFO] === Running crypto engine ===
2026-08-27 14:31:16,939 [INFO] >>> Step 1: Portfolio & Price Fetch
2026-08-27 14:31:17,401 [WARNING] [Upbit] 상폐/KRW미상장 보유 제외 (3건): ['KRW-APENFT', 'KRW-ETHF', 'KRW-ETHW']
2026-08-27 14:31:17,500 [INFO] Fetching real-time prices from Broker...
2026-08-27 14:31:17,626 [INFO] Portfolio: Cash=KRW 2,159,543, Value=KRW 12,443,190
2026-08-27 14:31:17,626 [INFO] >>> Step 2: Load Positions
2026-08-27 14:31:17,629 [INFO] Loaded 9 position lot(s)
2026-08-27 14:31:17,634 [INFO] >>> Step 2.5: Reconcile OK (수량 일치)
2026-08-27 14:31:17,635 [INFO] >>> Processing KRW-USDT
2026-08-27 14:31:17,637 [INFO]   [KRW-USDT] 신호 없음 | Lv7 매수 KRW 1,368 -> 현재 KRW 1,387 (+1.39%) | 익절 +2.0% / 추매 -1.0%
2026-08-27 14:31:17,637 [INFO] >>> Step 6: Persist
2026-08-27 15:31:20,438 [INFO] === Initializing MagicSplit Bot (crypto) ===
2026-08-27 15:31:20,439 [INFO] Loaded 3 stock rule(s) from config_crypto.json
2026-08-27 15:31:20,439 [INFO] [crypto] 1 rule(s), mode=LIVE
2026-08-27 15:31:20,441 [INFO] === Running crypto engine ===
2026-08-27 15:31:20,441 [INFO] >>> Step 1: Portfolio & Price Fetch
2026-08-27 15:31:20,886 [WARNING] [Upbit] 상폐/KRW미상장 보유 제외 (3건): ['KRW-APENFT', 'KRW-ETHF', 'KRW-ETHW']
2026-08-27 15:31:20,995 [INFO] Fetching real-time prices from Broker...
2026-08-27 15:31:21,105 [INFO] Portfolio: Cash=KRW 2,159,543, Value=KRW 12,476,841
2026-08-27 15:31:21,105 [INFO] >>> Step 2: Load Positions
2026-08-27 15:31:21,107 [INFO] Loaded 9 position lot(s)
2026-08-27 15:31:21,109 [INFO] >>> Step 2.5: Reconcile OK (수량 일치)
2026-08-27 15:31:21,111 [INFO] >>> Processing KRW-USDT
2026-08-27 15:31:21,111 [INFO]   [KRW-USDT] 신호 없음 | Lv7 매수 KRW 1,368 -> 현재 KRW 1,383 (+1.10%) | 익절 +2.0% / 추매 -1.0%
2026-08-27 15:31:21,111 [INFO] >>> Step 6: Persist
2026-08-27 16:31:12,539 [INFO] === Initializing MagicSplit Bot (crypto) ===
2026-08-27 16:31:12,539 [INFO] Loaded 3 stock rule(s) from config_crypto.json
2026-08-27 16:31:12,539 [INFO] [crypto] 1 rule(s), mode=LIVE
2026-08-27 16:31:12,541 [INFO] === Running crypto engine ===
2026-08-27 16:31:12,541 [INFO] >>> Step 1: Portfolio & Price Fetch
2026-08-27 16:31:12,911 [WARNING] [Upbit] 상폐/KRW미상장 보유 제외 (3건): ['KRW-APENFT', 'KRW-ETHF', 'KRW-ETHW']
2026-08-27 16:31:13,002 [INFO] Fetching real-time prices from Broker...
2026-08-27 16:31:13,117 [INFO] Portfolio: Cash=KRW 2,159,543, Value=KRW 12,541,907
2026-08-27 16:31:13,117 [INFO] >>> Step 2: Load Positions
2026-08-27 16:31:13,119 [INFO] Loaded 9 position lot(s)
2026-08-27 16:31:13,123 [INFO] >>> Step 2.5: Reconcile OK (수량 일치)
2026-08-27 16:31:13,124 [INFO] >>> Processing KRW-USDT
2026-08-27 16:31:13,125 [INFO]   [KRW-USDT] 신호 없음 | Lv7 매수 KRW 1,368 -> 현재 KRW 1,382 (+1.02%) | 익절 +2.0% / 추매 -1.0%
2026-08-27 16:31:13,125 [INFO] >>> Step 6: Persist
2026-08-27 17:31:13,200 [INFO] === Initializing MagicSplit Bot (crypto) ===
2026-08-27 17:31:13,200 [INFO] Loaded 3 stock rule(s) from config_crypto.json
2026-08-27 17:31:13,201 [INFO] [crypto] 1 rule(s), mode=LIVE
2026-08-27 17:31:13,202 [INFO] === Running crypto engine ===
2026-08-27 17:31:13,202 [INFO] >>> Step 1: Portfolio & Price Fetch
2026-08-27 17:31:13,536 [WARNING] [Upbit] 상폐/KRW미상장 보유 제외 (3건): ['KRW-APENFT', 'KRW-ETHF', 'KRW-ETHW']
2026-08-27 17:31:13,652 [INFO] Fetching real-time prices from Broker...
2026-08-27 17:31:13,759 [INFO] Portfolio: Cash=KRW 2,159,543, Value=KRW 12,519,397
2026-08-27 17:31:13,759 [INFO] >>> Step 2: Load Positions
2026-08-27 17:31:13,761 [INFO] Loaded 9 position lot(s)
2026-08-27 17:31:13,764 [INFO] >>> Step 2.5: Reconcile OK (수량 일치)
2026-08-27 17:31:13,765 [INFO] >>> Processing KRW-USDT
2026-08-27 17:31:13,766 [INFO]   [KRW-USDT] 신호 없음 | Lv7 매수 KRW 1,368 -> 현재 KRW 1,380 (+0.88%) | 익절 +2.0% / 추매 -1.0%
2026-08-27 17:31:13,766 [INFO] >>> Step 6: Persist
2026-08-27 18:31:11,347 [INFO] === Initializing MagicSplit Bot (crypto) ===
2026-08-27 18:31:11,347 [INFO] Loaded 3 stock rule(s) from config_crypto.json
2026-08-27 18:31:11,347 [INFO] [crypto] 1 rule(s), mode=LIVE
2026-08-27 18:31:11,349 [INFO] === Running crypto engine ===
2026-08-27 18:31:11,349 [INFO] >>> Step 1: Portfolio & Price Fetch
2026-08-27 18:31:11,636 [WARNING] [Upbit] 상폐/KRW미상장 보유 제외 (3건): ['KRW-APENFT', 'KRW-ETHF', 'KRW-ETHW']
2026-08-27 18:31:11,747 [INFO] Fetching real-time prices from Broker...
2026-08-27 18:31:11,852 [INFO] Portfolio: Cash=KRW 2,159,543, Value=KRW 12,546,020
2026-08-27 18:31:11,852 [INFO] >>> Step 2: Load Positions
2026-08-27 18:31:11,854 [INFO] Loaded 9 position lot(s)
2026-08-27 18:31:11,857 [INFO] >>> Step 2.5: Reconcile OK (수량 일치)
2026-08-27 18:31:11,858 [INFO] >>> Processing KRW-USDT
2026-08-27 18:31:11,859 [INFO]   [KRW-USDT] 신호 없음 | Lv7 매수 KRW 1,368 -> 현재 KRW 1,379 (+0.80%) | 익절 +2.0% / 추매 -1.0%
2026-08-27 18:31:11,859 [INFO] >>> Step 6: Persist
2026-08-27 19:31:04,898 [INFO] === Initializing MagicSplit Bot (crypto) ===
2026-08-27 19:31:04,898 [INFO] Loaded 3 stock rule(s) from config_crypto.json
2026-08-27 19:31:04,898 [INFO] [crypto] 1 rule(s), mode=LIVE
2026-08-27 19:31:04,900 [INFO] === Running crypto engine ===
2026-08-27 19:31:04,900 [INFO] >>> Step 1: Portfolio & Price Fetch
2026-08-27 19:31:05,229 [WARNING] [Upbit] 상폐/KRW미상장 보유 제외 (3건): ['KRW-APENFT', 'KRW-ETHF', 'KRW-ETHW']
2026-08-27 19:31:05,334 [INFO] Fetching real-time prices from Broker...
2026-08-27 19:31:05,440 [INFO] Portfolio: Cash=KRW 2,159,543, Value=KRW 12,460,818
2026-08-27 19:31:05,440 [INFO] >>> Step 2: Load Positions
2026-08-27 19:31:05,442 [INFO] Loaded 9 position lot(s)
2026-08-27 19:31:05,445 [INFO] >>> Step 2.5: Reconcile OK (수량 일치)
2026-08-27 19:31:05,446 [INFO] >>> Processing KRW-USDT
2026-08-27 19:31:05,447 [INFO]   [KRW-USDT] 신호 없음 | Lv7 매수 KRW 1,368 -> 현재 KRW 1,382 (+1.02%) | 익절 +2.0% / 추매 -1.0%
2026-08-27 19:31:05,447 [INFO] >>> Step 6: Persist
2026-08-27 20:31:11,984 [INFO] === Initializing MagicSplit Bot (crypto) ===
2026-08-27 20:31:11,984 [INFO] Loaded 3 stock rule(s) from config_crypto.json
2026-08-27 20:31:11,984 [INFO] [crypto] 1 rule(s), mode=LIVE
2026-08-27 20:31:11,986 [INFO] === Running crypto engine ===
2026-08-27 20:31:11,986 [INFO] >>> Step 1: Portfolio & Price Fetch
2026-08-27 20:31:12,278 [WARNING] [Upbit] 상폐/KRW미상장 보유 제외 (3건): ['KRW-APENFT', 'KRW-ETHF', 'KRW-ETHW']
2026-08-27 20:31:12,389 [INFO] Fetching real-time prices from Broker...
2026-08-27 20:31:12,497 [INFO] Portfolio: Cash=KRW 2,159,543, Value=KRW 12,486,472
2026-08-27 20:31:12,497 [INFO] >>> Step 2: Load Positions
2026-08-27 20:31:12,499 [INFO] Loaded 9 position lot(s)
2026-08-27 20:31:12,502 [INFO] >>> Step 2.5: Reconcile OK (수량 일치)
2026-08-27 20:31:12,503 [INFO] >>> Processing KRW-USDT
2026-08-27 20:31:12,504 [INFO]   [KRW-USDT] 신호 없음 | Lv7 매수 KRW 1,368 -> 현재 KRW 1,381 (+0.95%) | 익절 +2.0% / 추매 -1.0%
2026-08-27 20:31:12,504 [INFO] >>> Step 6: Persist
