2026-08-03 00:31:06,399 [INFO] === Initializing MagicSplit Bot (crypto) ===
2026-08-03 00:31:06,399 [INFO] Loaded 3 stock rule(s) from config_crypto.json
2026-08-03 00:31:06,399 [INFO] [crypto] 1 rule(s), mode=LIVE
2026-08-03 00:31:06,401 [INFO] === Running crypto engine ===
2026-08-03 00:31:06,401 [INFO] >>> Step 1: Portfolio & Price Fetch
2026-08-03 00:31:06,690 [WARNING] [Upbit] 상폐/KRW미상장 보유 제외 (3건): ['KRW-APENFT', 'KRW-ETHF', 'KRW-ETHW']
2026-08-03 00:31:06,796 [INFO] Fetching real-time prices from Broker...
2026-08-03 00:31:06,902 [INFO] Portfolio: Cash=KRW 2,189,543, Value=KRW 10,540,547
2026-08-03 00:31:06,903 [INFO] >>> Step 2: Load Positions
2026-08-03 00:31:06,904 [INFO] Loaded 6 position lot(s)
2026-08-03 00:31:06,906 [INFO] >>> Step 2.5: Reconcile OK (수량 일치)
2026-08-03 00:31:06,906 [INFO] >>> Processing KRW-USDT
2026-08-03 00:31:06,907 [INFO]   [KRW-USDT] 신호 없음 | Lv4 매수 KRW 1,418 -> 현재 KRW 1,431 (+0.92%) | 익절 +2.0% / 추매 -1.0%
2026-08-03 00:31:06,907 [INFO] >>> Step 6: Persist
2026-08-03 01:31:12,094 [INFO] === Initializing MagicSplit Bot (crypto) ===
2026-08-03 01:31:12,095 [INFO] Loaded 3 stock rule(s) from config_crypto.json
2026-08-03 01:31:12,095 [INFO] [crypto] 1 rule(s), mode=LIVE
2026-08-03 01:31:12,096 [INFO] === Running crypto engine ===
2026-08-03 01:31:12,096 [INFO] >>> Step 1: Portfolio & Price Fetch
2026-08-03 01:31:12,451 [WARNING] [Upbit] 상폐/KRW미상장 보유 제외 (3건): ['KRW-APENFT', 'KRW-ETHF', 'KRW-ETHW']
2026-08-03 01:31:12,551 [INFO] Fetching real-time prices from Broker...
2026-08-03 01:31:12,656 [INFO] Portfolio: Cash=KRW 2,189,543, Value=KRW 10,491,031
2026-08-03 01:31:12,656 [INFO] >>> Step 2: Load Positions
2026-08-03 01:31:12,657 [INFO] Loaded 6 position lot(s)
2026-08-03 01:31:12,660 [INFO] >>> Step 2.5: Reconcile OK (수량 일치)
2026-08-03 01:31:12,661 [INFO] >>> Processing KRW-USDT
2026-08-03 01:31:12,662 [INFO]   [KRW-USDT] 신호 없음 | Lv4 매수 KRW 1,418 -> 현재 KRW 1,429 (+0.78%) | 익절 +2.0% / 추매 -1.0%
2026-08-03 01:31:12,662 [INFO] >>> Step 6: Persist
2026-08-03 02:31:07,473 [INFO] === Initializing MagicSplit Bot (crypto) ===
2026-08-03 02:31:07,474 [INFO] Loaded 3 stock rule(s) from config_crypto.json
2026-08-03 02:31:07,474 [INFO] [crypto] 1 rule(s), mode=LIVE
2026-08-03 02:31:07,475 [INFO] === Running crypto engine ===
2026-08-03 02:31:07,475 [INFO] >>> Step 1: Portfolio & Price Fetch
2026-08-03 02:31:07,656 [WARNING] [Upbit] 상폐/KRW미상장 보유 제외 (3건): ['KRW-APENFT', 'KRW-ETHF', 'KRW-ETHW']
2026-08-03 02:31:07,768 [INFO] Fetching real-time prices from Broker...
2026-08-03 02:31:07,867 [INFO] Portfolio: Cash=KRW 2,189,543, Value=KRW 10,475,279
2026-08-03 02:31:07,868 [INFO] >>> Step 2: Load Positions
2026-08-03 02:31:07,868 [INFO] Loaded 6 position lot(s)
2026-08-03 02:31:07,868 [INFO] >>> Step 2.5: Reconcile OK (수량 일치)
2026-08-03 02:31:07,869 [INFO] >>> Processing KRW-USDT
2026-08-03 02:31:07,870 [INFO]   [KRW-USDT] 신호 없음 | Lv4 매수 KRW 1,418 -> 현재 KRW 1,427 (+0.63%) | 익절 +2.0% / 추매 -1.0%
2026-08-03 02:31:07,870 [INFO] >>> Step 6: Persist
