2026-09-08 00:31:08,701 [INFO] === Initializing MagicSplit Bot (crypto) ===
2026-09-08 00:31:08,701 [INFO] Loaded 3 stock rule(s) from config_crypto.json
2026-09-08 00:31:08,701 [INFO] [crypto] 1 rule(s), mode=LIVE
2026-09-08 00:31:08,704 [INFO] === Running crypto engine ===
2026-09-08 00:31:08,704 [INFO] >>> Step 1: Portfolio & Price Fetch
2026-09-08 00:31:09,040 [WARNING] [Upbit] 상폐/KRW미상장 보유 제외 (3건): ['KRW-APENFT', 'KRW-ETHF', 'KRW-ETHW']
2026-09-08 00:31:09,140 [INFO] Fetching real-time prices from Broker...
2026-09-08 00:31:09,249 [INFO] Portfolio: Cash=KRW 2,159,543, Value=KRW 12,214,068
2026-09-08 00:31:09,250 [INFO] >>> Step 2: Load Positions
2026-09-08 00:31:09,253 [INFO] Loaded 9 position lot(s)
2026-09-08 00:31:09,255 [INFO] >>> Step 2.5: Reconcile OK (수량 일치)
2026-09-08 00:31:09,257 [INFO] >>> Processing KRW-USDT
2026-09-08 00:31:09,257 [INFO]   [KRW-USDT] 신호 없음 | Lv7 매수 KRW 1,368 -> 현재 KRW 1,362 (-0.44%) | 익절 +2.0% / 추매 -1.0%
2026-09-08 00:31:09,257 [INFO] >>> Step 6: Persist
2026-09-08 01:31:06,437 [INFO] === Initializing MagicSplit Bot (crypto) ===
2026-09-08 01:31:06,437 [INFO] Loaded 3 stock rule(s) from config_crypto.json
2026-09-08 01:31:06,437 [INFO] [crypto] 1 rule(s), mode=LIVE
2026-09-08 01:31:06,439 [INFO] === Running crypto engine ===
2026-09-08 01:31:06,439 [INFO] >>> Step 1: Portfolio & Price Fetch
2026-09-08 01:31:06,805 [WARNING] [Upbit] 상폐/KRW미상장 보유 제외 (3건): ['KRW-APENFT', 'KRW-ETHF', 'KRW-ETHW']
2026-09-08 01:31:06,905 [INFO] Fetching real-time prices from Broker...
2026-09-08 01:31:07,014 [INFO] Portfolio: Cash=KRW 2,159,543, Value=KRW 12,192,464
2026-09-08 01:31:07,014 [INFO] >>> Step 2: Load Positions
2026-09-08 01:31:07,016 [INFO] Loaded 9 position lot(s)
2026-09-08 01:31:07,020 [INFO] >>> Step 2.5: Reconcile OK (수량 일치)
2026-09-08 01:31:07,021 [INFO] >>> Processing KRW-USDT
2026-09-08 01:31:07,022 [INFO]   [KRW-USDT] 신호 없음 | Lv7 매수 KRW 1,368 -> 현재 KRW 1,358 (-0.73%) | 익절 +2.0% / 추매 -1.0%
2026-09-08 01:31:07,022 [INFO] >>> Step 6: Persist
2026-09-08 02:31:07,541 [INFO] === Initializing MagicSplit Bot (crypto) ===
2026-09-08 02:31:07,541 [INFO] Loaded 3 stock rule(s) from config_crypto.json
2026-09-08 02:31:07,541 [INFO] [crypto] 1 rule(s), mode=LIVE
2026-09-08 02:31:07,543 [INFO] === Running crypto engine ===
2026-09-08 02:31:07,544 [INFO] >>> Step 1: Portfolio & Price Fetch
2026-09-08 02:31:07,873 [WARNING] [Upbit] 상폐/KRW미상장 보유 제외 (3건): ['KRW-APENFT', 'KRW-ETHF', 'KRW-ETHW']
2026-09-08 02:31:07,984 [INFO] Fetching real-time prices from Broker...
2026-09-08 02:31:08,094 [INFO] Portfolio: Cash=KRW 2,159,543, Value=KRW 12,239,139
2026-09-08 02:31:08,095 [INFO] >>> Step 2: Load Positions
2026-09-08 02:31:08,097 [INFO] Loaded 9 position lot(s)
2026-09-08 02:31:08,100 [INFO] >>> Step 2.5: Reconcile OK (수량 일치)
2026-09-08 02:31:08,101 [INFO] >>> Processing KRW-USDT
2026-09-08 02:31:08,102 [INFO]   [KRW-USDT] 신호 없음 | Lv7 매수 KRW 1,368 -> 현재 KRW 1,358 (-0.73%) | 익절 +2.0% / 추매 -1.0%
2026-09-08 02:31:08,102 [INFO] >>> Step 6: Persist
2026-09-08 03:31:13,753 [INFO] === Initializing MagicSplit Bot (crypto) ===
2026-09-08 03:31:13,753 [INFO] Loaded 3 stock rule(s) from config_crypto.json
2026-09-08 03:31:13,753 [INFO] [crypto] 1 rule(s), mode=LIVE
2026-09-08 03:31:13,756 [INFO] === Running crypto engine ===
2026-09-08 03:31:13,756 [INFO] >>> Step 1: Portfolio & Price Fetch
2026-09-08 03:31:14,121 [WARNING] [Upbit] 상폐/KRW미상장 보유 제외 (3건): ['KRW-APENFT', 'KRW-ETHF', 'KRW-ETHW']
2026-09-08 03:31:14,220 [INFO] Fetching real-time prices from Broker...
2026-09-08 03:31:14,332 [INFO] Portfolio: Cash=KRW 2,159,543, Value=KRW 12,213,653
2026-09-08 03:31:14,332 [INFO] >>> Step 2: Load Positions
2026-09-08 03:31:14,333 [INFO] Loaded 9 position lot(s)
2026-09-08 03:31:14,337 [INFO] >>> Step 2.5: Reconcile OK (수량 일치)
2026-09-08 03:31:14,339 [INFO] >>> Processing KRW-USDT
2026-09-08 03:31:14,339 [INFO]   [KRW-USDT] 신호 없음 | Lv7 매수 KRW 1,368 -> 현재 KRW 1,357 (-0.80%) | 익절 +2.0% / 추매 -1.0%
2026-09-08 03:31:14,340 [INFO] >>> Step 6: Persist
2026-09-08 04:31:12,010 [INFO] === Initializing MagicSplit Bot (crypto) ===
2026-09-08 04:31:12,010 [INFO] Loaded 3 stock rule(s) from config_crypto.json
2026-09-08 04:31:12,010 [INFO] [crypto] 1 rule(s), mode=LIVE
2026-09-08 04:31:12,012 [INFO] === Running crypto engine ===
2026-09-08 04:31:12,013 [INFO] >>> Step 1: Portfolio & Price Fetch
2026-09-08 04:31:12,359 [WARNING] [Upbit] 상폐/KRW미상장 보유 제외 (3건): ['KRW-APENFT', 'KRW-ETHF', 'KRW-ETHW']
2026-09-08 04:31:12,469 [INFO] Fetching real-time prices from Broker...
2026-09-08 04:31:12,580 [INFO] Portfolio: Cash=KRW 2,159,543, Value=KRW 12,164,558
2026-09-08 04:31:12,580 [INFO] >>> Step 2: Load Positions
2026-09-08 04:31:12,583 [INFO] Loaded 9 position lot(s)
2026-09-08 04:31:12,586 [INFO] >>> Step 2.5: Reconcile OK (수량 일치)
2026-09-08 04:31:12,587 [INFO] >>> Processing KRW-USDT
2026-09-08 04:31:12,588 [INFO]   [KRW-USDT] 신호 없음 | Lv7 매수 KRW 1,368 -> 현재 KRW 1,358 (-0.73%) | 익절 +2.0% / 추매 -1.0%
2026-09-08 04:31:12,588 [INFO] >>> Step 6: Persist
2026-09-08 05:31:06,806 [INFO] === Initializing MagicSplit Bot (crypto) ===
2026-09-08 05:31:06,806 [INFO] Loaded 3 stock rule(s) from config_crypto.json
2026-09-08 05:31:06,807 [INFO] [crypto] 1 rule(s), mode=LIVE
2026-09-08 05:31:06,811 [INFO] === Running crypto engine ===
2026-09-08 05:31:06,811 [INFO] >>> Step 1: Portfolio & Price Fetch
2026-09-08 05:31:07,184 [WARNING] [Upbit] 상폐/KRW미상장 보유 제외 (3건): ['KRW-APENFT', 'KRW-ETHF', 'KRW-ETHW']
2026-09-08 05:31:07,296 [INFO] Fetching real-time prices from Broker...
2026-09-08 05:31:07,404 [INFO] Portfolio: Cash=KRW 2,159,543, Value=KRW 12,156,075
2026-09-08 05:31:07,404 [INFO] >>> Step 2: Load Positions
2026-09-08 05:31:07,406 [INFO] Loaded 9 position lot(s)
2026-09-08 05:31:07,409 [INFO] >>> Step 2.5: Reconcile OK (수량 일치)
2026-09-08 05:31:07,411 [INFO] >>> Processing KRW-USDT
2026-09-08 05:31:07,412 [INFO]   [KRW-USDT] 신호 없음 | Lv7 매수 KRW 1,368 -> 현재 KRW 1,358 (-0.73%) | 익절 +2.0% / 추매 -1.0%
2026-09-08 05:31:07,412 [INFO] >>> Step 6: Persist
2026-09-08 06:31:18,517 [INFO] === Initializing MagicSplit Bot (crypto) ===
2026-09-08 06:31:18,518 [INFO] Loaded 3 stock rule(s) from config_crypto.json
2026-09-08 06:31:18,518 [INFO] [crypto] 1 rule(s), mode=LIVE
2026-09-08 06:31:18,520 [INFO] === Running crypto engine ===
2026-09-08 06:31:18,520 [INFO] >>> Step 1: Portfolio & Price Fetch
2026-09-08 06:31:18,880 [WARNING] [Upbit] 상폐/KRW미상장 보유 제외 (3건): ['KRW-APENFT', 'KRW-ETHF', 'KRW-ETHW']
2026-09-08 06:31:18,981 [INFO] Fetching real-time prices from Broker...
2026-09-08 06:31:19,105 [INFO] Portfolio: Cash=KRW 2,159,543, Value=KRW 12,158,916
2026-09-08 06:31:19,105 [INFO] >>> Step 2: Load Positions
2026-09-08 06:31:19,108 [INFO] Loaded 9 position lot(s)
2026-09-08 06:31:19,114 [INFO] >>> Step 2.5: Reconcile OK (수량 일치)
2026-09-08 06:31:19,115 [INFO] >>> Processing KRW-USDT
2026-09-08 06:31:19,116 [INFO]   [KRW-USDT] 신호 없음 | Lv7 매수 KRW 1,368 -> 현재 KRW 1,357 (-0.80%) | 익절 +2.0% / 추매 -1.0%
2026-09-08 06:31:19,116 [INFO] >>> Step 6: Persist
2026-09-08 07:31:14,833 [INFO] === Initializing MagicSplit Bot (crypto) ===
2026-09-08 07:31:14,833 [INFO] Loaded 3 stock rule(s) from config_crypto.json
2026-09-08 07:31:14,833 [INFO] [crypto] 1 rule(s), mode=LIVE
2026-09-08 07:31:14,835 [INFO] === Running crypto engine ===
2026-09-08 07:31:14,835 [INFO] >>> Step 1: Portfolio & Price Fetch
2026-09-08 07:31:15,219 [WARNING] [Upbit] 상폐/KRW미상장 보유 제외 (3건): ['KRW-APENFT', 'KRW-ETHF', 'KRW-ETHW']
2026-09-08 07:31:15,330 [INFO] Fetching real-time prices from Broker...
2026-09-08 07:31:15,436 [INFO] Portfolio: Cash=KRW 2,159,543, Value=KRW 12,119,145
2026-09-08 07:31:15,436 [INFO] >>> Step 2: Load Positions
2026-09-08 07:31:15,438 [INFO] Loaded 9 position lot(s)
2026-09-08 07:31:15,442 [INFO] >>> Step 2.5: Reconcile OK (수량 일치)
2026-09-08 07:31:15,443 [INFO] >>> Processing KRW-USDT
2026-09-08 07:31:15,444 [INFO]   [KRW-USDT] 신호 없음 | Lv7 매수 KRW 1,368 -> 현재 KRW 1,361 (-0.51%) | 익절 +2.0% / 추매 -1.0%
2026-09-08 07:31:15,444 [INFO] >>> Step 6: Persist
2026-09-08 08:31:10,328 [INFO] === Initializing MagicSplit Bot (crypto) ===
2026-09-08 08:31:10,328 [INFO] Loaded 3 stock rule(s) from config_crypto.json
2026-09-08 08:31:10,329 [INFO] [crypto] 1 rule(s), mode=LIVE
2026-09-08 08:31:10,332 [INFO] === Running crypto engine ===
2026-09-08 08:31:10,332 [INFO] >>> Step 1: Portfolio & Price Fetch
2026-09-08 08:31:10,700 [WARNING] [Upbit] 상폐/KRW미상장 보유 제외 (3건): ['KRW-APENFT', 'KRW-ETHF', 'KRW-ETHW']
2026-09-08 08:31:10,803 [INFO] Fetching real-time prices from Broker...
2026-09-08 08:31:10,913 [INFO] Portfolio: Cash=KRW 2,159,543, Value=KRW 12,141,254
2026-09-08 08:31:10,913 [INFO] >>> Step 2: Load Positions
2026-09-08 08:31:10,915 [INFO] Loaded 9 position lot(s)
2026-09-08 08:31:10,919 [INFO] >>> Step 2.5: Reconcile OK (수량 일치)
2026-09-08 08:31:10,920 [INFO] >>> Processing KRW-USDT
2026-09-08 08:31:10,921 [INFO]   [KRW-USDT] 신호 없음 | Lv7 매수 KRW 1,368 -> 현재 KRW 1,361 (-0.51%) | 익절 +2.0% / 추매 -1.0%
2026-09-08 08:31:10,921 [INFO] >>> Step 6: Persist
2026-09-08 09:31:10,146 [INFO] === Initializing MagicSplit Bot (crypto) ===
2026-09-08 09:31:10,147 [INFO] Loaded 3 stock rule(s) from config_crypto.json
2026-09-08 09:31:10,147 [INFO] [crypto] 1 rule(s), mode=LIVE
2026-09-08 09:31:10,149 [INFO] === Running crypto engine ===
2026-09-08 09:31:10,149 [INFO] >>> Step 1: Portfolio & Price Fetch
2026-09-08 09:31:10,488 [WARNING] [Upbit] 상폐/KRW미상장 보유 제외 (3건): ['KRW-APENFT', 'KRW-ETHF', 'KRW-ETHW']
2026-09-08 09:31:10,589 [INFO] Fetching real-time prices from Broker...
2026-09-08 09:31:10,699 [INFO] Portfolio: Cash=KRW 2,159,543, Value=KRW 12,135,986
2026-09-08 09:31:10,699 [INFO] >>> Step 2: Load Positions
2026-09-08 09:31:10,701 [INFO] Loaded 9 position lot(s)
2026-09-08 09:31:10,704 [INFO] >>> Step 2.5: Reconcile OK (수량 일치)
2026-09-08 09:31:10,705 [INFO] >>> Processing KRW-USDT
2026-09-08 09:31:10,706 [INFO]   [KRW-USDT] 신호 없음 | Lv7 매수 KRW 1,368 -> 현재 KRW 1,360 (-0.58%) | 익절 +2.0% / 추매 -1.0%
2026-09-08 09:31:10,706 [INFO] >>> Step 6: Persist
2026-09-08 10:31:19,019 [INFO] === Initializing MagicSplit Bot (crypto) ===
2026-09-08 10:31:19,019 [INFO] Loaded 3 stock rule(s) from config_crypto.json
2026-09-08 10:31:19,019 [INFO] [crypto] 1 rule(s), mode=LIVE
2026-09-08 10:31:19,021 [INFO] === Running crypto engine ===
2026-09-08 10:31:19,022 [INFO] >>> Step 1: Portfolio & Price Fetch
2026-09-08 10:31:19,369 [WARNING] [Upbit] 상폐/KRW미상장 보유 제외 (3건): ['KRW-APENFT', 'KRW-ETHF', 'KRW-ETHW']
2026-09-08 10:31:19,467 [INFO] Fetching real-time prices from Broker...
2026-09-08 10:31:19,576 [INFO] Portfolio: Cash=KRW 2,159,543, Value=KRW 12,127,328
2026-09-08 10:31:19,576 [INFO] >>> Step 2: Load Positions
2026-09-08 10:31:19,578 [INFO] Loaded 9 position lot(s)
2026-09-08 10:31:19,582 [INFO] >>> Step 2.5: Reconcile OK (수량 일치)
2026-09-08 10:31:19,583 [INFO] >>> Processing KRW-USDT
2026-09-08 10:31:19,584 [INFO]   [KRW-USDT] 신호 없음 | Lv7 매수 KRW 1,368 -> 현재 KRW 1,358 (-0.73%) | 익절 +2.0% / 추매 -1.0%
2026-09-08 10:31:19,584 [INFO] >>> Step 6: Persist
2026-09-08 11:31:14,815 [INFO] === Initializing MagicSplit Bot (crypto) ===
2026-09-08 11:31:14,815 [INFO] Loaded 3 stock rule(s) from config_crypto.json
2026-09-08 11:31:14,815 [INFO] [crypto] 1 rule(s), mode=LIVE
2026-09-08 11:31:14,817 [INFO] === Running crypto engine ===
2026-09-08 11:31:14,817 [INFO] >>> Step 1: Portfolio & Price Fetch
2026-09-08 11:31:15,167 [WARNING] [Upbit] 상폐/KRW미상장 보유 제외 (3건): ['KRW-APENFT', 'KRW-ETHF', 'KRW-ETHW']
2026-09-08 11:31:15,264 [INFO] Fetching real-time prices from Broker...
2026-09-08 11:31:15,378 [INFO] Portfolio: Cash=KRW 2,159,543, Value=KRW 12,161,500
2026-09-08 11:31:15,378 [INFO] >>> Step 2: Load Positions
2026-09-08 11:31:15,380 [INFO] Loaded 9 position lot(s)
2026-09-08 11:31:15,383 [INFO] >>> Step 2.5: Reconcile OK (수량 일치)
2026-09-08 11:31:15,384 [INFO] >>> Processing KRW-USDT
2026-09-08 11:31:15,385 [INFO]   [KRW-USDT] 신호 없음 | Lv7 매수 KRW 1,368 -> 현재 KRW 1,356 (-0.88%) | 익절 +2.0% / 추매 -1.0%
2026-09-08 11:31:15,385 [INFO] >>> Step 6: Persist
2026-09-08 12:31:13,952 [INFO] === Initializing MagicSplit Bot (crypto) ===
2026-09-08 12:31:13,952 [INFO] Loaded 3 stock rule(s) from config_crypto.json
2026-09-08 12:31:13,953 [INFO] [crypto] 1 rule(s), mode=LIVE
2026-09-08 12:31:13,955 [INFO] === Running crypto engine ===
2026-09-08 12:31:13,956 [INFO] >>> Step 1: Portfolio & Price Fetch
2026-09-08 12:31:14,306 [WARNING] [Upbit] 상폐/KRW미상장 보유 제외 (3건): ['KRW-APENFT', 'KRW-ETHF', 'KRW-ETHW']
2026-09-08 12:31:14,413 [INFO] Fetching real-time prices from Broker...
2026-09-08 12:31:14,521 [INFO] Portfolio: Cash=KRW 2,159,543, Value=KRW 12,116,031
2026-09-08 12:31:14,521 [INFO] >>> Step 2: Load Positions
2026-09-08 12:31:14,523 [INFO] Loaded 9 position lot(s)
2026-09-08 12:31:14,528 [INFO] >>> Step 2.5: Reconcile OK (수량 일치)
2026-09-08 12:31:14,529 [INFO] >>> Processing KRW-USDT
2026-09-08 12:31:14,530 [INFO]   [KRW-USDT] 신호 없음 | Lv7 매수 KRW 1,368 -> 현재 KRW 1,357 (-0.80%) | 익절 +2.0% / 추매 -1.0%
2026-09-08 12:31:14,530 [INFO] >>> Step 6: Persist
2026-09-08 13:31:10,131 [INFO] === Initializing MagicSplit Bot (crypto) ===
2026-09-08 13:31:10,131 [INFO] Loaded 3 stock rule(s) from config_crypto.json
2026-09-08 13:31:10,131 [INFO] [crypto] 1 rule(s), mode=LIVE
2026-09-08 13:31:10,133 [INFO] === Running crypto engine ===
2026-09-08 13:31:10,133 [INFO] >>> Step 1: Portfolio & Price Fetch
2026-09-08 13:31:10,477 [WARNING] [Upbit] 상폐/KRW미상장 보유 제외 (3건): ['KRW-APENFT', 'KRW-ETHF', 'KRW-ETHW']
2026-09-08 13:31:10,587 [INFO] Fetching real-time prices from Broker...
2026-09-08 13:31:10,697 [INFO] Portfolio: Cash=KRW 2,159,543, Value=KRW 12,109,840
2026-09-08 13:31:10,697 [INFO] >>> Step 2: Load Positions
2026-09-08 13:31:10,699 [INFO] Loaded 9 position lot(s)
2026-09-08 13:31:10,702 [INFO] >>> Step 2.5: Reconcile OK (수량 일치)
2026-09-08 13:31:10,704 [INFO] >>> Processing KRW-USDT
2026-09-08 13:31:10,705 [INFO]   [KRW-USDT] 신호 없음 | Lv7 매수 KRW 1,368 -> 현재 KRW 1,358 (-0.73%) | 익절 +2.0% / 추매 -1.0%
2026-09-08 13:31:10,705 [INFO] >>> Step 6: Persist
2026-09-08 14:31:19,259 [INFO] === Initializing MagicSplit Bot (crypto) ===
2026-09-08 14:31:19,259 [INFO] Loaded 3 stock rule(s) from config_crypto.json
2026-09-08 14:31:19,259 [INFO] [crypto] 1 rule(s), mode=LIVE
2026-09-08 14:31:19,263 [INFO] === Running crypto engine ===
2026-09-08 14:31:19,263 [INFO] >>> Step 1: Portfolio & Price Fetch
2026-09-08 14:31:19,642 [WARNING] [Upbit] 상폐/KRW미상장 보유 제외 (3건): ['KRW-APENFT', 'KRW-ETHF', 'KRW-ETHW']
2026-09-08 14:31:19,733 [INFO] Fetching real-time prices from Broker...
2026-09-08 14:31:19,842 [INFO] Portfolio: Cash=KRW 2,159,543, Value=KRW 12,104,247
2026-09-08 14:31:19,842 [INFO] >>> Step 2: Load Positions
2026-09-08 14:31:19,844 [INFO] Loaded 9 position lot(s)
2026-09-08 14:31:19,847 [INFO] >>> Step 2.5: Reconcile OK (수량 일치)
2026-09-08 14:31:19,849 [INFO] >>> Processing KRW-USDT
2026-09-08 14:31:19,850 [INFO]   [KRW-USDT] 신호 없음 | Lv7 매수 KRW 1,368 -> 현재 KRW 1,358 (-0.73%) | 익절 +2.0% / 추매 -1.0%
2026-09-08 14:31:19,850 [INFO] >>> Step 6: Persist
2026-09-08 15:31:19,248 [INFO] === Initializing MagicSplit Bot (crypto) ===
2026-09-08 15:31:19,248 [INFO] Loaded 3 stock rule(s) from config_crypto.json
2026-09-08 15:31:19,248 [INFO] [crypto] 1 rule(s), mode=LIVE
2026-09-08 15:31:19,251 [INFO] === Running crypto engine ===
2026-09-08 15:31:19,251 [INFO] >>> Step 1: Portfolio & Price Fetch
2026-09-08 15:31:19,592 [WARNING] [Upbit] 상폐/KRW미상장 보유 제외 (3건): ['KRW-APENFT', 'KRW-ETHF', 'KRW-ETHW']
2026-09-08 15:31:19,698 [INFO] Fetching real-time prices from Broker...
2026-09-08 15:31:19,807 [INFO] Portfolio: Cash=KRW 2,159,543, Value=KRW 12,115,830
2026-09-08 15:31:19,808 [INFO] >>> Step 2: Load Positions
2026-09-08 15:31:19,810 [INFO] Loaded 9 position lot(s)
2026-09-08 15:31:19,813 [INFO] >>> Step 2.5: Reconcile OK (수량 일치)
2026-09-08 15:31:19,815 [INFO] >>> Processing KRW-USDT
2026-09-08 15:31:19,815 [INFO]   [KRW-USDT] 신호 없음 | Lv7 매수 KRW 1,368 -> 현재 KRW 1,358 (-0.73%) | 익절 +2.0% / 추매 -1.0%
2026-09-08 15:31:19,816 [INFO] >>> Step 6: Persist
2026-09-08 16:31:45,937 [INFO] === Initializing MagicSplit Bot (crypto) ===
2026-09-08 16:31:45,937 [INFO] Loaded 3 stock rule(s) from config_crypto.json
2026-09-08 16:31:45,937 [INFO] [crypto] 1 rule(s), mode=LIVE
2026-09-08 16:31:45,939 [INFO] === Running crypto engine ===
2026-09-08 16:31:45,939 [INFO] >>> Step 1: Portfolio & Price Fetch
2026-09-08 16:31:46,315 [WARNING] [Upbit] 상폐/KRW미상장 보유 제외 (3건): ['KRW-APENFT', 'KRW-ETHF', 'KRW-ETHW']
2026-09-08 16:31:46,424 [INFO] Fetching real-time prices from Broker...
2026-09-08 16:31:46,533 [INFO] Portfolio: Cash=KRW 2,159,543, Value=KRW 12,120,764
2026-09-08 16:31:46,533 [INFO] >>> Step 2: Load Positions
2026-09-08 16:31:46,535 [INFO] Loaded 9 position lot(s)
2026-09-08 16:31:46,539 [INFO] >>> Step 2.5: Reconcile OK (수량 일치)
2026-09-08 16:31:46,541 [INFO] >>> Processing KRW-USDT
2026-09-08 16:31:46,541 [INFO]   [KRW-USDT] 신호 없음 | Lv7 매수 KRW 1,368 -> 현재 KRW 1,357 (-0.80%) | 익절 +2.0% / 추매 -1.0%
2026-09-08 16:31:46,541 [INFO] >>> Step 6: Persist
2026-09-08 17:31:12,819 [INFO] === Initializing MagicSplit Bot (crypto) ===
2026-09-08 17:31:12,819 [INFO] Loaded 3 stock rule(s) from config_crypto.json
2026-09-08 17:31:12,819 [INFO] [crypto] 1 rule(s), mode=LIVE
2026-09-08 17:31:12,821 [INFO] === Running crypto engine ===
2026-09-08 17:31:12,821 [INFO] >>> Step 1: Portfolio & Price Fetch
2026-09-08 17:31:13,168 [WARNING] [Upbit] 상폐/KRW미상장 보유 제외 (3건): ['KRW-APENFT', 'KRW-ETHF', 'KRW-ETHW']
2026-09-08 17:31:13,293 [INFO] Fetching real-time prices from Broker...
2026-09-08 17:31:13,420 [INFO] Portfolio: Cash=KRW 2,159,543, Value=KRW 12,132,636
2026-09-08 17:31:13,420 [INFO] >>> Step 2: Load Positions
2026-09-08 17:31:13,422 [INFO] Loaded 9 position lot(s)
2026-09-08 17:31:13,425 [INFO] >>> Step 2.5: Reconcile OK (수량 일치)
2026-09-08 17:31:13,426 [INFO] >>> Processing KRW-USDT
2026-09-08 17:31:13,427 [INFO]   [KRW-USDT] 신호 없음 | Lv7 매수 KRW 1,368 -> 현재 KRW 1,355 (-0.95%) | 익절 +2.0% / 추매 -1.0%
2026-09-08 17:31:13,427 [INFO] >>> Step 6: Persist
2026-09-08 18:31:14,763 [INFO] === Initializing MagicSplit Bot (crypto) ===
2026-09-08 18:31:14,764 [INFO] Loaded 3 stock rule(s) from config_crypto.json
2026-09-08 18:31:14,764 [INFO] [crypto] 1 rule(s), mode=LIVE
2026-09-08 18:31:14,766 [INFO] === Running crypto engine ===
2026-09-08 18:31:14,766 [INFO] >>> Step 1: Portfolio & Price Fetch
2026-09-08 18:31:15,066 [WARNING] [Upbit] 상폐/KRW미상장 보유 제외 (3건): ['KRW-APENFT', 'KRW-ETHF', 'KRW-ETHW']
2026-09-08 18:31:15,166 [INFO] Fetching real-time prices from Broker...
2026-09-08 18:31:15,275 [INFO] Portfolio: Cash=KRW 2,159,543, Value=KRW 12,135,177
2026-09-08 18:31:15,275 [INFO] >>> Step 2: Load Positions
2026-09-08 18:31:15,277 [INFO] Loaded 9 position lot(s)
2026-09-08 18:31:15,280 [INFO] >>> Step 2.5: Reconcile OK (수량 일치)
2026-09-08 18:31:15,281 [INFO] >>> Processing KRW-USDT
2026-09-08 18:31:15,282 [INFO]   [KRW-USDT] 신호 없음 | Lv7 매수 KRW 1,368 -> 현재 KRW 1,355 (-0.95%) | 익절 +2.0% / 추매 -1.0%
2026-09-08 18:31:15,282 [INFO] >>> Step 6: Persist
2026-09-08 19:31:28,045 [INFO] === Initializing MagicSplit Bot (crypto) ===
2026-09-08 19:31:28,045 [INFO] Loaded 3 stock rule(s) from config_crypto.json
2026-09-08 19:31:28,045 [INFO] [crypto] 1 rule(s), mode=LIVE
2026-09-08 19:31:28,048 [INFO] === Running crypto engine ===
2026-09-08 19:31:28,048 [INFO] >>> Step 1: Portfolio & Price Fetch
2026-09-08 19:31:28,467 [WARNING] [Upbit] 상폐/KRW미상장 보유 제외 (3건): ['KRW-APENFT', 'KRW-ETHF', 'KRW-ETHW']
2026-09-08 19:31:28,562 [INFO] Fetching real-time prices from Broker...
2026-09-08 19:31:28,672 [INFO] Portfolio: Cash=KRW 2,159,543, Value=KRW 12,153,638
2026-09-08 19:31:28,672 [INFO] >>> Step 2: Load Positions
2026-09-08 19:31:28,674 [INFO] Loaded 9 position lot(s)
2026-09-08 19:31:28,678 [INFO] >>> Step 2.5: Reconcile OK (수량 일치)
2026-09-08 19:31:28,679 [INFO] >>> Processing KRW-USDT
2026-09-08 19:31:28,680 [INFO] [KRW-USDT] Lv7 매수가 KRW 1,368 대비 -1.0% -> 추가 매수 Lv8 7.38552437개 @KRW 1,354
2026-09-08 19:31:28,680 [INFO] Executing 1 order(s)...
2026-09-08 19:31:28,681 [INFO] [Upbit] Processing 1 BUY orders...
2026-09-08 19:31:28,848 [INFO] [Upbit] Order sent: BUY KRW-USDT qty=7.38552437 (uuid=c6010289-1c53-45f5-80c3-e59b3b67fc00)
2026-09-08 19:31:29,440 [INFO] [Upbit] Order FILLED: KRW-USDT uuid=c6010289-1c53-45f5-80c3-e59b3b67fc00 qty=7.3800738 @ 1355.0 fee=4.9999999995
2026-09-08 19:31:29,551 [INFO] [Position] New lot: lot_20260908_193129_KRW-USDT_008 Lv8 KRW-USDT 7.3800738개 @KRW 1,355
2026-09-08 19:31:32,692 [WARNING] [Upbit] 상폐/KRW미상장 보유 제외 (3건): ['KRW-APENFT', 'KRW-ETHF', 'KRW-ETHW']
2026-09-08 19:31:32,797 [INFO] >>> Step 6: Persist
2026-09-08 20:31:49,287 [INFO] === Initializing MagicSplit Bot (crypto) ===
2026-09-08 20:31:49,309 [INFO] Loaded 3 stock rule(s) from config_crypto.json
2026-09-08 20:31:49,310 [INFO] [crypto] 1 rule(s), mode=LIVE
2026-09-08 20:31:49,313 [INFO] === Running crypto engine ===
2026-09-08 20:31:49,314 [INFO] >>> Step 1: Portfolio & Price Fetch
2026-09-08 20:31:50,365 [WARNING] [Upbit] 상폐/KRW미상장 보유 제외 (3건): ['KRW-APENFT', 'KRW-ETHF', 'KRW-ETHW']
2026-09-08 20:31:50,478 [INFO] Fetching real-time prices from Broker...
2026-09-08 20:31:50,584 [INFO] Portfolio: Cash=KRW 2,149,538, Value=KRW 12,123,444
2026-09-08 20:31:50,585 [INFO] >>> Step 2: Load Positions
2026-09-08 20:31:50,647 [INFO] Loaded 10 position lot(s)
2026-09-08 20:31:50,690 [INFO] >>> Step 2.5: Reconcile OK (수량 일치)
2026-09-08 20:31:50,765 [INFO] >>> Processing KRW-USDT
2026-09-08 20:31:50,766 [INFO]   [KRW-USDT] 신호 없음 | Lv8 매수 KRW 1,355 -> 현재 KRW 1,355 (+0.00%) | 익절 +2.0% / 추매 -1.0%
2026-09-08 20:31:50,766 [INFO] >>> Step 6: Persist
