2026-08-24 00:31:06,103 [INFO] === Initializing MagicSplit Bot (crypto) ===
2026-08-24 00:31:06,103 [INFO] Loaded 3 stock rule(s) from config_crypto.json
2026-08-24 00:31:06,103 [INFO] [crypto] 1 rule(s), mode=LIVE
2026-08-24 00:31:06,105 [INFO] === Running crypto engine ===
2026-08-24 00:31:06,105 [INFO] >>> Step 1: Portfolio & Price Fetch
2026-08-24 00:31:06,492 [WARNING] [Upbit] 상폐/KRW미상장 보유 제외 (3건): ['KRW-APENFT', 'KRW-ETHF', 'KRW-ETHW']
2026-08-24 00:31:06,602 [INFO] Fetching real-time prices from Broker...
2026-08-24 00:31:06,710 [INFO] Portfolio: Cash=KRW 2,159,543, Value=KRW 12,140,026
2026-08-24 00:31:06,711 [INFO] >>> Step 2: Load Positions
2026-08-24 00:31:06,712 [INFO] Loaded 9 position lot(s)
2026-08-24 00:31:06,716 [INFO] >>> Step 2.5: Reconcile OK (수량 일치)
2026-08-24 00:31:06,718 [INFO] >>> Processing KRW-USDT
2026-08-24 00:31:06,718 [INFO]   [KRW-USDT] 신호 없음 | Lv7 매수 KRW 1,368 -> 현재 KRW 1,371 (+0.22%) | 익절 +2.0% / 추매 -1.0%
2026-08-24 00:31:06,719 [INFO] >>> Step 6: Persist
2026-08-24 01:31:06,404 [INFO] === Initializing MagicSplit Bot (crypto) ===
2026-08-24 01:31:06,404 [INFO] Loaded 3 stock rule(s) from config_crypto.json
2026-08-24 01:31:06,405 [INFO] [crypto] 1 rule(s), mode=LIVE
2026-08-24 01:31:06,406 [INFO] === Running crypto engine ===
2026-08-24 01:31:06,406 [INFO] >>> Step 1: Portfolio & Price Fetch
2026-08-24 01:31:06,728 [WARNING] [Upbit] 상폐/KRW미상장 보유 제외 (3건): ['KRW-APENFT', 'KRW-ETHF', 'KRW-ETHW']
2026-08-24 01:31:06,830 [INFO] Fetching real-time prices from Broker...
2026-08-24 01:31:06,936 [INFO] Portfolio: Cash=KRW 2,159,543, Value=KRW 12,086,586
2026-08-24 01:31:06,936 [INFO] >>> Step 2: Load Positions
2026-08-24 01:31:06,938 [INFO] Loaded 9 position lot(s)
2026-08-24 01:31:06,941 [INFO] >>> Step 2.5: Reconcile OK (수량 일치)
2026-08-24 01:31:06,942 [INFO] >>> Processing KRW-USDT
2026-08-24 01:31:06,943 [INFO]   [KRW-USDT] 신호 없음 | Lv7 매수 KRW 1,368 -> 현재 KRW 1,370 (+0.15%) | 익절 +2.0% / 추매 -1.0%
2026-08-24 01:31:06,943 [INFO] >>> Step 6: Persist
2026-08-24 02:31:03,753 [INFO] === Initializing MagicSplit Bot (crypto) ===
2026-08-24 02:31:03,753 [INFO] Loaded 3 stock rule(s) from config_crypto.json
2026-08-24 02:31:03,753 [INFO] [crypto] 1 rule(s), mode=LIVE
2026-08-24 02:31:03,755 [INFO] === Running crypto engine ===
2026-08-24 02:31:03,755 [INFO] >>> Step 1: Portfolio & Price Fetch
2026-08-24 02:31:04,122 [WARNING] [Upbit] 상폐/KRW미상장 보유 제외 (3건): ['KRW-APENFT', 'KRW-ETHF', 'KRW-ETHW']
2026-08-24 02:31:04,225 [INFO] Fetching real-time prices from Broker...
2026-08-24 02:31:04,330 [INFO] Portfolio: Cash=KRW 2,159,543, Value=KRW 12,070,815
2026-08-24 02:31:04,330 [INFO] >>> Step 2: Load Positions
2026-08-24 02:31:04,333 [INFO] Loaded 9 position lot(s)
2026-08-24 02:31:04,335 [INFO] >>> Step 2.5: Reconcile OK (수량 일치)
2026-08-24 02:31:04,336 [INFO] >>> Processing KRW-USDT
2026-08-24 02:31:04,337 [INFO]   [KRW-USDT] 신호 없음 | Lv7 매수 KRW 1,368 -> 현재 KRW 1,372 (+0.29%) | 익절 +2.0% / 추매 -1.0%
2026-08-24 02:31:04,337 [INFO] >>> Step 6: Persist
