2026-08-29 00:31:11,195 [INFO] === Initializing MagicSplit Bot (crypto) ===
2026-08-29 00:31:11,195 [INFO] Loaded 3 stock rule(s) from config_crypto.json
2026-08-29 00:31:11,195 [INFO] [crypto] 1 rule(s), mode=LIVE
2026-08-29 00:31:11,197 [INFO] === Running crypto engine ===
2026-08-29 00:31:11,197 [INFO] >>> Step 1: Portfolio & Price Fetch
2026-08-29 00:31:11,533 [WARNING] [Upbit] 상폐/KRW미상장 보유 제외 (3건): ['KRW-APENFT', 'KRW-ETHF', 'KRW-ETHW']
2026-08-29 00:31:11,652 [INFO] Fetching real-time prices from Broker...
2026-08-29 00:31:11,762 [INFO] Portfolio: Cash=KRW 2,159,543, Value=KRW 12,215,208
2026-08-29 00:31:11,763 [INFO] >>> Step 2: Load Positions
2026-08-29 00:31:11,765 [INFO] Loaded 9 position lot(s)
2026-08-29 00:31:11,769 [INFO] >>> Step 2.5: Reconcile OK (수량 일치)
2026-08-29 00:31:11,770 [INFO] >>> Processing KRW-USDT
2026-08-29 00:31:11,771 [INFO]   [KRW-USDT] 신호 없음 | Lv7 매수 KRW 1,368 -> 현재 KRW 1,387 (+1.39%) | 익절 +2.0% / 추매 -1.0%
2026-08-29 00:31:11,771 [INFO] >>> Step 6: Persist
2026-08-29 01:31:09,755 [INFO] === Initializing MagicSplit Bot (crypto) ===
2026-08-29 01:31:09,755 [INFO] Loaded 3 stock rule(s) from config_crypto.json
2026-08-29 01:31:09,755 [INFO] [crypto] 1 rule(s), mode=LIVE
2026-08-29 01:31:09,756 [INFO] === Running crypto engine ===
2026-08-29 01:31:09,757 [INFO] >>> Step 1: Portfolio & Price Fetch
2026-08-29 01:31:10,100 [WARNING] [Upbit] 상폐/KRW미상장 보유 제외 (3건): ['KRW-APENFT', 'KRW-ETHF', 'KRW-ETHW']
2026-08-29 01:31:10,208 [INFO] Fetching real-time prices from Broker...
2026-08-29 01:31:10,320 [INFO] Portfolio: Cash=KRW 2,159,543, Value=KRW 12,264,736
2026-08-29 01:31:10,320 [INFO] >>> Step 2: Load Positions
2026-08-29 01:31:10,322 [INFO] Loaded 9 position lot(s)
2026-08-29 01:31:10,325 [INFO] >>> Step 2.5: Reconcile OK (수량 일치)
2026-08-29 01:31:10,326 [INFO] >>> Processing KRW-USDT
2026-08-29 01:31:10,327 [INFO]   [KRW-USDT] 신호 없음 | Lv7 매수 KRW 1,368 -> 현재 KRW 1,388 (+1.46%) | 익절 +2.0% / 추매 -1.0%
2026-08-29 01:31:10,327 [INFO] >>> Step 6: Persist
2026-08-29 02:31:08,379 [INFO] === Initializing MagicSplit Bot (crypto) ===
2026-08-29 02:31:08,379 [INFO] Loaded 3 stock rule(s) from config_crypto.json
2026-08-29 02:31:08,379 [INFO] [crypto] 1 rule(s), mode=LIVE
2026-08-29 02:31:08,381 [INFO] === Running crypto engine ===
2026-08-29 02:31:08,381 [INFO] >>> Step 1: Portfolio & Price Fetch
2026-08-29 02:31:08,753 [WARNING] [Upbit] 상폐/KRW미상장 보유 제외 (3건): ['KRW-APENFT', 'KRW-ETHF', 'KRW-ETHW']
2026-08-29 02:31:08,859 [INFO] Fetching real-time prices from Broker...
2026-08-29 02:31:08,967 [INFO] Portfolio: Cash=KRW 2,159,543, Value=KRW 12,249,446
2026-08-29 02:31:08,967 [INFO] >>> Step 2: Load Positions
2026-08-29 02:31:08,969 [INFO] Loaded 9 position lot(s)
2026-08-29 02:31:08,972 [INFO] >>> Step 2.5: Reconcile OK (수량 일치)
2026-08-29 02:31:08,974 [INFO] >>> Processing KRW-USDT
2026-08-29 02:31:08,975 [INFO]   [KRW-USDT] 신호 없음 | Lv7 매수 KRW 1,368 -> 현재 KRW 1,388 (+1.46%) | 익절 +2.0% / 추매 -1.0%
2026-08-29 02:31:08,975 [INFO] >>> Step 6: Persist
2026-08-29 03:31:09,671 [INFO] === Initializing MagicSplit Bot (crypto) ===
2026-08-29 03:31:09,672 [INFO] Loaded 3 stock rule(s) from config_crypto.json
2026-08-29 03:31:09,672 [INFO] [crypto] 1 rule(s), mode=LIVE
2026-08-29 03:31:09,673 [INFO] === Running crypto engine ===
2026-08-29 03:31:09,673 [INFO] >>> Step 1: Portfolio & Price Fetch
2026-08-29 03:31:10,023 [WARNING] [Upbit] 상폐/KRW미상장 보유 제외 (3건): ['KRW-APENFT', 'KRW-ETHF', 'KRW-ETHW']
2026-08-29 03:31:10,131 [INFO] Fetching real-time prices from Broker...
2026-08-29 03:31:10,241 [INFO] Portfolio: Cash=KRW 2,159,543, Value=KRW 12,230,460
2026-08-29 03:31:10,241 [INFO] >>> Step 2: Load Positions
2026-08-29 03:31:10,244 [INFO] Loaded 9 position lot(s)
2026-08-29 03:31:10,247 [INFO] >>> Step 2.5: Reconcile OK (수량 일치)
2026-08-29 03:31:10,248 [INFO] >>> Processing KRW-USDT
2026-08-29 03:31:10,248 [INFO]   [KRW-USDT] 신호 없음 | Lv7 매수 KRW 1,368 -> 현재 KRW 1,389 (+1.54%) | 익절 +2.0% / 추매 -1.0%
2026-08-29 03:31:10,248 [INFO] >>> Step 6: Persist
2026-08-29 04:31:08,429 [INFO] === Initializing MagicSplit Bot (crypto) ===
2026-08-29 04:31:08,429 [INFO] Loaded 3 stock rule(s) from config_crypto.json
2026-08-29 04:31:08,429 [INFO] [crypto] 1 rule(s), mode=LIVE
2026-08-29 04:31:08,431 [INFO] === Running crypto engine ===
2026-08-29 04:31:08,431 [INFO] >>> Step 1: Portfolio & Price Fetch
2026-08-29 04:31:08,883 [WARNING] [Upbit] 상폐/KRW미상장 보유 제외 (3건): ['KRW-APENFT', 'KRW-ETHF', 'KRW-ETHW']
2026-08-29 04:31:08,994 [INFO] Fetching real-time prices from Broker...
2026-08-29 04:31:09,101 [INFO] Portfolio: Cash=KRW 2,159,543, Value=KRW 12,241,734
2026-08-29 04:31:09,101 [INFO] >>> Step 2: Load Positions
2026-08-29 04:31:09,102 [INFO] Loaded 9 position lot(s)
2026-08-29 04:31:09,106 [INFO] >>> Step 2.5: Reconcile OK (수량 일치)
2026-08-29 04:31:09,107 [INFO] >>> Processing KRW-USDT
2026-08-29 04:31:09,108 [INFO]   [KRW-USDT] 신호 없음 | Lv7 매수 KRW 1,368 -> 현재 KRW 1,389 (+1.54%) | 익절 +2.0% / 추매 -1.0%
2026-08-29 04:31:09,108 [INFO] >>> Step 6: Persist
