2026-07-28 00:31:06,071 [INFO] === Initializing MagicSplit Bot (crypto) ===
2026-07-28 00:31:06,071 [INFO] Loaded 3 stock rule(s) from config_crypto.json
2026-07-28 00:31:06,071 [INFO] [crypto] 1 rule(s), mode=LIVE
2026-07-28 00:31:06,072 [INFO] === Running crypto engine ===
2026-07-28 00:31:06,072 [INFO] >>> Step 1: Portfolio & Price Fetch
2026-07-28 00:31:06,362 [WARNING] [Upbit] 상폐/KRW미상장 보유 제외 (3건): ['KRW-APENFT', 'KRW-ETHF', 'KRW-ETHW']
2026-07-28 00:31:06,455 [INFO] Fetching real-time prices from Broker...
2026-07-28 00:31:06,561 [INFO] Portfolio: Cash=KRW 2,209,543, Value=KRW 10,768,878
2026-07-28 00:31:06,561 [INFO] >>> Step 2: Load Positions
2026-07-28 00:31:06,562 [INFO] Loaded 4 position lot(s)
2026-07-28 00:31:06,565 [INFO] >>> Step 2.5: Reconcile OK (수량 일치)
2026-07-28 00:31:06,566 [INFO] >>> Processing KRW-USDT
2026-07-28 00:31:06,567 [INFO]   [KRW-USDT] 신호 없음 | Lv2 매수 KRW 1,461 -> 현재 KRW 1,461 (+0.00%) | 익절 +2.0% / 추매 -1.0%
2026-07-28 00:31:06,567 [INFO] >>> Step 6: Persist
2026-07-28 01:31:01,714 [INFO] === Initializing MagicSplit Bot (crypto) ===
2026-07-28 01:31:01,714 [INFO] Loaded 3 stock rule(s) from config_crypto.json
2026-07-28 01:31:01,714 [INFO] [crypto] 1 rule(s), mode=LIVE
2026-07-28 01:31:01,715 [INFO] === Running crypto engine ===
2026-07-28 01:31:01,715 [INFO] >>> Step 1: Portfolio & Price Fetch
2026-07-28 01:31:02,002 [WARNING] [Upbit] 상폐/KRW미상장 보유 제외 (3건): ['KRW-APENFT', 'KRW-ETHF', 'KRW-ETHW']
2026-07-28 01:31:02,104 [INFO] Fetching real-time prices from Broker...
2026-07-28 01:31:02,212 [INFO] Portfolio: Cash=KRW 2,209,543, Value=KRW 10,721,654
2026-07-28 01:31:02,212 [INFO] >>> Step 2: Load Positions
2026-07-28 01:31:02,213 [INFO] Loaded 4 position lot(s)
2026-07-28 01:31:02,216 [INFO] >>> Step 2.5: Reconcile OK (수량 일치)
2026-07-28 01:31:02,217 [INFO] >>> Processing KRW-USDT
2026-07-28 01:31:02,218 [INFO]   [KRW-USDT] 신호 없음 | Lv2 매수 KRW 1,461 -> 현재 KRW 1,461 (+0.00%) | 익절 +2.0% / 추매 -1.0%
2026-07-28 01:31:02,218 [INFO] >>> Step 6: Persist
2026-07-28 02:30:58,217 [INFO] === Initializing MagicSplit Bot (crypto) ===
2026-07-28 02:30:58,217 [INFO] Loaded 3 stock rule(s) from config_crypto.json
2026-07-28 02:30:58,217 [INFO] [crypto] 1 rule(s), mode=LIVE
2026-07-28 02:30:58,218 [INFO] === Running crypto engine ===
2026-07-28 02:30:58,218 [INFO] >>> Step 1: Portfolio & Price Fetch
2026-07-28 02:30:58,416 [WARNING] [Upbit] 상폐/KRW미상장 보유 제외 (3건): ['KRW-APENFT', 'KRW-ETHF', 'KRW-ETHW']
2026-07-28 02:30:58,515 [INFO] Fetching real-time prices from Broker...
2026-07-28 02:30:58,621 [INFO] Portfolio: Cash=KRW 2,209,543, Value=KRW 10,687,800
2026-07-28 02:30:58,621 [INFO] >>> Step 2: Load Positions
2026-07-28 02:30:58,622 [INFO] Loaded 4 position lot(s)
2026-07-28 02:30:58,623 [INFO] >>> Step 2.5: Reconcile OK (수량 일치)
2026-07-28 02:30:58,624 [INFO] >>> Processing KRW-USDT
2026-07-28 02:30:58,625 [INFO]   [KRW-USDT] 신호 없음 | Lv2 매수 KRW 1,461 -> 현재 KRW 1,461 (+0.00%) | 익절 +2.0% / 추매 -1.0%
2026-07-28 02:30:58,625 [INFO] >>> Step 6: Persist
2026-07-28 03:31:00,900 [INFO] === Initializing MagicSplit Bot (crypto) ===
2026-07-28 03:31:00,900 [INFO] Loaded 3 stock rule(s) from config_crypto.json
2026-07-28 03:31:00,900 [INFO] [crypto] 1 rule(s), mode=LIVE
2026-07-28 03:31:00,901 [INFO] === Running crypto engine ===
2026-07-28 03:31:00,901 [INFO] >>> Step 1: Portfolio & Price Fetch
2026-07-28 03:31:01,149 [WARNING] [Upbit] 상폐/KRW미상장 보유 제외 (3건): ['KRW-APENFT', 'KRW-ETHF', 'KRW-ETHW']
2026-07-28 03:31:01,252 [INFO] Fetching real-time prices from Broker...
2026-07-28 03:31:01,357 [INFO] Portfolio: Cash=KRW 2,209,543, Value=KRW 10,675,211
2026-07-28 03:31:01,357 [INFO] >>> Step 2: Load Positions
2026-07-28 03:31:01,358 [INFO] Loaded 4 position lot(s)
2026-07-28 03:31:01,361 [INFO] >>> Step 2.5: Reconcile OK (수량 일치)
2026-07-28 03:31:01,362 [INFO] >>> Processing KRW-USDT
2026-07-28 03:31:01,363 [INFO]   [KRW-USDT] 신호 없음 | Lv2 매수 KRW 1,461 -> 현재 KRW 1,460 (-0.07%) | 익절 +2.0% / 추매 -1.0%
2026-07-28 03:31:01,363 [INFO] >>> Step 6: Persist
