2026-08-20 00:31:04,135 [INFO] === Initializing MagicSplit Bot (crypto) ===
2026-08-20 00:31:04,135 [INFO] Loaded 3 stock rule(s) from config_crypto.json
2026-08-20 00:31:04,136 [INFO] [crypto] 1 rule(s), mode=LIVE
2026-08-20 00:31:04,137 [INFO] === Running crypto engine ===
2026-08-20 00:31:04,137 [INFO] >>> Step 1: Portfolio & Price Fetch
2026-08-20 00:31:04,483 [WARNING] [Upbit] 상폐/KRW미상장 보유 제외 (3건): ['KRW-APENFT', 'KRW-ETHF', 'KRW-ETHW']
2026-08-20 00:31:04,590 [INFO] Fetching real-time prices from Broker...
2026-08-20 00:31:04,685 [INFO] Portfolio: Cash=KRW 2,159,543, Value=KRW 11,130,083
2026-08-20 00:31:04,686 [INFO] >>> Step 2: Load Positions
2026-08-20 00:31:04,688 [INFO] Loaded 9 position lot(s)
2026-08-20 00:31:04,691 [INFO] >>> Step 2.5: Reconcile OK (수량 일치)
2026-08-20 00:31:04,693 [INFO] >>> Processing KRW-USDT
2026-08-20 00:31:04,693 [INFO]   [KRW-USDT] 신호 없음 | Lv7 매수 KRW 1,368 -> 현재 KRW 1,372 (+0.29%) | 익절 +2.0% / 추매 -1.0%
2026-08-20 00:31:04,694 [INFO] >>> Step 6: Persist
2026-08-20 01:31:06,026 [INFO] === Initializing MagicSplit Bot (crypto) ===
2026-08-20 01:31:06,026 [INFO] Loaded 3 stock rule(s) from config_crypto.json
2026-08-20 01:31:06,026 [INFO] [crypto] 1 rule(s), mode=LIVE
2026-08-20 01:31:06,028 [INFO] === Running crypto engine ===
2026-08-20 01:31:06,028 [INFO] >>> Step 1: Portfolio & Price Fetch
2026-08-20 01:31:06,397 [WARNING] [Upbit] 상폐/KRW미상장 보유 제외 (3건): ['KRW-APENFT', 'KRW-ETHF', 'KRW-ETHW']
2026-08-20 01:31:06,501 [INFO] Fetching real-time prices from Broker...
2026-08-20 01:31:06,626 [INFO] Portfolio: Cash=KRW 2,159,543, Value=KRW 11,194,843
2026-08-20 01:31:06,626 [INFO] >>> Step 2: Load Positions
2026-08-20 01:31:06,628 [INFO] Loaded 9 position lot(s)
2026-08-20 01:31:06,631 [INFO] >>> Step 2.5: Reconcile OK (수량 일치)
2026-08-20 01:31:06,632 [INFO] >>> Processing KRW-USDT
2026-08-20 01:31:06,633 [INFO]   [KRW-USDT] 신호 없음 | Lv7 매수 KRW 1,368 -> 현재 KRW 1,377 (+0.66%) | 익절 +2.0% / 추매 -1.0%
2026-08-20 01:31:06,633 [INFO] >>> Step 6: Persist
