2026-07-25 17:40:43,865 [INFO] === Initializing MagicSplit Bot (crypto) ===
2026-07-25 17:40:43,865 [INFO] Loaded 3 stock rule(s) from config_crypto.json
2026-07-25 17:40:43,866 [INFO] [crypto] 1 rule(s), mode=LIVE
2026-07-25 17:40:43,867 [INFO] === Running crypto engine ===
2026-07-25 17:40:43,867 [INFO] >>> Step 1: Portfolio & Price Fetch
2026-07-25 17:40:44,269 [WARNING] [Upbit] 상폐/KRW미상장 보유 제외 (3건): ['KRW-APENFT', 'KRW-ETHF', 'KRW-ETHW']
2026-07-25 17:40:44,380 [INFO] Fetching real-time prices from Broker...
2026-07-25 17:40:44,485 [INFO] Portfolio: Cash=KRW 2,209,543, Value=KRW 10,771,975
2026-07-25 17:40:44,486 [INFO] >>> Step 2: Load Positions
2026-07-25 17:40:44,488 [INFO] Loaded 4 position lot(s)
2026-07-25 17:40:44,512 [ERROR] >>> Step 2.5: 수량 불일치 2건 감지 — 해당 종목 매매 중단
[KRW-BTC] Qty Mismatch: broker=0.06851895, positions=0.13703789 (lots=1, levels=[1])
[KRW-ETH] Qty Mismatch: broker=0.77220024, positions=1.54440048 (lots=1, levels=[1])
실행 권장: scripts/reconcile_positions.py
2026-07-25 17:40:45,636 [INFO] >>> Processing KRW-USDT
2026-07-25 17:40:45,637 [INFO]   [KRW-USDT] 신호 없음 | Lv2 매수 KRW 1,461 -> 현재 KRW 1,461 (+0.00%) | 익절 +2.0% / 추매 -1.0%
2026-07-25 17:40:45,637 [INFO] >>> Step 6: Persist
2026-07-25 18:31:05,157 [INFO] === Initializing MagicSplit Bot (crypto) ===
2026-07-25 18:31:05,157 [INFO] Loaded 3 stock rule(s) from config_crypto.json
2026-07-25 18:31:05,157 [INFO] [crypto] 1 rule(s), mode=LIVE
2026-07-25 18:31:05,158 [INFO] === Running crypto engine ===
2026-07-25 18:31:05,158 [INFO] >>> Step 1: Portfolio & Price Fetch
2026-07-25 18:31:05,485 [WARNING] [Upbit] 상폐/KRW미상장 보유 제외 (3건): ['KRW-APENFT', 'KRW-ETHF', 'KRW-ETHW']
2026-07-25 18:31:05,589 [INFO] Fetching real-time prices from Broker...
2026-07-25 18:31:05,693 [INFO] Portfolio: Cash=KRW 2,209,543, Value=KRW 10,784,534
2026-07-25 18:31:05,693 [INFO] >>> Step 2: Load Positions
2026-07-25 18:31:05,694 [INFO] Loaded 4 position lot(s)
2026-07-25 18:31:05,700 [ERROR] >>> Step 2.5: 수량 불일치 2건 감지 — 해당 종목 매매 중단
[KRW-BTC] Qty Mismatch: broker=0.06851895, positions=0.13703789 (lots=1, levels=[1])
[KRW-ETH] Qty Mismatch: broker=0.77220024, positions=1.54440048 (lots=1, levels=[1])
실행 권장: scripts/reconcile_positions.py
2026-07-25 18:31:06,836 [INFO] >>> Processing KRW-USDT
2026-07-25 18:31:06,837 [INFO]   [KRW-USDT] 신호 없음 | Lv2 매수 KRW 1,461 -> 현재 KRW 1,463 (+0.14%) | 익절 +2.0% / 추매 -1.0%
2026-07-25 18:31:06,837 [INFO] >>> Step 6: Persist
2026-07-25 19:31:07,125 [INFO] === Initializing MagicSplit Bot (crypto) ===
2026-07-25 19:31:07,125 [INFO] Loaded 3 stock rule(s) from config_crypto.json
2026-07-25 19:31:07,125 [INFO] [crypto] 1 rule(s), mode=LIVE
2026-07-25 19:31:07,126 [INFO] === Running crypto engine ===
2026-07-25 19:31:07,126 [INFO] >>> Step 1: Portfolio & Price Fetch
2026-07-25 19:31:07,473 [WARNING] [Upbit] 상폐/KRW미상장 보유 제외 (3건): ['KRW-APENFT', 'KRW-ETHF', 'KRW-ETHW']
2026-07-25 19:31:07,576 [INFO] Fetching real-time prices from Broker...
2026-07-25 19:31:07,681 [INFO] Portfolio: Cash=KRW 2,209,543, Value=KRW 10,801,318
2026-07-25 19:31:07,681 [INFO] >>> Step 2: Load Positions
2026-07-25 19:31:07,682 [INFO] Loaded 4 position lot(s)
2026-07-25 19:31:07,687 [ERROR] >>> Step 2.5: 수량 불일치 2건 감지 — 해당 종목 매매 중단
[KRW-BTC] Qty Mismatch: broker=0.06851895, positions=0.13703789 (lots=1, levels=[1])
[KRW-ETH] Qty Mismatch: broker=0.77220024, positions=1.54440048 (lots=1, levels=[1])
실행 권장: scripts/reconcile_positions.py
2026-07-25 19:31:08,838 [INFO] >>> Processing KRW-USDT
2026-07-25 19:31:08,839 [INFO]   [KRW-USDT] 신호 없음 | Lv2 매수 KRW 1,461 -> 현재 KRW 1,461 (+0.00%) | 익절 +2.0% / 추매 -1.0%
2026-07-25 19:31:08,839 [INFO] >>> Step 6: Persist
