2026-07-30 00:31:03,385 [INFO] === Initializing MagicSplit Bot (crypto) ===
2026-07-30 00:31:03,385 [INFO] Loaded 3 stock rule(s) from config_crypto.json
2026-07-30 00:31:03,386 [INFO] [crypto] 1 rule(s), mode=LIVE
2026-07-30 00:31:03,387 [INFO] === Running crypto engine ===
2026-07-30 00:31:03,387 [INFO] >>> Step 1: Portfolio & Price Fetch
2026-07-30 00:31:03,661 [WARNING] [Upbit] 상폐/KRW미상장 보유 제외 (3건): ['KRW-APENFT', 'KRW-ETHF', 'KRW-ETHW']
2026-07-30 00:31:03,747 [INFO] Fetching real-time prices from Broker...
2026-07-30 00:31:03,853 [INFO] Portfolio: Cash=KRW 2,199,543, Value=KRW 10,612,088
2026-07-30 00:31:03,854 [INFO] >>> Step 2: Load Positions
2026-07-30 00:31:03,855 [INFO] Loaded 5 position lot(s)
2026-07-30 00:31:03,857 [INFO] >>> Step 2.5: Reconcile OK (수량 일치)
2026-07-30 00:31:03,858 [INFO] >>> Processing KRW-USDT
2026-07-30 00:31:03,858 [INFO]   [KRW-USDT] 신호 없음 | Lv3 매수 KRW 1,436 -> 현재 KRW 1,431 (-0.35%) | 익절 +2.0% / 추매 -1.0%
2026-07-30 00:31:03,859 [INFO] >>> Step 6: Persist
2026-07-30 01:31:13,706 [INFO] === Initializing MagicSplit Bot (crypto) ===
2026-07-30 01:31:13,707 [INFO] Loaded 3 stock rule(s) from config_crypto.json
2026-07-30 01:31:13,707 [INFO] [crypto] 1 rule(s), mode=LIVE
2026-07-30 01:31:13,708 [INFO] === Running crypto engine ===
2026-07-30 01:31:13,708 [INFO] >>> Step 1: Portfolio & Price Fetch
2026-07-30 01:31:14,040 [WARNING] [Upbit] 상폐/KRW미상장 보유 제외 (3건): ['KRW-APENFT', 'KRW-ETHF', 'KRW-ETHW']
2026-07-30 01:31:14,148 [INFO] Fetching real-time prices from Broker...
2026-07-30 01:31:14,257 [INFO] Portfolio: Cash=KRW 2,199,543, Value=KRW 10,594,910
2026-07-30 01:31:14,257 [INFO] >>> Step 2: Load Positions
2026-07-30 01:31:14,258 [INFO] Loaded 5 position lot(s)
2026-07-30 01:31:14,261 [INFO] >>> Step 2.5: Reconcile OK (수량 일치)
2026-07-30 01:31:14,262 [INFO] >>> Processing KRW-USDT
2026-07-30 01:31:14,263 [INFO]   [KRW-USDT] 신호 없음 | Lv3 매수 KRW 1,436 -> 현재 KRW 1,428 (-0.56%) | 익절 +2.0% / 추매 -1.0%
2026-07-30 01:31:14,263 [INFO] >>> Step 6: Persist
2026-07-30 02:31:03,009 [INFO] === Initializing MagicSplit Bot (crypto) ===
2026-07-30 02:31:03,009 [INFO] Loaded 3 stock rule(s) from config_crypto.json
2026-07-30 02:31:03,010 [INFO] [crypto] 1 rule(s), mode=LIVE
2026-07-30 02:31:03,011 [INFO] === Running crypto engine ===
2026-07-30 02:31:03,011 [INFO] >>> Step 1: Portfolio & Price Fetch
2026-07-30 02:31:03,336 [WARNING] [Upbit] 상폐/KRW미상장 보유 제외 (3건): ['KRW-APENFT', 'KRW-ETHF', 'KRW-ETHW']
2026-07-30 02:31:03,443 [INFO] Fetching real-time prices from Broker...
2026-07-30 02:31:03,549 [INFO] Portfolio: Cash=KRW 2,199,543, Value=KRW 10,574,328
2026-07-30 02:31:03,549 [INFO] >>> Step 2: Load Positions
2026-07-30 02:31:03,551 [INFO] Loaded 5 position lot(s)
2026-07-30 02:31:03,554 [INFO] >>> Step 2.5: Reconcile OK (수량 일치)
2026-07-30 02:31:03,555 [INFO] >>> Processing KRW-USDT
2026-07-30 02:31:03,556 [INFO]   [KRW-USDT] 신호 없음 | Lv3 매수 KRW 1,436 -> 현재 KRW 1,427 (-0.63%) | 익절 +2.0% / 추매 -1.0%
2026-07-30 02:31:03,556 [INFO] >>> Step 6: Persist
