2026-08-13 00:31:14,530 [INFO] === Initializing MagicSplit Bot (crypto) ===
2026-08-13 00:31:14,530 [INFO] Loaded 3 stock rule(s) from config_crypto.json
2026-08-13 00:31:14,530 [INFO] [crypto] 1 rule(s), mode=LIVE
2026-08-13 00:31:14,531 [INFO] === Running crypto engine ===
2026-08-13 00:31:14,532 [INFO] >>> Step 1: Portfolio & Price Fetch
2026-08-13 00:31:14,798 [WARNING] [Upbit] 상폐/KRW미상장 보유 제외 (3건): ['KRW-APENFT', 'KRW-ETHF', 'KRW-ETHW']
2026-08-13 00:31:14,901 [INFO] Fetching real-time prices from Broker...
2026-08-13 00:31:15,008 [INFO] Portfolio: Cash=KRW 2,179,543, Value=KRW 10,419,479
2026-08-13 00:31:15,009 [INFO] >>> Step 2: Load Positions
2026-08-13 00:31:15,010 [INFO] Loaded 7 position lot(s)
2026-08-13 00:31:15,011 [INFO] >>> Step 2.5: Reconcile OK (수량 일치)
2026-08-13 00:31:15,011 [INFO] >>> Processing KRW-USDT
2026-08-13 00:31:15,012 [INFO]   [KRW-USDT] 신호 없음 | Lv5 매수 KRW 1,404 -> 현재 KRW 1,413 (+0.64%) | 익절 +2.0% / 추매 -1.0%
2026-08-13 00:31:15,012 [INFO] >>> Step 6: Persist
2026-08-13 01:31:19,120 [INFO] === Initializing MagicSplit Bot (crypto) ===
2026-08-13 01:31:19,120 [INFO] Loaded 3 stock rule(s) from config_crypto.json
2026-08-13 01:31:19,120 [INFO] [crypto] 1 rule(s), mode=LIVE
2026-08-13 01:31:19,121 [INFO] === Running crypto engine ===
2026-08-13 01:31:19,122 [INFO] >>> Step 1: Portfolio & Price Fetch
2026-08-13 01:31:19,526 [WARNING] [Upbit] 상폐/KRW미상장 보유 제외 (3건): ['KRW-APENFT', 'KRW-ETHF', 'KRW-ETHW']
2026-08-13 01:31:19,631 [INFO] Fetching real-time prices from Broker...
2026-08-13 01:31:19,732 [INFO] Portfolio: Cash=KRW 2,179,543, Value=KRW 10,422,797
2026-08-13 01:31:19,732 [INFO] >>> Step 2: Load Positions
2026-08-13 01:31:19,734 [INFO] Loaded 7 position lot(s)
2026-08-13 01:31:19,737 [INFO] >>> Step 2.5: Reconcile OK (수량 일치)
2026-08-13 01:31:19,738 [INFO] >>> Processing KRW-USDT
2026-08-13 01:31:19,739 [INFO]   [KRW-USDT] 신호 없음 | Lv5 매수 KRW 1,404 -> 현재 KRW 1,409 (+0.36%) | 익절 +2.0% / 추매 -1.0%
2026-08-13 01:31:19,739 [INFO] >>> Step 6: Persist
2026-08-13 02:31:14,344 [INFO] === Initializing MagicSplit Bot (crypto) ===
2026-08-13 02:31:14,344 [INFO] Loaded 3 stock rule(s) from config_crypto.json
2026-08-13 02:31:14,344 [INFO] [crypto] 1 rule(s), mode=LIVE
2026-08-13 02:31:14,346 [INFO] === Running crypto engine ===
2026-08-13 02:31:14,346 [INFO] >>> Step 1: Portfolio & Price Fetch
2026-08-13 02:31:14,521 [WARNING] [Upbit] 상폐/KRW미상장 보유 제외 (3건): ['KRW-APENFT', 'KRW-ETHF', 'KRW-ETHW']
2026-08-13 02:31:14,625 [INFO] Fetching real-time prices from Broker...
2026-08-13 02:31:14,729 [INFO] Portfolio: Cash=KRW 2,179,543, Value=KRW 10,397,814
2026-08-13 02:31:14,729 [INFO] >>> Step 2: Load Positions
2026-08-13 02:31:14,730 [INFO] Loaded 7 position lot(s)
2026-08-13 02:31:14,731 [INFO] >>> Step 2.5: Reconcile OK (수량 일치)
2026-08-13 02:31:14,732 [INFO] >>> Processing KRW-USDT
2026-08-13 02:31:14,733 [INFO]   [KRW-USDT] 신호 없음 | Lv5 매수 KRW 1,404 -> 현재 KRW 1,409 (+0.36%) | 익절 +2.0% / 추매 -1.0%
2026-08-13 02:31:14,733 [INFO] >>> Step 6: Persist
2026-08-13 03:31:12,166 [INFO] === Initializing MagicSplit Bot (crypto) ===
2026-08-13 03:31:12,167 [INFO] Loaded 3 stock rule(s) from config_crypto.json
2026-08-13 03:31:12,167 [INFO] [crypto] 1 rule(s), mode=LIVE
2026-08-13 03:31:12,168 [INFO] === Running crypto engine ===
2026-08-13 03:31:12,168 [INFO] >>> Step 1: Portfolio & Price Fetch
2026-08-13 03:31:12,427 [WARNING] [Upbit] 상폐/KRW미상장 보유 제외 (3건): ['KRW-APENFT', 'KRW-ETHF', 'KRW-ETHW']
2026-08-13 03:31:12,534 [INFO] Fetching real-time prices from Broker...
2026-08-13 03:31:12,640 [INFO] Portfolio: Cash=KRW 2,179,543, Value=KRW 10,395,036
2026-08-13 03:31:12,640 [INFO] >>> Step 2: Load Positions
2026-08-13 03:31:12,641 [INFO] Loaded 7 position lot(s)
2026-08-13 03:31:12,642 [INFO] >>> Step 2.5: Reconcile OK (수량 일치)
2026-08-13 03:31:12,643 [INFO] >>> Processing KRW-USDT
2026-08-13 03:31:12,644 [INFO]   [KRW-USDT] 신호 없음 | Lv5 매수 KRW 1,404 -> 현재 KRW 1,409 (+0.36%) | 익절 +2.0% / 추매 -1.0%
2026-08-13 03:31:12,644 [INFO] >>> Step 6: Persist
2026-08-13 04:31:21,525 [INFO] === Initializing MagicSplit Bot (crypto) ===
2026-08-13 04:31:21,525 [INFO] Loaded 3 stock rule(s) from config_crypto.json
2026-08-13 04:31:21,525 [INFO] [crypto] 1 rule(s), mode=LIVE
2026-08-13 04:31:21,527 [INFO] === Running crypto engine ===
2026-08-13 04:31:21,527 [INFO] >>> Step 1: Portfolio & Price Fetch
2026-08-13 04:31:21,887 [WARNING] [Upbit] 상폐/KRW미상장 보유 제외 (3건): ['KRW-APENFT', 'KRW-ETHF', 'KRW-ETHW']
2026-08-13 04:31:21,992 [INFO] Fetching real-time prices from Broker...
2026-08-13 04:31:22,103 [INFO] Portfolio: Cash=KRW 2,179,543, Value=KRW 10,418,383
2026-08-13 04:31:22,103 [INFO] >>> Step 2: Load Positions
2026-08-13 04:31:22,105 [INFO] Loaded 7 position lot(s)
2026-08-13 04:31:22,107 [INFO] >>> Step 2.5: Reconcile OK (수량 일치)
2026-08-13 04:31:22,109 [INFO] >>> Processing KRW-USDT
2026-08-13 04:31:22,109 [INFO]   [KRW-USDT] 신호 없음 | Lv5 매수 KRW 1,404 -> 현재 KRW 1,408 (+0.28%) | 익절 +2.0% / 추매 -1.0%
2026-08-13 04:31:22,109 [INFO] >>> Step 6: Persist
2026-08-13 05:31:06,376 [INFO] === Initializing MagicSplit Bot (crypto) ===
2026-08-13 05:31:06,376 [INFO] Loaded 3 stock rule(s) from config_crypto.json
2026-08-13 05:31:06,377 [INFO] [crypto] 1 rule(s), mode=LIVE
2026-08-13 05:31:06,378 [INFO] === Running crypto engine ===
2026-08-13 05:31:06,378 [INFO] >>> Step 1: Portfolio & Price Fetch
2026-08-13 05:31:06,619 [WARNING] [Upbit] 상폐/KRW미상장 보유 제외 (3건): ['KRW-APENFT', 'KRW-ETHF', 'KRW-ETHW']
2026-08-13 05:31:06,729 [INFO] Fetching real-time prices from Broker...
2026-08-13 05:31:06,834 [INFO] Portfolio: Cash=KRW 2,179,543, Value=KRW 10,425,942
2026-08-13 05:31:06,834 [INFO] >>> Step 2: Load Positions
2026-08-13 05:31:06,835 [INFO] Loaded 7 position lot(s)
2026-08-13 05:31:06,836 [INFO] >>> Step 2.5: Reconcile OK (수량 일치)
2026-08-13 05:31:06,837 [INFO] >>> Processing KRW-USDT
2026-08-13 05:31:06,838 [INFO]   [KRW-USDT] 신호 없음 | Lv5 매수 KRW 1,404 -> 현재 KRW 1,409 (+0.36%) | 익절 +2.0% / 추매 -1.0%
2026-08-13 05:31:06,838 [INFO] >>> Step 6: Persist
